[2020-10-27T23:46:57.905-0800] Using G1
[2020-10-27T23:46:57.915-0800] Version: 15.0.1+9-18 (release)
[2020-10-27T23:46:57.915-0800] CPUs: 8 total, 8 available
[2020-10-27T23:46:57.915-0800] Memory: 16384M
[2020-10-27T23:46:57.915-0800] Large Page Support: Disabled
[2020-10-27T23:46:57.915-0800] NUMA Support: Disabled
[2020-10-27T23:46:57.915-0800] Compressed Oops: Enabled (Zero based)
[2020-10-27T23:46:57.915-0800] Heap Region Size: 1M
[2020-10-27T23:46:57.915-0800] Heap Min Capacity: 2G
[2020-10-27T23:46:57.915-0800] Heap Initial Capacity: 2G
[2020-10-27T23:46:57.915-0800] Heap Max Capacity: 2G
[2020-10-27T23:46:57.915-0800] Pre-touch: Disabled
[2020-10-27T23:46:57.915-0800] Parallel Workers: 8
[2020-10-27T23:46:57.915-0800] Concurrent Workers: 2
[2020-10-27T23:46:57.915-0800] Concurrent Refinement Workers: 8
[2020-10-27T23:46:57.915-0800] Periodic GC: Disabled
[2020-10-27T23:46:57.915-0800] Mark closed archive regions in map: [0x00000007bff00000, 0x00000007bff78ff8]
[2020-10-27T23:46:57.915-0800] Mark open archive regions in map: [0x00000007bfe00000, 0x00000007bfe50ff8]
[2020-10-27T23:46:57.915-0800] CDS archive(s) mapped at: [0x0000000800000000-0x0000000800b2b000-0x0000000800b2b000), size 11710464, SharedBaseAddress: 0x0000000800000000, ArchiveRelocationMode: 0.
[2020-10-27T23:46:57.915-0800] Compressed class space mapped at: 0x0000000800b2c000-0x0000000840b2c000, size: 1073741824
[2020-10-27T23:46:57.916-0800] Narrow klass base: 0x0000000800000000, Narrow klass shift: 3, Narrow klass range: 0x100000000
[2020-10-27T23:46:58.009-0800] GC(0) Pause Young (Normal) (G1 Evacuation Pause)
[2020-10-27T23:46:58.009-0800] GC(0) Using 8 workers of 8 for evacuation
[2020-10-27T23:46:58.019-0800] GC(0)   Pre Evacuate Collection Set: 0.2ms
[2020-10-27T23:46:58.019-0800] GC(0)   Merge Heap Roots: 0.1ms
[2020-10-27T23:46:58.019-0800] GC(0)   Evacuate Collection Set: 8.7ms
[2020-10-27T23:46:58.019-0800] GC(0)   Post Evacuate Collection Set: 0.6ms
[2020-10-27T23:46:58.019-0800] GC(0)   Other: 0.5ms
[2020-10-27T23:46:58.019-0800] GC(0) Eden regions: 102->0(89)
[2020-10-27T23:46:58.019-0800] GC(0) Survivor regions: 0->13(13)
[2020-10-27T23:46:58.019-0800] GC(0) Old regions: 0->21
[2020-10-27T23:46:58.019-0800] GC(0) Archive regions: 2->2
[2020-10-27T23:46:58.019-0800] GC(0) Humongous regions: 66->31
[2020-10-27T23:46:58.019-0800] GC(0) Metaspace: 203K(4864K)->203K(4864K) NonClass: 191K(4352K)->191K(4352K) Class: 12K(512K)->12K(512K)
[2020-10-27T23:46:58.019-0800] GC(0) Pause Young (Normal) (G1 Evacuation Pause) 168M->65M(2048M) 10.275ms
[2020-10-27T23:46:58.019-0800] GC(0) User=0.01s Sys=0.05s Real=0.01s
[2020-10-27T23:46:58.042-0800] GC(1) Pause Young (Normal) (G1 Evacuation Pause)
[2020-10-27T23:46:58.042-0800] GC(1) Using 8 workers of 8 for evacuation
[2020-10-27T23:46:58.052-0800] GC(1)   Pre Evacuate Collection Set: 0.1ms
[2020-10-27T23:46:58.052-0800] GC(1)   Merge Heap Roots: 0.0ms
[2020-10-27T23:46:58.052-0800] GC(1)   Evacuate Collection Set: 9.6ms
[2020-10-27T23:46:58.052-0800] GC(1)   Post Evacuate Collection Set: 0.4ms
[2020-10-27T23:46:58.052-0800] GC(1)   Other: 0.1ms
[2020-10-27T23:46:58.052-0800] GC(1) Eden regions: 89->0(89)
[2020-10-27T23:46:58.052-0800] GC(1) Survivor regions: 13->13(13)
[2020-10-27T23:46:58.052-0800] GC(1) Old regions: 21->53
[2020-10-27T23:46:58.052-0800] GC(1) Archive regions: 2->2
[2020-10-27T23:46:58.052-0800] GC(1) Humongous regions: 87->46
[2020-10-27T23:46:58.052-0800] GC(1) Metaspace: 204K(4864K)->204K(4864K) NonClass: 192K(4352K)->192K(4352K) Class: 12K(512K)->12K(512K)
[2020-10-27T23:46:58.052-0800] GC(1) Pause Young (Normal) (G1 Evacuation Pause) 210M->112M(2048M) 10.327ms
[2020-10-27T23:46:58.052-0800] GC(1) User=0.03s Sys=0.04s Real=0.01s
[2020-10-27T23:46:58.075-0800] GC(2) Pause Young (Normal) (G1 Evacuation Pause)
[2020-10-27T23:46:58.075-0800] GC(2) Using 8 workers of 8 for evacuation
[2020-10-27T23:46:58.086-0800] GC(2)   Pre Evacuate Collection Set: 0.1ms
[2020-10-27T23:46:58.086-0800] GC(2)   Merge Heap Roots: 0.0ms
[2020-10-27T23:46:58.086-0800] GC(2)   Evacuate Collection Set: 11.3ms
[2020-10-27T23:46:58.087-0800] GC(2)   Post Evacuate Collection Set: 0.3ms
[2020-10-27T23:46:58.087-0800] GC(2)   Other: 0.1ms
[2020-10-27T23:46:58.087-0800] GC(2) Eden regions: 89->0(89)
[2020-10-27T23:46:58.087-0800] GC(2) Survivor regions: 13->13(13)
[2020-10-27T23:46:58.087-0800] GC(2) Old regions: 53->89
[2020-10-27T23:46:58.087-0800] GC(2) Archive regions: 2->2
[2020-10-27T23:46:58.087-0800] GC(2) Humongous regions: 112->74
[2020-10-27T23:46:58.087-0800] GC(2) Metaspace: 204K(4864K)->204K(4864K) NonClass: 192K(4352K)->192K(4352K) Class: 12K(512K)->12K(512K)
[2020-10-27T23:46:58.087-0800] GC(2) Pause Young (Normal) (G1 Evacuation Pause) 267M->176M(2048M) 12.064ms
[2020-10-27T23:46:58.087-0800] GC(2) User=0.02s Sys=0.06s Real=0.01s
[2020-10-27T23:46:58.105-0800] GC(3) Pause Young (Normal) (G1 Evacuation Pause)
[2020-10-27T23:46:58.105-0800] GC(3) Using 8 workers of 8 for evacuation
[2020-10-27T23:46:58.117-0800] GC(3)   Pre Evacuate Collection Set: 0.1ms
[2020-10-27T23:46:58.117-0800] GC(3)   Merge Heap Roots: 0.0ms
[2020-10-27T23:46:58.117-0800] GC(3)   Evacuate Collection Set: 12.1ms
[2020-10-27T23:46:58.117-0800] GC(3)   Post Evacuate Collection Set: 0.3ms
[2020-10-27T23:46:58.117-0800] GC(3)   Other: 0.2ms
[2020-10-27T23:46:58.117-0800] GC(3) Eden regions: 89->0(89)
[2020-10-27T23:46:58.117-0800] GC(3) Survivor regions: 13->13(13)
[2020-10-27T23:46:58.117-0800] GC(3) Old regions: 89->126
[2020-10-27T23:46:58.117-0800] GC(3) Archive regions: 2->2
[2020-10-27T23:46:58.117-0800] GC(3) Humongous regions: 115->84
[2020-10-27T23:46:58.117-0800] GC(3) Metaspace: 204K(4864K)->204K(4864K) NonClass: 192K(4352K)->192K(4352K) Class: 12K(512K)->12K(512K)
[2020-10-27T23:46:58.117-0800] GC(3) Pause Young (Normal) (G1 Evacuation Pause) 306M->223M(2048M) 12.757ms
[2020-10-27T23:46:58.117-0800] GC(3) User=0.02s Sys=0.05s Real=0.01s
[2020-10-27T23:46:58.144-0800] GC(4) Pause Young (Normal) (G1 Evacuation Pause)
[2020-10-27T23:46:58.144-0800] GC(4) Using 8 workers of 8 for evacuation
[2020-10-27T23:46:58.157-0800] GC(4)   Pre Evacuate Collection Set: 0.1ms
[2020-10-27T23:46:58.157-0800] GC(4)   Merge Heap Roots: 0.1ms
[2020-10-27T23:46:58.157-0800] GC(4)   Evacuate Collection Set: 12.1ms
[2020-10-27T23:46:58.157-0800] GC(4)   Post Evacuate Collection Set: 0.3ms
[2020-10-27T23:46:58.157-0800] GC(4)   Other: 0.1ms
[2020-10-27T23:46:58.157-0800] GC(4) Eden regions: 89->0(119)
[2020-10-27T23:46:58.157-0800] GC(4) Survivor regions: 13->13(13)
[2020-10-27T23:46:58.157-0800] GC(4) Old regions: 126->162
[2020-10-27T23:46:58.157-0800] GC(4) Archive regions: 2->2
[2020-10-27T23:46:58.157-0800] GC(4) Humongous regions: 156->101
[2020-10-27T23:46:58.157-0800] GC(4) Metaspace: 204K(4864K)->204K(4864K) NonClass: 192K(4352K)->192K(4352K) Class: 12K(512K)->12K(512K)
[2020-10-27T23:46:58.157-0800] GC(4) Pause Young (Normal) (G1 Evacuation Pause) 384M->276M(2048M) 12.848ms
[2020-10-27T23:46:58.157-0800] GC(4) User=0.03s Sys=0.06s Real=0.01s
[2020-10-27T23:46:58.189-0800] GC(5) Pause Young (Normal) (G1 Evacuation Pause)
[2020-10-27T23:46:58.189-0800] GC(5) Using 8 workers of 8 for evacuation
[2020-10-27T23:46:58.204-0800] GC(5)   Pre Evacuate Collection Set: 0.1ms
[2020-10-27T23:46:58.204-0800] GC(5)   Merge Heap Roots: 0.0ms
[2020-10-27T23:46:58.204-0800] GC(5)   Evacuate Collection Set: 14.6ms
[2020-10-27T23:46:58.204-0800] GC(5)   Post Evacuate Collection Set: 0.4ms
[2020-10-27T23:46:58.204-0800] GC(5)   Other: 0.1ms
[2020-10-27T23:46:58.204-0800] GC(5) Eden regions: 119->0(1211)
[2020-10-27T23:46:58.204-0800] GC(5) Survivor regions: 13->17(17)
[2020-10-27T23:46:58.204-0800] GC(5) Old regions: 162->205
[2020-10-27T23:46:58.204-0800] GC(5) Archive regions: 2->2
[2020-10-27T23:46:58.204-0800] GC(5) Humongous regions: 176->122
[2020-10-27T23:46:58.204-0800] GC(5) Metaspace: 204K(4864K)->204K(4864K) NonClass: 192K(4352K)->192K(4352K) Class: 12K(512K)->12K(512K)
[2020-10-27T23:46:58.204-0800] GC(5) Pause Young (Normal) (G1 Evacuation Pause) 470M->344M(2048M) 15.413ms
[2020-10-27T23:46:58.204-0800] GC(5) User=0.02s Sys=0.07s Real=0.02s
[2020-10-27T23:46:58.719-0800] GC(6) Pause Young (Concurrent Start) (G1 Humongous Allocation)
[2020-10-27T23:46:58.719-0800] GC(6) Using 8 workers of 8 for evacuation
[2020-10-27T23:46:58.768-0800] GC(6) To-space exhausted
[2020-10-27T23:46:58.768-0800] GC(6)   Pre Evacuate Collection Set: 0.2ms
[2020-10-27T23:46:58.768-0800] GC(6)   Merge Heap Roots: 0.1ms
[2020-10-27T23:46:58.768-0800] GC(6)   Evacuate Collection Set: 44.3ms
[2020-10-27T23:46:58.768-0800] GC(6)   Post Evacuate Collection Set: 4.0ms
[2020-10-27T23:46:58.768-0800] GC(6)   Other: 0.5ms
[2020-10-27T23:46:58.768-0800] GC(6) Eden regions: 944->0(139)
[2020-10-27T23:46:58.768-0800] GC(6) Survivor regions: 17->154(154)
[2020-10-27T23:46:58.768-0800] GC(6) Old regions: 205->462
[2020-10-27T23:46:58.768-0800] GC(6) Archive regions: 2->2
[2020-10-27T23:46:58.768-0800] GC(6) Humongous regions: 714->153
[2020-10-27T23:46:58.768-0800] GC(6) Metaspace: 204K(4864K)->204K(4864K) NonClass: 192K(4352K)->192K(4352K) Class: 12K(512K)->12K(512K)
[2020-10-27T23:46:58.768-0800] GC(6) Pause Young (Concurrent Start) (G1 Humongous Allocation) 1879M->769M(2048M) 49.043ms
[2020-10-27T23:46:58.768-0800] GC(6) User=0.07s Sys=0.20s Real=0.05s
[2020-10-27T23:46:58.768-0800] GC(7) Concurrent Cycle
[2020-10-27T23:46:58.768-0800] GC(7) Concurrent Clear Claimed Marks
[2020-10-27T23:46:58.768-0800] GC(7) Concurrent Clear Claimed Marks 0.008ms
[2020-10-27T23:46:58.768-0800] GC(7) Concurrent Scan Root Regions
[2020-10-27T23:46:58.769-0800] GC(7) Concurrent Scan Root Regions 0.530ms
[2020-10-27T23:46:58.769-0800] GC(7) Concurrent Mark (0.869s)
[2020-10-27T23:46:58.769-0800] GC(7) Concurrent Mark From Roots
[2020-10-27T23:46:58.769-0800] GC(7) Using 2 workers of 2 for marking
[2020-10-27T23:46:58.773-0800] GC(7) Concurrent Mark From Roots 4.112ms
[2020-10-27T23:46:58.773-0800] GC(7) Concurrent Preclean
[2020-10-27T23:46:58.773-0800] GC(7) Concurrent Preclean 0.031ms
[2020-10-27T23:46:58.773-0800] GC(7) Concurrent Mark (0.869s, 0.873s) 4.267ms
[2020-10-27T23:46:58.773-0800] GC(7) Pause Remark
[2020-10-27T23:46:58.774-0800] GC(7) Pause Remark 801M->734M(2048M) 0.732ms
[2020-10-27T23:46:58.774-0800] GC(7) User=0.00s Sys=0.00s Real=0.00s
[2020-10-27T23:46:58.774-0800] GC(7) Concurrent Rebuild Remembered Sets
[2020-10-27T23:46:58.778-0800] GC(7) Concurrent Rebuild Remembered Sets 3.655ms
[2020-10-27T23:46:58.778-0800] GC(7) Pause Cleanup
[2020-10-27T23:46:58.778-0800] GC(7) Pause Cleanup 756M->756M(2048M) 0.387ms
[2020-10-27T23:46:58.778-0800] GC(7) User=0.00s Sys=0.00s Real=0.00s
[2020-10-27T23:46:58.778-0800] GC(7) Concurrent Cleanup for Next Mark
[2020-10-27T23:46:58.790-0800] GC(7) Concurrent Cleanup for Next Mark 12.003ms
[2020-10-27T23:46:58.791-0800] GC(7) Concurrent Cycle 22.360ms
[2020-10-27T23:46:58.809-0800] GC(8) Pause Young (Prepare Mixed) (G1 Evacuation Pause)
[2020-10-27T23:46:58.809-0800] GC(8) Using 8 workers of 8 for evacuation
[2020-10-27T23:46:58.840-0800] GC(8)   Pre Evacuate Collection Set: 0.3ms
[2020-10-27T23:46:58.840-0800] GC(8)   Merge Heap Roots: 0.1ms
[2020-10-27T23:46:58.840-0800] GC(8)   Evacuate Collection Set: 29.6ms
[2020-10-27T23:46:58.840-0800] GC(8)   Post Evacuate Collection Set: 0.7ms
[2020-10-27T23:46:58.840-0800] GC(8)   Other: 0.2ms
[2020-10-27T23:46:58.840-0800] GC(8) Eden regions: 139->0(65)
[2020-10-27T23:46:58.840-0800] GC(8) Survivor regions: 154->37(37)
[2020-10-27T23:46:58.840-0800] GC(8) Old regions: 395->536
[2020-10-27T23:46:58.840-0800] GC(8) Archive regions: 2->2
[2020-10-27T23:46:58.840-0800] GC(8) Humongous regions: 247->166
[2020-10-27T23:46:58.840-0800] GC(8) Metaspace: 204K(4864K)->204K(4864K) NonClass: 192K(4352K)->192K(4352K) Class: 12K(512K)->12K(512K)
[2020-10-27T23:46:58.840-0800] GC(8) Pause Young (Prepare Mixed) (G1 Evacuation Pause) 935M->739M(2048M) 30.966ms
[2020-10-27T23:46:58.840-0800] GC(8) User=0.14s Sys=0.03s Real=0.04s
[2020-10-27T23:46:58.853-0800] GC(9) Pause Young (Mixed) (G1 Evacuation Pause)
[2020-10-27T23:46:58.853-0800] GC(9) Using 8 workers of 8 for evacuation
[2020-10-27T23:46:58.865-0800] GC(9)   Pre Evacuate Collection Set: 0.2ms
[2020-10-27T23:46:58.865-0800] GC(9)   Merge Heap Roots: 0.1ms
[2020-10-27T23:46:58.865-0800] GC(9)   Evacuate Collection Set: 10.3ms
[2020-10-27T23:46:58.865-0800] GC(9)   Merge Optional Heap Roots: 0.1ms
[2020-10-27T23:46:58.865-0800] GC(9)   Evacuate Optional Collection Set: 0.7ms
[2020-10-27T23:46:58.865-0800] GC(9)   Post Evacuate Collection Set: 0.6ms
[2020-10-27T23:46:58.865-0800] GC(9)   Other: 0.2ms
[2020-10-27T23:46:58.865-0800] GC(9) Eden regions: 65->0(89)
[2020-10-27T23:46:58.865-0800] GC(9) Survivor regions: 37->13(13)
[2020-10-27T23:46:58.865-0800] GC(9) Old regions: 536->387
[2020-10-27T23:46:58.865-0800] GC(9) Archive regions: 2->2
[2020-10-27T23:46:58.865-0800] GC(9) Humongous regions: 205->171
[2020-10-27T23:46:58.865-0800] GC(9) Metaspace: 204K(4864K)->204K(4864K) NonClass: 192K(4352K)->192K(4352K) Class: 12K(512K)->12K(512K)
[2020-10-27T23:46:58.865-0800] GC(9) Pause Young (Mixed) (G1 Evacuation Pause) 843M->571M(2048M) 12.296ms
[2020-10-27T23:46:58.865-0800] GC(9) User=0.05s Sys=0.01s Real=0.01s
[2020-10-27T23:46:58.883-0800] GC(10) Pause Young (Mixed) (G1 Evacuation Pause)
[2020-10-27T23:46:58.883-0800] GC(10) Using 8 workers of 8 for evacuation
[2020-10-27T23:46:58.897-0800] GC(10)   Pre Evacuate Collection Set: 0.2ms
[2020-10-27T23:46:58.897-0800] GC(10)   Merge Heap Roots: 0.1ms
[2020-10-27T23:46:58.897-0800] GC(10)   Evacuate Collection Set: 11.1ms
[2020-10-27T23:46:58.897-0800] GC(10)   Merge Optional Heap Roots: 0.1ms
[2020-10-27T23:46:58.897-0800] GC(10)   Evacuate Optional Collection Set: 1.7ms
[2020-10-27T23:46:58.897-0800] GC(10)   Post Evacuate Collection Set: 0.6ms
[2020-10-27T23:46:58.897-0800] GC(10)   Other: 0.2ms
[2020-10-27T23:46:58.897-0800] GC(10) Eden regions: 89->0(457)
[2020-10-27T23:46:58.897-0800] GC(10) Survivor regions: 13->13(13)
[2020-10-27T23:46:58.897-0800] GC(10) Old regions: 387->287
[2020-10-27T23:46:58.897-0800] GC(10) Archive regions: 2->2
[2020-10-27T23:46:58.897-0800] GC(10) Humongous regions: 214->167
[2020-10-27T23:46:58.897-0800] GC(10) Metaspace: 204K(4864K)->204K(4864K) NonClass: 192K(4352K)->192K(4352K) Class: 12K(512K)->12K(512K)
[2020-10-27T23:46:58.897-0800] GC(10) Pause Young (Mixed) (G1 Evacuation Pause) 703M->467M(2048M) 14.034ms
[2020-10-27T23:46:58.897-0800] GC(10) User=0.07s Sys=0.01s Real=0.01s
[2020-10-27T23:46:58.944-0800] Heap
[2020-10-27T23:46:58.944-0800]  garbage-first heap   total 2097152K, used 770382K [0x0000000780000000, 0x0000000800000000)
[2020-10-27T23:46:58.944-0800]   region size 1024K, 194 young (198656K), 13 survivors (13312K)
[2020-10-27T23:46:58.944-0800]  Metaspace       used 325K, capacity 4508K, committed 4864K, reserved 1056768K
[2020-10-27T23:46:58.944-0800]   class space    used 25K, capacity 392K, committed 512K, reserved 1048576K
