[2020-10-27T23:46:48.232-0800] Using G1
[2020-10-27T23:46:48.234-0800] Version: 15.0.1+9-18 (release)
[2020-10-27T23:46:48.234-0800] CPUs: 8 total, 8 available
[2020-10-27T23:46:48.234-0800] Memory: 16384M
[2020-10-27T23:46:48.234-0800] Large Page Support: Disabled
[2020-10-27T23:46:48.234-0800] NUMA Support: Disabled
[2020-10-27T23:46:48.234-0800] Compressed Oops: Enabled (Zero based)
[2020-10-27T23:46:48.234-0800] Heap Region Size: 1M
[2020-10-27T23:46:48.234-0800] Heap Min Capacity: 256M
[2020-10-27T23:46:48.234-0800] Heap Initial Capacity: 256M
[2020-10-27T23:46:48.234-0800] Heap Max Capacity: 256M
[2020-10-27T23:46:48.234-0800] Pre-touch: Disabled
[2020-10-27T23:46:48.234-0800] Parallel Workers: 8
[2020-10-27T23:46:48.234-0800] Concurrent Workers: 2
[2020-10-27T23:46:48.234-0800] Concurrent Refinement Workers: 8
[2020-10-27T23:46:48.234-0800] Periodic GC: Disabled
[2020-10-27T23:46:48.234-0800] Mark closed archive regions in map: [0x00000007fff00000, 0x00000007fff78ff8]
[2020-10-27T23:46:48.235-0800] Mark open archive regions in map: [0x00000007ffe00000, 0x00000007ffe50ff8]
[2020-10-27T23:46:48.235-0800] CDS archive(s) mapped at: [0x0000000800000000-0x0000000800b2b000-0x0000000800b2b000), size 11710464, SharedBaseAddress: 0x0000000800000000, ArchiveRelocationMode: 0.
[2020-10-27T23:46:48.235-0800] Compressed class space mapped at: 0x0000000800b2c000-0x0000000840b2c000, size: 1073741824
[2020-10-27T23:46:48.235-0800] Narrow klass base: 0x0000000800000000, Narrow klass shift: 3, Narrow klass range: 0x100000000
[2020-10-27T23:46:48.275-0800] GC(0) Pause Young (Normal) (G1 Evacuation Pause)
[2020-10-27T23:46:48.275-0800] GC(0) Using 6 workers of 8 for evacuation
[2020-10-27T23:46:48.278-0800] GC(0)   Pre Evacuate Collection Set: 0.0ms
[2020-10-27T23:46:48.278-0800] GC(0)   Merge Heap Roots: 0.0ms
[2020-10-27T23:46:48.278-0800] GC(0)   Evacuate Collection Set: 2.1ms
[2020-10-27T23:46:48.278-0800] GC(0)   Post Evacuate Collection Set: 0.1ms
[2020-10-27T23:46:48.278-0800] GC(0)   Other: 0.3ms
[2020-10-27T23:46:48.278-0800] GC(0) Eden regions: 23->0(27)
[2020-10-27T23:46:48.278-0800] GC(0) Survivor regions: 0->3(3)
[2020-10-27T23:46:48.278-0800] GC(0) Old regions: 0->6
[2020-10-27T23:46:48.278-0800] GC(0) Archive regions: 2->2
[2020-10-27T23:46:48.278-0800] GC(0) Humongous regions: 12->8
[2020-10-27T23:46:48.278-0800] GC(0) Metaspace: 191K(4864K)->191K(4864K) NonClass: 178K(4352K)->178K(4352K) Class: 12K(512K)->12K(512K)
[2020-10-27T23:46:48.278-0800] GC(0) Pause Young (Normal) (G1 Evacuation Pause) 35M->17M(256M) 2.656ms
[2020-10-27T23:46:48.278-0800] GC(0) User=0.00s Sys=0.01s Real=0.00s
[2020-10-27T23:46:48.288-0800] GC(1) Pause Young (Normal) (G1 Evacuation Pause)
[2020-10-27T23:46:48.288-0800] GC(1) Using 6 workers of 8 for evacuation
[2020-10-27T23:46:48.292-0800] GC(1)   Pre Evacuate Collection Set: 0.0ms
[2020-10-27T23:46:48.292-0800] GC(1)   Merge Heap Roots: 0.0ms
[2020-10-27T23:46:48.292-0800] GC(1)   Evacuate Collection Set: 3.8ms
[2020-10-27T23:46:48.292-0800] GC(1)   Post Evacuate Collection Set: 0.2ms
[2020-10-27T23:46:48.292-0800] GC(1)   Other: 0.1ms
[2020-10-27T23:46:48.292-0800] GC(1) Eden regions: 27->0(56)
[2020-10-27T23:46:48.292-0800] GC(1) Survivor regions: 3->4(4)
[2020-10-27T23:46:48.292-0800] GC(1) Old regions: 6->16
[2020-10-27T23:46:48.292-0800] GC(1) Archive regions: 2->2
[2020-10-27T23:46:48.292-0800] GC(1) Humongous regions: 20->12
[2020-10-27T23:46:48.292-0800] GC(1) Metaspace: 195K(4864K)->195K(4864K) NonClass: 183K(4352K)->183K(4352K) Class: 12K(512K)->12K(512K)
[2020-10-27T23:46:48.292-0800] GC(1) Pause Young (Normal) (G1 Evacuation Pause) 55M->32M(256M) 4.289ms
[2020-10-27T23:46:48.292-0800] GC(1) User=0.01s Sys=0.01s Real=0.01s
[2020-10-27T23:46:48.315-0800] GC(2) Pause Young (Normal) (G1 Evacuation Pause)
[2020-10-27T23:46:48.315-0800] GC(2) Using 6 workers of 8 for evacuation
[2020-10-27T23:46:48.322-0800] GC(2)   Pre Evacuate Collection Set: 0.0ms
[2020-10-27T23:46:48.322-0800] GC(2)   Merge Heap Roots: 0.0ms
[2020-10-27T23:46:48.322-0800] GC(2)   Evacuate Collection Set: 6.4ms
[2020-10-27T23:46:48.322-0800] GC(2)   Post Evacuate Collection Set: 0.2ms
[2020-10-27T23:46:48.322-0800] GC(2)   Other: 0.1ms
[2020-10-27T23:46:48.322-0800] GC(2) Eden regions: 56->0(56)
[2020-10-27T23:46:48.322-0800] GC(2) Survivor regions: 4->8(8)
[2020-10-27T23:46:48.322-0800] GC(2) Old regions: 16->33
[2020-10-27T23:46:48.322-0800] GC(2) Archive regions: 2->2
[2020-10-27T23:46:48.322-0800] GC(2) Humongous regions: 39->21
[2020-10-27T23:46:48.322-0800] GC(2) Metaspace: 204K(4864K)->204K(4864K) NonClass: 191K(4352K)->191K(4352K) Class: 12K(512K)->12K(512K)
[2020-10-27T23:46:48.322-0800] GC(2) Pause Young (Normal) (G1 Evacuation Pause) 114M->62M(256M) 6.819ms
[2020-10-27T23:46:48.322-0800] GC(2) User=0.01s Sys=0.03s Real=0.01s
[2020-10-27T23:46:48.339-0800] GC(3) Pause Young (Normal) (G1 Evacuation Pause)
[2020-10-27T23:46:48.339-0800] GC(3) Using 6 workers of 8 for evacuation
[2020-10-27T23:46:48.347-0800] GC(3)   Pre Evacuate Collection Set: 0.0ms
[2020-10-27T23:46:48.347-0800] GC(3)   Merge Heap Roots: 0.0ms
[2020-10-27T23:46:48.347-0800] GC(3)   Evacuate Collection Set: 7.4ms
[2020-10-27T23:46:48.347-0800] GC(3)   Post Evacuate Collection Set: 0.2ms
[2020-10-27T23:46:48.347-0800] GC(3)   Other: 0.1ms
[2020-10-27T23:46:48.347-0800] GC(3) Eden regions: 56->0(59)
[2020-10-27T23:46:48.347-0800] GC(3) Survivor regions: 8->8(8)
[2020-10-27T23:46:48.347-0800] GC(3) Old regions: 33->57
[2020-10-27T23:46:48.347-0800] GC(3) Archive regions: 2->2
[2020-10-27T23:46:48.347-0800] GC(3) Humongous regions: 52->34
[2020-10-27T23:46:48.347-0800] GC(3) Metaspace: 205K(4864K)->205K(4864K) NonClass: 193K(4352K)->193K(4352K) Class: 12K(512K)->12K(512K)
[2020-10-27T23:46:48.347-0800] GC(3) Pause Young (Normal) (G1 Evacuation Pause) 149M->99M(256M) 7.873ms
[2020-10-27T23:46:48.347-0800] GC(3) User=0.02s Sys=0.03s Real=0.01s
[2020-10-27T23:46:48.356-0800] GC(4) Pause Young (Concurrent Start) (G1 Humongous Allocation)
[2020-10-27T23:46:48.356-0800] GC(4) Using 6 workers of 8 for evacuation
[2020-10-27T23:46:48.361-0800] GC(4)   Pre Evacuate Collection Set: 0.0ms
[2020-10-27T23:46:48.361-0800] GC(4)   Merge Heap Roots: 0.0ms
[2020-10-27T23:46:48.361-0800] GC(4)   Evacuate Collection Set: 4.2ms
[2020-10-27T23:46:48.361-0800] GC(4)   Post Evacuate Collection Set: 0.2ms
[2020-10-27T23:46:48.361-0800] GC(4)   Other: 0.2ms
[2020-10-27T23:46:48.361-0800] GC(4) Eden regions: 40->0(51)
[2020-10-27T23:46:48.361-0800] GC(4) Survivor regions: 8->9(9)
[2020-10-27T23:46:48.361-0800] GC(4) Old regions: 57->69
[2020-10-27T23:46:48.361-0800] GC(4) Archive regions: 2->2
[2020-10-27T23:46:48.361-0800] GC(4) Humongous regions: 56->40
[2020-10-27T23:46:48.361-0800] GC(4) Metaspace: 205K(4864K)->205K(4864K) NonClass: 193K(4352K)->193K(4352K) Class: 12K(512K)->12K(512K)
[2020-10-27T23:46:48.361-0800] GC(4) Pause Young (Concurrent Start) (G1 Humongous Allocation) 160M->118M(256M) 4.682ms
[2020-10-27T23:46:48.361-0800] GC(4) User=0.01s Sys=0.01s Real=0.01s
[2020-10-27T23:46:48.361-0800] GC(5) Concurrent Cycle
[2020-10-27T23:46:48.361-0800] GC(5) Concurrent Clear Claimed Marks
[2020-10-27T23:46:48.361-0800] GC(5) Concurrent Clear Claimed Marks 0.008ms
[2020-10-27T23:46:48.361-0800] GC(5) Concurrent Scan Root Regions
[2020-10-27T23:46:48.361-0800] GC(5) Concurrent Scan Root Regions 0.171ms
[2020-10-27T23:46:48.361-0800] GC(5) Concurrent Mark (0.134s)
[2020-10-27T23:46:48.361-0800] GC(5) Concurrent Mark From Roots
[2020-10-27T23:46:48.361-0800] GC(5) Using 2 workers of 2 for marking
[2020-10-27T23:46:48.362-0800] GC(5) Concurrent Mark From Roots 1.263ms
[2020-10-27T23:46:48.362-0800] GC(5) Concurrent Preclean
[2020-10-27T23:46:48.362-0800] GC(5) Concurrent Preclean 0.034ms
[2020-10-27T23:46:48.362-0800] GC(5) Concurrent Mark (0.134s, 0.135s) 1.380ms
[2020-10-27T23:46:48.362-0800] GC(5) Pause Remark
[2020-10-27T23:46:48.363-0800] GC(5) Pause Remark 132M->132M(256M) 0.260ms
[2020-10-27T23:46:48.363-0800] GC(5) User=0.00s Sys=0.01s Real=0.00s
[2020-10-27T23:46:48.363-0800] GC(5) Concurrent Rebuild Remembered Sets
[2020-10-27T23:46:48.363-0800] GC(5) Concurrent Rebuild Remembered Sets 0.504ms
[2020-10-27T23:46:48.363-0800] GC(5) Pause Cleanup
[2020-10-27T23:46:48.363-0800] GC(5) Pause Cleanup 136M->136M(256M) 0.072ms
[2020-10-27T23:46:48.363-0800] GC(5) User=0.00s Sys=0.00s Real=0.00s
[2020-10-27T23:46:48.364-0800] GC(5) Concurrent Cleanup for Next Mark
[2020-10-27T23:46:48.365-0800] GC(5) Concurrent Cleanup for Next Mark 1.423ms
[2020-10-27T23:46:48.365-0800] GC(5) Concurrent Cycle 4.204ms
[2020-10-27T23:46:48.365-0800] GC(6) Pause Young (Concurrent Start) (G1 Humongous Allocation)
[2020-10-27T23:46:48.365-0800] GC(6) Using 6 workers of 8 for evacuation
[2020-10-27T23:46:48.369-0800] GC(6)   Pre Evacuate Collection Set: 0.0ms
[2020-10-27T23:46:48.369-0800] GC(6)   Merge Heap Roots: 0.0ms
[2020-10-27T23:46:48.369-0800] GC(6)   Evacuate Collection Set: 3.2ms
[2020-10-27T23:46:48.369-0800] GC(6)   Post Evacuate Collection Set: 0.1ms
[2020-10-27T23:46:48.369-0800] GC(6)   Other: 0.1ms
[2020-10-27T23:46:48.369-0800] GC(6) Eden regions: 21->0(46)
[2020-10-27T23:46:48.369-0800] GC(6) Survivor regions: 9->8(8)
[2020-10-27T23:46:48.369-0800] GC(6) Old regions: 69->78
[2020-10-27T23:46:48.369-0800] GC(6) Archive regions: 2->2
[2020-10-27T23:46:48.369-0800] GC(6) Humongous regions: 54->50
[2020-10-27T23:46:48.369-0800] GC(6) Metaspace: 205K(4864K)->205K(4864K) NonClass: 193K(4352K)->193K(4352K) Class: 12K(512K)->12K(512K)
[2020-10-27T23:46:48.369-0800] GC(6) Pause Young (Concurrent Start) (G1 Humongous Allocation) 152M->135M(256M) 3.599ms
[2020-10-27T23:46:48.369-0800] GC(6) User=0.01s Sys=0.01s Real=0.00s
[2020-10-27T23:46:48.369-0800] GC(7) Concurrent Cycle
[2020-10-27T23:46:48.369-0800] GC(7) Concurrent Clear Claimed Marks
[2020-10-27T23:46:48.369-0800] GC(7) Concurrent Clear Claimed Marks 0.008ms
[2020-10-27T23:46:48.369-0800] GC(7) Concurrent Scan Root Regions
[2020-10-27T23:46:48.369-0800] GC(7) Concurrent Scan Root Regions 0.043ms
[2020-10-27T23:46:48.369-0800] GC(7) Concurrent Mark (0.142s)
[2020-10-27T23:46:48.369-0800] GC(7) Concurrent Mark From Roots
[2020-10-27T23:46:48.369-0800] GC(7) Using 2 workers of 2 for marking
[2020-10-27T23:46:48.370-0800] GC(7) Concurrent Mark From Roots 0.983ms
[2020-10-27T23:46:48.370-0800] GC(7) Concurrent Preclean
[2020-10-27T23:46:48.370-0800] GC(7) Concurrent Preclean 0.017ms
[2020-10-27T23:46:48.370-0800] GC(7) Concurrent Mark (0.142s, 0.143s) 1.028ms
[2020-10-27T23:46:48.370-0800] GC(7) Pause Remark
[2020-10-27T23:46:48.370-0800] GC(7) Pause Remark 144M->144M(256M) 0.192ms
[2020-10-27T23:46:48.370-0800] GC(7) User=0.00s Sys=0.00s Real=0.00s
[2020-10-27T23:46:48.370-0800] GC(7) Concurrent Rebuild Remembered Sets
[2020-10-27T23:46:48.371-0800] GC(7) Concurrent Rebuild Remembered Sets 0.421ms
[2020-10-27T23:46:48.371-0800] GC(7) Pause Cleanup
[2020-10-27T23:46:48.371-0800] GC(7) Pause Cleanup 148M->148M(256M) 0.041ms
[2020-10-27T23:46:48.371-0800] GC(7) User=0.00s Sys=0.00s Real=0.00s
[2020-10-27T23:46:48.371-0800] GC(7) Concurrent Cleanup for Next Mark
[2020-10-27T23:46:48.372-0800] GC(7) Concurrent Cleanup for Next Mark 1.172ms
[2020-10-27T23:46:48.372-0800] GC(7) Concurrent Cycle 3.201ms
[2020-10-27T23:46:48.380-0800] GC(8) Pause Young (Prepare Mixed) (G1 Evacuation Pause)
[2020-10-27T23:46:48.380-0800] GC(8) Using 6 workers of 8 for evacuation
[2020-10-27T23:46:48.386-0800] GC(8)   Pre Evacuate Collection Set: 0.0ms
[2020-10-27T23:46:48.386-0800] GC(8)   Merge Heap Roots: 0.0ms
[2020-10-27T23:46:48.386-0800] GC(8)   Evacuate Collection Set: 5.7ms
[2020-10-27T23:46:48.386-0800] GC(8)   Post Evacuate Collection Set: 0.1ms
[2020-10-27T23:46:48.386-0800] GC(8)   Other: 0.1ms
[2020-10-27T23:46:48.386-0800] GC(8) Eden regions: 46->0(5)
[2020-10-27T23:46:48.386-0800] GC(8) Survivor regions: 8->7(7)
[2020-10-27T23:46:48.386-0800] GC(8) Old regions: 78->96
[2020-10-27T23:46:48.386-0800] GC(8) Archive regions: 2->2
[2020-10-27T23:46:48.386-0800] GC(8) Humongous regions: 71->55
[2020-10-27T23:46:48.386-0800] GC(8) Metaspace: 205K(4864K)->205K(4864K) NonClass: 193K(4352K)->193K(4352K) Class: 12K(512K)->12K(512K)
[2020-10-27T23:46:48.387-0800] GC(8) Pause Young (Prepare Mixed) (G1 Evacuation Pause) 202M->158M(256M) 6.127ms
[2020-10-27T23:46:48.387-0800] GC(8) User=0.01s Sys=0.02s Real=0.00s
[2020-10-27T23:46:48.387-0800] GC(9) Pause Young (Mixed) (G1 Evacuation Pause)
[2020-10-27T23:46:48.387-0800] GC(9) Using 6 workers of 8 for evacuation
[2020-10-27T23:46:48.393-0800] GC(9)   Pre Evacuate Collection Set: 0.1ms
[2020-10-27T23:46:48.393-0800] GC(9)   Merge Heap Roots: 0.0ms
[2020-10-27T23:46:48.393-0800] GC(9)   Evacuate Collection Set: 4.9ms
[2020-10-27T23:46:48.393-0800] GC(9)   Post Evacuate Collection Set: 0.2ms
[2020-10-27T23:46:48.393-0800] GC(9)   Other: 0.1ms
[2020-10-27T23:46:48.393-0800] GC(9) Eden regions: 5->0(39)
[2020-10-27T23:46:48.393-0800] GC(9) Survivor regions: 7->2(2)
[2020-10-27T23:46:48.393-0800] GC(9) Old regions: 96->94
[2020-10-27T23:46:48.393-0800] GC(9) Archive regions: 2->2
[2020-10-27T23:46:48.393-0800] GC(9) Humongous regions: 57->54
[2020-10-27T23:46:48.393-0800] GC(9) Metaspace: 205K(4864K)->205K(4864K) NonClass: 193K(4352K)->193K(4352K) Class: 12K(512K)->12K(512K)
[2020-10-27T23:46:48.393-0800] GC(9) Pause Young (Mixed) (G1 Evacuation Pause) 165M->150M(256M) 5.358ms
[2020-10-27T23:46:48.393-0800] GC(9) User=0.01s Sys=0.01s Real=0.01s
[2020-10-27T23:46:48.393-0800] GC(10) Pause Young (Concurrent Start) (G1 Humongous Allocation)
[2020-10-27T23:46:48.393-0800] GC(10) Using 6 workers of 8 for evacuation
[2020-10-27T23:46:48.394-0800] GC(10)   Pre Evacuate Collection Set: 0.0ms
[2020-10-27T23:46:48.394-0800] GC(10)   Merge Heap Roots: 0.0ms
[2020-10-27T23:46:48.394-0800] GC(10)   Evacuate Collection Set: 0.4ms
[2020-10-27T23:46:48.394-0800] GC(10)   Post Evacuate Collection Set: 0.1ms
[2020-10-27T23:46:48.394-0800] GC(10)   Other: 0.1ms
[2020-10-27T23:46:48.394-0800] GC(10) Eden regions: 2->0(43)
[2020-10-27T23:46:48.394-0800] GC(10) Survivor regions: 2->3(6)
[2020-10-27T23:46:48.394-0800] GC(10) Old regions: 94->94
[2020-10-27T23:46:48.394-0800] GC(10) Archive regions: 2->2
[2020-10-27T23:46:48.394-0800] GC(10) Humongous regions: 54->53
[2020-10-27T23:46:48.394-0800] GC(10) Metaspace: 205K(4864K)->205K(4864K) NonClass: 193K(4352K)->193K(4352K) Class: 12K(512K)->12K(512K)
[2020-10-27T23:46:48.394-0800] GC(10) Pause Young (Concurrent Start) (G1 Humongous Allocation) 152M->150M(256M) 0.717ms
[2020-10-27T23:46:48.394-0800] GC(10) User=0.01s Sys=0.00s Real=0.00s
[2020-10-27T23:46:48.394-0800] GC(11) Concurrent Cycle
[2020-10-27T23:46:48.394-0800] GC(11) Concurrent Clear Claimed Marks
[2020-10-27T23:46:48.394-0800] GC(11) Concurrent Clear Claimed Marks 0.007ms
[2020-10-27T23:46:48.394-0800] GC(11) Concurrent Scan Root Regions
[2020-10-27T23:46:48.394-0800] GC(11) Concurrent Scan Root Regions 0.021ms
[2020-10-27T23:46:48.394-0800] GC(11) Concurrent Mark (0.166s)
[2020-10-27T23:46:48.394-0800] GC(11) Concurrent Mark From Roots
[2020-10-27T23:46:48.394-0800] GC(11) Using 2 workers of 2 for marking
[2020-10-27T23:46:48.395-0800] GC(11) Concurrent Mark From Roots 0.853ms
[2020-10-27T23:46:48.395-0800] GC(11) Concurrent Preclean
[2020-10-27T23:46:48.395-0800] GC(11) Concurrent Preclean 0.020ms
[2020-10-27T23:46:48.395-0800] GC(11) Concurrent Mark (0.166s, 0.167s) 0.915ms
[2020-10-27T23:46:48.395-0800] GC(11) Pause Remark
[2020-10-27T23:46:48.395-0800] GC(11) Pause Remark 160M->160M(256M) 0.272ms
[2020-10-27T23:46:48.395-0800] GC(11) User=0.00s Sys=0.00s Real=0.00s
[2020-10-27T23:46:48.395-0800] GC(11) Concurrent Rebuild Remembered Sets
[2020-10-27T23:46:48.396-0800] GC(11) Concurrent Rebuild Remembered Sets 0.606ms
[2020-10-27T23:46:48.396-0800] GC(11) Pause Cleanup
[2020-10-27T23:46:48.396-0800] GC(11) Pause Cleanup 164M->164M(256M) 0.057ms
[2020-10-27T23:46:48.396-0800] GC(11) User=0.00s Sys=0.00s Real=0.00s
[2020-10-27T23:46:48.396-0800] GC(11) Concurrent Cleanup for Next Mark
[2020-10-27T23:46:48.397-0800] GC(11) Concurrent Cleanup for Next Mark 0.977ms
[2020-10-27T23:46:48.397-0800] GC(11) Concurrent Cycle 3.156ms
[2020-10-27T23:46:48.402-0800] GC(12) Pause Young (Prepare Mixed) (G1 Evacuation Pause)
[2020-10-27T23:46:48.402-0800] GC(12) Using 6 workers of 8 for evacuation
[2020-10-27T23:46:48.406-0800] GC(12)   Pre Evacuate Collection Set: 0.1ms
[2020-10-27T23:46:48.406-0800] GC(12)   Merge Heap Roots: 0.1ms
[2020-10-27T23:46:48.406-0800] GC(12)   Evacuate Collection Set: 3.6ms
[2020-10-27T23:46:48.406-0800] GC(12)   Post Evacuate Collection Set: 0.1ms
[2020-10-27T23:46:48.406-0800] GC(12)   Other: 0.1ms
[2020-10-27T23:46:48.406-0800] GC(12) Eden regions: 43->0(6)
[2020-10-27T23:46:48.406-0800] GC(12) Survivor regions: 3->6(6)
[2020-10-27T23:46:48.406-0800] GC(12) Old regions: 94->105
[2020-10-27T23:46:48.406-0800] GC(12) Archive regions: 2->2
[2020-10-27T23:46:48.406-0800] GC(12) Humongous regions: 78->61
[2020-10-27T23:46:48.406-0800] GC(12) Metaspace: 205K(4864K)->205K(4864K) NonClass: 193K(4352K)->193K(4352K) Class: 12K(512K)->12K(512K)
[2020-10-27T23:46:48.406-0800] GC(12) Pause Young (Prepare Mixed) (G1 Evacuation Pause) 217M->172M(256M) 4.183ms
[2020-10-27T23:46:48.406-0800] GC(12) User=0.01s Sys=0.01s Real=0.00s
[2020-10-27T23:46:48.407-0800] GC(13) Pause Young (Mixed) (G1 Evacuation Pause)
[2020-10-27T23:46:48.407-0800] GC(13) Using 6 workers of 8 for evacuation
[2020-10-27T23:46:48.411-0800] GC(13)   Pre Evacuate Collection Set: 0.0ms
[2020-10-27T23:46:48.411-0800] GC(13)   Merge Heap Roots: 0.0ms
[2020-10-27T23:46:48.411-0800] GC(13)   Evacuate Collection Set: 4.1ms
[2020-10-27T23:46:48.411-0800] GC(13)   Post Evacuate Collection Set: 0.2ms
[2020-10-27T23:46:48.411-0800] GC(13)   Other: 0.1ms
[2020-10-27T23:46:48.411-0800] GC(13) Eden regions: 6->0(34)
[2020-10-27T23:46:48.411-0800] GC(13) Survivor regions: 6->2(2)
[2020-10-27T23:46:48.411-0800] GC(13) Old regions: 105->102
[2020-10-27T23:46:48.411-0800] GC(13) Archive regions: 2->2
[2020-10-27T23:46:48.411-0800] GC(13) Humongous regions: 62->61
[2020-10-27T23:46:48.411-0800] GC(13) Metaspace: 205K(4864K)->205K(4864K) NonClass: 193K(4352K)->193K(4352K) Class: 12K(512K)->12K(512K)
[2020-10-27T23:46:48.411-0800] GC(13) Pause Young (Mixed) (G1 Evacuation Pause) 179M->164M(256M) 4.522ms
[2020-10-27T23:46:48.411-0800] GC(13) User=0.02s Sys=0.00s Real=0.01s
[2020-10-27T23:46:48.411-0800] GC(14) Pause Young (Concurrent Start) (G1 Humongous Allocation)
[2020-10-27T23:46:48.411-0800] GC(14) Using 6 workers of 8 for evacuation
[2020-10-27T23:46:48.412-0800] GC(14)   Pre Evacuate Collection Set: 0.0ms
[2020-10-27T23:46:48.412-0800] GC(14)   Merge Heap Roots: 0.0ms
[2020-10-27T23:46:48.412-0800] GC(14)   Evacuate Collection Set: 0.5ms
[2020-10-27T23:46:48.412-0800] GC(14)   Post Evacuate Collection Set: 0.1ms
[2020-10-27T23:46:48.412-0800] GC(14)   Other: 0.1ms
[2020-10-27T23:46:48.412-0800] GC(14) Eden regions: 1->0(35)
[2020-10-27T23:46:48.412-0800] GC(14) Survivor regions: 2->2(5)
[2020-10-27T23:46:48.412-0800] GC(14) Old regions: 102->102
[2020-10-27T23:46:48.412-0800] GC(14) Archive regions: 2->2
[2020-10-27T23:46:48.412-0800] GC(14) Humongous regions: 61->61
[2020-10-27T23:46:48.412-0800] GC(14) Metaspace: 205K(4864K)->205K(4864K) NonClass: 193K(4352K)->193K(4352K) Class: 12K(512K)->12K(512K)
[2020-10-27T23:46:48.412-0800] GC(14) Pause Young (Concurrent Start) (G1 Humongous Allocation) 165M->165M(256M) 0.729ms
[2020-10-27T23:46:48.412-0800] GC(14) User=0.01s Sys=0.00s Real=0.00s
[2020-10-27T23:46:48.412-0800] GC(15) Concurrent Cycle
[2020-10-27T23:46:48.412-0800] GC(15) Concurrent Clear Claimed Marks
[2020-10-27T23:46:48.412-0800] GC(15) Concurrent Clear Claimed Marks 0.007ms
[2020-10-27T23:46:48.412-0800] GC(15) Concurrent Scan Root Regions
[2020-10-27T23:46:48.412-0800] GC(15) Concurrent Scan Root Regions 0.024ms
[2020-10-27T23:46:48.412-0800] GC(15) Concurrent Mark (0.185s)
[2020-10-27T23:46:48.412-0800] GC(15) Concurrent Mark From Roots
[2020-10-27T23:46:48.412-0800] GC(15) Using 2 workers of 2 for marking
[2020-10-27T23:46:48.413-0800] GC(15) Concurrent Mark From Roots 1.067ms
[2020-10-27T23:46:48.413-0800] GC(15) Concurrent Preclean
[2020-10-27T23:46:48.413-0800] GC(15) Concurrent Preclean 0.019ms
[2020-10-27T23:46:48.413-0800] GC(15) Concurrent Mark (0.185s, 0.186s) 1.133ms
[2020-10-27T23:46:48.413-0800] GC(15) Pause Remark
[2020-10-27T23:46:48.414-0800] GC(15) Pause Remark 177M->177M(256M) 0.334ms
[2020-10-27T23:46:48.414-0800] GC(15) User=0.00s Sys=0.01s Real=0.00s
[2020-10-27T23:46:48.414-0800] GC(15) Concurrent Rebuild Remembered Sets
[2020-10-27T23:46:48.415-0800] GC(15) Concurrent Rebuild Remembered Sets 0.708ms
[2020-10-27T23:46:48.415-0800] GC(15) Pause Cleanup
[2020-10-27T23:46:48.415-0800] GC(15) Pause Cleanup 184M->184M(256M) 0.057ms
[2020-10-27T23:46:48.415-0800] GC(15) User=0.00s Sys=0.00s Real=0.00s
[2020-10-27T23:46:48.415-0800] GC(15) Concurrent Cleanup for Next Mark
[2020-10-27T23:46:48.415-0800] GC(15) Concurrent Cleanup for Next Mark 0.686ms
[2020-10-27T23:46:48.415-0800] GC(15) Concurrent Cycle 3.248ms
[2020-10-27T23:46:48.416-0800] GC(16) Pause Young (Concurrent Start) (G1 Humongous Allocation)
[2020-10-27T23:46:48.416-0800] GC(16) Using 6 workers of 8 for evacuation
[2020-10-27T23:46:48.417-0800] GC(16)   Pre Evacuate Collection Set: 0.0ms
[2020-10-27T23:46:48.417-0800] GC(16)   Merge Heap Roots: 0.0ms
[2020-10-27T23:46:48.417-0800] GC(16)   Evacuate Collection Set: 1.5ms
[2020-10-27T23:46:48.417-0800] GC(16)   Post Evacuate Collection Set: 0.1ms
[2020-10-27T23:46:48.417-0800] GC(16)   Other: 0.1ms
[2020-10-27T23:46:48.417-0800] GC(16) Eden regions: 15->0(28)
[2020-10-27T23:46:48.417-0800] GC(16) Survivor regions: 2->5(5)
[2020-10-27T23:46:48.417-0800] GC(16) Old regions: 102->105
[2020-10-27T23:46:48.417-0800] GC(16) Archive regions: 2->2
[2020-10-27T23:46:48.417-0800] GC(16) Humongous regions: 71->65
[2020-10-27T23:46:48.417-0800] GC(16) Metaspace: 205K(4864K)->205K(4864K) NonClass: 193K(4352K)->193K(4352K) Class: 12K(512K)->12K(512K)
[2020-10-27T23:46:48.418-0800] GC(16) Pause Young (Concurrent Start) (G1 Humongous Allocation) 189M->175M(256M) 1.824ms
[2020-10-27T23:46:48.418-0800] GC(16) User=0.01s Sys=0.00s Real=0.00s
[2020-10-27T23:46:48.418-0800] GC(17) Concurrent Cycle
[2020-10-27T23:46:48.418-0800] GC(17) Concurrent Clear Claimed Marks
[2020-10-27T23:46:48.418-0800] GC(17) Concurrent Clear Claimed Marks 0.006ms
[2020-10-27T23:46:48.418-0800] GC(17) Concurrent Scan Root Regions
[2020-10-27T23:46:48.418-0800] GC(17) Concurrent Scan Root Regions 0.028ms
[2020-10-27T23:46:48.418-0800] GC(17) Concurrent Mark (0.190s)
[2020-10-27T23:46:48.418-0800] GC(17) Concurrent Mark From Roots
[2020-10-27T23:46:48.418-0800] GC(17) Using 2 workers of 2 for marking
[2020-10-27T23:46:48.419-0800] GC(17) Concurrent Mark From Roots 1.198ms
[2020-10-27T23:46:48.419-0800] GC(17) Concurrent Preclean
[2020-10-27T23:46:48.419-0800] GC(17) Concurrent Preclean 0.018ms
[2020-10-27T23:46:48.419-0800] GC(17) Concurrent Mark (0.190s, 0.192s) 1.269ms
[2020-10-27T23:46:48.419-0800] GC(17) Pause Remark
[2020-10-27T23:46:48.419-0800] GC(17) Pause Remark 190M->190M(256M) 0.200ms
[2020-10-27T23:46:48.419-0800] GC(17) User=0.00s Sys=0.00s Real=0.00s
[2020-10-27T23:46:48.419-0800] GC(17) Concurrent Rebuild Remembered Sets
[2020-10-27T23:46:48.420-0800] GC(17) Concurrent Rebuild Remembered Sets 0.741ms
[2020-10-27T23:46:48.420-0800] GC(17) Pause Cleanup
[2020-10-27T23:46:48.420-0800] GC(17) Pause Cleanup 196M->196M(256M) 0.059ms
[2020-10-27T23:46:48.420-0800] GC(17) User=0.00s Sys=0.00s Real=0.00s
[2020-10-27T23:46:48.420-0800] GC(17) Concurrent Cleanup for Next Mark
[2020-10-27T23:46:48.421-0800] GC(17) Concurrent Cleanup for Next Mark 0.992ms
[2020-10-27T23:46:48.421-0800] GC(17) Concurrent Cycle 3.567ms
[2020-10-27T23:46:48.424-0800] GC(18) Pause Young (Prepare Mixed) (G1 Evacuation Pause)
[2020-10-27T23:46:48.424-0800] GC(18) Using 6 workers of 8 for evacuation
[2020-10-27T23:46:48.427-0800] GC(18)   Pre Evacuate Collection Set: 0.0ms
[2020-10-27T23:46:48.427-0800] GC(18)   Merge Heap Roots: 0.0ms
[2020-10-27T23:46:48.427-0800] GC(18)   Evacuate Collection Set: 2.4ms
[2020-10-27T23:46:48.427-0800] GC(18)   Post Evacuate Collection Set: 0.1ms
[2020-10-27T23:46:48.427-0800] GC(18)   Other: 0.1ms
[2020-10-27T23:46:48.427-0800] GC(18) Eden regions: 28->0(7)
[2020-10-27T23:46:48.427-0800] GC(18) Survivor regions: 5->5(5)
[2020-10-27T23:46:48.427-0800] GC(18) Old regions: 105->116
[2020-10-27T23:46:48.427-0800] GC(18) Archive regions: 2->2
[2020-10-27T23:46:48.427-0800] GC(18) Humongous regions: 87->70
[2020-10-27T23:46:48.427-0800] GC(18) Metaspace: 205K(4864K)->205K(4864K) NonClass: 193K(4352K)->193K(4352K) Class: 12K(512K)->12K(512K)
[2020-10-27T23:46:48.427-0800] GC(18) Pause Young (Prepare Mixed) (G1 Evacuation Pause) 225M->191M(256M) 2.822ms
[2020-10-27T23:46:48.427-0800] GC(18) User=0.01s Sys=0.00s Real=0.00s
[2020-10-27T23:46:48.428-0800] GC(19) Pause Young (Mixed) (G1 Evacuation Pause)
[2020-10-27T23:46:48.428-0800] GC(19) Using 6 workers of 8 for evacuation
[2020-10-27T23:46:48.433-0800] GC(19)   Pre Evacuate Collection Set: 0.0ms
[2020-10-27T23:46:48.433-0800] GC(19)   Merge Heap Roots: 0.0ms
[2020-10-27T23:46:48.433-0800] GC(19)   Evacuate Collection Set: 4.7ms
[2020-10-27T23:46:48.433-0800] GC(19)   Post Evacuate Collection Set: 0.2ms
[2020-10-27T23:46:48.433-0800] GC(19)   Other: 0.1ms
[2020-10-27T23:46:48.433-0800] GC(19) Eden regions: 7->0(20)
[2020-10-27T23:46:48.433-0800] GC(19) Survivor regions: 5->2(2)
[2020-10-27T23:46:48.433-0800] GC(19) Old regions: 116->115
[2020-10-27T23:46:48.433-0800] GC(19) Archive regions: 2->2
[2020-10-27T23:46:48.433-0800] GC(19) Humongous regions: 73->71
[2020-10-27T23:46:48.433-0800] GC(19) Metaspace: 205K(4864K)->205K(4864K) NonClass: 193K(4352K)->193K(4352K) Class: 12K(512K)->12K(512K)
[2020-10-27T23:46:48.433-0800] GC(19) Pause Young (Mixed) (G1 Evacuation Pause) 201M->188M(256M) 5.154ms
[2020-10-27T23:46:48.433-0800] GC(19) User=0.02s Sys=0.00s Real=0.01s
[2020-10-27T23:46:48.433-0800] GC(20) Pause Young (Concurrent Start) (G1 Humongous Allocation)
[2020-10-27T23:46:48.433-0800] GC(20) Using 6 workers of 8 for evacuation
[2020-10-27T23:46:48.434-0800] GC(20)   Pre Evacuate Collection Set: 0.0ms
[2020-10-27T23:46:48.434-0800] GC(20)   Merge Heap Roots: 0.0ms
[2020-10-27T23:46:48.434-0800] GC(20)   Evacuate Collection Set: 0.5ms
[2020-10-27T23:46:48.434-0800] GC(20)   Post Evacuate Collection Set: 0.1ms
[2020-10-27T23:46:48.434-0800] GC(20)   Other: 0.1ms
[2020-10-27T23:46:48.434-0800] GC(20) Eden regions: 1->0(21)
[2020-10-27T23:46:48.434-0800] GC(20) Survivor regions: 2->1(3)
[2020-10-27T23:46:48.434-0800] GC(20) Old regions: 115->117
[2020-10-27T23:46:48.434-0800] GC(20) Archive regions: 2->2
[2020-10-27T23:46:48.434-0800] GC(20) Humongous regions: 72->71
[2020-10-27T23:46:48.434-0800] GC(20) Metaspace: 205K(4864K)->205K(4864K) NonClass: 193K(4352K)->193K(4352K) Class: 12K(512K)->12K(512K)
[2020-10-27T23:46:48.434-0800] GC(20) Pause Young (Concurrent Start) (G1 Humongous Allocation) 189M->188M(256M) 0.776ms
[2020-10-27T23:46:48.434-0800] GC(20) User=0.01s Sys=0.00s Real=0.00s
[2020-10-27T23:46:48.434-0800] GC(21) Concurrent Cycle
[2020-10-27T23:46:48.434-0800] GC(21) Concurrent Clear Claimed Marks
[2020-10-27T23:46:48.434-0800] GC(21) Concurrent Clear Claimed Marks 0.007ms
[2020-10-27T23:46:48.434-0800] GC(21) Concurrent Scan Root Regions
[2020-10-27T23:46:48.434-0800] GC(21) Concurrent Scan Root Regions 0.020ms
[2020-10-27T23:46:48.434-0800] GC(21) Concurrent Mark (0.207s)
[2020-10-27T23:46:48.434-0800] GC(21) Concurrent Mark From Roots
[2020-10-27T23:46:48.434-0800] GC(21) Using 2 workers of 2 for marking
[2020-10-27T23:46:48.435-0800] GC(21) Concurrent Mark From Roots 1.041ms
[2020-10-27T23:46:48.435-0800] GC(21) Concurrent Preclean
[2020-10-27T23:46:48.435-0800] GC(21) Concurrent Preclean 0.018ms
[2020-10-27T23:46:48.435-0800] GC(21) Concurrent Mark (0.207s, 0.208s) 1.104ms
[2020-10-27T23:46:48.435-0800] GC(21) Pause Remark
[2020-10-27T23:46:48.436-0800] GC(21) Pause Remark 201M->201M(256M) 0.202ms
[2020-10-27T23:46:48.436-0800] GC(21) User=0.00s Sys=0.00s Real=0.00s
[2020-10-27T23:46:48.436-0800] GC(21) Concurrent Rebuild Remembered Sets
[2020-10-27T23:46:48.436-0800] GC(21) Concurrent Rebuild Remembered Sets 0.621ms
[2020-10-27T23:46:48.436-0800] GC(21) Pause Cleanup
[2020-10-27T23:46:48.436-0800] GC(21) Pause Cleanup 204M->204M(256M) 0.070ms
[2020-10-27T23:46:48.436-0800] GC(21) User=0.00s Sys=0.00s Real=0.00s
[2020-10-27T23:46:48.436-0800] GC(21) Concurrent Cleanup for Next Mark
[2020-10-27T23:46:48.437-0800] GC(21) Concurrent Cleanup for Next Mark 0.994ms
[2020-10-27T23:46:48.438-0800] GC(21) Concurrent Cycle 3.338ms
[2020-10-27T23:46:48.438-0800] GC(22) Pause Young (Concurrent Start) (G1 Humongous Allocation)
[2020-10-27T23:46:48.438-0800] GC(22) Using 6 workers of 8 for evacuation
[2020-10-27T23:46:48.439-0800] GC(22)   Pre Evacuate Collection Set: 0.1ms
[2020-10-27T23:46:48.439-0800] GC(22)   Merge Heap Roots: 0.0ms
[2020-10-27T23:46:48.439-0800] GC(22)   Evacuate Collection Set: 0.8ms
[2020-10-27T23:46:48.439-0800] GC(22)   Post Evacuate Collection Set: 0.1ms
[2020-10-27T23:46:48.439-0800] GC(22)   Other: 0.1ms
[2020-10-27T23:46:48.439-0800] GC(22) Eden regions: 13->0(16)
[2020-10-27T23:46:48.439-0800] GC(22) Survivor regions: 1->3(3)
[2020-10-27T23:46:48.439-0800] GC(22) Old regions: 117->119
[2020-10-27T23:46:48.439-0800] GC(22) Archive regions: 2->2
[2020-10-27T23:46:48.439-0800] GC(22) Humongous regions: 80->76
[2020-10-27T23:46:48.439-0800] GC(22) Metaspace: 205K(4864K)->205K(4864K) NonClass: 193K(4352K)->193K(4352K) Class: 12K(512K)->12K(512K)
[2020-10-27T23:46:48.439-0800] GC(22) Pause Young (Concurrent Start) (G1 Humongous Allocation) 209M->198M(256M) 1.161ms
[2020-10-27T23:46:48.439-0800] GC(22) User=0.01s Sys=0.00s Real=0.00s
[2020-10-27T23:46:48.439-0800] GC(23) Concurrent Cycle
[2020-10-27T23:46:48.439-0800] GC(23) Concurrent Clear Claimed Marks
[2020-10-27T23:46:48.439-0800] GC(23) Concurrent Clear Claimed Marks 0.006ms
[2020-10-27T23:46:48.439-0800] GC(23) Concurrent Scan Root Regions
[2020-10-27T23:46:48.439-0800] GC(23) Concurrent Scan Root Regions 0.023ms
[2020-10-27T23:46:48.439-0800] GC(23) Concurrent Mark (0.212s)
[2020-10-27T23:46:48.439-0800] GC(23) Concurrent Mark From Roots
[2020-10-27T23:46:48.439-0800] GC(23) Using 2 workers of 2 for marking
[2020-10-27T23:46:48.440-0800] GC(23) Concurrent Mark From Roots 1.241ms
[2020-10-27T23:46:48.440-0800] GC(23) Concurrent Preclean
[2020-10-27T23:46:48.440-0800] GC(23) Concurrent Preclean 0.020ms
[2020-10-27T23:46:48.440-0800] GC(23) Concurrent Mark (0.212s, 0.213s) 1.316ms
[2020-10-27T23:46:48.440-0800] GC(23) Pause Remark
[2020-10-27T23:46:48.441-0800] GC(23) Pause Remark 212M->212M(256M) 0.278ms
[2020-10-27T23:46:48.441-0800] GC(23) User=0.00s Sys=0.00s Real=0.00s
[2020-10-27T23:46:48.441-0800] GC(23) Concurrent Rebuild Remembered Sets
[2020-10-27T23:46:48.442-0800] GC(23) Concurrent Rebuild Remembered Sets 1.200ms
[2020-10-27T23:46:48.442-0800] GC(23) Pause Cleanup
[2020-10-27T23:46:48.442-0800] GC(23) Pause Cleanup 219M->219M(256M) 0.078ms
[2020-10-27T23:46:48.442-0800] GC(23) User=0.00s Sys=0.00s Real=0.00s
[2020-10-27T23:46:48.442-0800] GC(23) Concurrent Cleanup for Next Mark
[2020-10-27T23:46:48.443-0800] GC(23) Concurrent Cleanup for Next Mark 0.813ms
[2020-10-27T23:46:48.443-0800] GC(23) Concurrent Cycle 4.069ms
[2020-10-27T23:46:48.443-0800] GC(24) Pause Young (Prepare Mixed) (G1 Evacuation Pause)
[2020-10-27T23:46:48.443-0800] GC(24) Using 6 workers of 8 for evacuation
[2020-10-27T23:46:48.445-0800] GC(24)   Pre Evacuate Collection Set: 0.0ms
[2020-10-27T23:46:48.445-0800] GC(24)   Merge Heap Roots: 0.0ms
[2020-10-27T23:46:48.445-0800] GC(24)   Evacuate Collection Set: 1.3ms
[2020-10-27T23:46:48.445-0800] GC(24)   Post Evacuate Collection Set: 0.1ms
[2020-10-27T23:46:48.445-0800] GC(24)   Other: 0.1ms
[2020-10-27T23:46:48.445-0800] GC(24) Eden regions: 16->0(9)
[2020-10-27T23:46:48.445-0800] GC(24) Survivor regions: 3->3(3)
[2020-10-27T23:46:48.445-0800] GC(24) Old regions: 119->126
[2020-10-27T23:46:48.445-0800] GC(24) Archive regions: 2->2
[2020-10-27T23:46:48.445-0800] GC(24) Humongous regions: 86->77
[2020-10-27T23:46:48.445-0800] GC(24) Metaspace: 205K(4864K)->205K(4864K) NonClass: 193K(4352K)->193K(4352K) Class: 12K(512K)->12K(512K)
[2020-10-27T23:46:48.445-0800] GC(24) Pause Young (Prepare Mixed) (G1 Evacuation Pause) 224M->205M(256M) 1.586ms
[2020-10-27T23:46:48.445-0800] GC(24) User=0.01s Sys=0.00s Real=0.00s
[2020-10-27T23:46:48.446-0800] GC(25) Pause Young (Mixed) (G1 Evacuation Pause)
[2020-10-27T23:46:48.446-0800] GC(25) Using 6 workers of 8 for evacuation
[2020-10-27T23:46:48.450-0800] GC(25)   Pre Evacuate Collection Set: 0.0ms
[2020-10-27T23:46:48.451-0800] GC(25)   Merge Heap Roots: 0.0ms
[2020-10-27T23:46:48.451-0800] GC(25)   Evacuate Collection Set: 4.3ms
[2020-10-27T23:46:48.451-0800] GC(25)   Post Evacuate Collection Set: 0.2ms
[2020-10-27T23:46:48.451-0800] GC(25)   Other: 0.1ms
[2020-10-27T23:46:48.451-0800] GC(25) Eden regions: 9->0(12)
[2020-10-27T23:46:48.451-0800] GC(25) Survivor regions: 3->2(2)
[2020-10-27T23:46:48.451-0800] GC(25) Old regions: 126->123
[2020-10-27T23:46:48.451-0800] GC(25) Archive regions: 2->2
[2020-10-27T23:46:48.451-0800] GC(25) Humongous regions: 80->78
[2020-10-27T23:46:48.451-0800] GC(25) Metaspace: 205K(4864K)->205K(4864K) NonClass: 193K(4352K)->193K(4352K) Class: 12K(512K)->12K(512K)
[2020-10-27T23:46:48.451-0800] GC(25) Pause Young (Mixed) (G1 Evacuation Pause) 217M->203M(256M) 4.788ms
[2020-10-27T23:46:48.451-0800] GC(25) User=0.02s Sys=0.00s Real=0.01s
[2020-10-27T23:46:48.451-0800] GC(26) Pause Young (Concurrent Start) (G1 Humongous Allocation)
[2020-10-27T23:46:48.451-0800] GC(26) Using 6 workers of 8 for evacuation
[2020-10-27T23:46:48.452-0800] GC(26)   Pre Evacuate Collection Set: 0.0ms
[2020-10-27T23:46:48.452-0800] GC(26)   Merge Heap Roots: 0.0ms
[2020-10-27T23:46:48.452-0800] GC(26)   Evacuate Collection Set: 0.4ms
[2020-10-27T23:46:48.452-0800] GC(26)   Post Evacuate Collection Set: 0.1ms
[2020-10-27T23:46:48.452-0800] GC(26)   Other: 0.1ms
[2020-10-27T23:46:48.452-0800] GC(26) Eden regions: 2->0(10)
[2020-10-27T23:46:48.452-0800] GC(26) Survivor regions: 2->2(2)
[2020-10-27T23:46:48.452-0800] GC(26) Old regions: 123->124
[2020-10-27T23:46:48.452-0800] GC(26) Archive regions: 2->2
[2020-10-27T23:46:48.452-0800] GC(26) Humongous regions: 78->78
[2020-10-27T23:46:48.452-0800] GC(26) Metaspace: 205K(4864K)->205K(4864K) NonClass: 193K(4352K)->193K(4352K) Class: 12K(512K)->12K(512K)
[2020-10-27T23:46:48.452-0800] GC(26) Pause Young (Concurrent Start) (G1 Humongous Allocation) 204M->203M(256M) 0.677ms
[2020-10-27T23:46:48.452-0800] GC(26) User=0.00s Sys=0.00s Real=0.00s
[2020-10-27T23:46:48.452-0800] GC(27) Concurrent Cycle
[2020-10-27T23:46:48.452-0800] GC(27) Concurrent Clear Claimed Marks
[2020-10-27T23:46:48.452-0800] GC(27) Concurrent Clear Claimed Marks 0.006ms
[2020-10-27T23:46:48.452-0800] GC(27) Concurrent Scan Root Regions
[2020-10-27T23:46:48.452-0800] GC(27) Concurrent Scan Root Regions 0.024ms
[2020-10-27T23:46:48.452-0800] GC(27) Concurrent Mark (0.224s)
[2020-10-27T23:46:48.452-0800] GC(27) Concurrent Mark From Roots
[2020-10-27T23:46:48.452-0800] GC(27) Using 2 workers of 2 for marking
[2020-10-27T23:46:48.453-0800] GC(27) Concurrent Mark From Roots 1.466ms
[2020-10-27T23:46:48.453-0800] GC(27) Concurrent Preclean
[2020-10-27T23:46:48.453-0800] GC(27) Concurrent Preclean 0.018ms
[2020-10-27T23:46:48.453-0800] GC(27) Concurrent Mark (0.224s, 0.226s) 1.531ms
[2020-10-27T23:46:48.453-0800] GC(27) Pause Remark
[2020-10-27T23:46:48.454-0800] GC(27) Pause Remark 212M->212M(256M) 0.215ms
[2020-10-27T23:46:48.454-0800] GC(27) User=0.00s Sys=0.00s Real=0.00s
[2020-10-27T23:46:48.454-0800] GC(27) Concurrent Rebuild Remembered Sets
[2020-10-27T23:46:48.454-0800] GC(28) Pause Young (Normal) (G1 Evacuation Pause)
[2020-10-27T23:46:48.454-0800] GC(28) Using 6 workers of 8 for evacuation
[2020-10-27T23:46:48.455-0800] GC(28)   Pre Evacuate Collection Set: 0.0ms
[2020-10-27T23:46:48.455-0800] GC(28)   Merge Heap Roots: 0.0ms
[2020-10-27T23:46:48.455-0800] GC(28)   Evacuate Collection Set: 0.8ms
[2020-10-27T23:46:48.455-0800] GC(28)   Post Evacuate Collection Set: 0.1ms
[2020-10-27T23:46:48.455-0800] GC(28)   Other: 0.1ms
[2020-10-27T23:46:48.455-0800] GC(28) Eden regions: 10->0(10)
[2020-10-27T23:46:48.455-0800] GC(28) Survivor regions: 2->2(2)
[2020-10-27T23:46:48.455-0800] GC(28) Old regions: 124->128
[2020-10-27T23:46:48.455-0800] GC(28) Archive regions: 2->2
[2020-10-27T23:46:48.455-0800] GC(28) Humongous regions: 81->78
[2020-10-27T23:46:48.455-0800] GC(28) Metaspace: 205K(4864K)->205K(4864K) NonClass: 193K(4352K)->193K(4352K) Class: 12K(512K)->12K(512K)
[2020-10-27T23:46:48.455-0800] GC(28) Pause Young (Normal) (G1 Evacuation Pause) 216M->208M(256M) 1.114ms
[2020-10-27T23:46:48.455-0800] GC(28) User=0.00s Sys=0.00s Real=0.00s
[2020-10-27T23:46:48.456-0800] GC(27) Concurrent Rebuild Remembered Sets 1.986ms
[2020-10-27T23:46:48.456-0800] GC(27) Pause Cleanup
[2020-10-27T23:46:48.456-0800] GC(27) Pause Cleanup 212M->212M(256M) 0.102ms
[2020-10-27T23:46:48.456-0800] GC(27) User=0.00s Sys=0.00s Real=0.00s
[2020-10-27T23:46:48.456-0800] GC(27) Concurrent Cleanup for Next Mark
[2020-10-27T23:46:48.457-0800] GC(27) Concurrent Cleanup for Next Mark 0.887ms
[2020-10-27T23:46:48.457-0800] GC(27) Concurrent Cycle 5.092ms
[2020-10-27T23:46:48.457-0800] GC(29) Pause Young (Concurrent Start) (G1 Humongous Allocation)
[2020-10-27T23:46:48.457-0800] GC(29) Using 6 workers of 8 for evacuation
[2020-10-27T23:46:48.458-0800] GC(29)   Pre Evacuate Collection Set: 0.1ms
[2020-10-27T23:46:48.458-0800] GC(29)   Merge Heap Roots: 0.0ms
[2020-10-27T23:46:48.458-0800] GC(29)   Evacuate Collection Set: 0.7ms
[2020-10-27T23:46:48.458-0800] GC(29)   Post Evacuate Collection Set: 0.1ms
[2020-10-27T23:46:48.458-0800] GC(29)   Other: 0.1ms
[2020-10-27T23:46:48.458-0800] GC(29) Eden regions: 8->0(10)
[2020-10-27T23:46:48.458-0800] GC(29) Survivor regions: 2->2(2)
[2020-10-27T23:46:48.458-0800] GC(29) Old regions: 128->131
[2020-10-27T23:46:48.458-0800] GC(29) Archive regions: 2->2
[2020-10-27T23:46:48.458-0800] GC(29) Humongous regions: 82->77
[2020-10-27T23:46:48.458-0800] GC(29) Metaspace: 205K(4864K)->205K(4864K) NonClass: 193K(4352K)->193K(4352K) Class: 12K(512K)->12K(512K)
[2020-10-27T23:46:48.458-0800] GC(29) Pause Young (Concurrent Start) (G1 Humongous Allocation) 219M->210M(256M) 1.036ms
[2020-10-27T23:46:48.458-0800] GC(29) User=0.00s Sys=0.00s Real=0.00s
[2020-10-27T23:46:48.458-0800] GC(30) Concurrent Cycle
[2020-10-27T23:46:48.458-0800] GC(30) Concurrent Clear Claimed Marks
[2020-10-27T23:46:48.458-0800] GC(30) Concurrent Clear Claimed Marks 0.007ms
[2020-10-27T23:46:48.458-0800] GC(30) Concurrent Scan Root Regions
[2020-10-27T23:46:48.458-0800] GC(30) Concurrent Scan Root Regions 0.034ms
[2020-10-27T23:46:48.458-0800] GC(30) Concurrent Mark (0.231s)
[2020-10-27T23:46:48.458-0800] GC(30) Concurrent Mark From Roots
[2020-10-27T23:46:48.458-0800] GC(30) Using 2 workers of 2 for marking
[2020-10-27T23:46:48.459-0800] GC(30) Concurrent Mark From Roots 1.237ms
[2020-10-27T23:46:48.459-0800] GC(30) Concurrent Preclean
[2020-10-27T23:46:48.459-0800] GC(30) Concurrent Preclean 0.018ms
[2020-10-27T23:46:48.459-0800] GC(30) Concurrent Mark (0.231s, 0.232s) 1.290ms
[2020-10-27T23:46:48.460-0800] GC(30) Pause Remark
[2020-10-27T23:46:48.460-0800] GC(30) Pause Remark 218M->218M(256M) 0.197ms
[2020-10-27T23:46:48.460-0800] GC(30) User=0.00s Sys=0.00s Real=0.00s
[2020-10-27T23:46:48.460-0800] GC(30) Concurrent Rebuild Remembered Sets
[2020-10-27T23:46:48.460-0800] GC(31) Pause Young (Normal) (G1 Evacuation Pause)
[2020-10-27T23:46:48.460-0800] GC(31) Using 6 workers of 8 for evacuation
[2020-10-27T23:46:48.461-0800] GC(31)   Pre Evacuate Collection Set: 0.0ms
[2020-10-27T23:46:48.461-0800] GC(31)   Merge Heap Roots: 0.0ms
[2020-10-27T23:46:48.461-0800] GC(31)   Evacuate Collection Set: 0.7ms
[2020-10-27T23:46:48.461-0800] GC(31)   Post Evacuate Collection Set: 0.1ms
[2020-10-27T23:46:48.461-0800] GC(31)   Other: 0.1ms
[2020-10-27T23:46:48.461-0800] GC(31) Eden regions: 10->0(10)
[2020-10-27T23:46:48.461-0800] GC(31) Survivor regions: 2->2(2)
[2020-10-27T23:46:48.461-0800] GC(31) Old regions: 131->133
[2020-10-27T23:46:48.461-0800] GC(31) Archive regions: 2->2
[2020-10-27T23:46:48.461-0800] GC(31) Humongous regions: 80->79
[2020-10-27T23:46:48.461-0800] GC(31) Metaspace: 205K(4864K)->205K(4864K) NonClass: 193K(4352K)->193K(4352K) Class: 12K(512K)->12K(512K)
[2020-10-27T23:46:48.461-0800] GC(31) Pause Young (Normal) (G1 Evacuation Pause) 223M->214M(256M) 1.040ms
[2020-10-27T23:46:48.461-0800] GC(31) User=0.00s Sys=0.00s Real=0.00s
[2020-10-27T23:46:48.462-0800] GC(30) Concurrent Rebuild Remembered Sets 2.098ms
[2020-10-27T23:46:48.462-0800] GC(30) Pause Cleanup
[2020-10-27T23:46:48.462-0800] GC(30) Pause Cleanup 218M->218M(256M) 0.073ms
[2020-10-27T23:46:48.462-0800] GC(30) User=0.00s Sys=0.00s Real=0.00s
[2020-10-27T23:46:48.462-0800] GC(30) Concurrent Cleanup for Next Mark
[2020-10-27T23:46:48.463-0800] GC(30) Concurrent Cleanup for Next Mark 0.763ms
[2020-10-27T23:46:48.463-0800] GC(30) Concurrent Cycle 4.712ms
[2020-10-27T23:46:48.464-0800] GC(32) Pause Young (Prepare Mixed) (G1 Evacuation Pause)
[2020-10-27T23:46:48.464-0800] GC(32) Using 6 workers of 8 for evacuation
[2020-10-27T23:46:48.465-0800] GC(32)   Pre Evacuate Collection Set: 0.0ms
[2020-10-27T23:46:48.465-0800] GC(32)   Merge Heap Roots: 0.0ms
[2020-10-27T23:46:48.465-0800] GC(32)   Evacuate Collection Set: 0.9ms
[2020-10-27T23:46:48.465-0800] GC(32)   Post Evacuate Collection Set: 0.1ms
[2020-10-27T23:46:48.465-0800] GC(32)   Other: 0.1ms
[2020-10-27T23:46:48.465-0800] GC(32) Eden regions: 10->0(10)
[2020-10-27T23:46:48.465-0800] GC(32) Survivor regions: 2->2(2)
[2020-10-27T23:46:48.465-0800] GC(32) Old regions: 133->137
[2020-10-27T23:46:48.465-0800] GC(32) Archive regions: 2->2
[2020-10-27T23:46:48.465-0800] GC(32) Humongous regions: 85->79
[2020-10-27T23:46:48.465-0800] GC(32) Metaspace: 205K(4864K)->205K(4864K) NonClass: 193K(4352K)->193K(4352K) Class: 12K(512K)->12K(512K)
[2020-10-27T23:46:48.465-0800] GC(32) Pause Young (Prepare Mixed) (G1 Evacuation Pause) 230M->218M(256M) 1.169ms
[2020-10-27T23:46:48.465-0800] GC(32) User=0.00s Sys=0.01s Real=0.00s
[2020-10-27T23:46:48.467-0800] GC(33) Pause Young (Mixed) (G1 Evacuation Pause)
[2020-10-27T23:46:48.467-0800] GC(33) Using 6 workers of 8 for evacuation
[2020-10-27T23:46:48.470-0800] GC(33) To-space exhausted
[2020-10-27T23:46:48.470-0800] GC(33)   Pre Evacuate Collection Set: 0.1ms
[2020-10-27T23:46:48.470-0800] GC(33)   Merge Heap Roots: 0.0ms
[2020-10-27T23:46:48.470-0800] GC(33)   Evacuate Collection Set: 2.4ms
[2020-10-27T23:46:48.470-0800] GC(33)   Post Evacuate Collection Set: 0.3ms
[2020-10-27T23:46:48.470-0800] GC(33)   Other: 0.2ms
[2020-10-27T23:46:48.470-0800] GC(33) Eden regions: 10->0(10)
[2020-10-27T23:46:48.470-0800] GC(33) Survivor regions: 2->2(2)
[2020-10-27T23:46:48.470-0800] GC(33) Old regions: 137->150
[2020-10-27T23:46:48.470-0800] GC(33) Archive regions: 2->2
[2020-10-27T23:46:48.470-0800] GC(33) Humongous regions: 90->82
[2020-10-27T23:46:48.470-0800] GC(33) Metaspace: 205K(4864K)->205K(4864K) NonClass: 193K(4352K)->193K(4352K) Class: 12K(512K)->12K(512K)
[2020-10-27T23:46:48.470-0800] GC(33) Pause Young (Mixed) (G1 Evacuation Pause) 238M->234M(256M) 3.009ms
[2020-10-27T23:46:48.470-0800] GC(33) User=0.02s Sys=0.00s Real=0.01s
[2020-10-27T23:46:48.470-0800] GC(34) Pause Young (Concurrent Start) (G1 Humongous Allocation)
[2020-10-27T23:46:48.470-0800] GC(34) Using 6 workers of 8 for evacuation
[2020-10-27T23:46:48.471-0800] GC(34)   Pre Evacuate Collection Set: 0.0ms
[2020-10-27T23:46:48.471-0800] GC(34)   Merge Heap Roots: 0.0ms
[2020-10-27T23:46:48.471-0800] GC(34)   Evacuate Collection Set: 0.4ms
[2020-10-27T23:46:48.471-0800] GC(34)   Post Evacuate Collection Set: 0.1ms
[2020-10-27T23:46:48.471-0800] GC(34)   Other: 0.1ms
[2020-10-27T23:46:48.471-0800] GC(34) Eden regions: 1->0(12)
[2020-10-27T23:46:48.471-0800] GC(34) Survivor regions: 2->0(2)
[2020-10-27T23:46:48.471-0800] GC(34) Old regions: 150->152
[2020-10-27T23:46:48.471-0800] GC(34) Archive regions: 2->2
[2020-10-27T23:46:48.471-0800] GC(34) Humongous regions: 82->82
[2020-10-27T23:46:48.471-0800] GC(34) Metaspace: 205K(4864K)->205K(4864K) NonClass: 193K(4352K)->193K(4352K) Class: 12K(512K)->12K(512K)
[2020-10-27T23:46:48.471-0800] GC(34) Pause Young (Concurrent Start) (G1 Humongous Allocation) 234M->234M(256M) 0.781ms
[2020-10-27T23:46:48.471-0800] GC(34) User=0.00s Sys=0.00s Real=0.00s
[2020-10-27T23:46:48.471-0800] GC(35) Concurrent Cycle
[2020-10-27T23:46:48.471-0800] GC(35) Concurrent Clear Claimed Marks
[2020-10-27T23:46:48.471-0800] GC(35) Concurrent Clear Claimed Marks 0.030ms
[2020-10-27T23:46:48.471-0800] GC(35) Concurrent Scan Root Regions
[2020-10-27T23:46:48.471-0800] GC(35) Concurrent Scan Root Regions 0.034ms
[2020-10-27T23:46:48.471-0800] GC(35) Concurrent Mark (0.244s)
[2020-10-27T23:46:48.471-0800] GC(35) Concurrent Mark From Roots
[2020-10-27T23:46:48.471-0800] GC(35) Using 2 workers of 2 for marking
[2020-10-27T23:46:48.473-0800] GC(35) Concurrent Mark From Roots 1.894ms
[2020-10-27T23:46:48.473-0800] GC(35) Concurrent Preclean
[2020-10-27T23:46:48.473-0800] GC(35) Concurrent Preclean 0.020ms
[2020-10-27T23:46:48.473-0800] GC(35) Concurrent Mark (0.244s, 0.246s) 1.978ms
[2020-10-27T23:46:48.473-0800] GC(35) Pause Remark
[2020-10-27T23:46:48.473-0800] GC(35) Pause Remark 249M->249M(256M) 0.216ms
[2020-10-27T23:46:48.473-0800] GC(35) User=0.00s Sys=0.00s Real=0.00s
[2020-10-27T23:46:48.473-0800] GC(35) Concurrent Rebuild Remembered Sets
[2020-10-27T23:46:48.474-0800] GC(36) Pause Young (Normal) (G1 Evacuation Pause)
[2020-10-27T23:46:48.474-0800] GC(36) Using 6 workers of 8 for evacuation
[2020-10-27T23:46:48.475-0800] GC(36) To-space exhausted
[2020-10-27T23:46:48.475-0800] GC(36)   Pre Evacuate Collection Set: 0.0ms
[2020-10-27T23:46:48.475-0800] GC(36)   Merge Heap Roots: 0.0ms
[2020-10-27T23:46:48.475-0800] GC(36)   Evacuate Collection Set: 0.2ms
[2020-10-27T23:46:48.475-0800] GC(36)   Post Evacuate Collection Set: 0.1ms
[2020-10-27T23:46:48.475-0800] GC(36)   Other: 0.1ms
[2020-10-27T23:46:48.475-0800] GC(36) Eden regions: 12->0(11)
[2020-10-27T23:46:48.475-0800] GC(36) Survivor regions: 0->1(1)
[2020-10-27T23:46:48.475-0800] GC(36) Old regions: 152->164
[2020-10-27T23:46:48.475-0800] GC(36) Archive regions: 2->2
[2020-10-27T23:46:48.475-0800] GC(36) Humongous regions: 89->86
[2020-10-27T23:46:48.475-0800] GC(36) Metaspace: 205K(4864K)->205K(4864K) NonClass: 193K(4352K)->193K(4352K) Class: 12K(512K)->12K(512K)
[2020-10-27T23:46:48.475-0800] GC(36) Pause Young (Normal) (G1 Evacuation Pause) 253M->251M(256M) 0.459ms
[2020-10-27T23:46:48.475-0800] GC(36) User=0.00s Sys=0.00s Real=0.00s
[2020-10-27T23:46:48.475-0800] GC(35) Concurrent Rebuild Remembered Sets 1.330ms
[2020-10-27T23:46:48.475-0800] GC(35) Pause Cleanup
[2020-10-27T23:46:48.475-0800] GC(35) Pause Cleanup 252M->252M(256M) 0.051ms
[2020-10-27T23:46:48.475-0800] GC(35) User=0.00s Sys=0.00s Real=0.00s
[2020-10-27T23:46:48.475-0800] GC(35) Concurrent Cleanup for Next Mark
[2020-10-27T23:46:48.475-0800] GC(37) Pause Young (Prepare Mixed) (G1 Humongous Allocation)
[2020-10-27T23:46:48.475-0800] GC(37) Using 6 workers of 8 for evacuation
[2020-10-27T23:46:48.476-0800] GC(37) To-space exhausted
[2020-10-27T23:46:48.476-0800] GC(37)   Pre Evacuate Collection Set: 0.0ms
[2020-10-27T23:46:48.476-0800] GC(37)   Merge Heap Roots: 0.0ms
[2020-10-27T23:46:48.476-0800] GC(37)   Evacuate Collection Set: 0.0ms
[2020-10-27T23:46:48.476-0800] GC(37)   Post Evacuate Collection Set: 0.1ms
[2020-10-27T23:46:48.476-0800] GC(37)   Other: 0.1ms
[2020-10-27T23:46:48.476-0800] GC(37) Eden regions: 3->0(12)
[2020-10-27T23:46:48.476-0800] GC(37) Survivor regions: 1->0(0)
[2020-10-27T23:46:48.476-0800] GC(37) Old regions: 164->167
[2020-10-27T23:46:48.476-0800] GC(37) Archive regions: 2->2
[2020-10-27T23:46:48.476-0800] GC(37) Humongous regions: 86->85
[2020-10-27T23:46:48.476-0800] GC(37) Metaspace: 205K(4864K)->205K(4864K) NonClass: 193K(4352K)->193K(4352K) Class: 12K(512K)->12K(512K)
[2020-10-27T23:46:48.476-0800] GC(37) Pause Young (Prepare Mixed) (G1 Humongous Allocation) 253M->252M(256M) 0.296ms
[2020-10-27T23:46:48.476-0800] GC(37) User=0.00s Sys=0.00s Real=0.00s
[2020-10-27T23:46:48.476-0800] GC(38) Pause Young (Mixed) (G1 Evacuation Pause)
[2020-10-27T23:46:48.476-0800] GC(38) Using 6 workers of 8 for evacuation
[2020-10-27T23:46:48.476-0800] GC(38) To-space exhausted
[2020-10-27T23:46:48.476-0800] GC(38)   Pre Evacuate Collection Set: 0.0ms
[2020-10-27T23:46:48.476-0800] GC(38)   Merge Heap Roots: 0.0ms
[2020-10-27T23:46:48.476-0800] GC(38)   Evacuate Collection Set: 0.1ms
[2020-10-27T23:46:48.476-0800] GC(38)   Post Evacuate Collection Set: 0.2ms
[2020-10-27T23:46:48.476-0800] GC(38)   Other: 0.1ms
[2020-10-27T23:46:48.476-0800] GC(38) Eden regions: 0->0(12)
[2020-10-27T23:46:48.476-0800] GC(38) Survivor regions: 0->0(0)
[2020-10-27T23:46:48.476-0800] GC(38) Old regions: 167->167
[2020-10-27T23:46:48.476-0800] GC(38) Archive regions: 2->2
[2020-10-27T23:46:48.476-0800] GC(38) Humongous regions: 87->87
[2020-10-27T23:46:48.476-0800] GC(38) Metaspace: 205K(4864K)->205K(4864K) NonClass: 193K(4352K)->193K(4352K) Class: 12K(512K)->12K(512K)
[2020-10-27T23:46:48.476-0800] GC(38) Pause Young (Mixed) (G1 Evacuation Pause) 254M->254M(256M) 0.455ms
[2020-10-27T23:46:48.476-0800] GC(38) User=0.00s Sys=0.00s Real=0.00s
[2020-10-27T23:46:48.476-0800] Attempting maximally compacting collection
[2020-10-27T23:46:48.476-0800] GC(39) Using 6 workers of 8 for full compaction
[2020-10-27T23:46:48.476-0800] GC(39) Pause Full (G1 Evacuation Pause)
[2020-10-27T23:46:48.477-0800] GC(39) Phase 1: Mark live objects
[2020-10-27T23:46:48.478-0800] GC(39) Phase 1: Mark live objects 0.558ms
[2020-10-27T23:46:48.478-0800] GC(39) Phase 2: Prepare for compaction
[2020-10-27T23:46:48.478-0800] GC(39) Phase 2: Prepare for compaction 0.350ms
[2020-10-27T23:46:48.478-0800] GC(39) Phase 3: Adjust pointers
[2020-10-27T23:46:48.478-0800] GC(39) Phase 3: Adjust pointers 0.242ms
[2020-10-27T23:46:48.478-0800] GC(39) Phase 4: Compact heap
[2020-10-27T23:46:48.499-0800] GC(39) Phase 4: Compact heap 20.980ms
[2020-10-27T23:46:48.500-0800] GC(39) Eden regions: 0->0(12)
[2020-10-27T23:46:48.500-0800] GC(39) Survivor regions: 0->0(0)
[2020-10-27T23:46:48.500-0800] GC(39) Old regions: 167->135
[2020-10-27T23:46:48.500-0800] GC(39) Archive regions: 2->2
[2020-10-27T23:46:48.500-0800] GC(39) Humongous regions: 87->87
[2020-10-27T23:46:48.500-0800] GC(39) Metaspace: 205K(4864K)->205K(4864K) NonClass: 193K(4352K)->193K(4352K) Class: 12K(512K)->12K(512K)
[2020-10-27T23:46:48.500-0800] GC(39) Pause Full (G1 Evacuation Pause) 254M->204M(256M) 23.110ms
[2020-10-27T23:46:48.500-0800] GC(39) User=0.11s Sys=0.00s Real=0.03s
[2020-10-27T23:46:48.500-0800] GC(35) Concurrent Cleanup for Next Mark 25.025ms
[2020-10-27T23:46:48.500-0800] GC(35) Concurrent Mark Abort
[2020-10-27T23:46:48.500-0800] GC(35) Concurrent Cycle 28.949ms
[2020-10-27T23:46:48.500-0800] GC(40) Pause Young (Concurrent Start) (G1 Humongous Allocation)
[2020-10-27T23:46:48.500-0800] GC(40) Using 6 workers of 8 for evacuation
[2020-10-27T23:46:48.500-0800] GC(40)   Pre Evacuate Collection Set: 0.0ms
[2020-10-27T23:46:48.500-0800] GC(40)   Merge Heap Roots: 0.0ms
[2020-10-27T23:46:48.500-0800] GC(40)   Evacuate Collection Set: 0.1ms
[2020-10-27T23:46:48.500-0800] GC(40)   Post Evacuate Collection Set: 0.1ms
[2020-10-27T23:46:48.500-0800] GC(40)   Other: 0.1ms
[2020-10-27T23:46:48.500-0800] GC(40) Eden regions: 1->0(11)
[2020-10-27T23:46:48.500-0800] GC(40) Survivor regions: 0->1(2)
[2020-10-27T23:46:48.500-0800] GC(40) Old regions: 135->135
[2020-10-27T23:46:48.500-0800] GC(40) Archive regions: 2->2
[2020-10-27T23:46:48.500-0800] GC(40) Humongous regions: 87->87
[2020-10-27T23:46:48.500-0800] GC(40) Metaspace: 205K(4864K)->205K(4864K) NonClass: 193K(4352K)->193K(4352K) Class: 12K(512K)->12K(512K)
[2020-10-27T23:46:48.501-0800] GC(40) Pause Young (Concurrent Start) (G1 Humongous Allocation) 205M->204M(256M) 0.425ms
[2020-10-27T23:46:48.501-0800] GC(40) User=0.00s Sys=0.00s Real=0.00s
[2020-10-27T23:46:48.501-0800] GC(41) Concurrent Cycle
[2020-10-27T23:46:48.501-0800] GC(41) Concurrent Clear Claimed Marks
[2020-10-27T23:46:48.501-0800] GC(41) Concurrent Clear Claimed Marks 0.007ms
[2020-10-27T23:46:48.501-0800] GC(41) Concurrent Scan Root Regions
[2020-10-27T23:46:48.501-0800] GC(41) Concurrent Scan Root Regions 0.013ms
[2020-10-27T23:46:48.501-0800] GC(41) Concurrent Mark (0.273s)
[2020-10-27T23:46:48.501-0800] GC(41) Concurrent Mark From Roots
[2020-10-27T23:46:48.501-0800] GC(41) Using 2 workers of 2 for marking
[2020-10-27T23:46:48.502-0800] GC(41) Concurrent Mark From Roots 1.070ms
[2020-10-27T23:46:48.502-0800] GC(41) Concurrent Preclean
[2020-10-27T23:46:48.502-0800] GC(41) Concurrent Preclean 0.019ms
[2020-10-27T23:46:48.502-0800] GC(41) Concurrent Mark (0.273s, 0.274s) 1.146ms
[2020-10-27T23:46:48.502-0800] GC(41) Pause Remark
[2020-10-27T23:46:48.502-0800] GC(41) Pause Remark 216M->216M(256M) 0.284ms
[2020-10-27T23:46:48.502-0800] GC(41) User=0.01s Sys=0.00s Real=0.00s
[2020-10-27T23:46:48.502-0800] GC(41) Concurrent Rebuild Remembered Sets
[2020-10-27T23:46:48.503-0800] GC(41) Concurrent Rebuild Remembered Sets 0.653ms
[2020-10-27T23:46:48.503-0800] GC(41) Pause Cleanup
[2020-10-27T23:46:48.503-0800] GC(41) Pause Cleanup 224M->224M(256M) 0.058ms
[2020-10-27T23:46:48.503-0800] GC(41) User=0.00s Sys=0.00s Real=0.00s
[2020-10-27T23:46:48.503-0800] GC(41) Concurrent Cleanup for Next Mark
[2020-10-27T23:46:48.503-0800] GC(42) Pause Young (Prepare Mixed) (G1 Evacuation Pause)
[2020-10-27T23:46:48.503-0800] GC(42) Using 6 workers of 8 for evacuation
[2020-10-27T23:46:48.505-0800] GC(42)   Pre Evacuate Collection Set: 0.0ms
[2020-10-27T23:46:48.505-0800] GC(42)   Merge Heap Roots: 0.0ms
[2020-10-27T23:46:48.505-0800] GC(42)   Evacuate Collection Set: 0.9ms
[2020-10-27T23:46:48.505-0800] GC(42)   Post Evacuate Collection Set: 0.1ms
[2020-10-27T23:46:48.505-0800] GC(42)   Other: 0.1ms
[2020-10-27T23:46:48.505-0800] GC(42) Eden regions: 11->0(10)
[2020-10-27T23:46:48.505-0800] GC(42) Survivor regions: 1->2(2)
[2020-10-27T23:46:48.505-0800] GC(42) Old regions: 135->138
[2020-10-27T23:46:48.505-0800] GC(42) Archive regions: 2->2
[2020-10-27T23:46:48.505-0800] GC(42) Humongous regions: 98->91
[2020-10-27T23:46:48.505-0800] GC(42) Metaspace: 205K(4864K)->205K(4864K) NonClass: 193K(4352K)->193K(4352K) Class: 12K(512K)->12K(512K)
[2020-10-27T23:46:48.505-0800] GC(42) Pause Young (Prepare Mixed) (G1 Evacuation Pause) 226M->213M(256M) 1.220ms
[2020-10-27T23:46:48.505-0800] GC(42) User=0.00s Sys=0.00s Real=0.00s
[2020-10-27T23:46:48.505-0800] GC(41) Concurrent Cleanup for Next Mark 2.164ms
[2020-10-27T23:46:48.505-0800] GC(41) Concurrent Cycle 4.641ms
[2020-10-27T23:46:48.508-0800] GC(43) Pause Young (Mixed) (G1 Evacuation Pause)
[2020-10-27T23:46:48.508-0800] GC(43) Using 6 workers of 8 for evacuation
[2020-10-27T23:46:48.509-0800] GC(43) To-space exhausted
[2020-10-27T23:46:48.509-0800] GC(43)   Pre Evacuate Collection Set: 0.0ms
[2020-10-27T23:46:48.509-0800] GC(43)   Merge Heap Roots: 0.0ms
[2020-10-27T23:46:48.509-0800] GC(43)   Evacuate Collection Set: 0.3ms
[2020-10-27T23:46:48.509-0800] GC(43)   Post Evacuate Collection Set: 0.2ms
[2020-10-27T23:46:48.509-0800] GC(43)   Other: 0.1ms
[2020-10-27T23:46:48.509-0800] GC(43) Eden regions: 10->0(12)
[2020-10-27T23:46:48.509-0800] GC(43) Survivor regions: 2->0(0)
[2020-10-27T23:46:48.509-0800] GC(43) Old regions: 138->150
[2020-10-27T23:46:48.509-0800] GC(43) Archive regions: 2->2
[2020-10-27T23:46:48.509-0800] GC(43) Humongous regions: 104->97
[2020-10-27T23:46:48.509-0800] GC(43) Metaspace: 205K(4864K)->205K(4864K) NonClass: 193K(4352K)->193K(4352K) Class: 12K(512K)->12K(512K)
[2020-10-27T23:46:48.509-0800] GC(43) Pause Young (Mixed) (G1 Evacuation Pause) 235M->229M(256M) 0.692ms
[2020-10-27T23:46:48.509-0800] GC(43) User=0.00s Sys=0.00s Real=0.00s
[2020-10-27T23:46:48.509-0800] GC(44) Pause Young (Concurrent Start) (G1 Humongous Allocation)
[2020-10-27T23:46:48.509-0800] GC(44) Using 6 workers of 8 for evacuation
[2020-10-27T23:46:48.509-0800] GC(44)   Pre Evacuate Collection Set: 0.0ms
[2020-10-27T23:46:48.509-0800] GC(44)   Merge Heap Roots: 0.0ms
[2020-10-27T23:46:48.509-0800] GC(44)   Evacuate Collection Set: 0.2ms
[2020-10-27T23:46:48.509-0800] GC(44)   Post Evacuate Collection Set: 0.1ms
[2020-10-27T23:46:48.509-0800] GC(44)   Other: 0.1ms
[2020-10-27T23:46:48.509-0800] GC(44) Eden regions: 1->0(11)
[2020-10-27T23:46:48.509-0800] GC(44) Survivor regions: 0->1(2)
[2020-10-27T23:46:48.509-0800] GC(44) Old regions: 150->150
[2020-10-27T23:46:48.509-0800] GC(44) Archive regions: 2->2
[2020-10-27T23:46:48.509-0800] GC(44) Humongous regions: 97->97
[2020-10-27T23:46:48.509-0800] GC(44) Metaspace: 205K(4864K)->205K(4864K) NonClass: 193K(4352K)->193K(4352K) Class: 12K(512K)->12K(512K)
[2020-10-27T23:46:48.509-0800] GC(44) Pause Young (Concurrent Start) (G1 Humongous Allocation) 229M->229M(256M) 0.418ms
[2020-10-27T23:46:48.509-0800] GC(44) User=0.00s Sys=0.00s Real=0.00s
[2020-10-27T23:46:48.509-0800] GC(45) Concurrent Cycle
[2020-10-27T23:46:48.509-0800] GC(45) Concurrent Clear Claimed Marks
[2020-10-27T23:46:48.509-0800] GC(45) Concurrent Clear Claimed Marks 0.006ms
[2020-10-27T23:46:48.509-0800] GC(45) Concurrent Scan Root Regions
[2020-10-27T23:46:48.509-0800] GC(45) Concurrent Scan Root Regions 0.011ms
[2020-10-27T23:46:48.509-0800] GC(45) Concurrent Mark (0.282s)
[2020-10-27T23:46:48.509-0800] GC(45) Concurrent Mark From Roots
[2020-10-27T23:46:48.509-0800] GC(45) Using 2 workers of 2 for marking
[2020-10-27T23:46:48.510-0800] GC(46) Pause Young (Normal) (G1 Humongous Allocation)
[2020-10-27T23:46:48.510-0800] GC(46) Using 6 workers of 8 for evacuation
[2020-10-27T23:46:48.510-0800] GC(46) To-space exhausted
[2020-10-27T23:46:48.510-0800] GC(46)   Pre Evacuate Collection Set: 0.0ms
[2020-10-27T23:46:48.510-0800] GC(46)   Merge Heap Roots: 0.0ms
[2020-10-27T23:46:48.510-0800] GC(46)   Evacuate Collection Set: 0.0ms
[2020-10-27T23:46:48.510-0800] GC(46)   Post Evacuate Collection Set: 0.1ms
[2020-10-27T23:46:48.510-0800] GC(46)   Other: 0.0ms
[2020-10-27T23:46:48.510-0800] GC(46) Eden regions: 4->0(12)
[2020-10-27T23:46:48.510-0800] GC(46) Survivor regions: 1->0(0)
[2020-10-27T23:46:48.510-0800] GC(46) Old regions: 150->155
[2020-10-27T23:46:48.510-0800] GC(46) Archive regions: 2->2
[2020-10-27T23:46:48.510-0800] GC(46) Humongous regions: 99->99
[2020-10-27T23:46:48.510-0800] GC(46) Metaspace: 205K(4864K)->205K(4864K) NonClass: 193K(4352K)->193K(4352K) Class: 12K(512K)->12K(512K)
[2020-10-27T23:46:48.510-0800] GC(46) Pause Young (Normal) (G1 Humongous Allocation) 235M->235M(256M) 0.251ms
[2020-10-27T23:46:48.510-0800] GC(46) User=0.00s Sys=0.00s Real=0.00s
[2020-10-27T23:46:48.510-0800] GC(47) Using 6 workers of 8 for full compaction
[2020-10-27T23:46:48.510-0800] GC(47) Pause Full (G1 Humongous Allocation)
[2020-10-27T23:46:48.510-0800] GC(47) Phase 1: Mark live objects
[2020-10-27T23:46:48.511-0800] GC(47) Phase 1: Mark live objects 0.328ms
[2020-10-27T23:46:48.511-0800] GC(47) Phase 2: Prepare for compaction
[2020-10-27T23:46:48.511-0800] GC(47) Phase 2: Prepare for compaction 0.228ms
[2020-10-27T23:46:48.511-0800] GC(47) Phase 3: Adjust pointers
[2020-10-27T23:46:48.511-0800] GC(47) Phase 3: Adjust pointers 0.125ms
[2020-10-27T23:46:48.511-0800] GC(47) Phase 4: Compact heap
[2020-10-27T23:46:48.530-0800] GC(47) Phase 4: Compact heap 18.972ms
[2020-10-27T23:46:48.530-0800] GC(47) Eden regions: 0->0(12)
[2020-10-27T23:46:48.530-0800] GC(47) Survivor regions: 0->0(0)
[2020-10-27T23:46:48.530-0800] GC(47) Old regions: 155->139
[2020-10-27T23:46:48.530-0800] GC(47) Archive regions: 2->2
[2020-10-27T23:46:48.530-0800] GC(47) Humongous regions: 99->99
[2020-10-27T23:46:48.530-0800] GC(47) Metaspace: 205K(4864K)->205K(4864K) NonClass: 193K(4352K)->193K(4352K) Class: 12K(512K)->12K(512K)
[2020-10-27T23:46:48.530-0800] GC(47) Pause Full (G1 Humongous Allocation) 235M->220M(256M) 20.440ms
[2020-10-27T23:46:48.530-0800] GC(47) User=0.08s Sys=0.01s Real=0.02s
[2020-10-27T23:46:48.531-0800] GC(45) Concurrent Mark From Roots 21.319ms
[2020-10-27T23:46:48.531-0800] GC(45) Concurrent Mark Abort
[2020-10-27T23:46:48.531-0800] GC(45) Concurrent Cycle 21.442ms
[2020-10-27T23:46:48.531-0800] GC(48) Pause Young (Concurrent Start) (G1 Humongous Allocation)
[2020-10-27T23:46:48.531-0800] GC(48) Using 6 workers of 8 for evacuation
[2020-10-27T23:46:48.531-0800] GC(48)   Pre Evacuate Collection Set: 0.1ms
[2020-10-27T23:46:48.531-0800] GC(48)   Merge Heap Roots: 0.0ms
[2020-10-27T23:46:48.531-0800] GC(48)   Evacuate Collection Set: 0.1ms
[2020-10-27T23:46:48.531-0800] GC(48)   Post Evacuate Collection Set: 0.1ms
[2020-10-27T23:46:48.531-0800] GC(48)   Other: 0.1ms
[2020-10-27T23:46:48.531-0800] GC(48) Eden regions: 1->0(12)
[2020-10-27T23:46:48.531-0800] GC(48) Survivor regions: 0->0(2)
[2020-10-27T23:46:48.531-0800] GC(48) Old regions: 139->139
[2020-10-27T23:46:48.531-0800] GC(48) Archive regions: 2->2
[2020-10-27T23:46:48.531-0800] GC(48) Humongous regions: 100->100
[2020-10-27T23:46:48.531-0800] GC(48) Metaspace: 205K(4864K)->205K(4864K) NonClass: 193K(4352K)->193K(4352K) Class: 12K(512K)->12K(512K)
[2020-10-27T23:46:48.531-0800] GC(48) Pause Young (Concurrent Start) (G1 Humongous Allocation) 222M->221M(256M) 0.459ms
[2020-10-27T23:46:48.531-0800] GC(48) User=0.00s Sys=0.00s Real=0.00s
[2020-10-27T23:46:48.531-0800] GC(49) Concurrent Cycle
[2020-10-27T23:46:48.531-0800] GC(49) Concurrent Clear Claimed Marks
[2020-10-27T23:46:48.531-0800] GC(49) Concurrent Clear Claimed Marks 0.006ms
[2020-10-27T23:46:48.531-0800] GC(49) Concurrent Scan Root Regions
[2020-10-27T23:46:48.531-0800] GC(49) Concurrent Scan Root Regions 0.004ms
[2020-10-27T23:46:48.531-0800] GC(49) Concurrent Mark (0.304s)
[2020-10-27T23:46:48.531-0800] GC(49) Concurrent Mark From Roots
[2020-10-27T23:46:48.531-0800] GC(49) Using 2 workers of 2 for marking
[2020-10-27T23:46:48.533-0800] GC(49) Concurrent Mark From Roots 1.431ms
[2020-10-27T23:46:48.533-0800] GC(49) Concurrent Preclean
[2020-10-27T23:46:48.533-0800] GC(49) Concurrent Preclean 0.022ms
[2020-10-27T23:46:48.533-0800] GC(49) Concurrent Mark (0.304s, 0.305s) 1.534ms
[2020-10-27T23:46:48.533-0800] GC(49) Pause Remark
[2020-10-27T23:46:48.533-0800] GC(49) Pause Remark 235M->235M(256M) 0.340ms
[2020-10-27T23:46:48.533-0800] GC(49) User=0.00s Sys=0.00s Real=0.00s
[2020-10-27T23:46:48.533-0800] GC(49) Concurrent Rebuild Remembered Sets
[2020-10-27T23:46:48.533-0800] GC(50) Pause Young (Normal) (G1 Evacuation Pause)
[2020-10-27T23:46:48.533-0800] GC(50) Using 6 workers of 8 for evacuation
[2020-10-27T23:46:48.534-0800] GC(50) To-space exhausted
[2020-10-27T23:46:48.534-0800] GC(50)   Pre Evacuate Collection Set: 0.0ms
[2020-10-27T23:46:48.534-0800] GC(50)   Merge Heap Roots: 0.0ms
[2020-10-27T23:46:48.534-0800] GC(50)   Evacuate Collection Set: 0.1ms
[2020-10-27T23:46:48.534-0800] GC(50)   Post Evacuate Collection Set: 0.1ms
[2020-10-27T23:46:48.534-0800] GC(50)   Other: 0.1ms
[2020-10-27T23:46:48.534-0800] GC(50) Eden regions: 10->0(12)
[2020-10-27T23:46:48.534-0800] GC(50) Survivor regions: 0->0(0)
[2020-10-27T23:46:48.534-0800] GC(50) Old regions: 139->149
[2020-10-27T23:46:48.534-0800] GC(50) Archive regions: 2->2
[2020-10-27T23:46:48.534-0800] GC(50) Humongous regions: 105->104
[2020-10-27T23:46:48.534-0800] GC(50) Metaspace: 205K(4864K)->205K(4864K) NonClass: 193K(4352K)->193K(4352K) Class: 12K(512K)->12K(512K)
[2020-10-27T23:46:48.534-0800] GC(50) Pause Young (Normal) (G1 Evacuation Pause) 236M->235M(256M) 0.397ms
[2020-10-27T23:46:48.534-0800] GC(50) User=0.00s Sys=0.00s Real=0.00s
[2020-10-27T23:46:48.534-0800] GC(51) Pause Young (Normal) (G1 Evacuation Pause)
[2020-10-27T23:46:48.534-0800] GC(51) Using 6 workers of 8 for evacuation
[2020-10-27T23:46:48.534-0800] GC(51) To-space exhausted
[2020-10-27T23:46:48.534-0800] GC(51)   Pre Evacuate Collection Set: 0.0ms
[2020-10-27T23:46:48.534-0800] GC(51)   Merge Heap Roots: 0.0ms
[2020-10-27T23:46:48.534-0800] GC(51)   Evacuate Collection Set: 0.1ms
[2020-10-27T23:46:48.534-0800] GC(51)   Post Evacuate Collection Set: 0.1ms
[2020-10-27T23:46:48.534-0800] GC(51)   Other: 0.1ms
[2020-10-27T23:46:48.534-0800] GC(51) Eden regions: 1->0(12)
[2020-10-27T23:46:48.534-0800] GC(51) Survivor regions: 0->0(0)
[2020-10-27T23:46:48.534-0800] GC(51) Old regions: 149->150
[2020-10-27T23:46:48.534-0800] GC(51) Archive regions: 2->2
[2020-10-27T23:46:48.534-0800] GC(51) Humongous regions: 104->104
[2020-10-27T23:46:48.534-0800] GC(51) Metaspace: 205K(4864K)->205K(4864K) NonClass: 193K(4352K)->193K(4352K) Class: 12K(512K)->12K(512K)
[2020-10-27T23:46:48.534-0800] GC(51) Pause Young (Normal) (G1 Evacuation Pause) 236M->236M(256M) 0.285ms
[2020-10-27T23:46:48.534-0800] GC(51) User=0.00s Sys=0.00s Real=0.00s
[2020-10-27T23:46:48.534-0800] Attempting maximally compacting collection
[2020-10-27T23:46:48.534-0800] GC(52) Using 6 workers of 8 for full compaction
[2020-10-27T23:46:48.534-0800] GC(52) Pause Full (G1 Evacuation Pause)
[2020-10-27T23:46:48.535-0800] GC(52) Phase 1: Mark live objects
[2020-10-27T23:46:48.536-0800] GC(52) Phase 1: Mark live objects 0.728ms
[2020-10-27T23:46:48.536-0800] GC(52) Phase 2: Prepare for compaction
[2020-10-27T23:46:48.536-0800] GC(52) Phase 2: Prepare for compaction 0.327ms
[2020-10-27T23:46:48.536-0800] GC(52) Phase 3: Adjust pointers
[2020-10-27T23:46:48.536-0800] GC(52) Phase 3: Adjust pointers 0.198ms
[2020-10-27T23:46:48.536-0800] GC(52) Phase 4: Compact heap
[2020-10-27T23:46:48.553-0800] GC(52) Phase 4: Compact heap 17.040ms
[2020-10-27T23:46:48.554-0800] GC(52) Eden regions: 0->0(12)
[2020-10-27T23:46:48.554-0800] GC(52) Survivor regions: 0->0(0)
[2020-10-27T23:46:48.554-0800] GC(52) Old regions: 150->139
[2020-10-27T23:46:48.554-0800] GC(52) Archive regions: 2->2
[2020-10-27T23:46:48.554-0800] GC(52) Humongous regions: 104->104
[2020-10-27T23:46:48.554-0800] GC(52) Metaspace: 205K(4864K)->205K(4864K) NonClass: 193K(4352K)->193K(4352K) Class: 12K(512K)->12K(512K)
[2020-10-27T23:46:48.554-0800] GC(52) Pause Full (G1 Evacuation Pause) 236M->227M(256M) 19.260ms
[2020-10-27T23:46:48.554-0800] GC(52) User=0.05s Sys=0.00s Real=0.02s
[2020-10-27T23:46:48.554-0800] GC(49) Concurrent Rebuild Remembered Sets 20.608ms
[2020-10-27T23:46:48.554-0800] GC(49) Concurrent Mark Abort
[2020-10-27T23:46:48.554-0800] GC(49) Concurrent Cycle 22.722ms
[2020-10-27T23:46:48.554-0800] GC(53) Pause Young (Concurrent Start) (G1 Humongous Allocation)
[2020-10-27T23:46:48.554-0800] GC(53) Using 6 workers of 8 for evacuation
[2020-10-27T23:46:48.555-0800] GC(53)   Pre Evacuate Collection Set: 0.1ms
[2020-10-27T23:46:48.555-0800] GC(53)   Merge Heap Roots: 0.0ms
[2020-10-27T23:46:48.555-0800] GC(53)   Evacuate Collection Set: 0.3ms
[2020-10-27T23:46:48.555-0800] GC(53)   Post Evacuate Collection Set: 0.1ms
[2020-10-27T23:46:48.555-0800] GC(53)   Other: 0.1ms
[2020-10-27T23:46:48.555-0800] GC(53) Eden regions: 3->0(11)
[2020-10-27T23:46:48.555-0800] GC(53) Survivor regions: 0->1(2)
[2020-10-27T23:46:48.555-0800] GC(53) Old regions: 139->139
[2020-10-27T23:46:48.555-0800] GC(53) Archive regions: 2->2
[2020-10-27T23:46:48.555-0800] GC(53) Humongous regions: 104->104
[2020-10-27T23:46:48.555-0800] GC(53) Metaspace: 205K(4864K)->205K(4864K) NonClass: 193K(4352K)->193K(4352K) Class: 12K(512K)->12K(512K)
[2020-10-27T23:46:48.555-0800] GC(53) Pause Young (Concurrent Start) (G1 Humongous Allocation) 230M->228M(256M) 0.679ms
[2020-10-27T23:46:48.555-0800] GC(53) User=0.01s Sys=0.00s Real=0.00s
[2020-10-27T23:46:48.555-0800] GC(54) Concurrent Cycle
[2020-10-27T23:46:48.555-0800] GC(54) Concurrent Clear Claimed Marks
[2020-10-27T23:46:48.555-0800] GC(54) Concurrent Clear Claimed Marks 0.007ms
[2020-10-27T23:46:48.555-0800] GC(54) Concurrent Scan Root Regions
[2020-10-27T23:46:48.555-0800] GC(54) Concurrent Scan Root Regions 0.032ms
[2020-10-27T23:46:48.555-0800] GC(54) Concurrent Mark (0.328s)
[2020-10-27T23:46:48.555-0800] GC(54) Concurrent Mark From Roots
[2020-10-27T23:46:48.555-0800] GC(54) Using 2 workers of 2 for marking
[2020-10-27T23:46:48.557-0800] GC(55) Pause Young (Normal) (G1 Humongous Allocation)
[2020-10-27T23:46:48.557-0800] GC(55) Using 6 workers of 8 for evacuation
[2020-10-27T23:46:48.557-0800] GC(55) To-space exhausted
[2020-10-27T23:46:48.558-0800] GC(55)   Pre Evacuate Collection Set: 0.1ms
[2020-10-27T23:46:48.558-0800] GC(55)   Merge Heap Roots: 0.0ms
[2020-10-27T23:46:48.558-0800] GC(55)   Evacuate Collection Set: 0.1ms
[2020-10-27T23:46:48.558-0800] GC(55)   Post Evacuate Collection Set: 0.2ms
[2020-10-27T23:46:48.558-0800] GC(55)   Other: 0.2ms
[2020-10-27T23:46:48.558-0800] GC(55) Eden regions: 7->0(12)
[2020-10-27T23:46:48.558-0800] GC(55) Survivor regions: 1->0(0)
[2020-10-27T23:46:48.558-0800] GC(55) Old regions: 139->147
[2020-10-27T23:46:48.558-0800] GC(55) Archive regions: 2->2
[2020-10-27T23:46:48.558-0800] GC(55) Humongous regions: 107->104
[2020-10-27T23:46:48.558-0800] GC(55) Metaspace: 205K(4864K)->205K(4864K) NonClass: 193K(4352K)->193K(4352K) Class: 12K(512K)->12K(512K)
[2020-10-27T23:46:48.558-0800] GC(55) Pause Young (Normal) (G1 Humongous Allocation) 237M->234M(256M) 0.704ms
[2020-10-27T23:46:48.558-0800] GC(55) User=0.00s Sys=0.00s Real=0.00s
[2020-10-27T23:46:48.558-0800] GC(56) Pause Young (Normal) (G1 Evacuation Pause)
[2020-10-27T23:46:48.558-0800] GC(56) Using 6 workers of 8 for evacuation
[2020-10-27T23:46:48.558-0800] GC(56) To-space exhausted
[2020-10-27T23:46:48.558-0800] GC(56)   Pre Evacuate Collection Set: 0.0ms
[2020-10-27T23:46:48.559-0800] GC(56)   Merge Heap Roots: 0.0ms
[2020-10-27T23:46:48.559-0800] GC(56)   Evacuate Collection Set: 0.1ms
[2020-10-27T23:46:48.559-0800] GC(56)   Post Evacuate Collection Set: 0.1ms
[2020-10-27T23:46:48.559-0800] GC(56)   Other: 0.1ms
[2020-10-27T23:46:48.559-0800] GC(56) Eden regions: 1->0(12)
[2020-10-27T23:46:48.559-0800] GC(56) Survivor regions: 0->0(0)
[2020-10-27T23:46:48.559-0800] GC(56) Old regions: 147->148
[2020-10-27T23:46:48.559-0800] GC(56) Archive regions: 2->2
[2020-10-27T23:46:48.559-0800] GC(56) Humongous regions: 106->105
[2020-10-27T23:46:48.559-0800] GC(56) Metaspace: 205K(4864K)->205K(4864K) NonClass: 193K(4352K)->193K(4352K) Class: 12K(512K)->12K(512K)
[2020-10-27T23:46:48.559-0800] GC(56) Pause Young (Normal) (G1 Evacuation Pause) 237M->236M(256M) 0.448ms
[2020-10-27T23:46:48.559-0800] GC(56) User=0.00s Sys=0.00s Real=0.00s
[2020-10-27T23:46:48.559-0800] GC(54) Concurrent Mark From Roots 3.523ms
[2020-10-27T23:46:48.559-0800] GC(54) Concurrent Preclean
[2020-10-27T23:46:48.559-0800] GC(54) Concurrent Preclean 0.020ms
[2020-10-27T23:46:48.559-0800] GC(54) Concurrent Mark (0.328s, 0.331s) 3.572ms
[2020-10-27T23:46:48.559-0800] GC(54) Pause Remark
[2020-10-27T23:46:48.559-0800] GC(54) Pause Remark 237M->236M(256M) 0.428ms
[2020-10-27T23:46:48.559-0800] GC(54) User=0.00s Sys=0.00s Real=0.00s
[2020-10-27T23:46:48.559-0800] GC(54) Concurrent Rebuild Remembered Sets
[2020-10-27T23:46:48.560-0800] GC(57) Pause Young (Normal) (G1 Evacuation Pause)
[2020-10-27T23:46:48.560-0800] GC(57) Using 6 workers of 8 for evacuation
[2020-10-27T23:46:48.560-0800] GC(57) To-space exhausted
[2020-10-27T23:46:48.560-0800] GC(57)   Pre Evacuate Collection Set: 0.0ms
[2020-10-27T23:46:48.560-0800] GC(57)   Merge Heap Roots: 0.0ms
[2020-10-27T23:46:48.560-0800] GC(57)   Evacuate Collection Set: 0.1ms
[2020-10-27T23:46:48.560-0800] GC(57)   Post Evacuate Collection Set: 0.1ms
[2020-10-27T23:46:48.560-0800] GC(57)   Other: 0.1ms
[2020-10-27T23:46:48.560-0800] GC(57) Eden regions: 2->0(12)
[2020-10-27T23:46:48.560-0800] GC(57) Survivor regions: 0->0(0)
[2020-10-27T23:46:48.560-0800] GC(57) Old regions: 148->150
[2020-10-27T23:46:48.560-0800] GC(57) Archive regions: 2->2
[2020-10-27T23:46:48.560-0800] GC(57) Humongous regions: 104->104
[2020-10-27T23:46:48.560-0800] GC(57) Metaspace: 205K(4864K)->205K(4864K) NonClass: 193K(4352K)->193K(4352K) Class: 12K(512K)->12K(512K)
[2020-10-27T23:46:48.560-0800] GC(57) Pause Young (Normal) (G1 Evacuation Pause) 237M->237M(256M) 0.416ms
[2020-10-27T23:46:48.560-0800] GC(57) User=0.00s Sys=0.00s Real=0.00s
[2020-10-27T23:46:48.560-0800] Attempting maximally compacting collection
[2020-10-27T23:46:48.560-0800] GC(58) Using 6 workers of 8 for full compaction
[2020-10-27T23:46:48.560-0800] GC(58) Pause Full (G1 Evacuation Pause)
[2020-10-27T23:46:48.561-0800] GC(58) Phase 1: Mark live objects
[2020-10-27T23:46:48.562-0800] GC(58) Phase 1: Mark live objects 0.753ms
[2020-10-27T23:46:48.562-0800] GC(58) Phase 2: Prepare for compaction
[2020-10-27T23:46:48.562-0800] GC(58) Phase 2: Prepare for compaction 0.273ms
[2020-10-27T23:46:48.562-0800] GC(58) Phase 3: Adjust pointers
[2020-10-27T23:46:48.562-0800] GC(58) Phase 3: Adjust pointers 0.227ms
[2020-10-27T23:46:48.562-0800] GC(58) Phase 4: Compact heap
[2020-10-27T23:46:48.581-0800] GC(58) Phase 4: Compact heap 18.837ms
[2020-10-27T23:46:48.581-0800] GC(58) Eden regions: 0->0(12)
[2020-10-27T23:46:48.581-0800] GC(58) Survivor regions: 0->0(0)
[2020-10-27T23:46:48.581-0800] GC(58) Old regions: 150->139
[2020-10-27T23:46:48.581-0800] GC(58) Archive regions: 2->2
[2020-10-27T23:46:48.581-0800] GC(58) Humongous regions: 104->102
[2020-10-27T23:46:48.581-0800] GC(58) Metaspace: 205K(4864K)->205K(4864K) NonClass: 193K(4352K)->193K(4352K) Class: 12K(512K)->12K(512K)
[2020-10-27T23:46:48.581-0800] GC(58) Pause Full (G1 Evacuation Pause) 237M->226M(256M) 21.065ms
[2020-10-27T23:46:48.581-0800] GC(58) User=0.07s Sys=0.00s Real=0.02s
[2020-10-27T23:46:48.581-0800] GC(54) Concurrent Rebuild Remembered Sets 22.162ms
[2020-10-27T23:46:48.581-0800] GC(54) Concurrent Mark Abort
[2020-10-27T23:46:48.581-0800] GC(54) Concurrent Cycle 26.434ms
[2020-10-27T23:46:48.582-0800] GC(59) Pause Young (Concurrent Start) (G1 Humongous Allocation)
[2020-10-27T23:46:48.582-0800] GC(59) Using 6 workers of 8 for evacuation
[2020-10-27T23:46:48.583-0800] GC(59)   Pre Evacuate Collection Set: 0.1ms
[2020-10-27T23:46:48.583-0800] GC(59)   Merge Heap Roots: 0.1ms
[2020-10-27T23:46:48.583-0800] GC(59)   Evacuate Collection Set: 0.4ms
[2020-10-27T23:46:48.583-0800] GC(59)   Post Evacuate Collection Set: 0.1ms
[2020-10-27T23:46:48.583-0800] GC(59)   Other: 0.1ms
[2020-10-27T23:46:48.583-0800] GC(59) Eden regions: 5->0(10)
[2020-10-27T23:46:48.583-0800] GC(59) Survivor regions: 0->2(2)
[2020-10-27T23:46:48.583-0800] GC(59) Old regions: 139->140
[2020-10-27T23:46:48.583-0800] GC(59) Archive regions: 2->2
[2020-10-27T23:46:48.583-0800] GC(59) Humongous regions: 102->102
[2020-10-27T23:46:48.583-0800] GC(59) Metaspace: 205K(4864K)->205K(4864K) NonClass: 193K(4352K)->193K(4352K) Class: 12K(512K)->12K(512K)
[2020-10-27T23:46:48.583-0800] GC(59) Pause Young (Concurrent Start) (G1 Humongous Allocation) 231M->228M(256M) 0.833ms
[2020-10-27T23:46:48.583-0800] GC(59) User=0.00s Sys=0.00s Real=0.00s
[2020-10-27T23:46:48.583-0800] GC(60) Concurrent Cycle
[2020-10-27T23:46:48.583-0800] GC(60) Concurrent Clear Claimed Marks
[2020-10-27T23:46:48.583-0800] GC(60) Concurrent Clear Claimed Marks 0.006ms
[2020-10-27T23:46:48.583-0800] GC(60) Concurrent Scan Root Regions
[2020-10-27T23:46:48.583-0800] GC(60) Concurrent Scan Root Regions 0.029ms
[2020-10-27T23:46:48.583-0800] GC(60) Concurrent Mark (0.356s)
[2020-10-27T23:46:48.583-0800] GC(60) Concurrent Mark From Roots
[2020-10-27T23:46:48.583-0800] GC(60) Using 2 workers of 2 for marking
[2020-10-27T23:46:48.585-0800] GC(60) Concurrent Mark From Roots 1.374ms
[2020-10-27T23:46:48.585-0800] GC(60) Concurrent Preclean
[2020-10-27T23:46:48.585-0800] GC(60) Concurrent Preclean 0.021ms
[2020-10-27T23:46:48.585-0800] GC(60) Concurrent Mark (0.356s, 0.357s) 1.481ms
[2020-10-27T23:46:48.585-0800] GC(60) Pause Remark
[2020-10-27T23:46:48.585-0800] GC(60) Pause Remark 238M->238M(256M) 0.330ms
[2020-10-27T23:46:48.585-0800] GC(60) User=0.00s Sys=0.00s Real=0.00s
[2020-10-27T23:46:48.585-0800] GC(60) Concurrent Rebuild Remembered Sets
[2020-10-27T23:46:48.585-0800] GC(61) Pause Young (Normal) (G1 Humongous Allocation)
[2020-10-27T23:46:48.585-0800] GC(61) Using 6 workers of 8 for evacuation
[2020-10-27T23:46:48.586-0800] GC(61) To-space exhausted
[2020-10-27T23:46:48.586-0800] GC(61)   Pre Evacuate Collection Set: 0.0ms
[2020-10-27T23:46:48.586-0800] GC(61)   Merge Heap Roots: 0.0ms
[2020-10-27T23:46:48.586-0800] GC(61)   Evacuate Collection Set: 0.2ms
[2020-10-27T23:46:48.586-0800] GC(61)   Post Evacuate Collection Set: 0.1ms
[2020-10-27T23:46:48.586-0800] GC(61)   Other: 0.1ms
[2020-10-27T23:46:48.586-0800] GC(61) Eden regions: 6->0(12)
[2020-10-27T23:46:48.586-0800] GC(61) Survivor regions: 2->0(0)
[2020-10-27T23:46:48.586-0800] GC(61) Old regions: 140->148
[2020-10-27T23:46:48.586-0800] GC(61) Archive regions: 2->2
[2020-10-27T23:46:48.586-0800] GC(61) Humongous regions: 106->104
[2020-10-27T23:46:48.586-0800] GC(61) Metaspace: 205K(4864K)->205K(4864K) NonClass: 193K(4352K)->193K(4352K) Class: 12K(512K)->12K(512K)
[2020-10-27T23:46:48.586-0800] GC(61) Pause Young (Normal) (G1 Humongous Allocation) 238M->237M(256M) 0.541ms
[2020-10-27T23:46:48.586-0800] GC(61) User=0.01s Sys=0.00s Real=0.00s
[2020-10-27T23:46:48.586-0800] GC(62) Pause Young (Normal) (G1 Evacuation Pause)
[2020-10-27T23:46:48.586-0800] GC(62) Using 6 workers of 8 for evacuation
[2020-10-27T23:46:48.586-0800] GC(62)   Pre Evacuate Collection Set: 0.0ms
[2020-10-27T23:46:48.586-0800] GC(62)   Merge Heap Roots: 0.1ms
[2020-10-27T23:46:48.586-0800] GC(62)   Evacuate Collection Set: 0.1ms
[2020-10-27T23:46:48.586-0800] GC(62)   Post Evacuate Collection Set: 0.1ms
[2020-10-27T23:46:48.586-0800] GC(62)   Other: 0.1ms
[2020-10-27T23:46:48.586-0800] GC(62) Eden regions: 0->0(12)
[2020-10-27T23:46:48.586-0800] GC(62) Survivor regions: 0->0(0)
[2020-10-27T23:46:48.586-0800] GC(62) Old regions: 148->148
[2020-10-27T23:46:48.586-0800] GC(62) Archive regions: 2->2
[2020-10-27T23:46:48.586-0800] GC(62) Humongous regions: 106->106
[2020-10-27T23:46:48.586-0800] GC(62) Metaspace: 205K(4864K)->205K(4864K) NonClass: 193K(4352K)->193K(4352K) Class: 12K(512K)->12K(512K)
[2020-10-27T23:46:48.586-0800] GC(62) Pause Young (Normal) (G1 Evacuation Pause) 239M->239M(256M) 0.328ms
[2020-10-27T23:46:48.586-0800] GC(62) User=0.00s Sys=0.00s Real=0.00s
[2020-10-27T23:46:48.586-0800] Attempting maximally compacting collection
[2020-10-27T23:46:48.586-0800] GC(63) Using 6 workers of 8 for full compaction
[2020-10-27T23:46:48.586-0800] GC(63) Pause Full (G1 Evacuation Pause)
[2020-10-27T23:46:48.587-0800] GC(63) Phase 1: Mark live objects
[2020-10-27T23:46:48.588-0800] GC(63) Phase 1: Mark live objects 0.643ms
[2020-10-27T23:46:48.588-0800] GC(63) Phase 2: Prepare for compaction
[2020-10-27T23:46:48.588-0800] GC(63) Phase 2: Prepare for compaction 0.371ms
[2020-10-27T23:46:48.588-0800] GC(63) Phase 3: Adjust pointers
[2020-10-27T23:46:48.588-0800] GC(63) Phase 3: Adjust pointers 0.234ms
[2020-10-27T23:46:48.588-0800] GC(63) Phase 4: Compact heap
[2020-10-27T23:46:48.604-0800] GC(63) Phase 4: Compact heap 15.818ms
[2020-10-27T23:46:48.604-0800] GC(63) Eden regions: 0->0(12)
[2020-10-27T23:46:48.604-0800] GC(63) Survivor regions: 0->0(0)
[2020-10-27T23:46:48.604-0800] GC(63) Old regions: 148->140
[2020-10-27T23:46:48.604-0800] GC(63) Archive regions: 2->2
[2020-10-27T23:46:48.604-0800] GC(63) Humongous regions: 106->106
[2020-10-27T23:46:48.604-0800] GC(63) Metaspace: 205K(4864K)->205K(4864K) NonClass: 193K(4352K)->193K(4352K) Class: 12K(512K)->12K(512K)
[2020-10-27T23:46:48.604-0800] GC(63) Pause Full (G1 Evacuation Pause) 239M->230M(256M) 17.937ms
[2020-10-27T23:46:48.604-0800] GC(63) User=0.05s Sys=0.00s Real=0.02s
[2020-10-27T23:46:48.605-0800] GC(60) Concurrent Rebuild Remembered Sets 19.289ms
[2020-10-27T23:46:48.605-0800] GC(60) Concurrent Mark Abort
[2020-10-27T23:46:48.605-0800] GC(60) Concurrent Cycle 21.366ms
[2020-10-27T23:46:48.605-0800] GC(64) Pause Young (Concurrent Start) (G1 Humongous Allocation)
[2020-10-27T23:46:48.605-0800] GC(64) Using 6 workers of 8 for evacuation
[2020-10-27T23:46:48.605-0800] GC(64)   Pre Evacuate Collection Set: 0.0ms
[2020-10-27T23:46:48.605-0800] GC(64)   Merge Heap Roots: 0.0ms
[2020-10-27T23:46:48.605-0800] GC(64)   Evacuate Collection Set: 0.1ms
[2020-10-27T23:46:48.605-0800] GC(64)   Post Evacuate Collection Set: 0.1ms
[2020-10-27T23:46:48.605-0800] GC(64)   Other: 0.1ms
[2020-10-27T23:46:48.605-0800] GC(64) Eden regions: 1->0(12)
[2020-10-27T23:46:48.605-0800] GC(64) Survivor regions: 0->0(2)
[2020-10-27T23:46:48.605-0800] GC(64) Old regions: 140->140
[2020-10-27T23:46:48.605-0800] GC(64) Archive regions: 2->2
[2020-10-27T23:46:48.605-0800] GC(64) Humongous regions: 106->106
[2020-10-27T23:46:48.605-0800] GC(64) Metaspace: 205K(4864K)->205K(4864K) NonClass: 193K(4352K)->193K(4352K) Class: 12K(512K)->12K(512K)
[2020-10-27T23:46:48.605-0800] GC(64) Pause Young (Concurrent Start) (G1 Humongous Allocation) 231M->230M(256M) 0.390ms
[2020-10-27T23:46:48.605-0800] GC(64) User=0.00s Sys=0.00s Real=0.00s
[2020-10-27T23:46:48.605-0800] GC(65) Concurrent Cycle
[2020-10-27T23:46:48.605-0800] GC(65) Concurrent Clear Claimed Marks
[2020-10-27T23:46:48.605-0800] GC(65) Concurrent Clear Claimed Marks 0.007ms
[2020-10-27T23:46:48.605-0800] GC(65) Concurrent Scan Root Regions
[2020-10-27T23:46:48.605-0800] GC(65) Concurrent Scan Root Regions 0.006ms
[2020-10-27T23:46:48.605-0800] GC(65) Concurrent Mark (0.378s)
[2020-10-27T23:46:48.605-0800] GC(65) Concurrent Mark From Roots
[2020-10-27T23:46:48.605-0800] GC(65) Using 2 workers of 2 for marking
[2020-10-27T23:46:48.606-0800] GC(66) Pause Young (Normal) (G1 Evacuation Pause)
[2020-10-27T23:46:48.606-0800] GC(66) Using 6 workers of 8 for evacuation
[2020-10-27T23:46:48.607-0800] GC(66) To-space exhausted
[2020-10-27T23:46:48.607-0800] GC(66)   Pre Evacuate Collection Set: 0.0ms
[2020-10-27T23:46:48.607-0800] GC(66)   Merge Heap Roots: 0.0ms
[2020-10-27T23:46:48.607-0800] GC(66)   Evacuate Collection Set: 0.1ms
[2020-10-27T23:46:48.607-0800] GC(66)   Post Evacuate Collection Set: 0.1ms
[2020-10-27T23:46:48.607-0800] GC(66)   Other: 0.1ms
[2020-10-27T23:46:48.607-0800] GC(66) Eden regions: 3->0(12)
[2020-10-27T23:46:48.607-0800] GC(66) Survivor regions: 0->0(0)
[2020-10-27T23:46:48.607-0800] GC(66) Old regions: 140->143
[2020-10-27T23:46:48.607-0800] GC(66) Archive regions: 2->2
[2020-10-27T23:46:48.607-0800] GC(66) Humongous regions: 111->110
[2020-10-27T23:46:48.607-0800] GC(66) Metaspace: 205K(4864K)->205K(4864K) NonClass: 193K(4352K)->193K(4352K) Class: 12K(512K)->12K(512K)
[2020-10-27T23:46:48.607-0800] GC(66) Pause Young (Normal) (G1 Evacuation Pause) 238M->237M(256M) 0.415ms
[2020-10-27T23:46:48.607-0800] GC(66) User=0.00s Sys=0.00s Real=0.00s
[2020-10-27T23:46:48.607-0800] GC(67) Pause Young (Normal) (G1 Evacuation Pause)
[2020-10-27T23:46:48.607-0800] GC(67) Using 6 workers of 8 for evacuation
[2020-10-27T23:46:48.607-0800] GC(67) To-space exhausted
[2020-10-27T23:46:48.607-0800] GC(67)   Pre Evacuate Collection Set: 0.0ms
[2020-10-27T23:46:48.607-0800] GC(67)   Merge Heap Roots: 0.0ms
[2020-10-27T23:46:48.607-0800] GC(67)   Evacuate Collection Set: 0.1ms
[2020-10-27T23:46:48.607-0800] GC(67)   Post Evacuate Collection Set: 0.1ms
[2020-10-27T23:46:48.607-0800] GC(67)   Other: 0.1ms
[2020-10-27T23:46:48.607-0800] GC(67) Eden regions: 1->0(12)
[2020-10-27T23:46:48.607-0800] GC(67) Survivor regions: 0->0(0)
[2020-10-27T23:46:48.607-0800] GC(67) Old regions: 143->144
[2020-10-27T23:46:48.607-0800] GC(67) Archive regions: 2->2
[2020-10-27T23:46:48.607-0800] GC(67) Humongous regions: 110->110
[2020-10-27T23:46:48.607-0800] GC(67) Metaspace: 205K(4864K)->205K(4864K) NonClass: 193K(4352K)->193K(4352K) Class: 12K(512K)->12K(512K)
[2020-10-27T23:46:48.607-0800] GC(67) Pause Young (Normal) (G1 Evacuation Pause) 238M->238M(256M) 0.343ms
[2020-10-27T23:46:48.607-0800] GC(67) User=0.00s Sys=0.00s Real=0.00s
[2020-10-27T23:46:48.607-0800] Attempting maximally compacting collection
[2020-10-27T23:46:48.607-0800] GC(68) Using 6 workers of 8 for full compaction
[2020-10-27T23:46:48.607-0800] GC(68) Pause Full (G1 Evacuation Pause)
[2020-10-27T23:46:48.608-0800] GC(68) Phase 1: Mark live objects
[2020-10-27T23:46:48.609-0800] GC(68) Phase 1: Mark live objects 0.780ms
[2020-10-27T23:46:48.609-0800] GC(68) Phase 2: Prepare for compaction
[2020-10-27T23:46:48.609-0800] GC(68) Phase 2: Prepare for compaction 0.289ms
[2020-10-27T23:46:48.609-0800] GC(68) Phase 3: Adjust pointers
[2020-10-27T23:46:48.609-0800] GC(68) Phase 3: Adjust pointers 0.362ms
[2020-10-27T23:46:48.609-0800] GC(68) Phase 4: Compact heap
[2020-10-27T23:46:48.619-0800] GC(68) Phase 4: Compact heap 9.889ms
[2020-10-27T23:46:48.620-0800] GC(68) Eden regions: 0->0(12)
[2020-10-27T23:46:48.620-0800] GC(68) Survivor regions: 0->0(0)
[2020-10-27T23:46:48.620-0800] GC(68) Old regions: 144->142
[2020-10-27T23:46:48.620-0800] GC(68) Archive regions: 2->2
[2020-10-27T23:46:48.620-0800] GC(68) Humongous regions: 110->110
[2020-10-27T23:46:48.620-0800] GC(68) Metaspace: 205K(4864K)->205K(4864K) NonClass: 193K(4352K)->193K(4352K) Class: 12K(512K)->12K(512K)
[2020-10-27T23:46:48.620-0800] GC(68) Pause Full (G1 Evacuation Pause) 238M->235M(256M) 12.169ms
[2020-10-27T23:46:48.620-0800] GC(68) User=0.04s Sys=0.00s Real=0.02s
[2020-10-27T23:46:48.620-0800] GC(65) Concurrent Mark From Roots 14.569ms
[2020-10-27T23:46:48.620-0800] GC(65) Concurrent Mark Abort
[2020-10-27T23:46:48.620-0800] GC(65) Concurrent Cycle 14.653ms
[2020-10-27T23:46:48.620-0800] GC(69) Pause Young (Concurrent Start) (G1 Humongous Allocation)
[2020-10-27T23:46:48.620-0800] GC(69) Using 6 workers of 8 for evacuation
[2020-10-27T23:46:48.620-0800] GC(69) To-space exhausted
[2020-10-27T23:46:48.620-0800] GC(69)   Pre Evacuate Collection Set: 0.0ms
[2020-10-27T23:46:48.620-0800] GC(69)   Merge Heap Roots: 0.0ms
[2020-10-27T23:46:48.620-0800] GC(69)   Evacuate Collection Set: 0.1ms
[2020-10-27T23:46:48.620-0800] GC(69)   Post Evacuate Collection Set: 0.1ms
[2020-10-27T23:46:48.620-0800] GC(69)   Other: 0.1ms
[2020-10-27T23:46:48.620-0800] GC(69) Eden regions: 2->0(12)
[2020-10-27T23:46:48.620-0800] GC(69) Survivor regions: 0->0(0)
[2020-10-27T23:46:48.620-0800] GC(69) Old regions: 142->144
[2020-10-27T23:46:48.620-0800] GC(69) Archive regions: 2->2
[2020-10-27T23:46:48.620-0800] GC(69) Humongous regions: 110->110
[2020-10-27T23:46:48.620-0800] GC(69) Metaspace: 205K(4864K)->205K(4864K) NonClass: 193K(4352K)->193K(4352K) Class: 12K(512K)->12K(512K)
[2020-10-27T23:46:48.620-0800] GC(69) Pause Young (Concurrent Start) (G1 Humongous Allocation) 236M->236M(256M) 0.465ms
[2020-10-27T23:46:48.620-0800] GC(69) User=0.00s Sys=0.00s Real=0.00s
[2020-10-27T23:46:48.621-0800] GC(70) Concurrent Cycle
[2020-10-27T23:46:48.621-0800] GC(70) Concurrent Clear Claimed Marks
[2020-10-27T23:46:48.621-0800] GC(70) Concurrent Clear Claimed Marks 0.006ms
[2020-10-27T23:46:48.621-0800] GC(70) Concurrent Scan Root Regions
[2020-10-27T23:46:48.621-0800] GC(70) Concurrent Scan Root Regions 0.005ms
[2020-10-27T23:46:48.621-0800] GC(70) Concurrent Mark (0.393s)
[2020-10-27T23:46:48.621-0800] GC(70) Concurrent Mark From Roots
[2020-10-27T23:46:48.621-0800] GC(70) Using 2 workers of 2 for marking
[2020-10-27T23:46:48.621-0800] GC(71) Pause Young (Normal) (G1 Humongous Allocation)
[2020-10-27T23:46:48.621-0800] GC(71) Using 6 workers of 8 for evacuation
[2020-10-27T23:46:48.621-0800] GC(71)   Pre Evacuate Collection Set: 0.0ms
[2020-10-27T23:46:48.621-0800] GC(71)   Merge Heap Roots: 0.0ms
[2020-10-27T23:46:48.621-0800] GC(71)   Evacuate Collection Set: 0.1ms
[2020-10-27T23:46:48.621-0800] GC(71)   Post Evacuate Collection Set: 0.1ms
[2020-10-27T23:46:48.621-0800] GC(71)   Other: 0.0ms
[2020-10-27T23:46:48.621-0800] GC(71) Eden regions: 0->0(12)
[2020-10-27T23:46:48.621-0800] GC(71) Survivor regions: 0->0(0)
[2020-10-27T23:46:48.621-0800] GC(71) Old regions: 144->144
[2020-10-27T23:46:48.621-0800] GC(71) Archive regions: 2->2
[2020-10-27T23:46:48.621-0800] GC(71) Humongous regions: 110->110
[2020-10-27T23:46:48.621-0800] GC(71) Metaspace: 205K(4864K)->205K(4864K) NonClass: 193K(4352K)->193K(4352K) Class: 12K(512K)->12K(512K)
[2020-10-27T23:46:48.621-0800] GC(71) Pause Young (Normal) (G1 Humongous Allocation) 236M->236M(256M) 0.263ms
[2020-10-27T23:46:48.621-0800] GC(71) User=0.00s Sys=0.00s Real=0.00s
[2020-10-27T23:46:48.621-0800] GC(72) Using 6 workers of 8 for full compaction
[2020-10-27T23:46:48.621-0800] GC(72) Pause Full (G1 Humongous Allocation)
[2020-10-27T23:46:48.621-0800] GC(72) Phase 1: Mark live objects
[2020-10-27T23:46:48.622-0800] GC(72) Phase 1: Mark live objects 0.749ms
[2020-10-27T23:46:48.622-0800] GC(72) Phase 2: Prepare for compaction
[2020-10-27T23:46:48.622-0800] GC(72) Phase 2: Prepare for compaction 0.305ms
[2020-10-27T23:46:48.622-0800] GC(72) Phase 3: Adjust pointers
[2020-10-27T23:46:48.623-0800] GC(72) Phase 3: Adjust pointers 0.213ms
[2020-10-27T23:46:48.623-0800] GC(72) Phase 4: Compact heap
[2020-10-27T23:46:48.633-0800] GC(72) Phase 4: Compact heap 10.011ms
[2020-10-27T23:46:48.633-0800] GC(72) Eden regions: 0->0(12)
[2020-10-27T23:46:48.633-0800] GC(72) Survivor regions: 0->0(0)
[2020-10-27T23:46:48.633-0800] GC(72) Old regions: 144->139
[2020-10-27T23:46:48.633-0800] GC(72) Archive regions: 2->2
[2020-10-27T23:46:48.633-0800] GC(72) Humongous regions: 110->110
[2020-10-27T23:46:48.633-0800] GC(72) Metaspace: 205K(4864K)->205K(4864K) NonClass: 193K(4352K)->193K(4352K) Class: 12K(512K)->12K(512K)
[2020-10-27T23:46:48.633-0800] GC(72) Pause Full (G1 Humongous Allocation) 236M->234M(256M) 12.067ms
[2020-10-27T23:46:48.633-0800] GC(72) User=0.03s Sys=0.00s Real=0.01s
[2020-10-27T23:46:48.633-0800] GC(70) Concurrent Mark From Roots 12.482ms
[2020-10-27T23:46:48.633-0800] GC(70) Concurrent Mark Abort
[2020-10-27T23:46:48.633-0800] GC(70) Concurrent Cycle 12.539ms
[2020-10-27T23:46:48.633-0800] GC(73) Pause Young (Concurrent Start) (G1 Humongous Allocation)
[2020-10-27T23:46:48.633-0800] GC(73) Using 6 workers of 8 for evacuation
[2020-10-27T23:46:48.634-0800] GC(73)   Pre Evacuate Collection Set: 0.0ms
[2020-10-27T23:46:48.634-0800] GC(73)   Merge Heap Roots: 0.0ms
[2020-10-27T23:46:48.634-0800] GC(73)   Evacuate Collection Set: 0.1ms
[2020-10-27T23:46:48.634-0800] GC(73)   Post Evacuate Collection Set: 0.1ms
[2020-10-27T23:46:48.634-0800] GC(73)   Other: 0.1ms
[2020-10-27T23:46:48.634-0800] GC(73) Eden regions: 1->0(12)
[2020-10-27T23:46:48.634-0800] GC(73) Survivor regions: 0->0(2)
[2020-10-27T23:46:48.634-0800] GC(73) Old regions: 139->139
[2020-10-27T23:46:48.634-0800] GC(73) Archive regions: 2->2
[2020-10-27T23:46:48.634-0800] GC(73) Humongous regions: 111->111
[2020-10-27T23:46:48.634-0800] GC(73) Metaspace: 205K(4864K)->205K(4864K) NonClass: 193K(4352K)->193K(4352K) Class: 12K(512K)->12K(512K)
[2020-10-27T23:46:48.634-0800] GC(73) Pause Young (Concurrent Start) (G1 Humongous Allocation) 236M->235M(256M) 0.396ms
[2020-10-27T23:46:48.634-0800] GC(73) User=0.00s Sys=0.00s Real=0.00s
[2020-10-27T23:46:48.634-0800] GC(74) Concurrent Cycle
[2020-10-27T23:46:48.634-0800] GC(74) Concurrent Clear Claimed Marks
[2020-10-27T23:46:48.634-0800] GC(74) Concurrent Clear Claimed Marks 0.005ms
[2020-10-27T23:46:48.634-0800] GC(74) Concurrent Scan Root Regions
[2020-10-27T23:46:48.634-0800] GC(74) Concurrent Scan Root Regions 0.004ms
[2020-10-27T23:46:48.634-0800] GC(74) Concurrent Mark (0.406s)
[2020-10-27T23:46:48.634-0800] GC(74) Concurrent Mark From Roots
[2020-10-27T23:46:48.634-0800] GC(74) Using 2 workers of 2 for marking
[2020-10-27T23:46:48.634-0800] GC(75) Pause Young (Normal) (G1 Humongous Allocation)
[2020-10-27T23:46:48.634-0800] GC(75) Using 6 workers of 8 for evacuation
[2020-10-27T23:46:48.634-0800] GC(75) To-space exhausted
[2020-10-27T23:46:48.634-0800] GC(75)   Pre Evacuate Collection Set: 0.0ms
[2020-10-27T23:46:48.634-0800] GC(75)   Merge Heap Roots: 0.0ms
[2020-10-27T23:46:48.634-0800] GC(75)   Evacuate Collection Set: 0.0ms
[2020-10-27T23:46:48.634-0800] GC(75)   Post Evacuate Collection Set: 0.1ms
[2020-10-27T23:46:48.634-0800] GC(75)   Other: 0.1ms
[2020-10-27T23:46:48.634-0800] GC(75) Eden regions: 2->0(12)
[2020-10-27T23:46:48.634-0800] GC(75) Survivor regions: 0->0(0)
[2020-10-27T23:46:48.634-0800] GC(75) Old regions: 139->141
[2020-10-27T23:46:48.634-0800] GC(75) Archive regions: 2->2
[2020-10-27T23:46:48.634-0800] GC(75) Humongous regions: 113->112
[2020-10-27T23:46:48.634-0800] GC(75) Metaspace: 205K(4864K)->205K(4864K) NonClass: 193K(4352K)->193K(4352K) Class: 12K(512K)->12K(512K)
[2020-10-27T23:46:48.634-0800] GC(75) Pause Young (Normal) (G1 Humongous Allocation) 239M->238M(256M) 0.289ms
[2020-10-27T23:46:48.634-0800] GC(75) User=0.00s Sys=0.00s Real=0.00s
[2020-10-27T23:46:48.634-0800] GC(76) Pause Young (Normal) (G1 Evacuation Pause)
[2020-10-27T23:46:48.635-0800] GC(76) Using 6 workers of 8 for evacuation
[2020-10-27T23:46:48.635-0800] GC(76)   Pre Evacuate Collection Set: 0.0ms
[2020-10-27T23:46:48.635-0800] GC(76)   Merge Heap Roots: 0.0ms
[2020-10-27T23:46:48.635-0800] GC(76)   Evacuate Collection Set: 0.0ms
[2020-10-27T23:46:48.635-0800] GC(76)   Post Evacuate Collection Set: 0.0ms
[2020-10-27T23:46:48.635-0800] GC(76)   Other: 0.0ms
[2020-10-27T23:46:48.635-0800] GC(76) Eden regions: 0->0(12)
[2020-10-27T23:46:48.635-0800] GC(76) Survivor regions: 0->0(0)
[2020-10-27T23:46:48.635-0800] GC(76) Old regions: 141->141
[2020-10-27T23:46:48.635-0800] GC(76) Archive regions: 2->2
[2020-10-27T23:46:48.635-0800] GC(76) Humongous regions: 113->113
[2020-10-27T23:46:48.635-0800] GC(76) Metaspace: 205K(4864K)->205K(4864K) NonClass: 193K(4352K)->193K(4352K) Class: 12K(512K)->12K(512K)
[2020-10-27T23:46:48.635-0800] GC(76) Pause Young (Normal) (G1 Evacuation Pause) 239M->239M(256M) 0.253ms
[2020-10-27T23:46:48.635-0800] GC(76) User=0.00s Sys=0.00s Real=0.00s
[2020-10-27T23:46:48.635-0800] Attempting maximally compacting collection
[2020-10-27T23:46:48.635-0800] GC(77) Using 6 workers of 8 for full compaction
[2020-10-27T23:46:48.635-0800] GC(77) Pause Full (G1 Evacuation Pause)
[2020-10-27T23:46:48.635-0800] GC(77) Phase 1: Mark live objects
[2020-10-27T23:46:48.636-0800] GC(77) Phase 1: Mark live objects 0.495ms
[2020-10-27T23:46:48.636-0800] GC(77) Phase 2: Prepare for compaction
[2020-10-27T23:46:48.636-0800] GC(77) Phase 2: Prepare for compaction 0.246ms
[2020-10-27T23:46:48.636-0800] GC(77) Phase 3: Adjust pointers
[2020-10-27T23:46:48.636-0800] GC(77) Phase 3: Adjust pointers 0.144ms
[2020-10-27T23:46:48.636-0800] GC(77) Phase 4: Compact heap
[2020-10-27T23:46:48.643-0800] GC(77) Phase 4: Compact heap 6.673ms
[2020-10-27T23:46:48.643-0800] GC(77) Eden regions: 0->0(12)
[2020-10-27T23:46:48.643-0800] GC(77) Survivor regions: 0->0(0)
[2020-10-27T23:46:48.643-0800] GC(77) Old regions: 141->138
[2020-10-27T23:46:48.643-0800] GC(77) Archive regions: 2->2
[2020-10-27T23:46:48.643-0800] GC(77) Humongous regions: 113->112
[2020-10-27T23:46:48.643-0800] GC(77) Metaspace: 205K(4864K)->205K(4864K) NonClass: 193K(4352K)->193K(4352K) Class: 12K(512K)->12K(512K)
[2020-10-27T23:46:48.643-0800] GC(77) Pause Full (G1 Evacuation Pause) 239M->237M(256M) 8.476ms
[2020-10-27T23:46:48.643-0800] GC(77) User=0.03s Sys=0.01s Real=0.01s
[2020-10-27T23:46:48.643-0800] GC(74) Concurrent Mark From Roots 9.711ms
[2020-10-27T23:46:48.643-0800] GC(74) Concurrent Mark Abort
[2020-10-27T23:46:48.643-0800] GC(74) Concurrent Cycle 9.768ms
[2020-10-27T23:46:48.644-0800] GC(78) Pause Young (Concurrent Start) (G1 Humongous Allocation)
[2020-10-27T23:46:48.644-0800] GC(78) Using 6 workers of 8 for evacuation
[2020-10-27T23:46:48.644-0800] GC(78)   Pre Evacuate Collection Set: 0.0ms
[2020-10-27T23:46:48.644-0800] GC(78)   Merge Heap Roots: 0.1ms
[2020-10-27T23:46:48.644-0800] GC(78)   Evacuate Collection Set: 0.2ms
[2020-10-27T23:46:48.644-0800] GC(78)   Post Evacuate Collection Set: 0.1ms
[2020-10-27T23:46:48.644-0800] GC(78)   Other: 0.1ms
[2020-10-27T23:46:48.644-0800] GC(78) Eden regions: 1->0(11)
[2020-10-27T23:46:48.644-0800] GC(78) Survivor regions: 0->1(2)
[2020-10-27T23:46:48.644-0800] GC(78) Old regions: 138->138
[2020-10-27T23:46:48.644-0800] GC(78) Archive regions: 2->2
[2020-10-27T23:46:48.644-0800] GC(78) Humongous regions: 112->112
[2020-10-27T23:46:48.644-0800] GC(78) Metaspace: 205K(4864K)->205K(4864K) NonClass: 193K(4352K)->193K(4352K) Class: 12K(512K)->12K(512K)
[2020-10-27T23:46:48.644-0800] GC(78) Pause Young (Concurrent Start) (G1 Humongous Allocation) 237M->237M(256M) 0.571ms
[2020-10-27T23:46:48.644-0800] GC(78) User=0.00s Sys=0.00s Real=0.00s
[2020-10-27T23:46:48.644-0800] GC(79) Concurrent Cycle
[2020-10-27T23:46:48.644-0800] GC(79) Concurrent Clear Claimed Marks
[2020-10-27T23:46:48.644-0800] GC(79) Concurrent Clear Claimed Marks 0.007ms
[2020-10-27T23:46:48.644-0800] GC(79) Concurrent Scan Root Regions
[2020-10-27T23:46:48.644-0800] GC(79) Concurrent Scan Root Regions 0.013ms
[2020-10-27T23:46:48.644-0800] GC(79) Concurrent Mark (0.417s)
[2020-10-27T23:46:48.644-0800] GC(79) Concurrent Mark From Roots
[2020-10-27T23:46:48.644-0800] GC(79) Using 2 workers of 2 for marking
[2020-10-27T23:46:48.645-0800] GC(80) Pause Young (Normal) (G1 Humongous Allocation)
[2020-10-27T23:46:48.645-0800] GC(80) Using 6 workers of 8 for evacuation
[2020-10-27T23:46:48.645-0800] GC(80) To-space exhausted
[2020-10-27T23:46:48.645-0800] GC(80)   Pre Evacuate Collection Set: 0.1ms
[2020-10-27T23:46:48.645-0800] GC(80)   Merge Heap Roots: 0.0ms
[2020-10-27T23:46:48.645-0800] GC(80)   Evacuate Collection Set: 0.0ms
[2020-10-27T23:46:48.645-0800] GC(80)   Post Evacuate Collection Set: 0.1ms
[2020-10-27T23:46:48.645-0800] GC(80)   Other: 0.1ms
[2020-10-27T23:46:48.645-0800] GC(80) Eden regions: 1->0(12)
[2020-10-27T23:46:48.645-0800] GC(80) Survivor regions: 1->0(0)
[2020-10-27T23:46:48.645-0800] GC(80) Old regions: 138->140
[2020-10-27T23:46:48.645-0800] GC(80) Archive regions: 2->2
[2020-10-27T23:46:48.645-0800] GC(80) Humongous regions: 114->112
[2020-10-27T23:46:48.645-0800] GC(80) Metaspace: 205K(4864K)->205K(4864K) NonClass: 193K(4352K)->193K(4352K) Class: 12K(512K)->12K(512K)
[2020-10-27T23:46:48.645-0800] GC(80) Pause Young (Normal) (G1 Humongous Allocation) 239M->237M(256M) 0.387ms
[2020-10-27T23:46:48.645-0800] GC(80) User=0.00s Sys=0.00s Real=0.00s
[2020-10-27T23:46:48.645-0800] GC(81) Pause Young (Normal) (G1 Humongous Allocation)
[2020-10-27T23:46:48.645-0800] GC(81) Using 6 workers of 8 for evacuation
[2020-10-27T23:46:48.646-0800] GC(81)   Pre Evacuate Collection Set: 0.0ms
[2020-10-27T23:46:48.646-0800] GC(81)   Merge Heap Roots: 0.0ms
[2020-10-27T23:46:48.646-0800] GC(81)   Evacuate Collection Set: 0.1ms
[2020-10-27T23:46:48.646-0800] GC(81)   Post Evacuate Collection Set: 0.1ms
[2020-10-27T23:46:48.646-0800] GC(81)   Other: 0.0ms
[2020-10-27T23:46:48.646-0800] GC(81) Eden regions: 1->0(12)
[2020-10-27T23:46:48.646-0800] GC(81) Survivor regions: 0->0(0)
[2020-10-27T23:46:48.646-0800] GC(81) Old regions: 140->140
[2020-10-27T23:46:48.646-0800] GC(81) Archive regions: 2->2
[2020-10-27T23:46:48.646-0800] GC(81) Humongous regions: 113->112
[2020-10-27T23:46:48.646-0800] GC(81) Metaspace: 205K(4864K)->205K(4864K) NonClass: 193K(4352K)->193K(4352K) Class: 12K(512K)->12K(512K)
[2020-10-27T23:46:48.646-0800] GC(81) Pause Young (Normal) (G1 Humongous Allocation) 239M->237M(256M) 0.337ms
[2020-10-27T23:46:48.646-0800] GC(81) User=0.00s Sys=0.00s Real=0.00s
[2020-10-27T23:46:48.646-0800] GC(82) Pause Young (Normal) (G1 Evacuation Pause)
[2020-10-27T23:46:48.646-0800] GC(82) Using 6 workers of 8 for evacuation
[2020-10-27T23:46:48.646-0800] GC(82)   Pre Evacuate Collection Set: 0.0ms
[2020-10-27T23:46:48.646-0800] GC(82)   Merge Heap Roots: 0.0ms
[2020-10-27T23:46:48.646-0800] GC(82)   Evacuate Collection Set: 0.0ms
[2020-10-27T23:46:48.646-0800] GC(82)   Post Evacuate Collection Set: 0.1ms
[2020-10-27T23:46:48.646-0800] GC(82)   Other: 0.0ms
[2020-10-27T23:46:48.646-0800] GC(82) Eden regions: 0->0(12)
[2020-10-27T23:46:48.646-0800] GC(82) Survivor regions: 0->0(0)
[2020-10-27T23:46:48.646-0800] GC(82) Old regions: 140->140
[2020-10-27T23:46:48.646-0800] GC(82) Archive regions: 2->2
[2020-10-27T23:46:48.646-0800] GC(82) Humongous regions: 114->113
[2020-10-27T23:46:48.646-0800] GC(82) Metaspace: 205K(4864K)->205K(4864K) NonClass: 193K(4352K)->193K(4352K) Class: 12K(512K)->12K(512K)
[2020-10-27T23:46:48.646-0800] GC(82) Pause Young (Normal) (G1 Evacuation Pause) 239M->238M(256M) 0.255ms
[2020-10-27T23:46:48.646-0800] GC(82) User=0.00s Sys=0.00s Real=0.00s
[2020-10-27T23:46:48.646-0800] GC(83) Pause Young (Normal) (G1 Humongous Allocation)
[2020-10-27T23:46:48.646-0800] GC(83) Using 6 workers of 8 for evacuation
[2020-10-27T23:46:48.646-0800] GC(83) To-space exhausted
[2020-10-27T23:46:48.646-0800] GC(83)   Pre Evacuate Collection Set: 0.0ms
[2020-10-27T23:46:48.646-0800] GC(83)   Merge Heap Roots: 0.0ms
[2020-10-27T23:46:48.646-0800] GC(83)   Evacuate Collection Set: 0.0ms
[2020-10-27T23:46:48.646-0800] GC(83)   Post Evacuate Collection Set: 0.1ms
[2020-10-27T23:46:48.646-0800] GC(83)   Other: 0.1ms
[2020-10-27T23:46:48.646-0800] GC(83) Eden regions: 1->0(12)
[2020-10-27T23:46:48.646-0800] GC(83) Survivor regions: 0->0(0)
[2020-10-27T23:46:48.646-0800] GC(83) Old regions: 140->141
[2020-10-27T23:46:48.646-0800] GC(83) Archive regions: 2->2
[2020-10-27T23:46:48.646-0800] GC(83) Humongous regions: 113->113
[2020-10-27T23:46:48.646-0800] GC(83) Metaspace: 205K(4864K)->205K(4864K) NonClass: 193K(4352K)->193K(4352K) Class: 12K(512K)->12K(512K)
[2020-10-27T23:46:48.646-0800] GC(83) Pause Young (Normal) (G1 Humongous Allocation) 239M->239M(256M) 0.296ms
[2020-10-27T23:46:48.646-0800] GC(83) User=0.00s Sys=0.00s Real=0.00s
[2020-10-27T23:46:48.646-0800] GC(84) Using 6 workers of 8 for full compaction
[2020-10-27T23:46:48.646-0800] GC(84) Pause Full (G1 Humongous Allocation)
[2020-10-27T23:46:48.647-0800] GC(84) Phase 1: Mark live objects
[2020-10-27T23:46:48.647-0800] GC(84) Phase 1: Mark live objects 0.404ms
[2020-10-27T23:46:48.647-0800] GC(84) Phase 2: Prepare for compaction
[2020-10-27T23:46:48.648-0800] GC(84) Phase 2: Prepare for compaction 0.230ms
[2020-10-27T23:46:48.648-0800] GC(84) Phase 3: Adjust pointers
[2020-10-27T23:46:48.648-0800] GC(84) Phase 3: Adjust pointers 0.128ms
[2020-10-27T23:46:48.648-0800] GC(84) Phase 4: Compact heap
[2020-10-27T23:46:48.654-0800] GC(84) Phase 4: Compact heap 6.672ms
[2020-10-27T23:46:48.655-0800] GC(84) Eden regions: 0->0(12)
[2020-10-27T23:46:48.655-0800] GC(84) Survivor regions: 0->0(0)
[2020-10-27T23:46:48.655-0800] GC(84) Old regions: 141->138
[2020-10-27T23:46:48.655-0800] GC(84) Archive regions: 2->2
[2020-10-27T23:46:48.655-0800] GC(84) Humongous regions: 113->113
[2020-10-27T23:46:48.655-0800] GC(84) Metaspace: 205K(4864K)->205K(4864K) NonClass: 193K(4352K)->193K(4352K) Class: 12K(512K)->12K(512K)
[2020-10-27T23:46:48.655-0800] GC(84) Pause Full (G1 Humongous Allocation) 239M->238M(256M) 8.237ms
[2020-10-27T23:46:48.655-0800] GC(84) User=0.03s Sys=0.00s Real=0.01s
[2020-10-27T23:46:48.655-0800] GC(79) Concurrent Mark From Roots 10.535ms
[2020-10-27T23:46:48.655-0800] GC(79) Concurrent Mark Abort
[2020-10-27T23:46:48.655-0800] GC(79) Concurrent Cycle 10.616ms
[2020-10-27T23:46:48.655-0800] GC(85) Pause Young (Normal) (G1 Evacuation Pause)
[2020-10-27T23:46:48.655-0800] GC(85) Using 6 workers of 8 for evacuation
[2020-10-27T23:46:48.655-0800] GC(85) To-space exhausted
[2020-10-27T23:46:48.655-0800] GC(85)   Pre Evacuate Collection Set: 0.0ms
[2020-10-27T23:46:48.655-0800] GC(85)   Merge Heap Roots: 0.0ms
[2020-10-27T23:46:48.655-0800] GC(85)   Evacuate Collection Set: 0.1ms
[2020-10-27T23:46:48.655-0800] GC(85)   Post Evacuate Collection Set: 0.1ms
[2020-10-27T23:46:48.655-0800] GC(85)   Other: 0.1ms
[2020-10-27T23:46:48.655-0800] GC(85) Eden regions: 2->0(12)
[2020-10-27T23:46:48.655-0800] GC(85) Survivor regions: 0->0(0)
[2020-10-27T23:46:48.655-0800] GC(85) Old regions: 138->140
[2020-10-27T23:46:48.655-0800] GC(85) Archive regions: 2->2
[2020-10-27T23:46:48.655-0800] GC(85) Humongous regions: 114->113
[2020-10-27T23:46:48.655-0800] GC(85) Metaspace: 205K(4864K)->205K(4864K) NonClass: 193K(4352K)->193K(4352K) Class: 12K(512K)->12K(512K)
[2020-10-27T23:46:48.655-0800] GC(85) Pause Young (Normal) (G1 Evacuation Pause) 241M->240M(256M) 0.381ms
[2020-10-27T23:46:48.656-0800] GC(85) User=0.00s Sys=0.00s Real=0.00s
[2020-10-27T23:46:48.656-0800] GC(86) Pause Young (Concurrent Start) (G1 Evacuation Pause)
[2020-10-27T23:46:48.656-0800] GC(86) Using 6 workers of 8 for evacuation
[2020-10-27T23:46:48.656-0800] GC(86)   Pre Evacuate Collection Set: 0.0ms
[2020-10-27T23:46:48.656-0800] GC(86)   Merge Heap Roots: 0.0ms
[2020-10-27T23:46:48.656-0800] GC(86)   Evacuate Collection Set: 0.1ms
[2020-10-27T23:46:48.656-0800] GC(86)   Post Evacuate Collection Set: 0.1ms
[2020-10-27T23:46:48.656-0800] GC(86)   Other: 0.1ms
[2020-10-27T23:46:48.656-0800] GC(86) Eden regions: 1->0(12)
[2020-10-27T23:46:48.656-0800] GC(86) Survivor regions: 0->0(0)
[2020-10-27T23:46:48.656-0800] GC(86) Old regions: 140->140
[2020-10-27T23:46:48.656-0800] GC(86) Archive regions: 2->2
[2020-10-27T23:46:48.656-0800] GC(86) Humongous regions: 113->113
[2020-10-27T23:46:48.656-0800] GC(86) Metaspace: 205K(4864K)->205K(4864K) NonClass: 193K(4352K)->193K(4352K) Class: 12K(512K)->12K(512K)
[2020-10-27T23:46:48.656-0800] GC(86) Pause Young (Concurrent Start) (G1 Evacuation Pause) 241M->240M(256M) 0.293ms
[2020-10-27T23:46:48.656-0800] GC(86) User=0.00s Sys=0.00s Real=0.00s
[2020-10-27T23:46:48.656-0800] GC(87) Concurrent Cycle
[2020-10-27T23:46:48.656-0800] GC(87) Concurrent Clear Claimed Marks
[2020-10-27T23:46:48.656-0800] GC(87) Concurrent Clear Claimed Marks 0.006ms
[2020-10-27T23:46:48.656-0800] GC(87) Concurrent Scan Root Regions
[2020-10-27T23:46:48.656-0800] GC(87) Concurrent Scan Root Regions 0.005ms
[2020-10-27T23:46:48.656-0800] GC(87) Concurrent Mark (0.429s)
[2020-10-27T23:46:48.656-0800] GC(87) Concurrent Mark From Roots
[2020-10-27T23:46:48.656-0800] GC(87) Using 2 workers of 2 for marking
[2020-10-27T23:46:48.656-0800] GC(88) Pause Young (Normal) (G1 Humongous Allocation)
[2020-10-27T23:46:48.656-0800] GC(88) Using 6 workers of 8 for evacuation
[2020-10-27T23:46:48.656-0800] GC(88) To-space exhausted
[2020-10-27T23:46:48.656-0800] GC(88)   Pre Evacuate Collection Set: 0.0ms
[2020-10-27T23:46:48.656-0800] GC(88)   Merge Heap Roots: 0.0ms
[2020-10-27T23:46:48.656-0800] GC(88)   Evacuate Collection Set: 0.0ms
[2020-10-27T23:46:48.656-0800] GC(88)   Post Evacuate Collection Set: 0.1ms
[2020-10-27T23:46:48.656-0800] GC(88)   Other: 0.1ms
[2020-10-27T23:46:48.656-0800] GC(88) Eden regions: 1->0(12)
[2020-10-27T23:46:48.656-0800] GC(88) Survivor regions: 0->0(0)
[2020-10-27T23:46:48.656-0800] GC(88) Old regions: 140->141
[2020-10-27T23:46:48.656-0800] GC(88) Archive regions: 2->2
[2020-10-27T23:46:48.656-0800] GC(88) Humongous regions: 113->113
[2020-10-27T23:46:48.656-0800] GC(88) Metaspace: 205K(4864K)->205K(4864K) NonClass: 193K(4352K)->193K(4352K) Class: 12K(512K)->12K(512K)
[2020-10-27T23:46:48.656-0800] GC(88) Pause Young (Normal) (G1 Humongous Allocation) 241M->241M(256M) 0.271ms
[2020-10-27T23:46:48.656-0800] GC(88) User=0.00s Sys=0.00s Real=0.00s
[2020-10-27T23:46:48.656-0800] GC(89) Using 6 workers of 8 for full compaction
[2020-10-27T23:46:48.656-0800] GC(89) Pause Full (G1 Humongous Allocation)
[2020-10-27T23:46:48.657-0800] GC(89) Phase 1: Mark live objects
[2020-10-27T23:46:48.658-0800] GC(89) Phase 1: Mark live objects 0.617ms
[2020-10-27T23:46:48.658-0800] GC(89) Phase 2: Prepare for compaction
[2020-10-27T23:46:48.658-0800] GC(89) Phase 2: Prepare for compaction 0.275ms
[2020-10-27T23:46:48.658-0800] GC(89) Phase 3: Adjust pointers
[2020-10-27T23:46:48.658-0800] GC(89) Phase 3: Adjust pointers 0.182ms
[2020-10-27T23:46:48.658-0800] GC(89) Phase 4: Compact heap
[2020-10-27T23:46:48.663-0800] GC(89) Phase 4: Compact heap 5.162ms
[2020-10-27T23:46:48.664-0800] GC(89) Eden regions: 0->0(12)
[2020-10-27T23:46:48.664-0800] GC(89) Survivor regions: 0->0(0)
[2020-10-27T23:46:48.664-0800] GC(89) Old regions: 141->138
[2020-10-27T23:46:48.664-0800] GC(89) Archive regions: 2->2
[2020-10-27T23:46:48.664-0800] GC(89) Humongous regions: 113->113
[2020-10-27T23:46:48.664-0800] GC(89) Metaspace: 205K(4864K)->205K(4864K) NonClass: 193K(4352K)->193K(4352K) Class: 12K(512K)->12K(512K)
[2020-10-27T23:46:48.664-0800] GC(89) Pause Full (G1 Humongous Allocation) 241M->239M(256M) 7.136ms
[2020-10-27T23:46:48.664-0800] GC(89) User=0.03s Sys=0.00s Real=0.01s
[2020-10-27T23:46:48.664-0800] GC(87) Concurrent Mark From Roots 7.614ms
[2020-10-27T23:46:48.664-0800] GC(87) Concurrent Mark Abort
[2020-10-27T23:46:48.664-0800] GC(87) Concurrent Cycle 7.687ms
[2020-10-27T23:46:48.664-0800] GC(90) Pause Young (Normal) (G1 Evacuation Pause)
[2020-10-27T23:46:48.664-0800] GC(90) Using 6 workers of 8 for evacuation
[2020-10-27T23:46:48.664-0800] GC(90) To-space exhausted
[2020-10-27T23:46:48.664-0800] GC(90)   Pre Evacuate Collection Set: 0.0ms
[2020-10-27T23:46:48.664-0800] GC(90)   Merge Heap Roots: 0.0ms
[2020-10-27T23:46:48.664-0800] GC(90)   Evacuate Collection Set: 0.1ms
[2020-10-27T23:46:48.664-0800] GC(90)   Post Evacuate Collection Set: 0.1ms
[2020-10-27T23:46:48.664-0800] GC(90)   Other: 0.1ms
[2020-10-27T23:46:48.664-0800] GC(90) Eden regions: 2->0(12)
[2020-10-27T23:46:48.664-0800] GC(90) Survivor regions: 0->0(0)
[2020-10-27T23:46:48.664-0800] GC(90) Old regions: 138->140
[2020-10-27T23:46:48.664-0800] GC(90) Archive regions: 2->2
[2020-10-27T23:46:48.664-0800] GC(90) Humongous regions: 114->113
[2020-10-27T23:46:48.664-0800] GC(90) Metaspace: 205K(4864K)->205K(4864K) NonClass: 193K(4352K)->193K(4352K) Class: 12K(512K)->12K(512K)
[2020-10-27T23:46:48.664-0800] GC(90) Pause Young (Normal) (G1 Evacuation Pause) 242M->241M(256M) 0.346ms
[2020-10-27T23:46:48.664-0800] GC(90) User=0.00s Sys=0.00s Real=0.00s
[2020-10-27T23:46:48.665-0800] GC(91) Pause Young (Concurrent Start) (G1 Evacuation Pause)
[2020-10-27T23:46:48.665-0800] GC(91) Using 6 workers of 8 for evacuation
[2020-10-27T23:46:48.665-0800] GC(91) To-space exhausted
[2020-10-27T23:46:48.665-0800] GC(91)   Pre Evacuate Collection Set: 0.0ms
[2020-10-27T23:46:48.665-0800] GC(91)   Merge Heap Roots: 0.0ms
[2020-10-27T23:46:48.665-0800] GC(91)   Evacuate Collection Set: 0.1ms
[2020-10-27T23:46:48.665-0800] GC(91)   Post Evacuate Collection Set: 0.1ms
[2020-10-27T23:46:48.665-0800] GC(91)   Other: 0.1ms
[2020-10-27T23:46:48.665-0800] GC(91) Eden regions: 1->0(12)
[2020-10-27T23:46:48.665-0800] GC(91) Survivor regions: 0->0(0)
[2020-10-27T23:46:48.665-0800] GC(91) Old regions: 140->141
[2020-10-27T23:46:48.665-0800] GC(91) Archive regions: 2->2
[2020-10-27T23:46:48.665-0800] GC(91) Humongous regions: 113->113
[2020-10-27T23:46:48.665-0800] GC(91) Metaspace: 205K(4864K)->205K(4864K) NonClass: 193K(4352K)->193K(4352K) Class: 12K(512K)->12K(512K)
[2020-10-27T23:46:48.665-0800] GC(91) Pause Young (Concurrent Start) (G1 Evacuation Pause) 241M->241M(256M) 0.325ms
[2020-10-27T23:46:48.665-0800] GC(91) User=0.00s Sys=0.00s Real=0.00s
[2020-10-27T23:46:48.665-0800] Attempting maximally compacting collection
[2020-10-27T23:46:48.665-0800] GC(92) Using 6 workers of 8 for full compaction
[2020-10-27T23:46:48.665-0800] GC(92) Pause Full (G1 Evacuation Pause)
[2020-10-27T23:46:48.665-0800] GC(93) Concurrent Cycle
[2020-10-27T23:46:48.665-0800] GC(93) Concurrent Clear Claimed Marks
[2020-10-27T23:46:48.665-0800] GC(93) Concurrent Clear Claimed Marks 0.007ms
[2020-10-27T23:46:48.665-0800] GC(93) Concurrent Scan Root Regions
[2020-10-27T23:46:48.665-0800] GC(93) Concurrent Scan Root Regions 0.004ms
[2020-10-27T23:46:48.665-0800] GC(93) Concurrent Mark (0.438s)
[2020-10-27T23:46:48.665-0800] GC(93) Concurrent Mark From Roots
[2020-10-27T23:46:48.665-0800] GC(93) Using 2 workers of 2 for marking
[2020-10-27T23:46:48.665-0800] GC(92) Phase 1: Mark live objects
[2020-10-27T23:46:48.666-0800] GC(92) Phase 1: Mark live objects 0.491ms
[2020-10-27T23:46:48.666-0800] GC(92) Phase 2: Prepare for compaction
[2020-10-27T23:46:48.666-0800] GC(92) Phase 2: Prepare for compaction 0.251ms
[2020-10-27T23:46:48.666-0800] GC(92) Phase 3: Adjust pointers
[2020-10-27T23:46:48.666-0800] GC(92) Phase 3: Adjust pointers 0.128ms
[2020-10-27T23:46:48.666-0800] GC(92) Phase 4: Compact heap
[2020-10-27T23:46:48.670-0800] GC(92) Phase 4: Compact heap 3.680ms
[2020-10-27T23:46:48.670-0800] GC(92) Eden regions: 0->0(12)
[2020-10-27T23:46:48.670-0800] GC(92) Survivor regions: 0->0(0)
[2020-10-27T23:46:48.670-0800] GC(92) Old regions: 141->139
[2020-10-27T23:46:48.670-0800] GC(92) Archive regions: 2->2
[2020-10-27T23:46:48.670-0800] GC(92) Humongous regions: 113->113
[2020-10-27T23:46:48.670-0800] GC(92) Metaspace: 205K(4864K)->205K(4864K) NonClass: 193K(4352K)->193K(4352K) Class: 12K(512K)->12K(512K)
[2020-10-27T23:46:48.670-0800] GC(92) Pause Full (G1 Evacuation Pause) 241M->239M(256M) 5.391ms
[2020-10-27T23:46:48.670-0800] GC(92) User=0.01s Sys=0.00s Real=0.01s
[2020-10-27T23:46:48.670-0800] GC(93) Concurrent Mark From Roots 5.460ms
[2020-10-27T23:46:48.670-0800] GC(93) Concurrent Mark Abort
[2020-10-27T23:46:48.670-0800] GC(93) Concurrent Cycle 5.523ms
[2020-10-27T23:46:48.671-0800] GC(94) Pause Young (Normal) (G1 Evacuation Pause)
[2020-10-27T23:46:48.671-0800] GC(94) Using 6 workers of 8 for evacuation
[2020-10-27T23:46:48.671-0800] GC(94) To-space exhausted
[2020-10-27T23:46:48.671-0800] GC(94)   Pre Evacuate Collection Set: 0.0ms
[2020-10-27T23:46:48.671-0800] GC(94)   Merge Heap Roots: 0.0ms
[2020-10-27T23:46:48.671-0800] GC(94)   Evacuate Collection Set: 0.1ms
[2020-10-27T23:46:48.671-0800] GC(94)   Post Evacuate Collection Set: 0.1ms
[2020-10-27T23:46:48.671-0800] GC(94)   Other: 0.1ms
[2020-10-27T23:46:48.671-0800] GC(94) Eden regions: 2->0(12)
[2020-10-27T23:46:48.671-0800] GC(94) Survivor regions: 0->0(0)
[2020-10-27T23:46:48.671-0800] GC(94) Old regions: 139->141
[2020-10-27T23:46:48.671-0800] GC(94) Archive regions: 2->2
[2020-10-27T23:46:48.671-0800] GC(94) Humongous regions: 113->113
[2020-10-27T23:46:48.671-0800] GC(94) Metaspace: 205K(4864K)->205K(4864K) NonClass: 193K(4352K)->193K(4352K) Class: 12K(512K)->12K(512K)
[2020-10-27T23:46:48.671-0800] GC(94) Pause Young (Normal) (G1 Evacuation Pause) 241M->241M(256M) 0.396ms
[2020-10-27T23:46:48.671-0800] GC(94) User=0.00s Sys=0.00s Real=0.00s
[2020-10-27T23:46:48.671-0800] Attempting maximally compacting collection
[2020-10-27T23:46:48.671-0800] GC(95) Using 6 workers of 8 for full compaction
[2020-10-27T23:46:48.671-0800] GC(95) Pause Full (G1 Evacuation Pause)
[2020-10-27T23:46:48.671-0800] GC(95) Phase 1: Mark live objects
[2020-10-27T23:46:48.672-0800] GC(95) Phase 1: Mark live objects 0.669ms
[2020-10-27T23:46:48.672-0800] GC(95) Phase 2: Prepare for compaction
[2020-10-27T23:46:48.672-0800] GC(95) Phase 2: Prepare for compaction 0.285ms
[2020-10-27T23:46:48.672-0800] GC(95) Phase 3: Adjust pointers
[2020-10-27T23:46:48.672-0800] GC(95) Phase 3: Adjust pointers 0.180ms
[2020-10-27T23:46:48.672-0800] GC(95) Phase 4: Compact heap
[2020-10-27T23:46:48.680-0800] GC(95) Phase 4: Compact heap 7.413ms
[2020-10-27T23:46:48.680-0800] GC(95) Eden regions: 0->0(12)
[2020-10-27T23:46:48.680-0800] GC(95) Survivor regions: 0->0(0)
[2020-10-27T23:46:48.680-0800] GC(95) Old regions: 141->139
[2020-10-27T23:46:48.680-0800] GC(95) Archive regions: 2->2
[2020-10-27T23:46:48.680-0800] GC(95) Humongous regions: 113->112
[2020-10-27T23:46:48.680-0800] GC(95) Metaspace: 205K(4864K)->205K(4864K) NonClass: 193K(4352K)->193K(4352K) Class: 12K(512K)->12K(512K)
[2020-10-27T23:46:48.680-0800] GC(95) Pause Full (G1 Evacuation Pause) 241M->238M(256M) 8.879ms
[2020-10-27T23:46:48.680-0800] GC(95) User=0.03s Sys=0.00s Real=0.01s
[2020-10-27T23:46:48.681-0800] GC(96) Pause Young (Concurrent Start) (G1 Evacuation Pause)
[2020-10-27T23:46:48.681-0800] GC(96) Using 6 workers of 8 for evacuation
[2020-10-27T23:46:48.681-0800] GC(96) To-space exhausted
[2020-10-27T23:46:48.681-0800] GC(96)   Pre Evacuate Collection Set: 0.0ms
[2020-10-27T23:46:48.681-0800] GC(96)   Merge Heap Roots: 0.1ms
[2020-10-27T23:46:48.681-0800] GC(96)   Evacuate Collection Set: 0.2ms
[2020-10-27T23:46:48.681-0800] GC(96)   Post Evacuate Collection Set: 0.1ms
[2020-10-27T23:46:48.681-0800] GC(96)   Other: 0.1ms
[2020-10-27T23:46:48.681-0800] GC(96) Eden regions: 3->0(12)
[2020-10-27T23:46:48.681-0800] GC(96) Survivor regions: 0->0(0)
[2020-10-27T23:46:48.681-0800] GC(96) Old regions: 139->141
[2020-10-27T23:46:48.681-0800] GC(96) Archive regions: 2->2
[2020-10-27T23:46:48.681-0800] GC(96) Humongous regions: 112->112
[2020-10-27T23:46:48.681-0800] GC(96) Metaspace: 205K(4864K)->205K(4864K) NonClass: 193K(4352K)->193K(4352K) Class: 12K(512K)->12K(512K)
[2020-10-27T23:46:48.681-0800] GC(96) Pause Young (Concurrent Start) (G1 Evacuation Pause) 241M->240M(256M) 0.489ms
[2020-10-27T23:46:48.681-0800] GC(96) User=0.00s Sys=0.00s Real=0.00s
[2020-10-27T23:46:48.681-0800] GC(97) Concurrent Cycle
[2020-10-27T23:46:48.681-0800] GC(97) Concurrent Clear Claimed Marks
[2020-10-27T23:46:48.681-0800] GC(97) Concurrent Clear Claimed Marks 0.006ms
[2020-10-27T23:46:48.681-0800] GC(97) Concurrent Scan Root Regions
[2020-10-27T23:46:48.681-0800] GC(97) Concurrent Scan Root Regions 0.004ms
[2020-10-27T23:46:48.681-0800] GC(97) Concurrent Mark (0.454s)
[2020-10-27T23:46:48.681-0800] GC(97) Concurrent Mark From Roots
[2020-10-27T23:46:48.681-0800] GC(97) Using 2 workers of 2 for marking
[2020-10-27T23:46:48.681-0800] GC(98) Pause Young (Normal) (G1 Evacuation Pause)
[2020-10-27T23:46:48.681-0800] GC(98) Using 6 workers of 8 for evacuation
[2020-10-27T23:46:48.681-0800] GC(98) To-space exhausted
[2020-10-27T23:46:48.681-0800] GC(98)   Pre Evacuate Collection Set: 0.0ms
[2020-10-27T23:46:48.681-0800] GC(98)   Merge Heap Roots: 0.0ms
[2020-10-27T23:46:48.681-0800] GC(98)   Evacuate Collection Set: 0.1ms
[2020-10-27T23:46:48.681-0800] GC(98)   Post Evacuate Collection Set: 0.1ms
[2020-10-27T23:46:48.681-0800] GC(98)   Other: 0.1ms
[2020-10-27T23:46:48.681-0800] GC(98) Eden regions: 1->0(12)
[2020-10-27T23:46:48.681-0800] GC(98) Survivor regions: 0->0(0)
[2020-10-27T23:46:48.681-0800] GC(98) Old regions: 141->142
[2020-10-27T23:46:48.681-0800] GC(98) Archive regions: 2->2
[2020-10-27T23:46:48.682-0800] GC(98) Humongous regions: 112->112
[2020-10-27T23:46:48.682-0800] GC(98) Metaspace: 205K(4864K)->205K(4864K) NonClass: 193K(4352K)->193K(4352K) Class: 12K(512K)->12K(512K)
[2020-10-27T23:46:48.682-0800] GC(98) Pause Young (Normal) (G1 Evacuation Pause) 241M->241M(256M) 0.329ms
[2020-10-27T23:46:48.682-0800] GC(98) User=0.00s Sys=0.00s Real=0.00s
[2020-10-27T23:46:48.682-0800] Attempting maximally compacting collection
[2020-10-27T23:46:48.682-0800] GC(99) Using 6 workers of 8 for full compaction
[2020-10-27T23:46:48.682-0800] GC(99) Pause Full (G1 Evacuation Pause)
[2020-10-27T23:46:48.682-0800] GC(99) Phase 1: Mark live objects
[2020-10-27T23:46:48.683-0800] GC(99) Phase 1: Mark live objects 0.634ms
[2020-10-27T23:46:48.683-0800] GC(99) Phase 2: Prepare for compaction
[2020-10-27T23:46:48.683-0800] GC(99) Phase 2: Prepare for compaction 0.274ms
[2020-10-27T23:46:48.683-0800] GC(99) Phase 3: Adjust pointers
[2020-10-27T23:46:48.683-0800] GC(99) Phase 3: Adjust pointers 0.179ms
[2020-10-27T23:46:48.683-0800] GC(99) Phase 4: Compact heap
[2020-10-27T23:46:48.689-0800] GC(99) Phase 4: Compact heap 5.781ms
[2020-10-27T23:46:48.689-0800] GC(99) Eden regions: 0->0(12)
[2020-10-27T23:46:48.689-0800] GC(99) Survivor regions: 0->0(0)
[2020-10-27T23:46:48.689-0800] GC(99) Old regions: 142->139
[2020-10-27T23:46:48.689-0800] GC(99) Archive regions: 2->2
[2020-10-27T23:46:48.689-0800] GC(99) Humongous regions: 112->111
[2020-10-27T23:46:48.689-0800] GC(99) Metaspace: 205K(4864K)->205K(4864K) NonClass: 193K(4352K)->193K(4352K) Class: 12K(512K)->12K(512K)
[2020-10-27T23:46:48.689-0800] GC(99) Pause Full (G1 Evacuation Pause) 241M->238M(256M) 7.674ms
[2020-10-27T23:46:48.689-0800] GC(99) User=0.03s Sys=0.00s Real=0.00s
[2020-10-27T23:46:48.689-0800] GC(97) Concurrent Mark From Roots 8.229ms
[2020-10-27T23:46:48.689-0800] GC(97) Concurrent Mark Abort
[2020-10-27T23:46:48.689-0800] GC(97) Concurrent Cycle 8.300ms
[2020-10-27T23:46:48.690-0800] GC(100) Pause Young (Concurrent Start) (G1 Humongous Allocation)
[2020-10-27T23:46:48.690-0800] GC(100) Using 6 workers of 8 for evacuation
[2020-10-27T23:46:48.690-0800] GC(100) To-space exhausted
[2020-10-27T23:46:48.690-0800] GC(100)   Pre Evacuate Collection Set: 0.0ms
[2020-10-27T23:46:48.690-0800] GC(100)   Merge Heap Roots: 0.0ms
[2020-10-27T23:46:48.690-0800] GC(100)   Evacuate Collection Set: 0.1ms
[2020-10-27T23:46:48.690-0800] GC(100)   Post Evacuate Collection Set: 0.1ms
[2020-10-27T23:46:48.690-0800] GC(100)   Other: 0.1ms
[2020-10-27T23:46:48.690-0800] GC(100) Eden regions: 4->0(12)
[2020-10-27T23:46:48.690-0800] GC(100) Survivor regions: 0->0(0)
[2020-10-27T23:46:48.690-0800] GC(100) Old regions: 139->143
[2020-10-27T23:46:48.690-0800] GC(100) Archive regions: 2->2
[2020-10-27T23:46:48.690-0800] GC(100) Humongous regions: 111->111
[2020-10-27T23:46:48.690-0800] GC(100) Metaspace: 205K(4864K)->205K(4864K) NonClass: 193K(4352K)->193K(4352K) Class: 12K(512K)->12K(512K)
[2020-10-27T23:46:48.690-0800] GC(100) Pause Young (Concurrent Start) (G1 Humongous Allocation) 242M->242M(256M) 0.390ms
[2020-10-27T23:46:48.690-0800] GC(100) User=0.00s Sys=0.00s Real=0.00s
[2020-10-27T23:46:48.690-0800] GC(101) Concurrent Cycle
[2020-10-27T23:46:48.690-0800] GC(101) Concurrent Clear Claimed Marks
[2020-10-27T23:46:48.690-0800] GC(101) Concurrent Clear Claimed Marks 0.006ms
[2020-10-27T23:46:48.690-0800] GC(101) Concurrent Scan Root Regions
[2020-10-27T23:46:48.690-0800] GC(101) Concurrent Scan Root Regions 0.005ms
[2020-10-27T23:46:48.690-0800] GC(101) Concurrent Mark (0.463s)
[2020-10-27T23:46:48.690-0800] GC(101) Concurrent Mark From Roots
[2020-10-27T23:46:48.690-0800] GC(101) Using 2 workers of 2 for marking
[2020-10-27T23:46:48.690-0800] GC(102) Pause Young (Normal) (G1 Humongous Allocation)
[2020-10-27T23:46:48.690-0800] GC(102) Using 6 workers of 8 for evacuation
[2020-10-27T23:46:48.690-0800] GC(102)   Pre Evacuate Collection Set: 0.0ms
[2020-10-27T23:46:48.690-0800] GC(102)   Merge Heap Roots: 0.0ms
[2020-10-27T23:46:48.690-0800] GC(102)   Evacuate Collection Set: 0.0ms
[2020-10-27T23:46:48.690-0800] GC(102)   Post Evacuate Collection Set: 0.0ms
[2020-10-27T23:46:48.691-0800] GC(102)   Other: 0.1ms
[2020-10-27T23:46:48.691-0800] GC(102) Eden regions: 0->0(12)
[2020-10-27T23:46:48.691-0800] GC(102) Survivor regions: 0->0(0)
[2020-10-27T23:46:48.691-0800] GC(102) Old regions: 143->143
[2020-10-27T23:46:48.691-0800] GC(102) Archive regions: 2->2
[2020-10-27T23:46:48.691-0800] GC(102) Humongous regions: 111->111
[2020-10-27T23:46:48.691-0800] GC(102) Metaspace: 205K(4864K)->205K(4864K) NonClass: 193K(4352K)->193K(4352K) Class: 12K(512K)->12K(512K)
[2020-10-27T23:46:48.691-0800] GC(102) Pause Young (Normal) (G1 Humongous Allocation) 242M->242M(256M) 0.225ms
[2020-10-27T23:46:48.691-0800] GC(102) User=0.00s Sys=0.00s Real=0.00s
[2020-10-27T23:46:48.691-0800] GC(103) Using 6 workers of 8 for full compaction
[2020-10-27T23:46:48.691-0800] GC(103) Pause Full (G1 Humongous Allocation)
[2020-10-27T23:46:48.691-0800] GC(103) Phase 1: Mark live objects
[2020-10-27T23:46:48.691-0800] GC(103) Phase 1: Mark live objects 0.360ms
[2020-10-27T23:46:48.691-0800] GC(103) Phase 2: Prepare for compaction
[2020-10-27T23:46:48.692-0800] GC(103) Phase 2: Prepare for compaction 0.242ms
[2020-10-27T23:46:48.692-0800] GC(103) Phase 3: Adjust pointers
[2020-10-27T23:46:48.692-0800] GC(103) Phase 3: Adjust pointers 0.100ms
[2020-10-27T23:46:48.692-0800] GC(103) Phase 4: Compact heap
[2020-10-27T23:46:48.698-0800] GC(103) Phase 4: Compact heap 6.270ms
[2020-10-27T23:46:48.698-0800] GC(103) Eden regions: 0->0(12)
[2020-10-27T23:46:48.698-0800] GC(103) Survivor regions: 0->0(0)
[2020-10-27T23:46:48.698-0800] GC(103) Old regions: 143->140
[2020-10-27T23:46:48.698-0800] GC(103) Archive regions: 2->2
[2020-10-27T23:46:48.698-0800] GC(103) Humongous regions: 111->109
[2020-10-27T23:46:48.698-0800] GC(103) Metaspace: 205K(4864K)->205K(4864K) NonClass: 193K(4352K)->193K(4352K) Class: 12K(512K)->12K(512K)
[2020-10-27T23:46:48.698-0800] GC(103) Pause Full (G1 Humongous Allocation) 242M->237M(256M) 7.858ms
[2020-10-27T23:46:48.698-0800] GC(103) User=0.02s Sys=0.01s Real=0.00s
[2020-10-27T23:46:48.699-0800] GC(101) Concurrent Mark From Roots 8.226ms
[2020-10-27T23:46:48.699-0800] GC(101) Concurrent Mark Abort
[2020-10-27T23:46:48.699-0800] GC(101) Concurrent Cycle 8.294ms
[2020-10-27T23:46:48.699-0800] GC(104) Pause Young (Concurrent Start) (G1 Humongous Allocation)
[2020-10-27T23:46:48.699-0800] GC(104) Using 6 workers of 8 for evacuation
[2020-10-27T23:46:48.699-0800] GC(104)   Pre Evacuate Collection Set: 0.0ms
[2020-10-27T23:46:48.699-0800] GC(104)   Merge Heap Roots: 0.0ms
[2020-10-27T23:46:48.699-0800] GC(104)   Evacuate Collection Set: 0.2ms
[2020-10-27T23:46:48.699-0800] GC(104)   Post Evacuate Collection Set: 0.1ms
[2020-10-27T23:46:48.699-0800] GC(104)   Other: 0.1ms
[2020-10-27T23:46:48.699-0800] GC(104) Eden regions: 1->0(11)
[2020-10-27T23:46:48.699-0800] GC(104) Survivor regions: 0->1(2)
[2020-10-27T23:46:48.699-0800] GC(104) Old regions: 140->140
[2020-10-27T23:46:48.699-0800] GC(104) Archive regions: 2->2
[2020-10-27T23:46:48.699-0800] GC(104) Humongous regions: 110->109
[2020-10-27T23:46:48.699-0800] GC(104) Metaspace: 205K(4864K)->205K(4864K) NonClass: 193K(4352K)->193K(4352K) Class: 12K(512K)->12K(512K)
[2020-10-27T23:46:48.699-0800] GC(104) Pause Young (Concurrent Start) (G1 Humongous Allocation) 238M->237M(256M) 0.478ms
[2020-10-27T23:46:48.699-0800] GC(104) User=0.00s Sys=0.00s Real=0.00s
[2020-10-27T23:46:48.699-0800] GC(105) Concurrent Cycle
[2020-10-27T23:46:48.699-0800] GC(105) Concurrent Clear Claimed Marks
[2020-10-27T23:46:48.699-0800] GC(105) Concurrent Clear Claimed Marks 0.006ms
[2020-10-27T23:46:48.699-0800] GC(105) Concurrent Scan Root Regions
[2020-10-27T23:46:48.699-0800] GC(105) Concurrent Scan Root Regions 0.027ms
[2020-10-27T23:46:48.699-0800] GC(105) Concurrent Mark (0.472s)
[2020-10-27T23:46:48.699-0800] GC(105) Concurrent Mark From Roots
[2020-10-27T23:46:48.699-0800] GC(105) Using 2 workers of 2 for marking
[2020-10-27T23:46:48.700-0800] GC(106) Pause Young (Normal) (G1 Humongous Allocation)
[2020-10-27T23:46:48.700-0800] GC(106) Using 6 workers of 8 for evacuation
[2020-10-27T23:46:48.700-0800] GC(106) To-space exhausted
[2020-10-27T23:46:48.700-0800] GC(106)   Pre Evacuate Collection Set: 0.0ms
[2020-10-27T23:46:48.700-0800] GC(106)   Merge Heap Roots: 0.0ms
[2020-10-27T23:46:48.700-0800] GC(106)   Evacuate Collection Set: 0.1ms
[2020-10-27T23:46:48.700-0800] GC(106)   Post Evacuate Collection Set: 0.1ms
[2020-10-27T23:46:48.700-0800] GC(106)   Other: 0.1ms
[2020-10-27T23:46:48.700-0800] GC(106) Eden regions: 3->0(12)
[2020-10-27T23:46:48.700-0800] GC(106) Survivor regions: 1->0(0)
[2020-10-27T23:46:48.700-0800] GC(106) Old regions: 140->144
[2020-10-27T23:46:48.700-0800] GC(106) Archive regions: 2->2
[2020-10-27T23:46:48.700-0800] GC(106) Humongous regions: 110->109
[2020-10-27T23:46:48.700-0800] GC(106) Metaspace: 205K(4864K)->205K(4864K) NonClass: 193K(4352K)->193K(4352K) Class: 12K(512K)->12K(512K)
[2020-10-27T23:46:48.700-0800] GC(106) Pause Young (Normal) (G1 Humongous Allocation) 241M->240M(256M) 0.329ms
[2020-10-27T23:46:48.700-0800] GC(106) User=0.00s Sys=0.00s Real=0.00s
[2020-10-27T23:46:48.700-0800] GC(107) Pause Young (Normal) (G1 Evacuation Pause)
[2020-10-27T23:46:48.700-0800] GC(107) Using 6 workers of 8 for evacuation
[2020-10-27T23:46:48.700-0800] GC(107)   Pre Evacuate Collection Set: 0.0ms
[2020-10-27T23:46:48.700-0800] GC(107)   Merge Heap Roots: 0.0ms
[2020-10-27T23:46:48.700-0800] GC(107)   Evacuate Collection Set: 0.0ms
[2020-10-27T23:46:48.700-0800] GC(107)   Post Evacuate Collection Set: 0.1ms
[2020-10-27T23:46:48.700-0800] GC(107)   Other: 0.0ms
[2020-10-27T23:46:48.700-0800] GC(107) Eden regions: 0->0(12)
[2020-10-27T23:46:48.700-0800] GC(107) Survivor regions: 0->0(0)
[2020-10-27T23:46:48.700-0800] GC(107) Old regions: 144->144
[2020-10-27T23:46:48.700-0800] GC(107) Archive regions: 2->2
[2020-10-27T23:46:48.700-0800] GC(107) Humongous regions: 110->110
[2020-10-27T23:46:48.700-0800] GC(107) Metaspace: 205K(4864K)->205K(4864K) NonClass: 193K(4352K)->193K(4352K) Class: 12K(512K)->12K(512K)
[2020-10-27T23:46:48.700-0800] GC(107) Pause Young (Normal) (G1 Evacuation Pause) 241M->241M(256M) 0.258ms
[2020-10-27T23:46:48.700-0800] GC(107) User=0.00s Sys=0.00s Real=0.00s
[2020-10-27T23:46:48.700-0800] Attempting maximally compacting collection
[2020-10-27T23:46:48.700-0800] GC(108) Using 6 workers of 8 for full compaction
[2020-10-27T23:46:48.700-0800] GC(108) Pause Full (G1 Evacuation Pause)
[2020-10-27T23:46:48.701-0800] GC(108) Phase 1: Mark live objects
[2020-10-27T23:46:48.702-0800] GC(108) Phase 1: Mark live objects 0.634ms
[2020-10-27T23:46:48.702-0800] GC(108) Phase 2: Prepare for compaction
[2020-10-27T23:46:48.702-0800] GC(108) Phase 2: Prepare for compaction 0.264ms
[2020-10-27T23:46:48.702-0800] GC(108) Phase 3: Adjust pointers
[2020-10-27T23:46:48.702-0800] GC(108) Phase 3: Adjust pointers 0.177ms
[2020-10-27T23:46:48.702-0800] GC(108) Phase 4: Compact heap
[2020-10-27T23:46:48.711-0800] GC(108) Phase 4: Compact heap 8.433ms
[2020-10-27T23:46:48.711-0800] GC(108) Eden regions: 0->0(12)
[2020-10-27T23:46:48.711-0800] GC(108) Survivor regions: 0->0(0)
[2020-10-27T23:46:48.711-0800] GC(108) Old regions: 144->141
[2020-10-27T23:46:48.711-0800] GC(108) Archive regions: 2->2
[2020-10-27T23:46:48.711-0800] GC(108) Humongous regions: 110->108
[2020-10-27T23:46:48.711-0800] GC(108) Metaspace: 205K(4864K)->205K(4864K) NonClass: 193K(4352K)->193K(4352K) Class: 12K(512K)->12K(512K)
[2020-10-27T23:46:48.711-0800] GC(108) Pause Full (G1 Evacuation Pause) 241M->237M(256M) 10.384ms
[2020-10-27T23:46:48.711-0800] GC(108) User=0.03s Sys=0.00s Real=0.01s
[2020-10-27T23:46:48.711-0800] GC(105) Concurrent Mark From Roots 11.705ms
[2020-10-27T23:46:48.711-0800] GC(105) Concurrent Mark Abort
[2020-10-27T23:46:48.711-0800] GC(105) Concurrent Cycle 11.813ms
[2020-10-27T23:46:48.711-0800] GC(109) Pause Young (Concurrent Start) (G1 Humongous Allocation)
[2020-10-27T23:46:48.711-0800] GC(109) Using 6 workers of 8 for evacuation
[2020-10-27T23:46:48.711-0800] GC(109)   Pre Evacuate Collection Set: 0.0ms
[2020-10-27T23:46:48.711-0800] GC(109)   Merge Heap Roots: 0.0ms
[2020-10-27T23:46:48.711-0800] GC(109)   Evacuate Collection Set: 0.1ms
[2020-10-27T23:46:48.711-0800] GC(109)   Post Evacuate Collection Set: 0.1ms
[2020-10-27T23:46:48.711-0800] GC(109)   Other: 0.1ms
[2020-10-27T23:46:48.711-0800] GC(109) Eden regions: 1->0(11)
[2020-10-27T23:46:48.711-0800] GC(109) Survivor regions: 0->1(2)
[2020-10-27T23:46:48.711-0800] GC(109) Old regions: 141->141
[2020-10-27T23:46:48.711-0800] GC(109) Archive regions: 2->2
[2020-10-27T23:46:48.711-0800] GC(109) Humongous regions: 108->108
[2020-10-27T23:46:48.711-0800] GC(109) Metaspace: 205K(4864K)->205K(4864K) NonClass: 193K(4352K)->193K(4352K) Class: 12K(512K)->12K(512K)
[2020-10-27T23:46:48.712-0800] GC(109) Pause Young (Concurrent Start) (G1 Humongous Allocation) 238M->238M(256M) 0.406ms
[2020-10-27T23:46:48.712-0800] GC(109) User=0.00s Sys=0.00s Real=0.00s
[2020-10-27T23:46:48.712-0800] GC(110) Concurrent Cycle
[2020-10-27T23:46:48.712-0800] GC(110) Concurrent Clear Claimed Marks
[2020-10-27T23:46:48.712-0800] GC(110) Concurrent Clear Claimed Marks 0.006ms
[2020-10-27T23:46:48.712-0800] GC(110) Concurrent Scan Root Regions
[2020-10-27T23:46:48.712-0800] GC(110) Concurrent Scan Root Regions 0.011ms
[2020-10-27T23:46:48.712-0800] GC(110) Concurrent Mark (0.484s)
[2020-10-27T23:46:48.712-0800] GC(110) Concurrent Mark From Roots
[2020-10-27T23:46:48.712-0800] GC(110) Using 2 workers of 2 for marking
[2020-10-27T23:46:48.712-0800] GC(111) Pause Young (Normal) (G1 Humongous Allocation)
[2020-10-27T23:46:48.712-0800] GC(111) Using 6 workers of 8 for evacuation
[2020-10-27T23:46:48.712-0800] GC(111) To-space exhausted
[2020-10-27T23:46:48.712-0800] GC(111)   Pre Evacuate Collection Set: 0.0ms
[2020-10-27T23:46:48.712-0800] GC(111)   Merge Heap Roots: 0.0ms
[2020-10-27T23:46:48.712-0800] GC(111)   Evacuate Collection Set: 0.0ms
[2020-10-27T23:46:48.712-0800] GC(111)   Post Evacuate Collection Set: 0.1ms
[2020-10-27T23:46:48.712-0800] GC(111)   Other: 0.1ms
[2020-10-27T23:46:48.712-0800] GC(111) Eden regions: 2->0(12)
[2020-10-27T23:46:48.712-0800] GC(111) Survivor regions: 1->0(0)
[2020-10-27T23:46:48.712-0800] GC(111) Old regions: 141->144
[2020-10-27T23:46:48.712-0800] GC(111) Archive regions: 2->2
[2020-10-27T23:46:48.712-0800] GC(111) Humongous regions: 110->109
[2020-10-27T23:46:48.712-0800] GC(111) Metaspace: 205K(4864K)->205K(4864K) NonClass: 193K(4352K)->193K(4352K) Class: 12K(512K)->12K(512K)
[2020-10-27T23:46:48.712-0800] GC(111) Pause Young (Normal) (G1 Humongous Allocation) 241M->240M(256M) 0.300ms
[2020-10-27T23:46:48.712-0800] GC(111) User=0.00s Sys=0.00s Real=0.00s
[2020-10-27T23:46:48.712-0800] GC(112) Pause Young (Normal) (G1 Evacuation Pause)
[2020-10-27T23:46:48.712-0800] GC(112) Using 6 workers of 8 for evacuation
[2020-10-27T23:46:48.713-0800] GC(112)   Pre Evacuate Collection Set: 0.0ms
[2020-10-27T23:46:48.713-0800] GC(112)   Merge Heap Roots: 0.0ms
[2020-10-27T23:46:48.713-0800] GC(112)   Evacuate Collection Set: 0.0ms
[2020-10-27T23:46:48.713-0800] GC(112)   Post Evacuate Collection Set: 0.1ms
[2020-10-27T23:46:48.713-0800] GC(112)   Other: 0.0ms
[2020-10-27T23:46:48.713-0800] GC(112) Eden regions: 0->0(12)
[2020-10-27T23:46:48.713-0800] GC(112) Survivor regions: 0->0(0)
[2020-10-27T23:46:48.713-0800] GC(112) Old regions: 144->144
[2020-10-27T23:46:48.713-0800] GC(112) Archive regions: 2->2
[2020-10-27T23:46:48.713-0800] GC(112) Humongous regions: 110->109
[2020-10-27T23:46:48.713-0800] GC(112) Metaspace: 205K(4864K)->205K(4864K) NonClass: 193K(4352K)->193K(4352K) Class: 12K(512K)->12K(512K)
[2020-10-27T23:46:48.713-0800] GC(112) Pause Young (Normal) (G1 Evacuation Pause) 241M->240M(256M) 0.247ms
[2020-10-27T23:46:48.713-0800] GC(112) User=0.00s Sys=0.00s Real=0.00s
[2020-10-27T23:46:48.713-0800] GC(113) Pause Young (Normal) (G1 Evacuation Pause)
[2020-10-27T23:46:48.713-0800] GC(113) Using 6 workers of 8 for evacuation
[2020-10-27T23:46:48.713-0800] GC(113) To-space exhausted
[2020-10-27T23:46:48.713-0800] GC(113)   Pre Evacuate Collection Set: 0.0ms
[2020-10-27T23:46:48.713-0800] GC(113)   Merge Heap Roots: 0.0ms
[2020-10-27T23:46:48.713-0800] GC(113)   Evacuate Collection Set: 0.0ms
[2020-10-27T23:46:48.713-0800] GC(113)   Post Evacuate Collection Set: 0.1ms
[2020-10-27T23:46:48.713-0800] GC(113)   Other: 0.1ms
[2020-10-27T23:46:48.713-0800] GC(113) Eden regions: 1->0(12)
[2020-10-27T23:46:48.713-0800] GC(113) Survivor regions: 0->0(0)
[2020-10-27T23:46:48.713-0800] GC(113) Old regions: 144->145
[2020-10-27T23:46:48.713-0800] GC(113) Archive regions: 2->2
[2020-10-27T23:46:48.713-0800] GC(113) Humongous regions: 109->109
[2020-10-27T23:46:48.713-0800] GC(113) Metaspace: 205K(4864K)->205K(4864K) NonClass: 193K(4352K)->193K(4352K) Class: 12K(512K)->12K(512K)
[2020-10-27T23:46:48.713-0800] GC(113) Pause Young (Normal) (G1 Evacuation Pause) 241M->241M(256M) 0.287ms
[2020-10-27T23:46:48.713-0800] GC(113) User=0.00s Sys=0.00s Real=0.00s
[2020-10-27T23:46:48.713-0800] Attempting maximally compacting collection
[2020-10-27T23:46:48.713-0800] GC(114) Using 6 workers of 8 for full compaction
[2020-10-27T23:46:48.713-0800] GC(114) Pause Full (G1 Evacuation Pause)
[2020-10-27T23:46:48.714-0800] GC(114) Phase 1: Mark live objects
[2020-10-27T23:46:48.714-0800] GC(114) Phase 1: Mark live objects 0.550ms
[2020-10-27T23:46:48.714-0800] GC(114) Phase 2: Prepare for compaction
[2020-10-27T23:46:48.715-0800] GC(114) Phase 2: Prepare for compaction 0.239ms
[2020-10-27T23:46:48.715-0800] GC(114) Phase 3: Adjust pointers
[2020-10-27T23:46:48.715-0800] GC(114) Phase 3: Adjust pointers 0.119ms
[2020-10-27T23:46:48.715-0800] GC(114) Phase 4: Compact heap
[2020-10-27T23:46:48.718-0800] GC(114) Phase 4: Compact heap 3.095ms
[2020-10-27T23:46:48.718-0800] GC(114) Eden regions: 0->0(12)
[2020-10-27T23:46:48.718-0800] GC(114) Survivor regions: 0->0(0)
[2020-10-27T23:46:48.718-0800] GC(114) Old regions: 145->141
[2020-10-27T23:46:48.718-0800] GC(114) Archive regions: 2->2
[2020-10-27T23:46:48.718-0800] GC(114) Humongous regions: 109->108
[2020-10-27T23:46:48.718-0800] GC(114) Metaspace: 205K(4864K)->205K(4864K) NonClass: 193K(4352K)->193K(4352K) Class: 12K(512K)->12K(512K)
[2020-10-27T23:46:48.718-0800] GC(114) Pause Full (G1 Evacuation Pause) 241M->238M(256M) 4.906ms
[2020-10-27T23:46:48.718-0800] GC(114) User=0.02s Sys=0.00s Real=0.00s
[2020-10-27T23:46:48.718-0800] GC(110) Concurrent Mark From Roots 6.571ms
[2020-10-27T23:46:48.718-0800] GC(110) Concurrent Mark Abort
[2020-10-27T23:46:48.718-0800] GC(110) Concurrent Cycle 6.637ms
[2020-10-27T23:46:48.719-0800] GC(115) Pause Young (Normal) (G1 Evacuation Pause)
[2020-10-27T23:46:48.719-0800] GC(115) Using 6 workers of 8 for evacuation
[2020-10-27T23:46:48.719-0800] GC(115) To-space exhausted
[2020-10-27T23:46:48.719-0800] GC(115)   Pre Evacuate Collection Set: 0.0ms
[2020-10-27T23:46:48.719-0800] GC(115)   Merge Heap Roots: 0.0ms
[2020-10-27T23:46:48.719-0800] GC(115)   Evacuate Collection Set: 0.1ms
[2020-10-27T23:46:48.719-0800] GC(115)   Post Evacuate Collection Set: 0.1ms
[2020-10-27T23:46:48.719-0800] GC(115)   Other: 0.1ms
[2020-10-27T23:46:48.719-0800] GC(115) Eden regions: 5->0(12)
[2020-10-27T23:46:48.719-0800] GC(115) Survivor regions: 0->0(0)
[2020-10-27T23:46:48.719-0800] GC(115) Old regions: 141->146
[2020-10-27T23:46:48.719-0800] GC(115) Archive regions: 2->2
[2020-10-27T23:46:48.719-0800] GC(115) Humongous regions: 108->108
[2020-10-27T23:46:48.719-0800] GC(115) Metaspace: 205K(4864K)->205K(4864K) NonClass: 193K(4352K)->193K(4352K) Class: 12K(512K)->12K(512K)
[2020-10-27T23:46:48.719-0800] GC(115) Pause Young (Normal) (G1 Evacuation Pause) 243M->243M(256M) 0.298ms
[2020-10-27T23:46:48.719-0800] GC(115) User=0.00s Sys=0.00s Real=0.00s
[2020-10-27T23:46:48.719-0800] Attempting maximally compacting collection
[2020-10-27T23:46:48.719-0800] GC(116) Using 6 workers of 8 for full compaction
[2020-10-27T23:46:48.719-0800] GC(116) Pause Full (G1 Evacuation Pause)
[2020-10-27T23:46:48.719-0800] GC(116) Phase 1: Mark live objects
[2020-10-27T23:46:48.719-0800] GC(116) Phase 1: Mark live objects 0.379ms
[2020-10-27T23:46:48.719-0800] GC(116) Phase 2: Prepare for compaction
[2020-10-27T23:46:48.720-0800] GC(116) Phase 2: Prepare for compaction 0.233ms
[2020-10-27T23:46:48.720-0800] GC(116) Phase 3: Adjust pointers
[2020-10-27T23:46:48.720-0800] GC(116) Phase 3: Adjust pointers 0.102ms
[2020-10-27T23:46:48.720-0800] GC(116) Phase 4: Compact heap
[2020-10-27T23:46:48.727-0800] GC(116) Phase 4: Compact heap 7.274ms
[2020-10-27T23:46:48.727-0800] GC(116) Eden regions: 0->0(12)
[2020-10-27T23:46:48.727-0800] GC(116) Survivor regions: 0->0(0)
[2020-10-27T23:46:48.727-0800] GC(116) Old regions: 146->143
[2020-10-27T23:46:48.727-0800] GC(116) Archive regions: 2->2
[2020-10-27T23:46:48.727-0800] GC(116) Humongous regions: 108->107
[2020-10-27T23:46:48.727-0800] GC(116) Metaspace: 205K(4864K)->205K(4864K) NonClass: 193K(4352K)->193K(4352K) Class: 12K(512K)->12K(512K)
[2020-10-27T23:46:48.727-0800] GC(116) Pause Full (G1 Evacuation Pause) 243M->239M(256M) 8.400ms
[2020-10-27T23:46:48.728-0800] GC(116) User=0.02s Sys=0.00s Real=0.01s
[2020-10-27T23:46:48.728-0800] GC(117) Pause Young (Concurrent Start) (G1 Evacuation Pause)
[2020-10-27T23:46:48.728-0800] GC(117) Using 6 workers of 8 for evacuation
[2020-10-27T23:46:48.729-0800] GC(117) To-space exhausted
[2020-10-27T23:46:48.729-0800] GC(117)   Pre Evacuate Collection Set: 0.1ms
[2020-10-27T23:46:48.729-0800] GC(117)   Merge Heap Roots: 0.0ms
[2020-10-27T23:46:48.729-0800] GC(117)   Evacuate Collection Set: 0.1ms
[2020-10-27T23:46:48.729-0800] GC(117)   Post Evacuate Collection Set: 0.1ms
[2020-10-27T23:46:48.729-0800] GC(117)   Other: 0.1ms
[2020-10-27T23:46:48.729-0800] GC(117) Eden regions: 4->0(12)
[2020-10-27T23:46:48.729-0800] GC(117) Survivor regions: 0->0(0)
[2020-10-27T23:46:48.729-0800] GC(117) Old regions: 143->147
[2020-10-27T23:46:48.729-0800] GC(117) Archive regions: 2->2
[2020-10-27T23:46:48.729-0800] GC(117) Humongous regions: 107->107
[2020-10-27T23:46:48.729-0800] GC(117) Metaspace: 205K(4864K)->205K(4864K) NonClass: 193K(4352K)->193K(4352K) Class: 12K(512K)->12K(512K)
[2020-10-27T23:46:48.729-0800] GC(117) Pause Young (Concurrent Start) (G1 Evacuation Pause) 243M->243M(256M) 0.542ms
[2020-10-27T23:46:48.729-0800] GC(117) User=0.00s Sys=0.00s Real=0.00s
[2020-10-27T23:46:48.729-0800] Attempting maximally compacting collection
[2020-10-27T23:46:48.729-0800] GC(118) Concurrent Cycle
[2020-10-27T23:46:48.729-0800] GC(119) Using 6 workers of 8 for full compaction
[2020-10-27T23:46:48.729-0800] GC(118) Concurrent Clear Claimed Marks
[2020-10-27T23:46:48.729-0800] GC(119) Pause Full (G1 Evacuation Pause)
[2020-10-27T23:46:48.729-0800] GC(118) Concurrent Clear Claimed Marks 0.031ms
[2020-10-27T23:46:48.729-0800] GC(118) Concurrent Scan Root Regions
[2020-10-27T23:46:48.729-0800] GC(118) Concurrent Scan Root Regions 0.006ms
[2020-10-27T23:46:48.729-0800] GC(118) Concurrent Mark (0.502s)
[2020-10-27T23:46:48.729-0800] GC(118) Concurrent Mark From Roots
[2020-10-27T23:46:48.729-0800] GC(118) Using 2 workers of 2 for marking
[2020-10-27T23:46:48.730-0800] GC(119) Phase 1: Mark live objects
[2020-10-27T23:46:48.730-0800] GC(119) Phase 1: Mark live objects 0.504ms
[2020-10-27T23:46:48.730-0800] GC(119) Phase 2: Prepare for compaction
[2020-10-27T23:46:48.730-0800] GC(119) Phase 2: Prepare for compaction 0.276ms
[2020-10-27T23:46:48.730-0800] GC(119) Phase 3: Adjust pointers
[2020-10-27T23:46:48.731-0800] GC(119) Phase 3: Adjust pointers 0.193ms
[2020-10-27T23:46:48.731-0800] GC(119) Phase 4: Compact heap
[2020-10-27T23:46:48.736-0800] GC(119) Phase 4: Compact heap 5.605ms
[2020-10-27T23:46:48.736-0800] GC(119) Eden regions: 0->0(12)
[2020-10-27T23:46:48.736-0800] GC(119) Survivor regions: 0->0(0)
[2020-10-27T23:46:48.736-0800] GC(119) Old regions: 147->144
[2020-10-27T23:46:48.736-0800] GC(119) Archive regions: 2->2
[2020-10-27T23:46:48.736-0800] GC(119) Humongous regions: 107->106
[2020-10-27T23:46:48.736-0800] GC(119) Metaspace: 205K(4864K)->205K(4864K) NonClass: 193K(4352K)->193K(4352K) Class: 12K(512K)->12K(512K)
[2020-10-27T23:46:48.736-0800] GC(119) Pause Full (G1 Evacuation Pause) 243M->238M(256M) 7.524ms
[2020-10-27T23:46:48.736-0800] GC(119) User=0.02s Sys=0.00s Real=0.01s
[2020-10-27T23:46:48.737-0800] GC(118) Concurrent Mark From Roots 7.604ms
[2020-10-27T23:46:48.737-0800] GC(118) Concurrent Mark Abort
[2020-10-27T23:46:48.737-0800] GC(118) Concurrent Cycle 7.713ms
[2020-10-27T23:46:48.737-0800] GC(120) Pause Young (Concurrent Start) (G1 Humongous Allocation)
[2020-10-27T23:46:48.737-0800] GC(120) Using 6 workers of 8 for evacuation
[2020-10-27T23:46:48.737-0800] GC(120) To-space exhausted
[2020-10-27T23:46:48.737-0800] GC(120)   Pre Evacuate Collection Set: 0.0ms
[2020-10-27T23:46:48.737-0800] GC(120)   Merge Heap Roots: 0.0ms
[2020-10-27T23:46:48.737-0800] GC(120)   Evacuate Collection Set: 0.1ms
[2020-10-27T23:46:48.737-0800] GC(120)   Post Evacuate Collection Set: 0.1ms
[2020-10-27T23:46:48.737-0800] GC(120)   Other: 0.1ms
[2020-10-27T23:46:48.737-0800] GC(120) Eden regions: 4->0(12)
[2020-10-27T23:46:48.737-0800] GC(120) Survivor regions: 0->0(0)
[2020-10-27T23:46:48.737-0800] GC(120) Old regions: 144->147
[2020-10-27T23:46:48.737-0800] GC(120) Archive regions: 2->2
[2020-10-27T23:46:48.737-0800] GC(120) Humongous regions: 106->106
[2020-10-27T23:46:48.737-0800] GC(120) Metaspace: 205K(4864K)->205K(4864K) NonClass: 193K(4352K)->193K(4352K) Class: 12K(512K)->12K(512K)
[2020-10-27T23:46:48.737-0800] GC(120) Pause Young (Concurrent Start) (G1 Humongous Allocation) 242M->241M(256M) 0.379ms
[2020-10-27T23:46:48.737-0800] GC(120) User=0.00s Sys=0.00s Real=0.00s
[2020-10-27T23:46:48.737-0800] GC(121) Concurrent Cycle
[2020-10-27T23:46:48.737-0800] GC(121) Concurrent Clear Claimed Marks
[2020-10-27T23:46:48.737-0800] GC(121) Concurrent Clear Claimed Marks 0.006ms
[2020-10-27T23:46:48.737-0800] GC(121) Concurrent Scan Root Regions
[2020-10-27T23:46:48.737-0800] GC(121) Concurrent Scan Root Regions 0.004ms
[2020-10-27T23:46:48.737-0800] GC(121) Concurrent Mark (0.510s)
[2020-10-27T23:46:48.737-0800] GC(121) Concurrent Mark From Roots
[2020-10-27T23:46:48.737-0800] GC(121) Using 2 workers of 2 for marking
[2020-10-27T23:46:48.737-0800] GC(122) Pause Young (Normal) (G1 Evacuation Pause)
[2020-10-27T23:46:48.737-0800] GC(122) Using 6 workers of 8 for evacuation
[2020-10-27T23:46:48.738-0800] GC(122)   Pre Evacuate Collection Set: 0.0ms
[2020-10-27T23:46:48.738-0800] GC(122)   Merge Heap Roots: 0.0ms
[2020-10-27T23:46:48.738-0800] GC(122)   Evacuate Collection Set: 0.1ms
[2020-10-27T23:46:48.738-0800] GC(122)   Post Evacuate Collection Set: 0.1ms
[2020-10-27T23:46:48.738-0800] GC(122)   Other: 0.0ms
[2020-10-27T23:46:48.738-0800] GC(122) Eden regions: 0->0(12)
[2020-10-27T23:46:48.738-0800] GC(122) Survivor regions: 0->0(0)
[2020-10-27T23:46:48.738-0800] GC(122) Old regions: 147->147
[2020-10-27T23:46:48.738-0800] GC(122) Archive regions: 2->2
[2020-10-27T23:46:48.738-0800] GC(122) Humongous regions: 107->107
[2020-10-27T23:46:48.738-0800] GC(122) Metaspace: 205K(4864K)->205K(4864K) NonClass: 193K(4352K)->193K(4352K) Class: 12K(512K)->12K(512K)
[2020-10-27T23:46:48.738-0800] GC(122) Pause Young (Normal) (G1 Evacuation Pause) 242M->242M(256M) 0.280ms
[2020-10-27T23:46:48.738-0800] GC(122) User=0.00s Sys=0.00s Real=0.00s
[2020-10-27T23:46:48.738-0800] Attempting maximally compacting collection
[2020-10-27T23:46:48.738-0800] GC(123) Using 6 workers of 8 for full compaction
[2020-10-27T23:46:48.738-0800] GC(123) Pause Full (G1 Evacuation Pause)
[2020-10-27T23:46:48.738-0800] GC(123) Phase 1: Mark live objects
[2020-10-27T23:46:48.739-0800] GC(123) Phase 1: Mark live objects 0.375ms
[2020-10-27T23:46:48.739-0800] GC(123) Phase 2: Prepare for compaction
[2020-10-27T23:46:48.739-0800] GC(123) Phase 2: Prepare for compaction 0.346ms
[2020-10-27T23:46:48.739-0800] GC(123) Phase 3: Adjust pointers
[2020-10-27T23:46:48.739-0800] GC(123) Phase 3: Adjust pointers 0.155ms
[2020-10-27T23:46:48.739-0800] GC(123) Phase 4: Compact heap
[2020-10-27T23:46:48.744-0800] GC(123) Phase 4: Compact heap 4.650ms
[2020-10-27T23:46:48.744-0800] GC(123) Eden regions: 0->0(12)
[2020-10-27T23:46:48.744-0800] GC(123) Survivor regions: 0->0(0)
[2020-10-27T23:46:48.744-0800] GC(123) Old regions: 147->145
[2020-10-27T23:46:48.744-0800] GC(123) Archive regions: 2->2
[2020-10-27T23:46:48.744-0800] GC(123) Humongous regions: 107->106
[2020-10-27T23:46:48.744-0800] GC(123) Metaspace: 205K(4864K)->205K(4864K) NonClass: 193K(4352K)->193K(4352K) Class: 12K(512K)->12K(512K)
[2020-10-27T23:46:48.744-0800] GC(123) Pause Full (G1 Evacuation Pause) 242M->239M(256M) 6.360ms
[2020-10-27T23:46:48.744-0800] GC(123) User=0.02s Sys=0.00s Real=0.01s
[2020-10-27T23:46:48.744-0800] GC(121) Concurrent Mark From Roots 6.861ms
[2020-10-27T23:46:48.744-0800] GC(121) Concurrent Mark Abort
[2020-10-27T23:46:48.744-0800] GC(121) Concurrent Cycle 6.933ms
[2020-10-27T23:46:48.745-0800] GC(124) Pause Young (Concurrent Start) (G1 Humongous Allocation)
[2020-10-27T23:46:48.745-0800] GC(124) Using 6 workers of 8 for evacuation
[2020-10-27T23:46:48.745-0800] GC(124)   Pre Evacuate Collection Set: 0.0ms
[2020-10-27T23:46:48.745-0800] GC(124)   Merge Heap Roots: 0.0ms
[2020-10-27T23:46:48.745-0800] GC(124)   Evacuate Collection Set: 0.1ms
[2020-10-27T23:46:48.745-0800] GC(124)   Post Evacuate Collection Set: 0.1ms
[2020-10-27T23:46:48.745-0800] GC(124)   Other: 0.2ms
[2020-10-27T23:46:48.745-0800] GC(124) Eden regions: 2->0(11)
[2020-10-27T23:46:48.745-0800] GC(124) Survivor regions: 0->1(1)
[2020-10-27T23:46:48.745-0800] GC(124) Old regions: 145->145
[2020-10-27T23:46:48.745-0800] GC(124) Archive regions: 2->2
[2020-10-27T23:46:48.745-0800] GC(124) Humongous regions: 106->106
[2020-10-27T23:46:48.745-0800] GC(124) Metaspace: 205K(4864K)->205K(4864K) NonClass: 193K(4352K)->193K(4352K) Class: 12K(512K)->12K(512K)
[2020-10-27T23:46:48.745-0800] GC(124) Pause Young (Concurrent Start) (G1 Humongous Allocation) 240M->239M(256M) 0.467ms
[2020-10-27T23:46:48.745-0800] GC(124) User=0.00s Sys=0.00s Real=0.00s
[2020-10-27T23:46:48.745-0800] GC(125) Concurrent Cycle
[2020-10-27T23:46:48.745-0800] GC(125) Concurrent Clear Claimed Marks
[2020-10-27T23:46:48.745-0800] GC(125) Concurrent Clear Claimed Marks 0.006ms
[2020-10-27T23:46:48.745-0800] GC(125) Concurrent Scan Root Regions
[2020-10-27T23:46:48.745-0800] GC(125) Concurrent Scan Root Regions 0.011ms
[2020-10-27T23:46:48.745-0800] GC(125) Concurrent Mark (0.518s)
[2020-10-27T23:46:48.745-0800] GC(125) Concurrent Mark From Roots
[2020-10-27T23:46:48.745-0800] GC(125) Using 2 workers of 2 for marking
[2020-10-27T23:46:48.745-0800] GC(126) Pause Young (Normal) (G1 Humongous Allocation)
[2020-10-27T23:46:48.745-0800] GC(126) Using 6 workers of 8 for evacuation
[2020-10-27T23:46:48.745-0800] GC(126) To-space exhausted
[2020-10-27T23:46:48.745-0800] GC(126)   Pre Evacuate Collection Set: 0.0ms
[2020-10-27T23:46:48.745-0800] GC(126)   Merge Heap Roots: 0.0ms
[2020-10-27T23:46:48.745-0800] GC(126)   Evacuate Collection Set: 0.0ms
[2020-10-27T23:46:48.745-0800] GC(126)   Post Evacuate Collection Set: 0.1ms
[2020-10-27T23:46:48.745-0800] GC(126)   Other: 0.1ms
[2020-10-27T23:46:48.745-0800] GC(126) Eden regions: 1->0(12)
[2020-10-27T23:46:48.745-0800] GC(126) Survivor regions: 1->0(0)
[2020-10-27T23:46:48.745-0800] GC(126) Old regions: 145->146
[2020-10-27T23:46:48.745-0800] GC(126) Archive regions: 2->2
[2020-10-27T23:46:48.745-0800] GC(126) Humongous regions: 107->107
[2020-10-27T23:46:48.745-0800] GC(126) Metaspace: 205K(4864K)->205K(4864K) NonClass: 193K(4352K)->193K(4352K) Class: 12K(512K)->12K(512K)
[2020-10-27T23:46:48.745-0800] GC(126) Pause Young (Normal) (G1 Humongous Allocation) 241M->240M(256M) 0.306ms
[2020-10-27T23:46:48.745-0800] GC(126) User=0.00s Sys=0.00s Real=0.00s
[2020-10-27T23:46:48.746-0800] GC(127) Pause Young (Normal) (G1 Evacuation Pause)
[2020-10-27T23:46:48.746-0800] GC(127) Using 6 workers of 8 for evacuation
[2020-10-27T23:46:48.746-0800] GC(127)   Pre Evacuate Collection Set: 0.0ms
[2020-10-27T23:46:48.746-0800] GC(127)   Merge Heap Roots: 0.0ms
[2020-10-27T23:46:48.746-0800] GC(127)   Evacuate Collection Set: 0.0ms
[2020-10-27T23:46:48.746-0800] GC(127)   Post Evacuate Collection Set: 0.0ms
[2020-10-27T23:46:48.746-0800] GC(127)   Other: 0.1ms
[2020-10-27T23:46:48.746-0800] GC(127) Eden regions: 0->0(12)
[2020-10-27T23:46:48.746-0800] GC(127) Survivor regions: 0->0(0)
[2020-10-27T23:46:48.746-0800] GC(127) Old regions: 146->146
[2020-10-27T23:46:48.746-0800] GC(127) Archive regions: 2->2
[2020-10-27T23:46:48.746-0800] GC(127) Humongous regions: 108->108
[2020-10-27T23:46:48.746-0800] GC(127) Metaspace: 205K(4864K)->205K(4864K) NonClass: 193K(4352K)->193K(4352K) Class: 12K(512K)->12K(512K)
[2020-10-27T23:46:48.746-0800] GC(127) Pause Young (Normal) (G1 Evacuation Pause) 241M->241M(256M) 0.271ms
[2020-10-27T23:46:48.746-0800] GC(127) User=0.00s Sys=0.00s Real=0.00s
[2020-10-27T23:46:48.746-0800] Attempting maximally compacting collection
[2020-10-27T23:46:48.746-0800] GC(128) Using 6 workers of 8 for full compaction
[2020-10-27T23:46:48.746-0800] GC(128) Pause Full (G1 Evacuation Pause)
[2020-10-27T23:46:48.746-0800] GC(128) Phase 1: Mark live objects
[2020-10-27T23:46:48.747-0800] GC(128) Phase 1: Mark live objects 0.421ms
[2020-10-27T23:46:48.747-0800] GC(128) Phase 2: Prepare for compaction
[2020-10-27T23:46:48.747-0800] GC(128) Phase 2: Prepare for compaction 0.245ms
[2020-10-27T23:46:48.747-0800] GC(128) Phase 3: Adjust pointers
[2020-10-27T23:46:48.747-0800] GC(128) Phase 3: Adjust pointers 0.136ms
[2020-10-27T23:46:48.747-0800] GC(128) Phase 4: Compact heap
[2020-10-27T23:46:48.754-0800] GC(128) Phase 4: Compact heap 6.975ms
[2020-10-27T23:46:48.754-0800] GC(128) Eden regions: 0->0(12)
[2020-10-27T23:46:48.754-0800] GC(128) Survivor regions: 0->0(0)
[2020-10-27T23:46:48.754-0800] GC(128) Old regions: 146->145
[2020-10-27T23:46:48.754-0800] GC(128) Archive regions: 2->2
[2020-10-27T23:46:48.754-0800] GC(128) Humongous regions: 108->108
[2020-10-27T23:46:48.754-0800] GC(128) Metaspace: 205K(4864K)->205K(4864K) NonClass: 193K(4352K)->193K(4352K) Class: 12K(512K)->12K(512K)
[2020-10-27T23:46:48.754-0800] GC(128) Pause Full (G1 Evacuation Pause) 241M->241M(256M) 8.612ms
[2020-10-27T23:46:48.755-0800] GC(128) User=0.02s Sys=0.01s Real=0.01s
[2020-10-27T23:46:48.755-0800] GC(125) Concurrent Mark From Roots 9.552ms
[2020-10-27T23:46:48.755-0800] GC(125) Concurrent Mark Abort
[2020-10-27T23:46:48.755-0800] GC(125) Concurrent Cycle 9.614ms
[2020-10-27T23:46:48.755-0800] GC(129) Pause Young (Normal) (G1 Evacuation Pause)
[2020-10-27T23:46:48.755-0800] GC(129) Using 6 workers of 8 for evacuation
[2020-10-27T23:46:48.755-0800] GC(129) To-space exhausted
[2020-10-27T23:46:48.755-0800] GC(129)   Pre Evacuate Collection Set: 0.0ms
[2020-10-27T23:46:48.755-0800] GC(129)   Merge Heap Roots: 0.0ms
[2020-10-27T23:46:48.755-0800] GC(129)   Evacuate Collection Set: 0.1ms
[2020-10-27T23:46:48.755-0800] GC(129)   Post Evacuate Collection Set: 0.1ms
[2020-10-27T23:46:48.755-0800] GC(129)   Other: 0.1ms
[2020-10-27T23:46:48.755-0800] GC(129) Eden regions: 1->0(12)
[2020-10-27T23:46:48.755-0800] GC(129) Survivor regions: 0->0(0)
[2020-10-27T23:46:48.755-0800] GC(129) Old regions: 145->146
[2020-10-27T23:46:48.755-0800] GC(129) Archive regions: 2->2
[2020-10-27T23:46:48.755-0800] GC(129) Humongous regions: 108->108
[2020-10-27T23:46:48.755-0800] GC(129) Metaspace: 205K(4864K)->205K(4864K) NonClass: 193K(4352K)->193K(4352K) Class: 12K(512K)->12K(512K)
[2020-10-27T23:46:48.755-0800] GC(129) Pause Young (Normal) (G1 Evacuation Pause) 242M->242M(256M) 0.367ms
[2020-10-27T23:46:48.755-0800] GC(129) User=0.01s Sys=0.00s Real=0.00s
[2020-10-27T23:46:48.755-0800] Attempting maximally compacting collection
[2020-10-27T23:46:48.755-0800] GC(130) Using 6 workers of 8 for full compaction
[2020-10-27T23:46:48.755-0800] GC(130) Pause Full (G1 Evacuation Pause)
[2020-10-27T23:46:48.755-0800] GC(130) Phase 1: Mark live objects
[2020-10-27T23:46:48.756-0800] GC(130) Phase 1: Mark live objects 0.440ms
[2020-10-27T23:46:48.756-0800] GC(130) Phase 2: Prepare for compaction
[2020-10-27T23:46:48.756-0800] GC(130) Phase 2: Prepare for compaction 0.292ms
[2020-10-27T23:46:48.756-0800] GC(130) Phase 3: Adjust pointers
[2020-10-27T23:46:48.756-0800] GC(130) Phase 3: Adjust pointers 0.156ms
[2020-10-27T23:46:48.756-0800] GC(130) Phase 4: Compact heap
[2020-10-27T23:46:48.760-0800] GC(130) Phase 4: Compact heap 3.589ms
[2020-10-27T23:46:48.760-0800] GC(130) Eden regions: 0->0(12)
[2020-10-27T23:46:48.760-0800] GC(130) Survivor regions: 0->0(0)
[2020-10-27T23:46:48.760-0800] GC(130) Old regions: 146->145
[2020-10-27T23:46:48.760-0800] GC(130) Archive regions: 2->2
[2020-10-27T23:46:48.760-0800] GC(130) Humongous regions: 108->108
[2020-10-27T23:46:48.760-0800] GC(130) Metaspace: 205K(4864K)->205K(4864K) NonClass: 193K(4352K)->193K(4352K) Class: 12K(512K)->12K(512K)
[2020-10-27T23:46:48.760-0800] GC(130) Pause Full (G1 Evacuation Pause) 242M->241M(256M) 4.746ms
[2020-10-27T23:46:48.760-0800] GC(130) User=0.01s Sys=0.00s Real=0.01s
[2020-10-27T23:46:48.760-0800] GC(131) Pause Young (Concurrent Start) (G1 Evacuation Pause)
[2020-10-27T23:46:48.760-0800] GC(131) Using 6 workers of 8 for evacuation
[2020-10-27T23:46:48.760-0800] GC(131) To-space exhausted
[2020-10-27T23:46:48.760-0800] GC(131)   Pre Evacuate Collection Set: 0.0ms
[2020-10-27T23:46:48.760-0800] GC(131)   Merge Heap Roots: 0.0ms
[2020-10-27T23:46:48.760-0800] GC(131)   Evacuate Collection Set: 0.1ms
[2020-10-27T23:46:48.760-0800] GC(131)   Post Evacuate Collection Set: 0.1ms
[2020-10-27T23:46:48.760-0800] GC(131)   Other: 0.1ms
[2020-10-27T23:46:48.760-0800] GC(131) Eden regions: 1->0(12)
[2020-10-27T23:46:48.760-0800] GC(131) Survivor regions: 0->0(0)
[2020-10-27T23:46:48.760-0800] GC(131) Old regions: 145->146
[2020-10-27T23:46:48.760-0800] GC(131) Archive regions: 2->2
[2020-10-27T23:46:48.760-0800] GC(131) Humongous regions: 108->108
[2020-10-27T23:46:48.760-0800] GC(131) Metaspace: 205K(4864K)->205K(4864K) NonClass: 193K(4352K)->193K(4352K) Class: 12K(512K)->12K(512K)
[2020-10-27T23:46:48.760-0800] GC(131) Pause Young (Concurrent Start) (G1 Evacuation Pause) 242M->242M(256M) 0.354ms
[2020-10-27T23:46:48.760-0800] GC(131) User=0.00s Sys=0.00s Real=0.00s
[2020-10-27T23:46:48.760-0800] Attempting maximally compacting collection
[2020-10-27T23:46:48.760-0800] GC(132) Using 6 workers of 8 for full compaction
[2020-10-27T23:46:48.760-0800] GC(133) Concurrent Cycle
[2020-10-27T23:46:48.760-0800] GC(132) Pause Full (G1 Evacuation Pause)
[2020-10-27T23:46:48.760-0800] GC(133) Concurrent Clear Claimed Marks
[2020-10-27T23:46:48.760-0800] GC(133) Concurrent Clear Claimed Marks 0.016ms
[2020-10-27T23:46:48.760-0800] GC(133) Concurrent Scan Root Regions
[2020-10-27T23:46:48.760-0800] GC(133) Concurrent Scan Root Regions 0.005ms
[2020-10-27T23:46:48.760-0800] GC(133) Concurrent Mark (0.533s)
[2020-10-27T23:46:48.761-0800] GC(133) Concurrent Mark From Roots
[2020-10-27T23:46:48.761-0800] GC(133) Using 2 workers of 2 for marking
[2020-10-27T23:46:48.761-0800] GC(132) Phase 1: Mark live objects
[2020-10-27T23:46:48.762-0800] GC(132) Phase 1: Mark live objects 0.519ms
[2020-10-27T23:46:48.762-0800] GC(132) Phase 2: Prepare for compaction
[2020-10-27T23:46:48.762-0800] GC(132) Phase 2: Prepare for compaction 0.237ms
[2020-10-27T23:46:48.762-0800] GC(132) Phase 3: Adjust pointers
[2020-10-27T23:46:48.762-0800] GC(132) Phase 3: Adjust pointers 0.103ms
[2020-10-27T23:46:48.762-0800] GC(132) Phase 4: Compact heap
[2020-10-27T23:46:48.764-0800] GC(132) Phase 4: Compact heap 2.039ms
[2020-10-27T23:46:48.764-0800] GC(132) Eden regions: 0->0(12)
[2020-10-27T23:46:48.764-0800] GC(132) Survivor regions: 0->0(0)
[2020-10-27T23:46:48.764-0800] GC(132) Old regions: 146->145
[2020-10-27T23:46:48.764-0800] GC(132) Archive regions: 2->2
[2020-10-27T23:46:48.764-0800] GC(132) Humongous regions: 108->108
[2020-10-27T23:46:48.764-0800] GC(132) Metaspace: 205K(4864K)->205K(4864K) NonClass: 193K(4352K)->193K(4352K) Class: 12K(512K)->12K(512K)
[2020-10-27T23:46:48.764-0800] GC(132) Pause Full (G1 Evacuation Pause) 242M->242M(256M) 3.715ms
[2020-10-27T23:46:48.764-0800] GC(132) User=0.01s Sys=0.00s Real=0.00s
[2020-10-27T23:46:48.764-0800] GC(133) Concurrent Mark From Roots 3.781ms
[2020-10-27T23:46:48.764-0800] GC(133) Concurrent Mark Abort
[2020-10-27T23:46:48.764-0800] GC(133) Concurrent Cycle 3.863ms
[2020-10-27T23:46:48.764-0800] GC(134) Pause Young (Concurrent Start) (G1 Humongous Allocation)
[2020-10-27T23:46:48.764-0800] GC(134) Using 6 workers of 8 for evacuation
[2020-10-27T23:46:48.765-0800] GC(134) To-space exhausted
[2020-10-27T23:46:48.765-0800] GC(134)   Pre Evacuate Collection Set: 0.0ms
[2020-10-27T23:46:48.765-0800] GC(134)   Merge Heap Roots: 0.0ms
[2020-10-27T23:46:48.765-0800] GC(134)   Evacuate Collection Set: 0.1ms
[2020-10-27T23:46:48.765-0800] GC(134)   Post Evacuate Collection Set: 0.1ms
[2020-10-27T23:46:48.765-0800] GC(134)   Other: 0.1ms
[2020-10-27T23:46:48.765-0800] GC(134) Eden regions: 1->0(12)
[2020-10-27T23:46:48.765-0800] GC(134) Survivor regions: 0->0(0)
[2020-10-27T23:46:48.765-0800] GC(134) Old regions: 145->146
[2020-10-27T23:46:48.765-0800] GC(134) Archive regions: 2->2
[2020-10-27T23:46:48.765-0800] GC(134) Humongous regions: 108->108
[2020-10-27T23:46:48.765-0800] GC(134) Metaspace: 205K(4864K)->205K(4864K) NonClass: 193K(4352K)->193K(4352K) Class: 12K(512K)->12K(512K)
[2020-10-27T23:46:48.765-0800] GC(134) Pause Young (Concurrent Start) (G1 Humongous Allocation) 243M->243M(256M) 0.402ms
[2020-10-27T23:46:48.765-0800] GC(134) User=0.00s Sys=0.00s Real=0.00s
[2020-10-27T23:46:48.765-0800] GC(135) Concurrent Cycle
[2020-10-27T23:46:48.765-0800] GC(135) Concurrent Clear Claimed Marks
[2020-10-27T23:46:48.765-0800] GC(135) Concurrent Clear Claimed Marks 0.005ms
[2020-10-27T23:46:48.765-0800] GC(135) Concurrent Scan Root Regions
[2020-10-27T23:46:48.765-0800] GC(135) Concurrent Scan Root Regions 0.005ms
[2020-10-27T23:46:48.765-0800] GC(135) Concurrent Mark (0.538s)
[2020-10-27T23:46:48.765-0800] GC(136) Pause Young (Normal) (G1 Humongous Allocation)
[2020-10-27T23:46:48.765-0800] GC(135) Concurrent Mark From Roots
[2020-10-27T23:46:48.765-0800] GC(136) Using 6 workers of 8 for evacuation
[2020-10-27T23:46:48.765-0800] GC(135) Using 2 workers of 2 for marking
[2020-10-27T23:46:48.765-0800] GC(136)   Pre Evacuate Collection Set: 0.0ms
[2020-10-27T23:46:48.765-0800] GC(136)   Merge Heap Roots: 0.0ms
[2020-10-27T23:46:48.765-0800] GC(136)   Evacuate Collection Set: 0.0ms
[2020-10-27T23:46:48.765-0800] GC(136)   Post Evacuate Collection Set: 0.0ms
[2020-10-27T23:46:48.765-0800] GC(136)   Other: 0.0ms
[2020-10-27T23:46:48.765-0800] GC(136) Eden regions: 0->0(12)
[2020-10-27T23:46:48.765-0800] GC(136) Survivor regions: 0->0(0)
[2020-10-27T23:46:48.765-0800] GC(136) Old regions: 146->146
[2020-10-27T23:46:48.765-0800] GC(136) Archive regions: 2->2
[2020-10-27T23:46:48.765-0800] GC(136) Humongous regions: 108->108
[2020-10-27T23:46:48.765-0800] GC(136) Metaspace: 205K(4864K)->205K(4864K) NonClass: 193K(4352K)->193K(4352K) Class: 12K(512K)->12K(512K)
[2020-10-27T23:46:48.765-0800] GC(136) Pause Young (Normal) (G1 Humongous Allocation) 243M->243M(256M) 0.225ms
[2020-10-27T23:46:48.765-0800] GC(136) User=0.00s Sys=0.00s Real=0.00s
[2020-10-27T23:46:48.765-0800] GC(137) Using 6 workers of 8 for full compaction
[2020-10-27T23:46:48.765-0800] GC(137) Pause Full (G1 Humongous Allocation)
[2020-10-27T23:46:48.766-0800] GC(137) Phase 1: Mark live objects
[2020-10-27T23:46:48.766-0800] GC(137) Phase 1: Mark live objects 0.415ms
[2020-10-27T23:46:48.766-0800] GC(137) Phase 2: Prepare for compaction
[2020-10-27T23:46:48.766-0800] GC(137) Phase 2: Prepare for compaction 0.258ms
[2020-10-27T23:46:48.766-0800] GC(137) Phase 3: Adjust pointers
[2020-10-27T23:46:48.766-0800] GC(137) Phase 3: Adjust pointers 0.118ms
[2020-10-27T23:46:48.766-0800] GC(137) Phase 4: Compact heap
[2020-10-27T23:46:48.769-0800] GC(137) Phase 4: Compact heap 2.127ms
[2020-10-27T23:46:48.769-0800] GC(137) Eden regions: 0->0(12)
[2020-10-27T23:46:48.769-0800] GC(137) Survivor regions: 0->0(0)
[2020-10-27T23:46:48.769-0800] GC(137) Old regions: 146->145
[2020-10-27T23:46:48.769-0800] GC(137) Archive regions: 2->2
[2020-10-27T23:46:48.769-0800] GC(137) Humongous regions: 108->108
[2020-10-27T23:46:48.769-0800] GC(137) Metaspace: 205K(4864K)->205K(4864K) NonClass: 193K(4352K)->193K(4352K) Class: 12K(512K)->12K(512K)
[2020-10-27T23:46:48.769-0800] GC(137) Pause Full (G1 Humongous Allocation) 243M->242M(256M) 3.817ms
[2020-10-27T23:46:48.769-0800] GC(137) User=0.02s Sys=0.00s Real=0.00s
[2020-10-27T23:46:48.769-0800] GC(135) Concurrent Mark From Roots 4.201ms
[2020-10-27T23:46:48.769-0800] GC(135) Concurrent Mark Abort
[2020-10-27T23:46:48.769-0800] GC(135) Concurrent Cycle 4.268ms
[2020-10-27T23:46:48.769-0800] GC(138) Pause Young (Normal) (G1 Evacuation Pause)
[2020-10-27T23:46:48.769-0800] GC(138) Using 6 workers of 8 for evacuation
[2020-10-27T23:46:48.769-0800] GC(138)   Pre Evacuate Collection Set: 0.0ms
[2020-10-27T23:46:48.769-0800] GC(138)   Merge Heap Roots: 0.0ms
[2020-10-27T23:46:48.769-0800] GC(138)   Evacuate Collection Set: 0.1ms
[2020-10-27T23:46:48.769-0800] GC(138)   Post Evacuate Collection Set: 0.1ms
[2020-10-27T23:46:48.769-0800] GC(138)   Other: 0.1ms
[2020-10-27T23:46:48.769-0800] GC(138) Eden regions: 0->0(12)
[2020-10-27T23:46:48.769-0800] GC(138) Survivor regions: 0->0(0)
[2020-10-27T23:46:48.769-0800] GC(138) Old regions: 145->145
[2020-10-27T23:46:48.769-0800] GC(138) Archive regions: 2->2
[2020-10-27T23:46:48.769-0800] GC(138) Humongous regions: 109->109
[2020-10-27T23:46:48.769-0800] GC(138) Metaspace: 205K(4864K)->205K(4864K) NonClass: 193K(4352K)->193K(4352K) Class: 12K(512K)->12K(512K)
[2020-10-27T23:46:48.769-0800] GC(138) Pause Young (Normal) (G1 Evacuation Pause) 243M->243M(256M) 0.311ms
[2020-10-27T23:46:48.769-0800] GC(138) User=0.00s Sys=0.00s Real=0.00s
[2020-10-27T23:46:48.769-0800] Attempting maximally compacting collection
[2020-10-27T23:46:48.769-0800] GC(139) Using 6 workers of 8 for full compaction
[2020-10-27T23:46:48.769-0800] GC(139) Pause Full (G1 Evacuation Pause)
[2020-10-27T23:46:48.770-0800] GC(139) Phase 1: Mark live objects
[2020-10-27T23:46:48.770-0800] GC(139) Phase 1: Mark live objects 0.379ms
[2020-10-27T23:46:48.770-0800] GC(139) Phase 2: Prepare for compaction
[2020-10-27T23:46:48.770-0800] GC(139) Phase 2: Prepare for compaction 0.222ms
[2020-10-27T23:46:48.770-0800] GC(139) Phase 3: Adjust pointers
[2020-10-27T23:46:48.770-0800] GC(139) Phase 3: Adjust pointers 0.133ms
[2020-10-27T23:46:48.770-0800] GC(139) Phase 4: Compact heap
[2020-10-27T23:46:48.773-0800] GC(139) Phase 4: Compact heap 2.298ms
[2020-10-27T23:46:48.773-0800] GC(139) Eden regions: 0->0(12)
[2020-10-27T23:46:48.773-0800] GC(139) Survivor regions: 0->0(0)
[2020-10-27T23:46:48.773-0800] GC(139) Old regions: 145->144
[2020-10-27T23:46:48.773-0800] GC(139) Archive regions: 2->2
[2020-10-27T23:46:48.773-0800] GC(139) Humongous regions: 109->109
[2020-10-27T23:46:48.773-0800] GC(139) Metaspace: 205K(4864K)->205K(4864K) NonClass: 193K(4352K)->193K(4352K) Class: 12K(512K)->12K(512K)
[2020-10-27T23:46:48.773-0800] GC(139) Pause Full (G1 Evacuation Pause) 243M->243M(256M) 3.245ms
[2020-10-27T23:46:48.773-0800] GC(139) User=0.00s Sys=0.00s Real=0.01s
[2020-10-27T23:46:48.773-0800] GC(140) Pause Young (Concurrent Start) (G1 Humongous Allocation)
[2020-10-27T23:46:48.773-0800] GC(140) Using 6 workers of 8 for evacuation
[2020-10-27T23:46:48.773-0800] GC(140) To-space exhausted
[2020-10-27T23:46:48.773-0800] GC(140)   Pre Evacuate Collection Set: 0.0ms
[2020-10-27T23:46:48.773-0800] GC(140)   Merge Heap Roots: 0.0ms
[2020-10-27T23:46:48.773-0800] GC(140)   Evacuate Collection Set: 0.1ms
[2020-10-27T23:46:48.773-0800] GC(140)   Post Evacuate Collection Set: 0.1ms
[2020-10-27T23:46:48.773-0800] GC(140)   Other: 0.1ms
[2020-10-27T23:46:48.773-0800] GC(140) Eden regions: 1->0(12)
[2020-10-27T23:46:48.773-0800] GC(140) Survivor regions: 0->0(0)
[2020-10-27T23:46:48.773-0800] GC(140) Old regions: 144->145
[2020-10-27T23:46:48.773-0800] GC(140) Archive regions: 2->2
[2020-10-27T23:46:48.773-0800] GC(140) Humongous regions: 109->109
[2020-10-27T23:46:48.773-0800] GC(140) Metaspace: 205K(4864K)->205K(4864K) NonClass: 193K(4352K)->193K(4352K) Class: 12K(512K)->12K(512K)
[2020-10-27T23:46:48.773-0800] GC(140) Pause Young (Concurrent Start) (G1 Humongous Allocation) 243M->243M(256M) 0.314ms
[2020-10-27T23:46:48.773-0800] GC(140) User=0.01s Sys=0.00s Real=0.00s
[2020-10-27T23:46:48.773-0800] GC(141) Concurrent Cycle
[2020-10-27T23:46:48.773-0800] GC(141) Concurrent Clear Claimed Marks
[2020-10-27T23:46:48.773-0800] GC(141) Concurrent Clear Claimed Marks 0.005ms
[2020-10-27T23:46:48.773-0800] GC(141) Concurrent Scan Root Regions
[2020-10-27T23:46:48.773-0800] GC(141) Concurrent Scan Root Regions 0.005ms
[2020-10-27T23:46:48.773-0800] GC(141) Concurrent Mark (0.546s)
[2020-10-27T23:46:48.773-0800] GC(141) Concurrent Mark From Roots
[2020-10-27T23:46:48.773-0800] GC(141) Using 2 workers of 2 for marking
[2020-10-27T23:46:48.773-0800] GC(142) Pause Young (Normal) (G1 Humongous Allocation)
[2020-10-27T23:46:48.773-0800] GC(142) Using 6 workers of 8 for evacuation
[2020-10-27T23:46:48.773-0800] GC(142)   Pre Evacuate Collection Set: 0.0ms
[2020-10-27T23:46:48.773-0800] GC(142)   Merge Heap Roots: 0.0ms
[2020-10-27T23:46:48.773-0800] GC(142)   Evacuate Collection Set: 0.0ms
[2020-10-27T23:46:48.773-0800] GC(142)   Post Evacuate Collection Set: 0.0ms
[2020-10-27T23:46:48.773-0800] GC(142)   Other: 0.0ms
[2020-10-27T23:46:48.773-0800] GC(142) Eden regions: 0->0(12)
[2020-10-27T23:46:48.773-0800] GC(142) Survivor regions: 0->0(0)
[2020-10-27T23:46:48.773-0800] GC(142) Old regions: 145->145
[2020-10-27T23:46:48.773-0800] GC(142) Archive regions: 2->2
[2020-10-27T23:46:48.773-0800] GC(142) Humongous regions: 109->109
[2020-10-27T23:46:48.773-0800] GC(142) Metaspace: 205K(4864K)->205K(4864K) NonClass: 193K(4352K)->193K(4352K) Class: 12K(512K)->12K(512K)
[2020-10-27T23:46:48.773-0800] GC(142) Pause Young (Normal) (G1 Humongous Allocation) 243M->243M(256M) 0.212ms
[2020-10-27T23:46:48.773-0800] GC(142) User=0.00s Sys=0.00s Real=0.00s
[2020-10-27T23:46:48.774-0800] GC(143) Using 6 workers of 8 for full compaction
[2020-10-27T23:46:48.774-0800] GC(143) Pause Full (G1 Humongous Allocation)
[2020-10-27T23:46:48.774-0800] GC(143) Phase 1: Mark live objects
[2020-10-27T23:46:48.774-0800] GC(143) Phase 1: Mark live objects 0.360ms
[2020-10-27T23:46:48.774-0800] GC(143) Phase 2: Prepare for compaction
[2020-10-27T23:46:48.775-0800] GC(143) Phase 2: Prepare for compaction 0.249ms
[2020-10-27T23:46:48.775-0800] GC(143) Phase 3: Adjust pointers
[2020-10-27T23:46:48.775-0800] GC(143) Phase 3: Adjust pointers 0.101ms
[2020-10-27T23:46:48.775-0800] GC(143) Phase 4: Compact heap
[2020-10-27T23:46:48.776-0800] GC(143) Phase 4: Compact heap 1.494ms
[2020-10-27T23:46:48.776-0800] GC(143) Eden regions: 0->0(12)
[2020-10-27T23:46:48.776-0800] GC(143) Survivor regions: 0->0(0)
[2020-10-27T23:46:48.776-0800] GC(143) Old regions: 145->144
[2020-10-27T23:46:48.776-0800] GC(143) Archive regions: 2->2
[2020-10-27T23:46:48.776-0800] GC(143) Humongous regions: 109->109
[2020-10-27T23:46:48.776-0800] GC(143) Metaspace: 205K(4864K)->205K(4864K) NonClass: 193K(4352K)->193K(4352K) Class: 12K(512K)->12K(512K)
[2020-10-27T23:46:48.776-0800] GC(143) Pause Full (G1 Humongous Allocation) 243M->243M(256M) 2.942ms
[2020-10-27T23:46:48.777-0800] GC(143) User=0.00s Sys=0.00s Real=0.00s
[2020-10-27T23:46:48.777-0800] GC(141) Concurrent Mark From Roots 3.273ms
[2020-10-27T23:46:48.777-0800] GC(141) Concurrent Mark Abort
[2020-10-27T23:46:48.777-0800] GC(141) Concurrent Cycle 3.331ms
[2020-10-27T23:46:48.777-0800] GC(144) Pause Young (Normal) (G1 Evacuation Pause)
[2020-10-27T23:46:48.777-0800] GC(144) Using 6 workers of 8 for evacuation
[2020-10-27T23:46:48.777-0800] GC(144)   Pre Evacuate Collection Set: 0.0ms
[2020-10-27T23:46:48.777-0800] GC(144)   Merge Heap Roots: 0.0ms
[2020-10-27T23:46:48.777-0800] GC(144)   Evacuate Collection Set: 0.0ms
[2020-10-27T23:46:48.777-0800] GC(144)   Post Evacuate Collection Set: 0.1ms
[2020-10-27T23:46:48.777-0800] GC(144)   Other: 0.0ms
[2020-10-27T23:46:48.777-0800] GC(144) Eden regions: 0->0(12)
[2020-10-27T23:46:48.777-0800] GC(144) Survivor regions: 0->0(0)
[2020-10-27T23:46:48.777-0800] GC(144) Old regions: 144->144
[2020-10-27T23:46:48.777-0800] GC(144) Archive regions: 2->2
[2020-10-27T23:46:48.777-0800] GC(144) Humongous regions: 110->109
[2020-10-27T23:46:48.777-0800] GC(144) Metaspace: 205K(4864K)->205K(4864K) NonClass: 193K(4352K)->193K(4352K) Class: 12K(512K)->12K(512K)
[2020-10-27T23:46:48.777-0800] GC(144) Pause Young (Normal) (G1 Evacuation Pause) 244M->243M(256M) 0.248ms
[2020-10-27T23:46:48.777-0800] GC(144) User=0.00s Sys=0.00s Real=0.00s
[2020-10-27T23:46:48.777-0800] GC(145) Pause Young (Concurrent Start) (G1 Evacuation Pause)
[2020-10-27T23:46:48.777-0800] GC(145) Using 6 workers of 8 for evacuation
[2020-10-27T23:46:48.777-0800] GC(145) To-space exhausted
[2020-10-27T23:46:48.777-0800] GC(145)   Pre Evacuate Collection Set: 0.0ms
[2020-10-27T23:46:48.777-0800] GC(145)   Merge Heap Roots: 0.0ms
[2020-10-27T23:46:48.777-0800] GC(145)   Evacuate Collection Set: 0.1ms
[2020-10-27T23:46:48.777-0800] GC(145)   Post Evacuate Collection Set: 0.1ms
[2020-10-27T23:46:48.777-0800] GC(145)   Other: 0.1ms
[2020-10-27T23:46:48.777-0800] GC(145) Eden regions: 1->0(12)
[2020-10-27T23:46:48.777-0800] GC(145) Survivor regions: 0->0(0)
[2020-10-27T23:46:48.777-0800] GC(145) Old regions: 144->145
[2020-10-27T23:46:48.777-0800] GC(145) Archive regions: 2->2
[2020-10-27T23:46:48.777-0800] GC(145) Humongous regions: 109->109
[2020-10-27T23:46:48.777-0800] GC(145) Metaspace: 205K(4864K)->205K(4864K) NonClass: 193K(4352K)->193K(4352K) Class: 12K(512K)->12K(512K)
[2020-10-27T23:46:48.777-0800] GC(145) Pause Young (Concurrent Start) (G1 Evacuation Pause) 244M->244M(256M) 0.303ms
[2020-10-27T23:46:48.777-0800] GC(145) User=0.01s Sys=0.00s Real=0.00s
[2020-10-27T23:46:48.777-0800] Attempting maximally compacting collection
[2020-10-27T23:46:48.777-0800] GC(146) Concurrent Cycle
[2020-10-27T23:46:48.777-0800] GC(147) Using 6 workers of 8 for full compaction
[2020-10-27T23:46:48.777-0800] GC(146) Concurrent Clear Claimed Marks
[2020-10-27T23:46:48.777-0800] GC(146) Concurrent Clear Claimed Marks 0.013ms
[2020-10-27T23:46:48.777-0800] GC(147) Pause Full (G1 Evacuation Pause)
[2020-10-27T23:46:48.777-0800] GC(146) Concurrent Scan Root Regions
[2020-10-27T23:46:48.777-0800] GC(146) Concurrent Scan Root Regions 0.012ms
[2020-10-27T23:46:48.777-0800] GC(146) Concurrent Mark (0.550s)
[2020-10-27T23:46:48.777-0800] GC(146) Concurrent Mark From Roots
[2020-10-27T23:46:48.777-0800] GC(146) Using 2 workers of 2 for marking
[2020-10-27T23:46:48.778-0800] GC(147) Phase 1: Mark live objects
[2020-10-27T23:46:48.778-0800] GC(147) Phase 1: Mark live objects 0.416ms
[2020-10-27T23:46:48.778-0800] GC(147) Phase 2: Prepare for compaction
[2020-10-27T23:46:48.779-0800] GC(147) Phase 2: Prepare for compaction 0.212ms
[2020-10-27T23:46:48.779-0800] GC(147) Phase 3: Adjust pointers
[2020-10-27T23:46:48.779-0800] GC(147) Phase 3: Adjust pointers 0.098ms
[2020-10-27T23:46:48.779-0800] GC(147) Phase 4: Compact heap
[2020-10-27T23:46:48.782-0800] GC(147) Phase 4: Compact heap 2.873ms
[2020-10-27T23:46:48.782-0800] GC(147) Eden regions: 0->0(12)
[2020-10-27T23:46:48.782-0800] GC(147) Survivor regions: 0->0(0)
[2020-10-27T23:46:48.782-0800] GC(147) Old regions: 145->144
[2020-10-27T23:46:48.782-0800] GC(147) Archive regions: 2->2
[2020-10-27T23:46:48.782-0800] GC(147) Humongous regions: 109->109
[2020-10-27T23:46:48.782-0800] GC(147) Metaspace: 205K(4864K)->205K(4864K) NonClass: 193K(4352K)->193K(4352K) Class: 12K(512K)->12K(512K)
[2020-10-27T23:46:48.782-0800] GC(147) Pause Full (G1 Evacuation Pause) 244M->243M(256M) 4.328ms
[2020-10-27T23:46:48.782-0800] GC(147) User=0.01s Sys=0.00s Real=0.01s
[2020-10-27T23:46:48.782-0800] GC(146) Concurrent Mark From Roots 4.382ms
[2020-10-27T23:46:48.782-0800] GC(146) Concurrent Mark Abort
[2020-10-27T23:46:48.782-0800] GC(146) Concurrent Cycle 4.457ms
[2020-10-27T23:46:48.782-0800] GC(148) Pause Young (Normal) (G1 Evacuation Pause)
[2020-10-27T23:46:48.782-0800] GC(148) Using 6 workers of 8 for evacuation
[2020-10-27T23:46:48.782-0800] GC(148) To-space exhausted
[2020-10-27T23:46:48.782-0800] GC(148)   Pre Evacuate Collection Set: 0.0ms
[2020-10-27T23:46:48.782-0800] GC(148)   Merge Heap Roots: 0.0ms
[2020-10-27T23:46:48.782-0800] GC(148)   Evacuate Collection Set: 0.1ms
[2020-10-27T23:46:48.782-0800] GC(148)   Post Evacuate Collection Set: 0.1ms
[2020-10-27T23:46:48.782-0800] GC(148)   Other: 0.1ms
[2020-10-27T23:46:48.782-0800] GC(148) Eden regions: 1->0(12)
[2020-10-27T23:46:48.782-0800] GC(148) Survivor regions: 0->0(0)
[2020-10-27T23:46:48.782-0800] GC(148) Old regions: 144->145
[2020-10-27T23:46:48.782-0800] GC(148) Archive regions: 2->2
[2020-10-27T23:46:48.782-0800] GC(148) Humongous regions: 109->109
[2020-10-27T23:46:48.782-0800] GC(148) Metaspace: 205K(4864K)->205K(4864K) NonClass: 193K(4352K)->193K(4352K) Class: 12K(512K)->12K(512K)
[2020-10-27T23:46:48.782-0800] GC(148) Pause Young (Normal) (G1 Evacuation Pause) 244M->244M(256M) 0.320ms
[2020-10-27T23:46:48.782-0800] GC(148) User=0.00s Sys=0.00s Real=0.00s
[2020-10-27T23:46:48.782-0800] Attempting maximally compacting collection
[2020-10-27T23:46:48.782-0800] GC(149) Using 6 workers of 8 for full compaction
[2020-10-27T23:46:48.782-0800] GC(149) Pause Full (G1 Evacuation Pause)
[2020-10-27T23:46:48.782-0800] GC(149) Phase 1: Mark live objects
[2020-10-27T23:46:48.783-0800] GC(149) Phase 1: Mark live objects 0.404ms
[2020-10-27T23:46:48.783-0800] GC(149) Phase 2: Prepare for compaction
[2020-10-27T23:46:48.783-0800] GC(149) Phase 2: Prepare for compaction 0.314ms
[2020-10-27T23:46:48.783-0800] GC(149) Phase 3: Adjust pointers
[2020-10-27T23:46:48.783-0800] GC(149) Phase 3: Adjust pointers 0.107ms
[2020-10-27T23:46:48.783-0800] GC(149) Phase 4: Compact heap
[2020-10-27T23:46:48.784-0800] GC(149) Phase 4: Compact heap 0.558ms
[2020-10-27T23:46:48.784-0800] GC(149) Eden regions: 0->0(12)
[2020-10-27T23:46:48.784-0800] GC(149) Survivor regions: 0->0(0)
[2020-10-27T23:46:48.784-0800] GC(149) Old regions: 145->144
[2020-10-27T23:46:48.784-0800] GC(149) Archive regions: 2->2
[2020-10-27T23:46:48.784-0800] GC(149) Humongous regions: 109->109
[2020-10-27T23:46:48.784-0800] GC(149) Metaspace: 205K(4864K)->205K(4864K) NonClass: 193K(4352K)->193K(4352K) Class: 12K(512K)->12K(512K)
[2020-10-27T23:46:48.784-0800] GC(149) Pause Full (G1 Evacuation Pause) 244M->243M(256M) 1.530ms
[2020-10-27T23:46:48.784-0800] GC(149) User=0.00s Sys=0.00s Real=0.00s
[2020-10-27T23:46:48.784-0800] GC(150) Pause Young (Concurrent Start) (G1 Evacuation Pause)
[2020-10-27T23:46:48.784-0800] GC(150) Using 6 workers of 8 for evacuation
[2020-10-27T23:46:48.784-0800] GC(150) To-space exhausted
[2020-10-27T23:46:48.784-0800] GC(150)   Pre Evacuate Collection Set: 0.0ms
[2020-10-27T23:46:48.784-0800] GC(150)   Merge Heap Roots: 0.0ms
[2020-10-27T23:46:48.784-0800] GC(150)   Evacuate Collection Set: 0.0ms
[2020-10-27T23:46:48.784-0800] GC(150)   Post Evacuate Collection Set: 0.1ms
[2020-10-27T23:46:48.784-0800] GC(150)   Other: 0.1ms
[2020-10-27T23:46:48.784-0800] GC(150) Eden regions: 1->0(12)
[2020-10-27T23:46:48.784-0800] GC(150) Survivor regions: 0->0(0)
[2020-10-27T23:46:48.784-0800] GC(150) Old regions: 144->145
[2020-10-27T23:46:48.784-0800] GC(150) Archive regions: 2->2
[2020-10-27T23:46:48.784-0800] GC(150) Humongous regions: 109->109
[2020-10-27T23:46:48.784-0800] GC(150) Metaspace: 205K(4864K)->205K(4864K) NonClass: 193K(4352K)->193K(4352K) Class: 12K(512K)->12K(512K)
[2020-10-27T23:46:48.784-0800] GC(150) Pause Young (Concurrent Start) (G1 Evacuation Pause) 244M->244M(256M) 0.264ms
[2020-10-27T23:46:48.784-0800] GC(150) User=0.00s Sys=0.00s Real=0.00s
[2020-10-27T23:46:48.784-0800] Attempting maximally compacting collection
[2020-10-27T23:46:48.784-0800] GC(151) Concurrent Cycle
[2020-10-27T23:46:48.784-0800] GC(152) Using 6 workers of 8 for full compaction
[2020-10-27T23:46:48.784-0800] GC(151) Concurrent Clear Claimed Marks
[2020-10-27T23:46:48.784-0800] GC(152) Pause Full (G1 Evacuation Pause)
[2020-10-27T23:46:48.784-0800] GC(151) Concurrent Clear Claimed Marks 0.012ms
[2020-10-27T23:46:48.784-0800] GC(151) Concurrent Scan Root Regions
[2020-10-27T23:46:48.784-0800] GC(151) Concurrent Scan Root Regions 0.005ms
[2020-10-27T23:46:48.784-0800] GC(151) Concurrent Mark (0.557s)
[2020-10-27T23:46:48.784-0800] GC(151) Concurrent Mark From Roots
[2020-10-27T23:46:48.784-0800] GC(151) Using 2 workers of 2 for marking
[2020-10-27T23:46:48.785-0800] GC(152) Phase 1: Mark live objects
[2020-10-27T23:46:48.785-0800] GC(152) Phase 1: Mark live objects 0.278ms
[2020-10-27T23:46:48.785-0800] GC(152) Phase 2: Prepare for compaction
[2020-10-27T23:46:48.785-0800] GC(152) Phase 2: Prepare for compaction 0.166ms
[2020-10-27T23:46:48.785-0800] GC(152) Phase 3: Adjust pointers
[2020-10-27T23:46:48.785-0800] GC(152) Phase 3: Adjust pointers 0.103ms
[2020-10-27T23:46:48.785-0800] GC(152) Phase 4: Compact heap
[2020-10-27T23:46:48.790-0800] GC(152) Phase 4: Compact heap 5.059ms
[2020-10-27T23:46:48.791-0800] GC(152) Eden regions: 0->0(12)
[2020-10-27T23:46:48.791-0800] GC(152) Survivor regions: 0->0(0)
[2020-10-27T23:46:48.791-0800] GC(152) Old regions: 145->145
[2020-10-27T23:46:48.791-0800] GC(152) Archive regions: 2->2
[2020-10-27T23:46:48.791-0800] GC(152) Humongous regions: 109->108
[2020-10-27T23:46:48.791-0800] GC(152) Metaspace: 205K(4864K)->205K(4864K) NonClass: 193K(4352K)->193K(4352K) Class: 12K(512K)->12K(512K)
[2020-10-27T23:46:48.791-0800] GC(152) Pause Full (G1 Evacuation Pause) 244M->242M(256M) 6.237ms
[2020-10-27T23:46:48.791-0800] GC(152) User=0.01s Sys=0.01s Real=0.01s
[2020-10-27T23:46:48.791-0800] GC(151) Concurrent Mark From Roots 6.313ms
[2020-10-27T23:46:48.791-0800] GC(151) Concurrent Mark Abort
[2020-10-27T23:46:48.791-0800] GC(151) Concurrent Cycle 6.392ms
[2020-10-27T23:46:48.791-0800] GC(153) Pause Young (Concurrent Start) (G1 Humongous Allocation)
[2020-10-27T23:46:48.791-0800] GC(153) Using 6 workers of 8 for evacuation
[2020-10-27T23:46:48.791-0800] GC(153) To-space exhausted
[2020-10-27T23:46:48.791-0800] GC(153)   Pre Evacuate Collection Set: 0.0ms
[2020-10-27T23:46:48.791-0800] GC(153)   Merge Heap Roots: 0.0ms
[2020-10-27T23:46:48.791-0800] GC(153)   Evacuate Collection Set: 0.1ms
[2020-10-27T23:46:48.791-0800] GC(153)   Post Evacuate Collection Set: 0.1ms
[2020-10-27T23:46:48.791-0800] GC(153)   Other: 0.1ms
[2020-10-27T23:46:48.791-0800] GC(153) Eden regions: 1->0(12)
[2020-10-27T23:46:48.791-0800] GC(153) Survivor regions: 0->0(0)
[2020-10-27T23:46:48.791-0800] GC(153) Old regions: 145->146
[2020-10-27T23:46:48.791-0800] GC(153) Archive regions: 2->2
[2020-10-27T23:46:48.791-0800] GC(153) Humongous regions: 108->108
[2020-10-27T23:46:48.791-0800] GC(153) Metaspace: 205K(4864K)->205K(4864K) NonClass: 193K(4352K)->193K(4352K) Class: 12K(512K)->12K(512K)
[2020-10-27T23:46:48.791-0800] GC(153) Pause Young (Concurrent Start) (G1 Humongous Allocation) 243M->243M(256M) 0.447ms
[2020-10-27T23:46:48.791-0800] GC(153) User=0.00s Sys=0.00s Real=0.00s
[2020-10-27T23:46:48.791-0800] GC(154) Concurrent Cycle
[2020-10-27T23:46:48.791-0800] GC(154) Concurrent Clear Claimed Marks
[2020-10-27T23:46:48.791-0800] GC(154) Concurrent Clear Claimed Marks 0.006ms
[2020-10-27T23:46:48.791-0800] GC(154) Concurrent Scan Root Regions
[2020-10-27T23:46:48.791-0800] GC(154) Concurrent Scan Root Regions 0.005ms
[2020-10-27T23:46:48.791-0800] GC(154) Concurrent Mark (0.564s)
[2020-10-27T23:46:48.791-0800] GC(154) Concurrent Mark From Roots
[2020-10-27T23:46:48.791-0800] GC(154) Using 2 workers of 2 for marking
[2020-10-27T23:46:48.791-0800] GC(155) Pause Young (Normal) (G1 Humongous Allocation)
[2020-10-27T23:46:48.791-0800] GC(155) Using 6 workers of 8 for evacuation
[2020-10-27T23:46:48.792-0800] GC(155)   Pre Evacuate Collection Set: 0.0ms
[2020-10-27T23:46:48.792-0800] GC(155)   Merge Heap Roots: 0.0ms
[2020-10-27T23:46:48.792-0800] GC(155)   Evacuate Collection Set: 0.1ms
[2020-10-27T23:46:48.792-0800] GC(155)   Post Evacuate Collection Set: 0.1ms
[2020-10-27T23:46:48.792-0800] GC(155)   Other: 0.0ms
[2020-10-27T23:46:48.792-0800] GC(155) Eden regions: 0->0(12)
[2020-10-27T23:46:48.792-0800] GC(155) Survivor regions: 0->0(0)
[2020-10-27T23:46:48.792-0800] GC(155) Old regions: 146->146
[2020-10-27T23:46:48.792-0800] GC(155) Archive regions: 2->2
[2020-10-27T23:46:48.792-0800] GC(155) Humongous regions: 108->108
[2020-10-27T23:46:48.792-0800] GC(155) Metaspace: 205K(4864K)->205K(4864K) NonClass: 193K(4352K)->193K(4352K) Class: 12K(512K)->12K(512K)
[2020-10-27T23:46:48.792-0800] GC(155) Pause Young (Normal) (G1 Humongous Allocation) 243M->243M(256M) 0.335ms
[2020-10-27T23:46:48.792-0800] GC(155) User=0.00s Sys=0.00s Real=0.00s
[2020-10-27T23:46:48.792-0800] GC(156) Using 6 workers of 8 for full compaction
[2020-10-27T23:46:48.792-0800] GC(156) Pause Full (G1 Humongous Allocation)
[2020-10-27T23:46:48.792-0800] GC(156) Phase 1: Mark live objects
[2020-10-27T23:46:48.793-0800] GC(156) Phase 1: Mark live objects 0.570ms
[2020-10-27T23:46:48.793-0800] GC(156) Phase 2: Prepare for compaction
[2020-10-27T23:46:48.793-0800] GC(156) Phase 2: Prepare for compaction 0.269ms
[2020-10-27T23:46:48.793-0800] GC(156) Phase 3: Adjust pointers
[2020-10-27T23:46:48.793-0800] GC(156) Phase 3: Adjust pointers 0.161ms
[2020-10-27T23:46:48.793-0800] GC(156) Phase 4: Compact heap
[2020-10-27T23:46:48.796-0800] GC(156) Phase 4: Compact heap 2.890ms
[2020-10-27T23:46:48.796-0800] GC(156) Eden regions: 0->0(12)
[2020-10-27T23:46:48.796-0800] GC(156) Survivor regions: 0->0(0)
[2020-10-27T23:46:48.796-0800] GC(156) Old regions: 146->145
[2020-10-27T23:46:48.796-0800] GC(156) Archive regions: 2->2
[2020-10-27T23:46:48.796-0800] GC(156) Humongous regions: 108->108
[2020-10-27T23:46:48.796-0800] GC(156) Metaspace: 205K(4864K)->205K(4864K) NonClass: 193K(4352K)->193K(4352K) Class: 12K(512K)->12K(512K)
[2020-10-27T23:46:48.796-0800] GC(156) Pause Full (G1 Humongous Allocation) 243M->242M(256M) 4.726ms
[2020-10-27T23:46:48.796-0800] GC(156) User=0.02s Sys=0.00s Real=0.00s
[2020-10-27T23:46:48.797-0800] GC(154) Concurrent Mark From Roots 5.183ms
[2020-10-27T23:46:48.797-0800] GC(154) Concurrent Mark Abort
[2020-10-27T23:46:48.797-0800] GC(154) Concurrent Cycle 5.257ms
[2020-10-27T23:46:48.797-0800] GC(157) Pause Young (Normal) (G1 Evacuation Pause)
[2020-10-27T23:46:48.797-0800] GC(157) Using 6 workers of 8 for evacuation
[2020-10-27T23:46:48.797-0800] GC(157)   Pre Evacuate Collection Set: 0.0ms
[2020-10-27T23:46:48.797-0800] GC(157)   Merge Heap Roots: 0.0ms
[2020-10-27T23:46:48.797-0800] GC(157)   Evacuate Collection Set: 0.0ms
[2020-10-27T23:46:48.797-0800] GC(157)   Post Evacuate Collection Set: 0.1ms
[2020-10-27T23:46:48.797-0800] GC(157)   Other: 0.0ms
[2020-10-27T23:46:48.797-0800] GC(157) Eden regions: 0->0(12)
[2020-10-27T23:46:48.797-0800] GC(157) Survivor regions: 0->0(0)
[2020-10-27T23:46:48.797-0800] GC(157) Old regions: 145->145
[2020-10-27T23:46:48.797-0800] GC(157) Archive regions: 2->2
[2020-10-27T23:46:48.797-0800] GC(157) Humongous regions: 109->109
[2020-10-27T23:46:48.797-0800] GC(157) Metaspace: 205K(4864K)->205K(4864K) NonClass: 193K(4352K)->193K(4352K) Class: 12K(512K)->12K(512K)
[2020-10-27T23:46:48.797-0800] GC(157) Pause Young (Normal) (G1 Evacuation Pause) 243M->243M(256M) 0.242ms
[2020-10-27T23:46:48.797-0800] GC(157) User=0.00s Sys=0.00s Real=0.00s
[2020-10-27T23:46:48.797-0800] Attempting maximally compacting collection
[2020-10-27T23:46:48.797-0800] GC(158) Using 6 workers of 8 for full compaction
[2020-10-27T23:46:48.797-0800] GC(158) Pause Full (G1 Evacuation Pause)
[2020-10-27T23:46:48.797-0800] GC(158) Phase 1: Mark live objects
[2020-10-27T23:46:48.797-0800] GC(158) Phase 1: Mark live objects 0.345ms
[2020-10-27T23:46:48.797-0800] GC(158) Phase 2: Prepare for compaction
[2020-10-27T23:46:48.797-0800] GC(158) Phase 2: Prepare for compaction 0.227ms
[2020-10-27T23:46:48.797-0800] GC(158) Phase 3: Adjust pointers
[2020-10-27T23:46:48.798-0800] GC(158) Phase 3: Adjust pointers 0.097ms
[2020-10-27T23:46:48.798-0800] GC(158) Phase 4: Compact heap
[2020-10-27T23:46:48.799-0800] GC(158) Phase 4: Compact heap 1.733ms
[2020-10-27T23:46:48.799-0800] GC(158) Eden regions: 0->0(12)
[2020-10-27T23:46:48.799-0800] GC(158) Survivor regions: 0->0(0)
[2020-10-27T23:46:48.799-0800] GC(158) Old regions: 145->144
[2020-10-27T23:46:48.799-0800] GC(158) Archive regions: 2->2
[2020-10-27T23:46:48.799-0800] GC(158) Humongous regions: 109->109
[2020-10-27T23:46:48.799-0800] GC(158) Metaspace: 205K(4864K)->205K(4864K) NonClass: 193K(4352K)->193K(4352K) Class: 12K(512K)->12K(512K)
[2020-10-27T23:46:48.799-0800] GC(158) Pause Full (G1 Evacuation Pause) 243M->243M(256M) 2.584ms
[2020-10-27T23:46:48.799-0800] GC(158) User=0.01s Sys=0.00s Real=0.00s
[2020-10-27T23:46:48.800-0800] GC(159) Pause Young (Concurrent Start) (G1 Evacuation Pause)
[2020-10-27T23:46:48.800-0800] GC(159) Using 6 workers of 8 for evacuation
[2020-10-27T23:46:48.800-0800] GC(159) To-space exhausted
[2020-10-27T23:46:48.800-0800] GC(159)   Pre Evacuate Collection Set: 0.0ms
[2020-10-27T23:46:48.800-0800] GC(159)   Merge Heap Roots: 0.0ms
[2020-10-27T23:46:48.800-0800] GC(159)   Evacuate Collection Set: 0.1ms
[2020-10-27T23:46:48.800-0800] GC(159)   Post Evacuate Collection Set: 0.1ms
[2020-10-27T23:46:48.800-0800] GC(159)   Other: 0.1ms
[2020-10-27T23:46:48.800-0800] GC(159) Eden regions: 1->0(12)
[2020-10-27T23:46:48.800-0800] GC(159) Survivor regions: 0->0(0)
[2020-10-27T23:46:48.800-0800] GC(159) Old regions: 144->145
[2020-10-27T23:46:48.800-0800] GC(159) Archive regions: 2->2
[2020-10-27T23:46:48.800-0800] GC(159) Humongous regions: 109->109
[2020-10-27T23:46:48.800-0800] GC(159) Metaspace: 205K(4864K)->205K(4864K) NonClass: 193K(4352K)->193K(4352K) Class: 12K(512K)->12K(512K)
[2020-10-27T23:46:48.800-0800] GC(159) Pause Young (Concurrent Start) (G1 Evacuation Pause) 244M->244M(256M) 0.326ms
[2020-10-27T23:46:48.800-0800] GC(159) User=0.00s Sys=0.00s Real=0.00s
[2020-10-27T23:46:48.800-0800] Attempting maximally compacting collection
[2020-10-27T23:46:48.800-0800] GC(160) Concurrent Cycle
[2020-10-27T23:46:48.800-0800] GC(161) Using 6 workers of 8 for full compaction
[2020-10-27T23:46:48.800-0800] GC(160) Concurrent Clear Claimed Marks
[2020-10-27T23:46:48.800-0800] GC(160) Concurrent Clear Claimed Marks 0.013ms
[2020-10-27T23:46:48.800-0800] GC(160) Concurrent Scan Root Regions
[2020-10-27T23:46:48.800-0800] GC(161) Pause Full (G1 Evacuation Pause)
[2020-10-27T23:46:48.800-0800] GC(160) Concurrent Scan Root Regions 0.005ms
[2020-10-27T23:46:48.800-0800] GC(160) Concurrent Mark (0.573s)
[2020-10-27T23:46:48.800-0800] GC(160) Concurrent Mark From Roots
[2020-10-27T23:46:48.800-0800] GC(160) Using 2 workers of 2 for marking
[2020-10-27T23:46:48.801-0800] GC(161) Phase 1: Mark live objects
[2020-10-27T23:46:48.801-0800] GC(161) Phase 1: Mark live objects 0.415ms
[2020-10-27T23:46:48.801-0800] GC(161) Phase 2: Prepare for compaction
[2020-10-27T23:46:48.801-0800] GC(161) Phase 2: Prepare for compaction 0.266ms
[2020-10-27T23:46:48.801-0800] GC(161) Phase 3: Adjust pointers
[2020-10-27T23:46:48.801-0800] GC(161) Phase 3: Adjust pointers 0.156ms
[2020-10-27T23:46:48.801-0800] GC(161) Phase 4: Compact heap
[2020-10-27T23:46:48.803-0800] GC(161) Phase 4: Compact heap 1.715ms
[2020-10-27T23:46:48.803-0800] GC(161) Eden regions: 0->0(12)
[2020-10-27T23:46:48.803-0800] GC(161) Survivor regions: 0->0(0)
[2020-10-27T23:46:48.803-0800] GC(161) Old regions: 145->144
[2020-10-27T23:46:48.803-0800] GC(161) Archive regions: 2->2
[2020-10-27T23:46:48.803-0800] GC(161) Humongous regions: 109->109
[2020-10-27T23:46:48.803-0800] GC(161) Metaspace: 205K(4864K)->205K(4864K) NonClass: 193K(4352K)->193K(4352K) Class: 12K(512K)->12K(512K)
[2020-10-27T23:46:48.803-0800] GC(161) Pause Full (G1 Evacuation Pause) 244M->244M(256M) 3.335ms
[2020-10-27T23:46:48.803-0800] GC(161) User=0.01s Sys=0.00s Real=0.00s
[2020-10-27T23:46:48.803-0800] GC(160) Concurrent Mark From Roots 3.389ms
[2020-10-27T23:46:48.803-0800] GC(160) Concurrent Mark Abort
[2020-10-27T23:46:48.803-0800] GC(160) Concurrent Cycle 3.464ms
[2020-10-27T23:46:48.803-0800] GC(162) Pause Young (Normal) (G1 Evacuation Pause)
[2020-10-27T23:46:48.803-0800] GC(162) Using 6 workers of 8 for evacuation
[2020-10-27T23:46:48.804-0800] GC(162) To-space exhausted
[2020-10-27T23:46:48.804-0800] GC(162)   Pre Evacuate Collection Set: 0.0ms
[2020-10-27T23:46:48.804-0800] GC(162)   Merge Heap Roots: 0.0ms
[2020-10-27T23:46:48.804-0800] GC(162)   Evacuate Collection Set: 0.0ms
[2020-10-27T23:46:48.804-0800] GC(162)   Post Evacuate Collection Set: 0.1ms
[2020-10-27T23:46:48.804-0800] GC(162)   Other: 0.1ms
[2020-10-27T23:46:48.804-0800] GC(162) Eden regions: 1->0(12)
[2020-10-27T23:46:48.804-0800] GC(162) Survivor regions: 0->0(0)
[2020-10-27T23:46:48.804-0800] GC(162) Old regions: 144->145
[2020-10-27T23:46:48.804-0800] GC(162) Archive regions: 2->2
[2020-10-27T23:46:48.804-0800] GC(162) Humongous regions: 109->109
[2020-10-27T23:46:48.804-0800] GC(162) Metaspace: 205K(4864K)->205K(4864K) NonClass: 193K(4352K)->193K(4352K) Class: 12K(512K)->12K(512K)
[2020-10-27T23:46:48.804-0800] GC(162) Pause Young (Normal) (G1 Evacuation Pause) 245M->245M(256M) 0.275ms
[2020-10-27T23:46:48.804-0800] GC(162) User=0.00s Sys=0.00s Real=0.00s
[2020-10-27T23:46:48.804-0800] Attempting maximally compacting collection
[2020-10-27T23:46:48.804-0800] GC(163) Using 6 workers of 8 for full compaction
[2020-10-27T23:46:48.804-0800] GC(163) Pause Full (G1 Evacuation Pause)
[2020-10-27T23:46:48.804-0800] GC(163) Phase 1: Mark live objects
[2020-10-27T23:46:48.804-0800] GC(163) Phase 1: Mark live objects 0.336ms
[2020-10-27T23:46:48.804-0800] GC(163) Phase 2: Prepare for compaction
[2020-10-27T23:46:48.804-0800] GC(163) Phase 2: Prepare for compaction 0.260ms
[2020-10-27T23:46:48.804-0800] GC(163) Phase 3: Adjust pointers
[2020-10-27T23:46:48.805-0800] GC(163) Phase 3: Adjust pointers 0.149ms
[2020-10-27T23:46:48.805-0800] GC(163) Phase 4: Compact heap
[2020-10-27T23:46:48.809-0800] GC(163) Phase 4: Compact heap 4.848ms
[2020-10-27T23:46:48.810-0800] GC(163) Eden regions: 0->0(12)
[2020-10-27T23:46:48.810-0800] GC(163) Survivor regions: 0->0(0)
[2020-10-27T23:46:48.810-0800] GC(163) Old regions: 145->145
[2020-10-27T23:46:48.810-0800] GC(163) Archive regions: 2->2
[2020-10-27T23:46:48.810-0800] GC(163) Humongous regions: 109->108
[2020-10-27T23:46:48.810-0800] GC(163) Metaspace: 205K(4864K)->205K(4864K) NonClass: 193K(4352K)->193K(4352K) Class: 12K(512K)->12K(512K)
[2020-10-27T23:46:48.810-0800] GC(163) Pause Full (G1 Evacuation Pause) 245M->243M(256M) 5.823ms
[2020-10-27T23:46:48.810-0800] GC(163) User=0.01s Sys=0.00s Real=0.01s
[2020-10-27T23:46:48.810-0800] GC(164) Pause Young (Concurrent Start) (G1 Evacuation Pause)
[2020-10-27T23:46:48.810-0800] GC(164) Using 6 workers of 8 for evacuation
[2020-10-27T23:46:48.810-0800] GC(164) To-space exhausted
[2020-10-27T23:46:48.810-0800] GC(164)   Pre Evacuate Collection Set: 0.0ms
[2020-10-27T23:46:48.810-0800] GC(164)   Merge Heap Roots: 0.0ms
[2020-10-27T23:46:48.810-0800] GC(164)   Evacuate Collection Set: 0.1ms
[2020-10-27T23:46:48.810-0800] GC(164)   Post Evacuate Collection Set: 0.1ms
[2020-10-27T23:46:48.810-0800] GC(164)   Other: 0.1ms
[2020-10-27T23:46:48.810-0800] GC(164) Eden regions: 1->0(12)
[2020-10-27T23:46:48.810-0800] GC(164) Survivor regions: 0->0(0)
[2020-10-27T23:46:48.810-0800] GC(164) Old regions: 145->146
[2020-10-27T23:46:48.810-0800] GC(164) Archive regions: 2->2
[2020-10-27T23:46:48.810-0800] GC(164) Humongous regions: 108->108
[2020-10-27T23:46:48.810-0800] GC(164) Metaspace: 205K(4864K)->205K(4864K) NonClass: 193K(4352K)->193K(4352K) Class: 12K(512K)->12K(512K)
[2020-10-27T23:46:48.810-0800] GC(164) Pause Young (Concurrent Start) (G1 Evacuation Pause) 244M->244M(256M) 0.309ms
[2020-10-27T23:46:48.810-0800] GC(164) User=0.00s Sys=0.00s Real=0.00s
[2020-10-27T23:46:48.810-0800] Attempting maximally compacting collection
[2020-10-27T23:46:48.810-0800] GC(165) Concurrent Cycle
[2020-10-27T23:46:48.810-0800] GC(166) Using 6 workers of 8 for full compaction
[2020-10-27T23:46:48.810-0800] GC(165) Concurrent Clear Claimed Marks
[2020-10-27T23:46:48.810-0800] GC(165) Concurrent Clear Claimed Marks 0.013ms
[2020-10-27T23:46:48.810-0800] GC(166) Pause Full (G1 Evacuation Pause)
[2020-10-27T23:46:48.810-0800] GC(165) Concurrent Scan Root Regions
[2020-10-27T23:46:48.810-0800] GC(165) Concurrent Scan Root Regions 0.034ms
[2020-10-27T23:46:48.810-0800] GC(165) Concurrent Mark (0.583s)
[2020-10-27T23:46:48.810-0800] GC(165) Concurrent Mark From Roots
[2020-10-27T23:46:48.810-0800] GC(165) Using 2 workers of 2 for marking
[2020-10-27T23:46:48.811-0800] GC(166) Phase 1: Mark live objects
[2020-10-27T23:46:48.811-0800] GC(166) Phase 1: Mark live objects 0.350ms
[2020-10-27T23:46:48.811-0800] GC(166) Phase 2: Prepare for compaction
[2020-10-27T23:46:48.811-0800] GC(166) Phase 2: Prepare for compaction 0.237ms
[2020-10-27T23:46:48.811-0800] GC(166) Phase 3: Adjust pointers
[2020-10-27T23:46:48.811-0800] GC(166) Phase 3: Adjust pointers 0.098ms
[2020-10-27T23:46:48.811-0800] GC(166) Phase 4: Compact heap
[2020-10-27T23:46:48.814-0800] GC(166) Phase 4: Compact heap 2.456ms
[2020-10-27T23:46:48.814-0800] GC(166) Eden regions: 0->0(12)
[2020-10-27T23:46:48.814-0800] GC(166) Survivor regions: 0->0(0)
[2020-10-27T23:46:48.814-0800] GC(166) Old regions: 146->146
[2020-10-27T23:46:48.814-0800] GC(166) Archive regions: 2->2
[2020-10-27T23:46:48.814-0800] GC(166) Humongous regions: 108->108
[2020-10-27T23:46:48.814-0800] GC(166) Metaspace: 205K(4864K)->205K(4864K) NonClass: 193K(4352K)->193K(4352K) Class: 12K(512K)->12K(512K)
[2020-10-27T23:46:48.814-0800] GC(166) Pause Full (G1 Evacuation Pause) 244M->244M(256M) 3.923ms
[2020-10-27T23:46:48.814-0800] GC(166) User=0.01s Sys=0.00s Real=0.00s
[2020-10-27T23:46:48.814-0800] GC(167) Using 6 workers of 8 for full compaction
[2020-10-27T23:46:48.814-0800] GC(167) Pause Full (G1 Evacuation Pause)
[2020-10-27T23:46:48.814-0800] GC(167) Phase 1: Mark live objects
[2020-10-27T23:46:48.815-0800] GC(167) Phase 1: Mark live objects 0.453ms
[2020-10-27T23:46:48.815-0800] GC(167) Phase 2: Prepare for compaction
[2020-10-27T23:46:48.815-0800] GC(167) Phase 2: Prepare for compaction 0.247ms
[2020-10-27T23:46:48.815-0800] GC(167) Phase 3: Adjust pointers
[2020-10-27T23:46:48.815-0800] GC(167) Phase 3: Adjust pointers 0.100ms
[2020-10-27T23:46:48.815-0800] GC(167) Phase 4: Compact heap
[2020-10-27T23:46:48.816-0800] GC(167) Phase 4: Compact heap 0.957ms
[2020-10-27T23:46:48.816-0800] GC(167) Eden regions: 0->0(12)
[2020-10-27T23:46:48.816-0800] GC(167) Survivor regions: 0->0(0)
[2020-10-27T23:46:48.816-0800] GC(167) Old regions: 146->146
[2020-10-27T23:46:48.816-0800] GC(167) Archive regions: 2->2
[2020-10-27T23:46:48.816-0800] GC(167) Humongous regions: 108->108
[2020-10-27T23:46:48.816-0800] GC(167) Metaspace: 205K(4864K)->205K(4864K) NonClass: 193K(4352K)->193K(4352K) Class: 12K(512K)->12K(512K)
[2020-10-27T23:46:48.816-0800] GC(167) Pause Full (G1 Evacuation Pause) 244M->244M(256M) 1.931ms
[2020-10-27T23:46:48.816-0800] GC(167) User=0.01s Sys=0.00s Real=0.00s
[2020-10-27T23:46:48.816-0800] GC(168) Using 6 workers of 8 for full compaction
[2020-10-27T23:46:48.816-0800] GC(168) Pause Full (G1 Evacuation Pause)
[2020-10-27T23:46:48.816-0800] GC(168) Phase 1: Mark live objects
[2020-10-27T23:46:48.816-0800] GC(168) Phase 1: Mark live objects 0.309ms
[2020-10-27T23:46:48.816-0800] GC(168) Phase 2: Prepare for compaction
[2020-10-27T23:46:48.817-0800] GC(168) Phase 2: Prepare for compaction 0.169ms
[2020-10-27T23:46:48.817-0800] GC(168) Phase 3: Adjust pointers
[2020-10-27T23:46:48.817-0800] GC(168) Phase 3: Adjust pointers 0.147ms
[2020-10-27T23:46:48.817-0800] GC(168) Phase 4: Compact heap
[2020-10-27T23:46:48.819-0800] GC(168) Phase 4: Compact heap 2.181ms
[2020-10-27T23:46:48.819-0800] GC(168) Eden regions: 0->0(12)
[2020-10-27T23:46:48.819-0800] GC(168) Survivor regions: 0->0(0)
[2020-10-27T23:46:48.819-0800] GC(168) Old regions: 146->146
[2020-10-27T23:46:48.819-0800] GC(168) Archive regions: 2->2
[2020-10-27T23:46:48.819-0800] GC(168) Humongous regions: 108->108
[2020-10-27T23:46:48.819-0800] GC(168) Metaspace: 205K(4864K)->205K(4864K) NonClass: 193K(4352K)->193K(4352K) Class: 12K(512K)->12K(512K)
[2020-10-27T23:46:48.819-0800] GC(168) Pause Full (G1 Evacuation Pause) 244M->244M(256M) 3.031ms
[2020-10-27T23:46:48.819-0800] GC(168) User=0.00s Sys=0.00s Real=0.00s
[2020-10-27T23:46:48.819-0800] GC(165) Concurrent Mark From Roots 9.091ms
[2020-10-27T23:46:48.819-0800] GC(165) Concurrent Mark Abort
[2020-10-27T23:46:48.819-0800] GC(165) Concurrent Cycle 9.193ms
[2020-10-27T23:46:48.819-0800] GC(169) Pause Young (Normal) (G1 Evacuation Pause)
[2020-10-27T23:46:48.819-0800] GC(169) Using 6 workers of 8 for evacuation
[2020-10-27T23:46:48.820-0800] GC(169)   Pre Evacuate Collection Set: 0.0ms
[2020-10-27T23:46:48.820-0800] GC(169)   Merge Heap Roots: 0.0ms
[2020-10-27T23:46:48.820-0800] GC(169)   Evacuate Collection Set: 0.1ms
[2020-10-27T23:46:48.820-0800] GC(169)   Post Evacuate Collection Set: 0.1ms
[2020-10-27T23:46:48.820-0800] GC(169)   Other: 0.0ms
[2020-10-27T23:46:48.820-0800] GC(169) Eden regions: 0->0(12)
[2020-10-27T23:46:48.820-0800] GC(169) Survivor regions: 0->0(0)
[2020-10-27T23:46:48.820-0800] GC(169) Old regions: 146->146
[2020-10-27T23:46:48.820-0800] GC(169) Archive regions: 2->2
[2020-10-27T23:46:48.820-0800] GC(169) Humongous regions: 108->108
[2020-10-27T23:46:48.820-0800] GC(169) Metaspace: 205K(4864K)->205K(4864K) NonClass: 193K(4352K)->193K(4352K) Class: 12K(512K)->12K(512K)
[2020-10-27T23:46:48.820-0800] GC(169) Pause Young (Normal) (G1 Evacuation Pause) 244M->244M(256M) 0.252ms
[2020-10-27T23:46:48.820-0800] GC(169) User=0.00s Sys=0.00s Real=0.01s
[2020-10-27T23:46:48.820-0800] Attempting maximally compacting collection
[2020-10-27T23:46:48.820-0800] GC(170) Using 6 workers of 8 for full compaction
[2020-10-27T23:46:48.820-0800] GC(170) Pause Full (G1 Evacuation Pause)
[2020-10-27T23:46:48.820-0800] GC(170) Phase 1: Mark live objects
[2020-10-27T23:46:48.820-0800] GC(170) Phase 1: Mark live objects 0.404ms
[2020-10-27T23:46:48.820-0800] GC(170) Phase 2: Prepare for compaction
[2020-10-27T23:46:48.821-0800] GC(170) Phase 2: Prepare for compaction 0.486ms
[2020-10-27T23:46:48.821-0800] GC(170) Phase 3: Adjust pointers
[2020-10-27T23:46:48.821-0800] GC(170) Phase 3: Adjust pointers 0.136ms
[2020-10-27T23:46:48.821-0800] GC(170) Phase 4: Compact heap
[2020-10-27T23:46:48.821-0800] GC(170) Phase 4: Compact heap 0.091ms
[2020-10-27T23:46:48.821-0800] GC(170) Eden regions: 0->0(153)
[2020-10-27T23:46:48.821-0800] GC(170) Survivor regions: 0->0(0)
[2020-10-27T23:46:48.821-0800] GC(170) Old regions: 146->6
[2020-10-27T23:46:48.821-0800] GC(170) Archive regions: 2->2
[2020-10-27T23:46:48.821-0800] GC(170) Humongous regions: 108->0
[2020-10-27T23:46:48.821-0800] GC(170) Metaspace: 205K(4864K)->205K(4864K) NonClass: 193K(4352K)->193K(4352K) Class: 12K(512K)->12K(512K)
[2020-10-27T23:46:48.821-0800] GC(170) Pause Full (G1 Evacuation Pause) 244M->1M(256M) 1.281ms
[2020-10-27T23:46:48.821-0800] GC(170) User=0.01s Sys=0.00s Real=0.00s
[2020-10-27T23:46:48.822-0800] Heap
[2020-10-27T23:46:48.822-0800]  garbage-first heap   total 262144K, used 1063K [0x00000007f0000000, 0x0000000800000000)
[2020-10-27T23:46:48.822-0800]   region size 1024K, 1 young (1024K), 0 survivors (0K)
[2020-10-27T23:46:48.822-0800]  Metaspace       used 217K, capacity 4490K, committed 4864K, reserved 1056768K
[2020-10-27T23:46:48.822-0800]   class space    used 13K, capacity 386K, committed 512K, reserved 1048576K
