[2020-10-27T23:46:51.063-0800] Using G1
[2020-10-27T23:46:51.066-0800] Version: 15.0.1+9-18 (release)
[2020-10-27T23:46:51.066-0800] CPUs: 8 total, 8 available
[2020-10-27T23:46:51.066-0800] Memory: 16384M
[2020-10-27T23:46:51.066-0800] Large Page Support: Disabled
[2020-10-27T23:46:51.066-0800] NUMA Support: Disabled
[2020-10-27T23:46:51.066-0800] Compressed Oops: Enabled (Zero based)
[2020-10-27T23:46:51.066-0800] Heap Region Size: 1M
[2020-10-27T23:46:51.066-0800] Heap Min Capacity: 512M
[2020-10-27T23:46:51.066-0800] Heap Initial Capacity: 512M
[2020-10-27T23:46:51.066-0800] Heap Max Capacity: 512M
[2020-10-27T23:46:51.066-0800] Pre-touch: Disabled
[2020-10-27T23:46:51.066-0800] Parallel Workers: 8
[2020-10-27T23:46:51.066-0800] Concurrent Workers: 2
[2020-10-27T23:46:51.066-0800] Concurrent Refinement Workers: 8
[2020-10-27T23:46:51.066-0800] Periodic GC: Disabled
[2020-10-27T23:46:51.066-0800] Mark closed archive regions in map: [0x00000007fff00000, 0x00000007fff78ff8]
[2020-10-27T23:46:51.066-0800] Mark open archive regions in map: [0x00000007ffe00000, 0x00000007ffe50ff8]
[2020-10-27T23:46:51.066-0800] CDS archive(s) mapped at: [0x0000000800000000-0x0000000800b2b000-0x0000000800b2b000), size 11710464, SharedBaseAddress: 0x0000000800000000, ArchiveRelocationMode: 0.
[2020-10-27T23:46:51.066-0800] Compressed class space mapped at: 0x0000000800b2c000-0x0000000840b2c000, size: 1073741824
[2020-10-27T23:46:51.066-0800] Narrow klass base: 0x0000000800000000, Narrow klass shift: 3, Narrow klass range: 0x100000000
[2020-10-27T23:46:51.109-0800] GC(0) Pause Young (Normal) (G1 Evacuation Pause)
[2020-10-27T23:46:51.109-0800] GC(0) Using 8 workers of 8 for evacuation
[2020-10-27T23:46:51.112-0800] GC(0)   Pre Evacuate Collection Set: 0.0ms
[2020-10-27T23:46:51.112-0800] GC(0)   Merge Heap Roots: 0.0ms
[2020-10-27T23:46:51.112-0800] GC(0)   Evacuate Collection Set: 2.4ms
[2020-10-27T23:46:51.112-0800] GC(0)   Post Evacuate Collection Set: 0.1ms
[2020-10-27T23:46:51.112-0800] GC(0)   Other: 0.5ms
[2020-10-27T23:46:51.112-0800] GC(0) Eden regions: 25->0(24)
[2020-10-27T23:46:51.112-0800] GC(0) Survivor regions: 0->4(4)
[2020-10-27T23:46:51.112-0800] GC(0) Old regions: 0->6
[2020-10-27T23:46:51.112-0800] GC(0) Archive regions: 2->2
[2020-10-27T23:46:51.112-0800] GC(0) Humongous regions: 19->11
[2020-10-27T23:46:51.112-0800] GC(0) Metaspace: 189K(4864K)->189K(4864K) NonClass: 177K(4352K)->177K(4352K) Class: 12K(512K)->12K(512K)
[2020-10-27T23:46:51.112-0800] GC(0) Pause Young (Normal) (G1 Evacuation Pause) 44M->21M(512M) 3.200ms
[2020-10-27T23:46:51.112-0800] GC(0) User=0.01s Sys=0.01s Real=0.01s
[2020-10-27T23:46:51.119-0800] GC(1) Pause Young (Normal) (G1 Evacuation Pause)
[2020-10-27T23:46:51.119-0800] GC(1) Using 8 workers of 8 for evacuation
[2020-10-27T23:46:51.123-0800] GC(1)   Pre Evacuate Collection Set: 0.0ms
[2020-10-27T23:46:51.123-0800] GC(1)   Merge Heap Roots: 0.0ms
[2020-10-27T23:46:51.123-0800] GC(1)   Evacuate Collection Set: 3.3ms
[2020-10-27T23:46:51.123-0800] GC(1)   Post Evacuate Collection Set: 0.2ms
[2020-10-27T23:46:51.123-0800] GC(1)   Other: 0.1ms
[2020-10-27T23:46:51.123-0800] GC(1) Eden regions: 24->0(37)
[2020-10-27T23:46:51.123-0800] GC(1) Survivor regions: 4->4(4)
[2020-10-27T23:46:51.123-0800] GC(1) Old regions: 6->18
[2020-10-27T23:46:51.123-0800] GC(1) Archive regions: 2->2
[2020-10-27T23:46:51.123-0800] GC(1) Humongous regions: 23->14
[2020-10-27T23:46:51.123-0800] GC(1) Metaspace: 195K(4864K)->195K(4864K) NonClass: 182K(4352K)->182K(4352K) Class: 12K(512K)->12K(512K)
[2020-10-27T23:46:51.123-0800] GC(1) Pause Young (Normal) (G1 Evacuation Pause) 57M->36M(512M) 3.843ms
[2020-10-27T23:46:51.123-0800] GC(1) User=0.01s Sys=0.02s Real=0.01s
[2020-10-27T23:46:51.137-0800] GC(2) Pause Young (Normal) (G1 Evacuation Pause)
[2020-10-27T23:46:51.137-0800] GC(2) Using 8 workers of 8 for evacuation
[2020-10-27T23:46:51.141-0800] GC(2)   Pre Evacuate Collection Set: 0.1ms
[2020-10-27T23:46:51.141-0800] GC(2)   Merge Heap Roots: 0.0ms
[2020-10-27T23:46:51.141-0800] GC(2)   Evacuate Collection Set: 4.1ms
[2020-10-27T23:46:51.141-0800] GC(2)   Post Evacuate Collection Set: 0.2ms
[2020-10-27T23:46:51.141-0800] GC(2)   Other: 0.1ms
[2020-10-27T23:46:51.141-0800] GC(2) Eden regions: 37->0(75)
[2020-10-27T23:46:51.141-0800] GC(2) Survivor regions: 4->6(6)
[2020-10-27T23:46:51.141-0800] GC(2) Old regions: 18->31
[2020-10-27T23:46:51.141-0800] GC(2) Archive regions: 2->2
[2020-10-27T23:46:51.141-0800] GC(2) Humongous regions: 37->26
[2020-10-27T23:46:51.141-0800] GC(2) Metaspace: 203K(4864K)->203K(4864K) NonClass: 191K(4352K)->191K(4352K) Class: 12K(512K)->12K(512K)
[2020-10-27T23:46:51.141-0800] GC(2) Pause Young (Normal) (G1 Evacuation Pause) 95M->63M(512M) 4.649ms
[2020-10-27T23:46:51.141-0800] GC(2) User=0.01s Sys=0.03s Real=0.01s
[2020-10-27T23:46:51.172-0800] GC(3) Pause Young (Normal) (G1 Evacuation Pause)
[2020-10-27T23:46:51.172-0800] GC(3) Using 8 workers of 8 for evacuation
[2020-10-27T23:46:51.181-0800] GC(3)   Pre Evacuate Collection Set: 0.0ms
[2020-10-27T23:46:51.181-0800] GC(3)   Merge Heap Roots: 0.0ms
[2020-10-27T23:46:51.181-0800] GC(3)   Evacuate Collection Set: 8.3ms
[2020-10-27T23:46:51.181-0800] GC(3)   Post Evacuate Collection Set: 0.2ms
[2020-10-27T23:46:51.181-0800] GC(3)   Other: 0.1ms
[2020-10-27T23:46:51.181-0800] GC(3) Eden regions: 75->0(73)
[2020-10-27T23:46:51.181-0800] GC(3) Survivor regions: 6->11(11)
[2020-10-27T23:46:51.181-0800] GC(3) Old regions: 31->54
[2020-10-27T23:46:51.181-0800] GC(3) Archive regions: 2->2
[2020-10-27T23:46:51.181-0800] GC(3) Humongous regions: 64->42
[2020-10-27T23:46:51.181-0800] GC(3) Metaspace: 204K(4864K)->204K(4864K) NonClass: 192K(4352K)->192K(4352K) Class: 12K(512K)->12K(512K)
[2020-10-27T23:46:51.181-0800] GC(3) Pause Young (Normal) (G1 Evacuation Pause) 176M->107M(512M) 8.879ms
[2020-10-27T23:46:51.181-0800] GC(3) User=0.02s Sys=0.04s Real=0.01s
[2020-10-27T23:46:51.197-0800] GC(4) Pause Young (Normal) (G1 Evacuation Pause)
[2020-10-27T23:46:51.197-0800] GC(4) Using 8 workers of 8 for evacuation
[2020-10-27T23:46:51.206-0800] GC(4)   Pre Evacuate Collection Set: 0.0ms
[2020-10-27T23:46:51.206-0800] GC(4)   Merge Heap Roots: 0.0ms
[2020-10-27T23:46:51.206-0800] GC(4)   Evacuate Collection Set: 7.9ms
[2020-10-27T23:46:51.206-0800] GC(4)   Post Evacuate Collection Set: 0.3ms
[2020-10-27T23:46:51.206-0800] GC(4)   Other: 0.1ms
[2020-10-27T23:46:51.206-0800] GC(4) Eden regions: 73->0(93)
[2020-10-27T23:46:51.206-0800] GC(4) Survivor regions: 11->11(11)
[2020-10-27T23:46:51.206-0800] GC(4) Old regions: 54->81
[2020-10-27T23:46:51.206-0800] GC(4) Archive regions: 2->2
[2020-10-27T23:46:51.206-0800] GC(4) Humongous regions: 76->51
[2020-10-27T23:46:51.206-0800] GC(4) Metaspace: 204K(4864K)->204K(4864K) NonClass: 192K(4352K)->192K(4352K) Class: 12K(512K)->12K(512K)
[2020-10-27T23:46:51.206-0800] GC(4) Pause Young (Normal) (G1 Evacuation Pause) 214M->143M(512M) 8.552ms
[2020-10-27T23:46:51.206-0800] GC(4) User=0.02s Sys=0.04s Real=0.01s
[2020-10-27T23:46:51.233-0800] GC(5) Pause Young (Normal) (G1 Evacuation Pause)
[2020-10-27T23:46:51.233-0800] GC(5) Using 8 workers of 8 for evacuation
[2020-10-27T23:46:51.245-0800] GC(5)   Pre Evacuate Collection Set: 0.0ms
[2020-10-27T23:46:51.245-0800] GC(5)   Merge Heap Roots: 0.0ms
[2020-10-27T23:46:51.245-0800] GC(5)   Evacuate Collection Set: 11.6ms
[2020-10-27T23:46:51.245-0800] GC(5)   Post Evacuate Collection Set: 0.3ms
[2020-10-27T23:46:51.245-0800] GC(5)   Other: 0.1ms
[2020-10-27T23:46:51.245-0800] GC(5) Eden regions: 93->0(137)
[2020-10-27T23:46:51.245-0800] GC(5) Survivor regions: 11->13(13)
[2020-10-27T23:46:51.245-0800] GC(5) Old regions: 81->113
[2020-10-27T23:46:51.245-0800] GC(5) Archive regions: 2->2
[2020-10-27T23:46:51.245-0800] GC(5) Humongous regions: 114->73
[2020-10-27T23:46:51.245-0800] GC(5) Metaspace: 204K(4864K)->204K(4864K) NonClass: 192K(4352K)->192K(4352K) Class: 12K(512K)->12K(512K)
[2020-10-27T23:46:51.245-0800] GC(5) Pause Young (Normal) (G1 Evacuation Pause) 299M->198M(512M) 12.088ms
[2020-10-27T23:46:51.245-0800] GC(5) User=0.01s Sys=0.06s Real=0.01s
[2020-10-27T23:46:51.257-0800] GC(6) Pause Young (Concurrent Start) (G1 Humongous Allocation)
[2020-10-27T23:46:51.257-0800] GC(6) Using 8 workers of 8 for evacuation
[2020-10-27T23:46:51.265-0800] GC(6)   Pre Evacuate Collection Set: 0.0ms
[2020-10-27T23:46:51.265-0800] GC(6)   Merge Heap Roots: 0.0ms
[2020-10-27T23:46:51.265-0800] GC(6)   Evacuate Collection Set: 7.7ms
[2020-10-27T23:46:51.265-0800] GC(6)   Post Evacuate Collection Set: 0.2ms
[2020-10-27T23:46:51.266-0800] GC(6)   Other: 0.2ms
[2020-10-27T23:46:51.266-0800] GC(6) Eden regions: 62->0(110)
[2020-10-27T23:46:51.266-0800] GC(6) Survivor regions: 13->19(19)
[2020-10-27T23:46:51.266-0800] GC(6) Old regions: 113->130
[2020-10-27T23:46:51.266-0800] GC(6) Archive regions: 2->2
[2020-10-27T23:46:51.266-0800] GC(6) Humongous regions: 115->89
[2020-10-27T23:46:51.266-0800] GC(6) Metaspace: 204K(4864K)->204K(4864K) NonClass: 192K(4352K)->192K(4352K) Class: 12K(512K)->12K(512K)
[2020-10-27T23:46:51.266-0800] GC(6) Pause Young (Concurrent Start) (G1 Humongous Allocation) 302M->238M(512M) 8.290ms
[2020-10-27T23:46:51.266-0800] GC(6) User=0.03s Sys=0.03s Real=0.01s
[2020-10-27T23:46:51.266-0800] GC(7) Concurrent Cycle
[2020-10-27T23:46:51.266-0800] GC(7) Concurrent Clear Claimed Marks
[2020-10-27T23:46:51.266-0800] GC(7) Concurrent Clear Claimed Marks 0.007ms
[2020-10-27T23:46:51.266-0800] GC(7) Concurrent Scan Root Regions
[2020-10-27T23:46:51.266-0800] GC(7) Concurrent Scan Root Regions 0.188ms
[2020-10-27T23:46:51.266-0800] GC(7) Concurrent Mark (0.208s)
[2020-10-27T23:46:51.266-0800] GC(7) Concurrent Mark From Roots
[2020-10-27T23:46:51.266-0800] GC(7) Using 2 workers of 2 for marking
[2020-10-27T23:46:51.268-0800] GC(7) Concurrent Mark From Roots 1.731ms
[2020-10-27T23:46:51.268-0800] GC(7) Concurrent Preclean
[2020-10-27T23:46:51.268-0800] GC(7) Concurrent Preclean 0.023ms
[2020-10-27T23:46:51.268-0800] GC(7) Concurrent Mark (0.208s, 0.210s) 1.834ms
[2020-10-27T23:46:51.268-0800] GC(7) Pause Remark
[2020-10-27T23:46:51.268-0800] GC(7) Pause Remark 253M->253M(512M) 0.279ms
[2020-10-27T23:46:51.268-0800] GC(7) User=0.00s Sys=0.00s Real=0.00s
[2020-10-27T23:46:51.268-0800] GC(7) Concurrent Rebuild Remembered Sets
[2020-10-27T23:46:51.269-0800] GC(7) Concurrent Rebuild Remembered Sets 0.916ms
[2020-10-27T23:46:51.269-0800] GC(7) Pause Cleanup
[2020-10-27T23:46:51.269-0800] GC(7) Pause Cleanup 259M->259M(512M) 0.090ms
[2020-10-27T23:46:51.269-0800] GC(7) User=0.00s Sys=0.00s Real=0.00s
[2020-10-27T23:46:51.269-0800] GC(7) Concurrent Cleanup for Next Mark
[2020-10-27T23:46:51.272-0800] GC(7) Concurrent Cleanup for Next Mark 2.922ms
[2020-10-27T23:46:51.272-0800] GC(7) Concurrent Cycle 6.631ms
[2020-10-27T23:46:51.300-0800] GC(8) Pause Young (Prepare Mixed) (G1 Evacuation Pause)
[2020-10-27T23:46:51.300-0800] GC(8) Using 8 workers of 8 for evacuation
[2020-10-27T23:46:51.315-0800] GC(8)   Pre Evacuate Collection Set: 0.1ms
[2020-10-27T23:46:51.315-0800] GC(8)   Merge Heap Roots: 0.0ms
[2020-10-27T23:46:51.315-0800] GC(8)   Evacuate Collection Set: 14.6ms
[2020-10-27T23:46:51.315-0800] GC(8)   Post Evacuate Collection Set: 0.3ms
[2020-10-27T23:46:51.315-0800] GC(8)   Other: 0.1ms
[2020-10-27T23:46:51.315-0800] GC(8) Eden regions: 110->0(8)
[2020-10-27T23:46:51.315-0800] GC(8) Survivor regions: 19->17(17)
[2020-10-27T23:46:51.315-0800] GC(8) Old regions: 130->169
[2020-10-27T23:46:51.315-0800] GC(8) Archive regions: 2->2
[2020-10-27T23:46:51.315-0800] GC(8) Humongous regions: 156->106
[2020-10-27T23:46:51.315-0800] GC(8) Metaspace: 204K(4864K)->204K(4864K) NonClass: 192K(4352K)->192K(4352K) Class: 12K(512K)->12K(512K)
[2020-10-27T23:46:51.315-0800] GC(8) Pause Young (Prepare Mixed) (G1 Evacuation Pause) 415M->292M(512M) 15.201ms
[2020-10-27T23:46:51.315-0800] GC(8) User=0.01s Sys=0.09s Real=0.01s
[2020-10-27T23:46:51.316-0800] GC(9) Pause Young (Mixed) (G1 Evacuation Pause)
[2020-10-27T23:46:51.316-0800] GC(9) Using 8 workers of 8 for evacuation
[2020-10-27T23:46:51.324-0800] GC(9)   Pre Evacuate Collection Set: 0.1ms
[2020-10-27T23:46:51.324-0800] GC(9)   Merge Heap Roots: 0.0ms
[2020-10-27T23:46:51.324-0800] GC(9)   Evacuate Collection Set: 6.8ms
[2020-10-27T23:46:51.324-0800] GC(9)   Post Evacuate Collection Set: 0.2ms
[2020-10-27T23:46:51.324-0800] GC(9)   Other: 0.1ms
[2020-10-27T23:46:51.324-0800] GC(9) Eden regions: 8->0(96)
[2020-10-27T23:46:51.324-0800] GC(9) Survivor regions: 17->4(4)
[2020-10-27T23:46:51.324-0800] GC(9) Old regions: 169->154
[2020-10-27T23:46:51.324-0800] GC(9) Archive regions: 2->2
[2020-10-27T23:46:51.324-0800] GC(9) Humongous regions: 110->109
[2020-10-27T23:46:51.324-0800] GC(9) Metaspace: 204K(4864K)->204K(4864K) NonClass: 192K(4352K)->192K(4352K) Class: 12K(512K)->12K(512K)
[2020-10-27T23:46:51.324-0800] GC(9) Pause Young (Mixed) (G1 Evacuation Pause) 304M->267M(512M) 7.326ms
[2020-10-27T23:46:51.324-0800] GC(9) User=0.03s Sys=0.02s Real=0.01s
[2020-10-27T23:46:51.325-0800] GC(10) Pause Young (Concurrent Start) (G1 Humongous Allocation)
[2020-10-27T23:46:51.325-0800] GC(10) Using 8 workers of 8 for evacuation
[2020-10-27T23:46:51.327-0800] GC(10)   Pre Evacuate Collection Set: 0.1ms
[2020-10-27T23:46:51.327-0800] GC(10)   Merge Heap Roots: 0.0ms
[2020-10-27T23:46:51.327-0800] GC(10)   Evacuate Collection Set: 1.4ms
[2020-10-27T23:46:51.327-0800] GC(10)   Post Evacuate Collection Set: 0.1ms
[2020-10-27T23:46:51.327-0800] GC(10)   Other: 0.1ms
[2020-10-27T23:46:51.327-0800] GC(10) Eden regions: 11->0(100)
[2020-10-27T23:46:51.327-0800] GC(10) Survivor regions: 4->10(13)
[2020-10-27T23:46:51.327-0800] GC(10) Old regions: 154->154
[2020-10-27T23:46:51.327-0800] GC(10) Archive regions: 2->2
[2020-10-27T23:46:51.327-0800] GC(10) Humongous regions: 109->107
[2020-10-27T23:46:51.327-0800] GC(10) Metaspace: 204K(4864K)->204K(4864K) NonClass: 192K(4352K)->192K(4352K) Class: 12K(512K)->12K(512K)
[2020-10-27T23:46:51.327-0800] GC(10) Pause Young (Concurrent Start) (G1 Humongous Allocation) 277M->271M(512M) 1.758ms
[2020-10-27T23:46:51.327-0800] GC(10) User=0.01s Sys=0.00s Real=0.00s
[2020-10-27T23:46:51.327-0800] GC(11) Concurrent Cycle
[2020-10-27T23:46:51.327-0800] GC(11) Concurrent Clear Claimed Marks
[2020-10-27T23:46:51.327-0800] GC(11) Concurrent Clear Claimed Marks 0.007ms
[2020-10-27T23:46:51.327-0800] GC(11) Concurrent Scan Root Regions
[2020-10-27T23:46:51.327-0800] GC(11) Concurrent Scan Root Regions 0.047ms
[2020-10-27T23:46:51.327-0800] GC(11) Concurrent Mark (0.269s)
[2020-10-27T23:46:51.327-0800] GC(11) Concurrent Mark From Roots
[2020-10-27T23:46:51.327-0800] GC(11) Using 2 workers of 2 for marking
[2020-10-27T23:46:51.329-0800] GC(11) Concurrent Mark From Roots 1.626ms
[2020-10-27T23:46:51.329-0800] GC(11) Concurrent Preclean
[2020-10-27T23:46:51.329-0800] GC(11) Concurrent Preclean 0.017ms
[2020-10-27T23:46:51.329-0800] GC(11) Concurrent Mark (0.269s, 0.271s) 1.691ms
[2020-10-27T23:46:51.329-0800] GC(11) Pause Remark
[2020-10-27T23:46:51.329-0800] GC(11) Pause Remark 284M->283M(512M) 0.285ms
[2020-10-27T23:46:51.329-0800] GC(11) User=0.00s Sys=0.00s Real=0.00s
[2020-10-27T23:46:51.329-0800] GC(11) Concurrent Rebuild Remembered Sets
[2020-10-27T23:46:51.330-0800] GC(11) Concurrent Rebuild Remembered Sets 0.629ms
[2020-10-27T23:46:51.330-0800] GC(11) Pause Cleanup
[2020-10-27T23:46:51.330-0800] GC(11) Pause Cleanup 290M->290M(512M) 0.086ms
[2020-10-27T23:46:51.330-0800] GC(11) User=0.00s Sys=0.00s Real=0.00s
[2020-10-27T23:46:51.330-0800] GC(11) Concurrent Cleanup for Next Mark
[2020-10-27T23:46:51.333-0800] GC(11) Concurrent Cleanup for Next Mark 2.799ms
[2020-10-27T23:46:51.333-0800] GC(11) Concurrent Cycle 5.997ms
[2020-10-27T23:46:51.348-0800] GC(12) Pause Young (Prepare Mixed) (G1 Evacuation Pause)
[2020-10-27T23:46:51.348-0800] GC(12) Using 8 workers of 8 for evacuation
[2020-10-27T23:46:51.358-0800] GC(12)   Pre Evacuate Collection Set: 0.1ms
[2020-10-27T23:46:51.358-0800] GC(12)   Merge Heap Roots: 0.1ms
[2020-10-27T23:46:51.358-0800] GC(12)   Evacuate Collection Set: 9.1ms
[2020-10-27T23:46:51.358-0800] GC(12)   Post Evacuate Collection Set: 0.2ms
[2020-10-27T23:46:51.358-0800] GC(12)   Other: 0.2ms
[2020-10-27T23:46:51.358-0800] GC(12) Eden regions: 100->0(11)
[2020-10-27T23:46:51.358-0800] GC(12) Survivor regions: 10->14(14)
[2020-10-27T23:46:51.358-0800] GC(12) Old regions: 153->184
[2020-10-27T23:46:51.358-0800] GC(12) Archive regions: 2->2
[2020-10-27T23:46:51.358-0800] GC(12) Humongous regions: 158->116
[2020-10-27T23:46:51.358-0800] GC(12) Metaspace: 204K(4864K)->204K(4864K) NonClass: 192K(4352K)->192K(4352K) Class: 12K(512K)->12K(512K)
[2020-10-27T23:46:51.358-0800] GC(12) Pause Young (Prepare Mixed) (G1 Evacuation Pause) 420M->313M(512M) 9.792ms
[2020-10-27T23:46:51.358-0800] GC(12) User=0.04s Sys=0.03s Real=0.01s
[2020-10-27T23:46:51.360-0800] GC(13) Pause Young (Mixed) (G1 Evacuation Pause)
[2020-10-27T23:46:51.360-0800] GC(13) Using 8 workers of 8 for evacuation
[2020-10-27T23:46:51.370-0800] GC(13)   Pre Evacuate Collection Set: 0.1ms
[2020-10-27T23:46:51.370-0800] GC(13)   Merge Heap Roots: 0.0ms
[2020-10-27T23:46:51.370-0800] GC(13)   Evacuate Collection Set: 9.0ms
[2020-10-27T23:46:51.370-0800] GC(13)   Post Evacuate Collection Set: 0.2ms
[2020-10-27T23:46:51.370-0800] GC(13)   Other: 0.1ms
[2020-10-27T23:46:51.370-0800] GC(13) Eden regions: 11->0(83)
[2020-10-27T23:46:51.370-0800] GC(13) Survivor regions: 14->4(4)
[2020-10-27T23:46:51.370-0800] GC(13) Old regions: 184->176
[2020-10-27T23:46:51.370-0800] GC(13) Archive regions: 2->2
[2020-10-27T23:46:51.370-0800] GC(13) Humongous regions: 127->121
[2020-10-27T23:46:51.370-0800] GC(13) Metaspace: 204K(4864K)->204K(4864K) NonClass: 192K(4352K)->192K(4352K) Class: 12K(512K)->12K(512K)
[2020-10-27T23:46:51.370-0800] GC(13) Pause Young (Mixed) (G1 Evacuation Pause) 335M->301M(512M) 9.607ms
[2020-10-27T23:46:51.370-0800] GC(13) User=0.03s Sys=0.03s Real=0.01s
[2020-10-27T23:46:51.370-0800] GC(14) Pause Young (Concurrent Start) (G1 Humongous Allocation)
[2020-10-27T23:46:51.370-0800] GC(14) Using 8 workers of 8 for evacuation
[2020-10-27T23:46:51.371-0800] GC(14)   Pre Evacuate Collection Set: 0.1ms
[2020-10-27T23:46:51.371-0800] GC(14)   Merge Heap Roots: 0.0ms
[2020-10-27T23:46:51.371-0800] GC(14)   Evacuate Collection Set: 0.6ms
[2020-10-27T23:46:51.371-0800] GC(14)   Post Evacuate Collection Set: 0.1ms
[2020-10-27T23:46:51.371-0800] GC(14)   Other: 0.1ms
[2020-10-27T23:46:51.371-0800] GC(14) Eden regions: 1->0(90)
[2020-10-27T23:46:51.371-0800] GC(14) Survivor regions: 4->4(11)
[2020-10-27T23:46:51.371-0800] GC(14) Old regions: 176->176
[2020-10-27T23:46:51.371-0800] GC(14) Archive regions: 2->2
[2020-10-27T23:46:51.371-0800] GC(14) Humongous regions: 121->121
[2020-10-27T23:46:51.371-0800] GC(14) Metaspace: 204K(4864K)->204K(4864K) NonClass: 192K(4352K)->192K(4352K) Class: 12K(512K)->12K(512K)
[2020-10-27T23:46:51.371-0800] GC(14) Pause Young (Concurrent Start) (G1 Humongous Allocation) 302M->301M(512M) 0.936ms
[2020-10-27T23:46:51.371-0800] GC(14) User=0.01s Sys=0.00s Real=0.00s
[2020-10-27T23:46:51.371-0800] GC(15) Concurrent Cycle
[2020-10-27T23:46:51.371-0800] GC(15) Concurrent Clear Claimed Marks
[2020-10-27T23:46:51.371-0800] GC(15) Concurrent Clear Claimed Marks 0.006ms
[2020-10-27T23:46:51.371-0800] GC(15) Concurrent Scan Root Regions
[2020-10-27T23:46:51.371-0800] GC(15) Concurrent Scan Root Regions 0.037ms
[2020-10-27T23:46:51.371-0800] GC(15) Concurrent Mark (0.313s)
[2020-10-27T23:46:51.371-0800] GC(15) Concurrent Mark From Roots
[2020-10-27T23:46:51.371-0800] GC(15) Using 2 workers of 2 for marking
[2020-10-27T23:46:51.372-0800] GC(15) Concurrent Mark From Roots 1.308ms
[2020-10-27T23:46:51.372-0800] GC(15) Concurrent Preclean
[2020-10-27T23:46:51.372-0800] GC(15) Concurrent Preclean 0.025ms
[2020-10-27T23:46:51.372-0800] GC(15) Concurrent Mark (0.313s, 0.314s) 1.398ms
[2020-10-27T23:46:51.372-0800] GC(15) Pause Remark
[2020-10-27T23:46:51.373-0800] GC(15) Pause Remark 313M->312M(512M) 0.306ms
[2020-10-27T23:46:51.373-0800] GC(15) User=0.00s Sys=0.00s Real=0.00s
[2020-10-27T23:46:51.373-0800] GC(15) Concurrent Rebuild Remembered Sets
[2020-10-27T23:46:51.374-0800] GC(15) Concurrent Rebuild Remembered Sets 0.926ms
[2020-10-27T23:46:51.374-0800] GC(15) Pause Cleanup
[2020-10-27T23:46:51.374-0800] GC(15) Pause Cleanup 320M->320M(512M) 0.085ms
[2020-10-27T23:46:51.374-0800] GC(15) User=0.00s Sys=0.00s Real=0.00s
[2020-10-27T23:46:51.374-0800] GC(15) Concurrent Cleanup for Next Mark
[2020-10-27T23:46:51.375-0800] GC(15) Concurrent Cleanup for Next Mark 1.565ms
[2020-10-27T23:46:51.375-0800] GC(15) Concurrent Cycle 4.657ms
[2020-10-27T23:46:51.388-0800] GC(16) Pause Young (Prepare Mixed) (G1 Evacuation Pause)
[2020-10-27T23:46:51.389-0800] GC(16) Using 8 workers of 8 for evacuation
[2020-10-27T23:46:51.396-0800] GC(16)   Pre Evacuate Collection Set: 0.1ms
[2020-10-27T23:46:51.396-0800] GC(16)   Merge Heap Roots: 0.0ms
[2020-10-27T23:46:51.396-0800] GC(16)   Evacuate Collection Set: 7.3ms
[2020-10-27T23:46:51.396-0800] GC(16)   Post Evacuate Collection Set: 0.3ms
[2020-10-27T23:46:51.396-0800] GC(16)   Other: 0.1ms
[2020-10-27T23:46:51.396-0800] GC(16) Eden regions: 90->0(13)
[2020-10-27T23:46:51.396-0800] GC(16) Survivor regions: 4->12(12)
[2020-10-27T23:46:51.396-0800] GC(16) Old regions: 175->203
[2020-10-27T23:46:51.396-0800] GC(16) Archive regions: 2->2
[2020-10-27T23:46:51.396-0800] GC(16) Humongous regions: 164->127
[2020-10-27T23:46:51.396-0800] GC(16) Metaspace: 204K(4864K)->204K(4864K) NonClass: 192K(4352K)->192K(4352K) Class: 12K(512K)->12K(512K)
[2020-10-27T23:46:51.396-0800] GC(16) Pause Young (Prepare Mixed) (G1 Evacuation Pause) 432M->342M(512M) 7.886ms
[2020-10-27T23:46:51.396-0800] GC(16) User=0.03s Sys=0.02s Real=0.01s
[2020-10-27T23:46:51.398-0800] GC(17) Pause Young (Mixed) (G1 Evacuation Pause)
[2020-10-27T23:46:51.399-0800] GC(17) Using 8 workers of 8 for evacuation
[2020-10-27T23:46:51.407-0800] GC(17)   Pre Evacuate Collection Set: 0.1ms
[2020-10-27T23:46:51.407-0800] GC(17)   Merge Heap Roots: 0.0ms
[2020-10-27T23:46:51.407-0800] GC(17)   Evacuate Collection Set: 8.1ms
[2020-10-27T23:46:51.407-0800] GC(17)   Post Evacuate Collection Set: 0.2ms
[2020-10-27T23:46:51.407-0800] GC(17)   Other: 0.1ms
[2020-10-27T23:46:51.407-0800] GC(17) Eden regions: 13->0(70)
[2020-10-27T23:46:51.407-0800] GC(17) Survivor regions: 12->4(4)
[2020-10-27T23:46:51.407-0800] GC(17) Old regions: 203->194
[2020-10-27T23:46:51.407-0800] GC(17) Archive regions: 2->2
[2020-10-27T23:46:51.407-0800] GC(17) Humongous regions: 134->130
[2020-10-27T23:46:51.407-0800] GC(17) Metaspace: 204K(4864K)->204K(4864K) NonClass: 192K(4352K)->192K(4352K) Class: 12K(512K)->12K(512K)
[2020-10-27T23:46:51.407-0800] GC(17) Pause Young (Mixed) (G1 Evacuation Pause) 362M->328M(512M) 8.702ms
[2020-10-27T23:46:51.407-0800] GC(17) User=0.04s Sys=0.00s Real=0.01s
[2020-10-27T23:46:51.418-0800] GC(18) Pause Young (Concurrent Start) (G1 Humongous Allocation)
[2020-10-27T23:46:51.418-0800] GC(18) Using 8 workers of 8 for evacuation
[2020-10-27T23:46:51.423-0800] GC(18)   Pre Evacuate Collection Set: 0.1ms
[2020-10-27T23:46:51.423-0800] GC(18)   Merge Heap Roots: 0.1ms
[2020-10-27T23:46:51.423-0800] GC(18)   Evacuate Collection Set: 4.5ms
[2020-10-27T23:46:51.423-0800] GC(18)   Post Evacuate Collection Set: 0.2ms
[2020-10-27T23:46:51.423-0800] GC(18)   Other: 0.2ms
[2020-10-27T23:46:51.423-0800] GC(18) Eden regions: 62->0(55)
[2020-10-27T23:46:51.423-0800] GC(18) Survivor regions: 4->10(10)
[2020-10-27T23:46:51.423-0800] GC(18) Old regions: 194->213
[2020-10-27T23:46:51.423-0800] GC(18) Archive regions: 2->2
[2020-10-27T23:46:51.423-0800] GC(18) Humongous regions: 166->130
[2020-10-27T23:46:51.423-0800] GC(18) Metaspace: 204K(4864K)->204K(4864K) NonClass: 192K(4352K)->192K(4352K) Class: 12K(512K)->12K(512K)
[2020-10-27T23:46:51.423-0800] GC(18) Pause Young (Concurrent Start) (G1 Humongous Allocation) 425M->353M(512M) 5.108ms
[2020-10-27T23:46:51.423-0800] GC(18) User=0.03s Sys=0.00s Real=0.01s
[2020-10-27T23:46:51.423-0800] GC(19) Concurrent Cycle
[2020-10-27T23:46:51.423-0800] GC(19) Concurrent Clear Claimed Marks
[2020-10-27T23:46:51.423-0800] GC(19) Concurrent Clear Claimed Marks 0.007ms
[2020-10-27T23:46:51.423-0800] GC(19) Concurrent Scan Root Regions
[2020-10-27T23:46:51.423-0800] GC(19) Concurrent Scan Root Regions 0.046ms
[2020-10-27T23:46:51.423-0800] GC(19) Concurrent Mark (0.365s)
[2020-10-27T23:46:51.423-0800] GC(19) Concurrent Mark From Roots
[2020-10-27T23:46:51.423-0800] GC(19) Using 2 workers of 2 for marking
[2020-10-27T23:46:51.425-0800] GC(19) Concurrent Mark From Roots 1.725ms
[2020-10-27T23:46:51.425-0800] GC(19) Concurrent Preclean
[2020-10-27T23:46:51.425-0800] GC(19) Concurrent Preclean 0.022ms
[2020-10-27T23:46:51.425-0800] GC(19) Concurrent Mark (0.365s, 0.367s) 1.846ms
[2020-10-27T23:46:51.425-0800] GC(19) Pause Remark
[2020-10-27T23:46:51.425-0800] GC(19) Pause Remark 364M->364M(512M) 0.264ms
[2020-10-27T23:46:51.425-0800] GC(19) User=0.00s Sys=0.00s Real=0.00s
[2020-10-27T23:46:51.425-0800] GC(19) Concurrent Rebuild Remembered Sets
[2020-10-27T23:46:51.426-0800] GC(19) Concurrent Rebuild Remembered Sets 0.989ms
[2020-10-27T23:46:51.427-0800] GC(19) Pause Cleanup
[2020-10-27T23:46:51.427-0800] GC(19) Pause Cleanup 374M->374M(512M) 0.096ms
[2020-10-27T23:46:51.427-0800] GC(19) User=0.00s Sys=0.00s Real=0.00s
[2020-10-27T23:46:51.427-0800] GC(19) Concurrent Cleanup for Next Mark
[2020-10-27T23:46:51.429-0800] GC(19) Concurrent Cleanup for Next Mark 2.072ms
[2020-10-27T23:46:51.429-0800] GC(19) Concurrent Cycle 5.748ms
[2020-10-27T23:46:51.437-0800] GC(20) Pause Young (Prepare Mixed) (G1 Evacuation Pause)
[2020-10-27T23:46:51.437-0800] GC(20) Using 8 workers of 8 for evacuation
[2020-10-27T23:46:51.442-0800] GC(20)   Pre Evacuate Collection Set: 0.1ms
[2020-10-27T23:46:51.442-0800] GC(20)   Merge Heap Roots: 0.0ms
[2020-10-27T23:46:51.442-0800] GC(20)   Evacuate Collection Set: 4.8ms
[2020-10-27T23:46:51.442-0800] GC(20)   Post Evacuate Collection Set: 0.2ms
[2020-10-27T23:46:51.442-0800] GC(20)   Other: 0.1ms
[2020-10-27T23:46:51.442-0800] GC(20) Eden regions: 55->0(16)
[2020-10-27T23:46:51.442-0800] GC(20) Survivor regions: 10->9(9)
[2020-10-27T23:46:51.442-0800] GC(20) Old regions: 213->234
[2020-10-27T23:46:51.442-0800] GC(20) Archive regions: 2->2
[2020-10-27T23:46:51.442-0800] GC(20) Humongous regions: 166->130
[2020-10-27T23:46:51.442-0800] GC(20) Metaspace: 204K(4864K)->204K(4864K) NonClass: 192K(4352K)->192K(4352K) Class: 12K(512K)->12K(512K)
[2020-10-27T23:46:51.442-0800] GC(20) Pause Young (Prepare Mixed) (G1 Evacuation Pause) 444M->373M(512M) 5.275ms
[2020-10-27T23:46:51.442-0800] GC(20) User=0.03s Sys=0.00s Real=0.01s
[2020-10-27T23:46:51.445-0800] GC(21) Pause Young (Mixed) (G1 Evacuation Pause)
[2020-10-27T23:46:51.445-0800] GC(21) Using 8 workers of 8 for evacuation
[2020-10-27T23:46:51.452-0800] GC(21)   Pre Evacuate Collection Set: 0.1ms
[2020-10-27T23:46:51.452-0800] GC(21)   Merge Heap Roots: 0.0ms
[2020-10-27T23:46:51.452-0800] GC(21)   Evacuate Collection Set: 6.2ms
[2020-10-27T23:46:51.452-0800] GC(21)   Post Evacuate Collection Set: 0.3ms
[2020-10-27T23:46:51.452-0800] GC(21)   Other: 0.2ms
[2020-10-27T23:46:51.452-0800] GC(21) Eden regions: 16->0(57)
[2020-10-27T23:46:51.452-0800] GC(21) Survivor regions: 9->4(4)
[2020-10-27T23:46:51.452-0800] GC(21) Old regions: 234->218
[2020-10-27T23:46:51.452-0800] GC(21) Archive regions: 2->2
[2020-10-27T23:46:51.452-0800] GC(21) Humongous regions: 141->127
[2020-10-27T23:46:51.452-0800] GC(21) Metaspace: 204K(4864K)->204K(4864K) NonClass: 192K(4352K)->192K(4352K) Class: 12K(512K)->12K(512K)
[2020-10-27T23:46:51.452-0800] GC(21) Pause Young (Mixed) (G1 Evacuation Pause) 400M->348M(512M) 6.945ms
[2020-10-27T23:46:51.452-0800] GC(21) User=0.04s Sys=0.00s Real=0.01s
[2020-10-27T23:46:51.460-0800] GC(22) Pause Young (Concurrent Start) (G1 Humongous Allocation)
[2020-10-27T23:46:51.460-0800] GC(22) Using 8 workers of 8 for evacuation
[2020-10-27T23:46:51.463-0800] GC(22)   Pre Evacuate Collection Set: 0.1ms
[2020-10-27T23:46:51.463-0800] GC(22)   Merge Heap Roots: 0.0ms
[2020-10-27T23:46:51.463-0800] GC(22)   Evacuate Collection Set: 3.0ms
[2020-10-27T23:46:51.463-0800] GC(22)   Post Evacuate Collection Set: 0.2ms
[2020-10-27T23:46:51.463-0800] GC(22)   Other: 0.2ms
[2020-10-27T23:46:51.463-0800] GC(22) Eden regions: 40->0(49)
[2020-10-27T23:46:51.463-0800] GC(22) Survivor regions: 4->8(8)
[2020-10-27T23:46:51.463-0800] GC(22) Old regions: 218->228
[2020-10-27T23:46:51.463-0800] GC(22) Archive regions: 2->2
[2020-10-27T23:46:51.463-0800] GC(22) Humongous regions: 144->127
[2020-10-27T23:46:51.463-0800] GC(22) Metaspace: 204K(4864K)->204K(4864K) NonClass: 192K(4352K)->192K(4352K) Class: 12K(512K)->12K(512K)
[2020-10-27T23:46:51.463-0800] GC(22) Pause Young (Concurrent Start) (G1 Humongous Allocation) 405M->363M(512M) 3.549ms
[2020-10-27T23:46:51.463-0800] GC(22) User=0.02s Sys=0.01s Real=0.00s
[2020-10-27T23:46:51.463-0800] GC(23) Concurrent Cycle
[2020-10-27T23:46:51.463-0800] GC(23) Concurrent Clear Claimed Marks
[2020-10-27T23:46:51.463-0800] GC(23) Concurrent Clear Claimed Marks 0.007ms
[2020-10-27T23:46:51.463-0800] GC(23) Concurrent Scan Root Regions
[2020-10-27T23:46:51.463-0800] GC(23) Concurrent Scan Root Regions 0.042ms
[2020-10-27T23:46:51.463-0800] GC(23) Concurrent Mark (0.405s)
[2020-10-27T23:46:51.463-0800] GC(23) Concurrent Mark From Roots
[2020-10-27T23:46:51.463-0800] GC(23) Using 2 workers of 2 for marking
[2020-10-27T23:46:51.465-0800] GC(23) Concurrent Mark From Roots 1.689ms
[2020-10-27T23:46:51.465-0800] GC(23) Concurrent Preclean
[2020-10-27T23:46:51.465-0800] GC(23) Concurrent Preclean 0.043ms
[2020-10-27T23:46:51.465-0800] GC(23) Concurrent Mark (0.405s, 0.407s) 1.857ms
[2020-10-27T23:46:51.465-0800] GC(23) Pause Remark
[2020-10-27T23:46:51.466-0800] GC(23) Pause Remark 383M->383M(512M) 0.377ms
[2020-10-27T23:46:51.466-0800] GC(23) User=0.00s Sys=0.00s Real=0.00s
[2020-10-27T23:46:51.466-0800] GC(23) Concurrent Rebuild Remembered Sets
[2020-10-27T23:46:51.467-0800] GC(23) Concurrent Rebuild Remembered Sets 1.172ms
[2020-10-27T23:46:51.467-0800] GC(23) Pause Cleanup
[2020-10-27T23:46:51.467-0800] GC(23) Pause Cleanup 395M->395M(512M) 0.164ms
[2020-10-27T23:46:51.467-0800] GC(23) User=0.00s Sys=0.00s Real=0.00s
[2020-10-27T23:46:51.467-0800] GC(23) Concurrent Cleanup for Next Mark
[2020-10-27T23:46:51.469-0800] GC(23) Concurrent Cleanup for Next Mark 1.737ms
[2020-10-27T23:46:51.469-0800] GC(23) Concurrent Cycle 5.897ms
[2020-10-27T23:46:51.475-0800] GC(24) Pause Young (Prepare Mixed) (G1 Evacuation Pause)
[2020-10-27T23:46:51.475-0800] GC(24) Using 8 workers of 8 for evacuation
[2020-10-27T23:46:51.480-0800] GC(24)   Pre Evacuate Collection Set: 0.1ms
[2020-10-27T23:46:51.480-0800] GC(24)   Merge Heap Roots: 0.1ms
[2020-10-27T23:46:51.480-0800] GC(24)   Evacuate Collection Set: 4.2ms
[2020-10-27T23:46:51.480-0800] GC(24)   Post Evacuate Collection Set: 0.3ms
[2020-10-27T23:46:51.480-0800] GC(24)   Other: 0.2ms
[2020-10-27T23:46:51.480-0800] GC(24) Eden regions: 49->0(17)
[2020-10-27T23:46:51.480-0800] GC(24) Survivor regions: 8->8(8)
[2020-10-27T23:46:51.480-0800] GC(24) Old regions: 228->248
[2020-10-27T23:46:51.480-0800] GC(24) Archive regions: 2->2
[2020-10-27T23:46:51.480-0800] GC(24) Humongous regions: 166->139
[2020-10-27T23:46:51.480-0800] GC(24) Metaspace: 204K(4864K)->204K(4864K) NonClass: 192K(4352K)->192K(4352K) Class: 12K(512K)->12K(512K)
[2020-10-27T23:46:51.480-0800] GC(24) Pause Young (Prepare Mixed) (G1 Evacuation Pause) 451M->395M(512M) 4.964ms
[2020-10-27T23:46:51.480-0800] GC(24) User=0.03s Sys=0.00s Real=0.01s
[2020-10-27T23:46:51.483-0800] GC(25) Pause Young (Mixed) (G1 Evacuation Pause)
[2020-10-27T23:46:51.483-0800] GC(25) Using 8 workers of 8 for evacuation
[2020-10-27T23:46:51.489-0800] GC(25)   Pre Evacuate Collection Set: 0.1ms
[2020-10-27T23:46:51.489-0800] GC(25)   Merge Heap Roots: 0.0ms
[2020-10-27T23:46:51.489-0800] GC(25)   Evacuate Collection Set: 5.8ms
[2020-10-27T23:46:51.489-0800] GC(25)   Post Evacuate Collection Set: 0.2ms
[2020-10-27T23:46:51.489-0800] GC(25)   Other: 0.1ms
[2020-10-27T23:46:51.489-0800] GC(25) Eden regions: 17->0(21)
[2020-10-27T23:46:51.489-0800] GC(25) Survivor regions: 8->4(4)
[2020-10-27T23:46:51.489-0800] GC(25) Old regions: 248->228
[2020-10-27T23:46:51.489-0800] GC(25) Archive regions: 2->2
[2020-10-27T23:46:51.489-0800] GC(25) Humongous regions: 146->139
[2020-10-27T23:46:51.489-0800] GC(25) Metaspace: 204K(4864K)->204K(4864K) NonClass: 192K(4352K)->192K(4352K) Class: 12K(512K)->12K(512K)
[2020-10-27T23:46:51.489-0800] GC(25) Pause Young (Mixed) (G1 Evacuation Pause) 419M->371M(512M) 6.393ms
[2020-10-27T23:46:51.489-0800] GC(25) User=0.04s Sys=0.00s Real=0.00s
[2020-10-27T23:46:51.493-0800] GC(26) Pause Young (Mixed) (G1 Evacuation Pause)
[2020-10-27T23:46:51.493-0800] GC(26) Using 8 workers of 8 for evacuation
[2020-10-27T23:46:51.501-0800] GC(26)   Pre Evacuate Collection Set: 0.1ms
[2020-10-27T23:46:51.501-0800] GC(26)   Merge Heap Roots: 0.0ms
[2020-10-27T23:46:51.501-0800] GC(26)   Evacuate Collection Set: 7.6ms
[2020-10-27T23:46:51.501-0800] GC(26)   Post Evacuate Collection Set: 0.3ms
[2020-10-27T23:46:51.501-0800] GC(26)   Other: 0.1ms
[2020-10-27T23:46:51.502-0800] GC(26) Eden regions: 21->0(48)
[2020-10-27T23:46:51.502-0800] GC(26) Survivor regions: 4->4(4)
[2020-10-27T23:46:51.502-0800] GC(26) Old regions: 228->220
[2020-10-27T23:46:51.502-0800] GC(26) Archive regions: 2->2
[2020-10-27T23:46:51.502-0800] GC(26) Humongous regions: 155->140
[2020-10-27T23:46:51.502-0800] GC(26) Metaspace: 204K(4864K)->204K(4864K) NonClass: 192K(4352K)->192K(4352K) Class: 12K(512K)->12K(512K)
[2020-10-27T23:46:51.502-0800] GC(26) Pause Young (Mixed) (G1 Evacuation Pause) 407M->363M(512M) 8.263ms
[2020-10-27T23:46:51.502-0800] GC(26) User=0.05s Sys=0.01s Real=0.01s
[2020-10-27T23:46:51.504-0800] GC(27) Pause Young (Concurrent Start) (G1 Humongous Allocation)
[2020-10-27T23:46:51.504-0800] GC(27) Using 8 workers of 8 for evacuation
[2020-10-27T23:46:51.506-0800] GC(27)   Pre Evacuate Collection Set: 0.1ms
[2020-10-27T23:46:51.506-0800] GC(27)   Merge Heap Roots: 0.0ms
[2020-10-27T23:46:51.506-0800] GC(27)   Evacuate Collection Set: 1.9ms
[2020-10-27T23:46:51.506-0800] GC(27)   Post Evacuate Collection Set: 0.1ms
[2020-10-27T23:46:51.506-0800] GC(27)   Other: 0.1ms
[2020-10-27T23:46:51.506-0800] GC(27) Eden regions: 14->0(42)
[2020-10-27T23:46:51.506-0800] GC(27) Survivor regions: 4->7(7)
[2020-10-27T23:46:51.506-0800] GC(27) Old regions: 220->223
[2020-10-27T23:46:51.506-0800] GC(27) Archive regions: 2->2
[2020-10-27T23:46:51.506-0800] GC(27) Humongous regions: 145->140
[2020-10-27T23:46:51.506-0800] GC(27) Metaspace: 204K(4864K)->204K(4864K) NonClass: 192K(4352K)->192K(4352K) Class: 12K(512K)->12K(512K)
[2020-10-27T23:46:51.506-0800] GC(27) Pause Young (Concurrent Start) (G1 Humongous Allocation) 382M->370M(512M) 2.370ms
[2020-10-27T23:46:51.506-0800] GC(27) User=0.01s Sys=0.00s Real=0.00s
[2020-10-27T23:46:51.506-0800] GC(28) Concurrent Cycle
[2020-10-27T23:46:51.506-0800] GC(28) Concurrent Clear Claimed Marks
[2020-10-27T23:46:51.506-0800] GC(28) Concurrent Clear Claimed Marks 0.007ms
[2020-10-27T23:46:51.506-0800] GC(28) Concurrent Scan Root Regions
[2020-10-27T23:46:51.506-0800] GC(28) Concurrent Scan Root Regions 0.028ms
[2020-10-27T23:46:51.506-0800] GC(28) Concurrent Mark (0.448s)
[2020-10-27T23:46:51.506-0800] GC(28) Concurrent Mark From Roots
[2020-10-27T23:46:51.506-0800] GC(28) Using 2 workers of 2 for marking
[2020-10-27T23:46:51.508-0800] GC(28) Concurrent Mark From Roots 1.508ms
[2020-10-27T23:46:51.508-0800] GC(28) Concurrent Preclean
[2020-10-27T23:46:51.508-0800] GC(28) Concurrent Preclean 0.024ms
[2020-10-27T23:46:51.508-0800] GC(28) Concurrent Mark (0.448s, 0.450s) 1.592ms
[2020-10-27T23:46:51.508-0800] GC(28) Pause Remark
[2020-10-27T23:46:51.508-0800] GC(28) Pause Remark 386M->386M(512M) 0.321ms
[2020-10-27T23:46:51.508-0800] GC(28) User=0.00s Sys=0.00s Real=0.00s
[2020-10-27T23:46:51.508-0800] GC(28) Concurrent Rebuild Remembered Sets
[2020-10-27T23:46:51.509-0800] GC(28) Concurrent Rebuild Remembered Sets 1.200ms
[2020-10-27T23:46:51.510-0800] GC(28) Pause Cleanup
[2020-10-27T23:46:51.510-0800] GC(28) Pause Cleanup 399M->399M(512M) 0.117ms
[2020-10-27T23:46:51.510-0800] GC(28) User=0.00s Sys=0.00s Real=0.00s
[2020-10-27T23:46:51.510-0800] GC(28) Concurrent Cleanup for Next Mark
[2020-10-27T23:46:51.511-0800] GC(28) Concurrent Cleanup for Next Mark 1.605ms
[2020-10-27T23:46:51.511-0800] GC(28) Concurrent Cycle 5.349ms
[2020-10-27T23:46:51.516-0800] GC(29) Pause Young (Prepare Mixed) (G1 Evacuation Pause)
[2020-10-27T23:46:51.516-0800] GC(29) Using 8 workers of 8 for evacuation
[2020-10-27T23:46:51.520-0800] GC(29)   Pre Evacuate Collection Set: 0.1ms
[2020-10-27T23:46:51.520-0800] GC(29)   Merge Heap Roots: 0.0ms
[2020-10-27T23:46:51.520-0800] GC(29)   Evacuate Collection Set: 3.9ms
[2020-10-27T23:46:51.520-0800] GC(29)   Post Evacuate Collection Set: 0.2ms
[2020-10-27T23:46:51.520-0800] GC(29)   Other: 0.1ms
[2020-10-27T23:46:51.520-0800] GC(29) Eden regions: 42->0(18)
[2020-10-27T23:46:51.520-0800] GC(29) Survivor regions: 7->7(7)
[2020-10-27T23:46:51.520-0800] GC(29) Old regions: 223->241
[2020-10-27T23:46:51.520-0800] GC(29) Archive regions: 2->2
[2020-10-27T23:46:51.520-0800] GC(29) Humongous regions: 164->137
[2020-10-27T23:46:51.520-0800] GC(29) Metaspace: 204K(4864K)->204K(4864K) NonClass: 192K(4352K)->192K(4352K) Class: 12K(512K)->12K(512K)
[2020-10-27T23:46:51.520-0800] GC(29) Pause Young (Prepare Mixed) (G1 Evacuation Pause) 436M->385M(512M) 4.454ms
[2020-10-27T23:46:51.520-0800] GC(29) User=0.02s Sys=0.00s Real=0.01s
[2020-10-27T23:46:51.523-0800] GC(30) Pause Young (Mixed) (G1 Evacuation Pause)
[2020-10-27T23:46:51.523-0800] GC(30) Using 8 workers of 8 for evacuation
[2020-10-27T23:46:51.531-0800] GC(30)   Pre Evacuate Collection Set: 0.1ms
[2020-10-27T23:46:51.531-0800] GC(30)   Merge Heap Roots: 0.0ms
[2020-10-27T23:46:51.531-0800] GC(30)   Evacuate Collection Set: 6.8ms
[2020-10-27T23:46:51.531-0800] GC(30)   Post Evacuate Collection Set: 0.3ms
[2020-10-27T23:46:51.531-0800] GC(30)   Other: 0.2ms
[2020-10-27T23:46:51.531-0800] GC(30) Eden regions: 18->0(40)
[2020-10-27T23:46:51.531-0800] GC(30) Survivor regions: 7->4(4)
[2020-10-27T23:46:51.531-0800] GC(30) Old regions: 241->229
[2020-10-27T23:46:51.531-0800] GC(30) Archive regions: 2->2
[2020-10-27T23:46:51.531-0800] GC(30) Humongous regions: 148->140
[2020-10-27T23:46:51.531-0800] GC(30) Metaspace: 204K(4864K)->204K(4864K) NonClass: 192K(4352K)->192K(4352K) Class: 12K(512K)->12K(512K)
[2020-10-27T23:46:51.531-0800] GC(30) Pause Young (Mixed) (G1 Evacuation Pause) 414M->373M(512M) 7.602ms
[2020-10-27T23:46:51.531-0800] GC(30) User=0.04s Sys=0.01s Real=0.01s
[2020-10-27T23:46:51.531-0800] GC(31) Pause Young (Concurrent Start) (G1 Humongous Allocation)
[2020-10-27T23:46:51.531-0800] GC(31) Using 8 workers of 8 for evacuation
[2020-10-27T23:46:51.532-0800] GC(31)   Pre Evacuate Collection Set: 0.1ms
[2020-10-27T23:46:51.532-0800] GC(31)   Merge Heap Roots: 0.0ms
[2020-10-27T23:46:51.532-0800] GC(31)   Evacuate Collection Set: 0.7ms
[2020-10-27T23:46:51.532-0800] GC(31)   Post Evacuate Collection Set: 0.1ms
[2020-10-27T23:46:51.532-0800] GC(31)   Other: 0.1ms
[2020-10-27T23:46:51.532-0800] GC(31) Eden regions: 1->0(45)
[2020-10-27T23:46:51.532-0800] GC(31) Survivor regions: 4->1(6)
[2020-10-27T23:46:51.532-0800] GC(31) Old regions: 229->233
[2020-10-27T23:46:51.532-0800] GC(31) Archive regions: 2->2
[2020-10-27T23:46:51.532-0800] GC(31) Humongous regions: 140->140
[2020-10-27T23:46:51.532-0800] GC(31) Metaspace: 204K(4864K)->204K(4864K) NonClass: 192K(4352K)->192K(4352K) Class: 12K(512K)->12K(512K)
[2020-10-27T23:46:51.532-0800] GC(31) Pause Young (Concurrent Start) (G1 Humongous Allocation) 374M->372M(512M) 1.080ms
[2020-10-27T23:46:51.532-0800] GC(31) User=0.00s Sys=0.00s Real=0.00s
[2020-10-27T23:46:51.532-0800] GC(32) Concurrent Cycle
[2020-10-27T23:46:51.532-0800] GC(32) Concurrent Clear Claimed Marks
[2020-10-27T23:46:51.532-0800] GC(32) Concurrent Clear Claimed Marks 0.007ms
[2020-10-27T23:46:51.532-0800] GC(32) Concurrent Scan Root Regions
[2020-10-27T23:46:51.532-0800] GC(32) Concurrent Scan Root Regions 0.021ms
[2020-10-27T23:46:51.532-0800] GC(32) Concurrent Mark (0.474s)
[2020-10-27T23:46:51.532-0800] GC(32) Concurrent Mark From Roots
[2020-10-27T23:46:51.532-0800] GC(32) Using 2 workers of 2 for marking
[2020-10-27T23:46:51.534-0800] GC(32) Concurrent Mark From Roots 1.642ms
[2020-10-27T23:46:51.534-0800] GC(32) Concurrent Preclean
[2020-10-27T23:46:51.534-0800] GC(32) Concurrent Preclean 0.019ms
[2020-10-27T23:46:51.534-0800] GC(32) Concurrent Mark (0.474s, 0.476s) 1.763ms
[2020-10-27T23:46:51.534-0800] GC(32) Pause Remark
[2020-10-27T23:46:51.534-0800] GC(32) Pause Remark 390M->390M(512M) 0.281ms
[2020-10-27T23:46:51.534-0800] GC(32) User=0.00s Sys=0.00s Real=0.00s
[2020-10-27T23:46:51.534-0800] GC(32) Concurrent Rebuild Remembered Sets
[2020-10-27T23:46:51.535-0800] GC(32) Concurrent Rebuild Remembered Sets 0.907ms
[2020-10-27T23:46:51.535-0800] GC(32) Pause Cleanup
[2020-10-27T23:46:51.536-0800] GC(32) Pause Cleanup 399M->399M(512M) 0.076ms
[2020-10-27T23:46:51.536-0800] GC(32) User=0.00s Sys=0.00s Real=0.00s
[2020-10-27T23:46:51.536-0800] GC(32) Concurrent Cleanup for Next Mark
[2020-10-27T23:46:51.537-0800] GC(32) Concurrent Cleanup for Next Mark 1.605ms
[2020-10-27T23:46:51.537-0800] GC(32) Concurrent Cycle 5.079ms
[2020-10-27T23:46:51.542-0800] GC(33) Pause Young (Prepare Mixed) (G1 Evacuation Pause)
[2020-10-27T23:46:51.543-0800] GC(33) Using 8 workers of 8 for evacuation
[2020-10-27T23:46:51.545-0800] GC(33)   Pre Evacuate Collection Set: 0.1ms
[2020-10-27T23:46:51.545-0800] GC(33)   Merge Heap Roots: 0.1ms
[2020-10-27T23:46:51.545-0800] GC(33)   Evacuate Collection Set: 2.4ms
[2020-10-27T23:46:51.545-0800] GC(33)   Post Evacuate Collection Set: 0.2ms
[2020-10-27T23:46:51.545-0800] GC(33)   Other: 0.2ms
[2020-10-27T23:46:51.545-0800] GC(33) Eden regions: 45->0(19)
[2020-10-27T23:46:51.545-0800] GC(33) Survivor regions: 1->6(6)
[2020-10-27T23:46:51.545-0800] GC(33) Old regions: 233->243
[2020-10-27T23:46:51.545-0800] GC(33) Archive regions: 2->2
[2020-10-27T23:46:51.545-0800] GC(33) Humongous regions: 174->148
[2020-10-27T23:46:51.545-0800] GC(33) Metaspace: 204K(4864K)->204K(4864K) NonClass: 192K(4352K)->192K(4352K) Class: 12K(512K)->12K(512K)
[2020-10-27T23:46:51.545-0800] GC(33) Pause Young (Prepare Mixed) (G1 Evacuation Pause) 451M->396M(512M) 2.986ms
[2020-10-27T23:46:51.545-0800] GC(33) User=0.02s Sys=0.00s Real=0.00s
[2020-10-27T23:46:51.549-0800] GC(34) Pause Young (Mixed) (G1 Evacuation Pause)
[2020-10-27T23:46:51.549-0800] GC(34) Using 8 workers of 8 for evacuation
[2020-10-27T23:46:51.556-0800] GC(34)   Pre Evacuate Collection Set: 0.1ms
[2020-10-27T23:46:51.557-0800] GC(34)   Merge Heap Roots: 0.0ms
[2020-10-27T23:46:51.557-0800] GC(34)   Evacuate Collection Set: 7.4ms
[2020-10-27T23:46:51.557-0800] GC(34)   Post Evacuate Collection Set: 0.2ms
[2020-10-27T23:46:51.557-0800] GC(34)   Other: 0.1ms
[2020-10-27T23:46:51.557-0800] GC(34) Eden regions: 19->0(38)
[2020-10-27T23:46:51.557-0800] GC(34) Survivor regions: 6->4(4)
[2020-10-27T23:46:51.557-0800] GC(34) Old regions: 243->232
[2020-10-27T23:46:51.557-0800] GC(34) Archive regions: 2->2
[2020-10-27T23:46:51.557-0800] GC(34) Humongous regions: 158->147
[2020-10-27T23:46:51.557-0800] GC(34) Metaspace: 204K(4864K)->204K(4864K) NonClass: 192K(4352K)->192K(4352K) Class: 12K(512K)->12K(512K)
[2020-10-27T23:46:51.557-0800] GC(34) Pause Young (Mixed) (G1 Evacuation Pause) 425M->383M(512M) 7.935ms
[2020-10-27T23:46:51.557-0800] GC(34) User=0.05s Sys=0.00s Real=0.01s
[2020-10-27T23:46:51.557-0800] GC(35) Pause Young (Concurrent Start) (G1 Humongous Allocation)
[2020-10-27T23:46:51.557-0800] GC(35) Using 8 workers of 8 for evacuation
[2020-10-27T23:46:51.558-0800] GC(35)   Pre Evacuate Collection Set: 0.1ms
[2020-10-27T23:46:51.558-0800] GC(35)   Merge Heap Roots: 0.0ms
[2020-10-27T23:46:51.558-0800] GC(35)   Evacuate Collection Set: 0.8ms
[2020-10-27T23:46:51.558-0800] GC(35)   Post Evacuate Collection Set: 0.1ms
[2020-10-27T23:46:51.558-0800] GC(35)   Other: 0.1ms
[2020-10-27T23:46:51.558-0800] GC(35) Eden regions: 1->0(39)
[2020-10-27T23:46:51.558-0800] GC(35) Survivor regions: 4->1(6)
[2020-10-27T23:46:51.558-0800] GC(35) Old regions: 232->236
[2020-10-27T23:46:51.558-0800] GC(35) Archive regions: 2->2
[2020-10-27T23:46:51.558-0800] GC(35) Humongous regions: 147->147
[2020-10-27T23:46:51.558-0800] GC(35) Metaspace: 204K(4864K)->204K(4864K) NonClass: 192K(4352K)->192K(4352K) Class: 12K(512K)->12K(512K)
[2020-10-27T23:46:51.558-0800] GC(35) Pause Young (Concurrent Start) (G1 Humongous Allocation) 384M->383M(512M) 1.163ms
[2020-10-27T23:46:51.558-0800] GC(35) User=0.01s Sys=0.00s Real=0.00s
[2020-10-27T23:46:51.558-0800] GC(36) Concurrent Cycle
[2020-10-27T23:46:51.558-0800] GC(36) Concurrent Clear Claimed Marks
[2020-10-27T23:46:51.558-0800] GC(36) Concurrent Clear Claimed Marks 0.006ms
[2020-10-27T23:46:51.558-0800] GC(36) Concurrent Scan Root Regions
[2020-10-27T23:46:51.558-0800] GC(36) Concurrent Scan Root Regions 0.026ms
[2020-10-27T23:46:51.558-0800] GC(36) Concurrent Mark (0.500s)
[2020-10-27T23:46:51.558-0800] GC(36) Concurrent Mark From Roots
[2020-10-27T23:46:51.558-0800] GC(36) Using 2 workers of 2 for marking
[2020-10-27T23:46:51.560-0800] GC(36) Concurrent Mark From Roots 1.783ms
[2020-10-27T23:46:51.560-0800] GC(36) Concurrent Preclean
[2020-10-27T23:46:51.560-0800] GC(36) Concurrent Preclean 0.023ms
[2020-10-27T23:46:51.560-0800] GC(36) Concurrent Mark (0.500s, 0.502s) 1.903ms
[2020-10-27T23:46:51.560-0800] GC(36) Pause Remark
[2020-10-27T23:46:51.560-0800] GC(36) Pause Remark 402M->402M(512M) 0.345ms
[2020-10-27T23:46:51.560-0800] GC(36) User=0.00s Sys=0.00s Real=0.00s
[2020-10-27T23:46:51.560-0800] GC(36) Concurrent Rebuild Remembered Sets
[2020-10-27T23:46:51.562-0800] GC(36) Concurrent Rebuild Remembered Sets 1.157ms
[2020-10-27T23:46:51.562-0800] GC(36) Pause Cleanup
[2020-10-27T23:46:51.562-0800] GC(36) Pause Cleanup 410M->410M(512M) 0.095ms
[2020-10-27T23:46:51.562-0800] GC(36) User=0.01s Sys=0.00s Real=0.00s
[2020-10-27T23:46:51.562-0800] GC(36) Concurrent Cleanup for Next Mark
[2020-10-27T23:46:51.564-0800] GC(36) Concurrent Cleanup for Next Mark 1.647ms
[2020-10-27T23:46:51.564-0800] GC(36) Concurrent Cycle 5.615ms
[2020-10-27T23:46:51.567-0800] GC(37) Pause Young (Prepare Mixed) (G1 Evacuation Pause)
[2020-10-27T23:46:51.567-0800] GC(37) Using 8 workers of 8 for evacuation
[2020-10-27T23:46:51.570-0800] GC(37)   Pre Evacuate Collection Set: 0.1ms
[2020-10-27T23:46:51.570-0800] GC(37)   Merge Heap Roots: 0.0ms
[2020-10-27T23:46:51.570-0800] GC(37)   Evacuate Collection Set: 3.1ms
[2020-10-27T23:46:51.570-0800] GC(37)   Post Evacuate Collection Set: 0.2ms
[2020-10-27T23:46:51.570-0800] GC(37)   Other: 0.1ms
[2020-10-27T23:46:51.570-0800] GC(37) Eden regions: 39->0(20)
[2020-10-27T23:46:51.570-0800] GC(37) Survivor regions: 1->5(5)
[2020-10-27T23:46:51.570-0800] GC(37) Old regions: 236->250
[2020-10-27T23:46:51.570-0800] GC(37) Archive regions: 2->2
[2020-10-27T23:46:51.570-0800] GC(37) Humongous regions: 171->145
[2020-10-27T23:46:51.570-0800] GC(37) Metaspace: 204K(4864K)->204K(4864K) NonClass: 192K(4352K)->192K(4352K) Class: 12K(512K)->12K(512K)
[2020-10-27T23:46:51.570-0800] GC(37) Pause Young (Prepare Mixed) (G1 Evacuation Pause) 446M->400M(512M) 3.653ms
[2020-10-27T23:46:51.570-0800] GC(37) User=0.02s Sys=0.00s Real=0.01s
[2020-10-27T23:46:51.574-0800] GC(38) Pause Young (Mixed) (G1 Evacuation Pause)
[2020-10-27T23:46:51.574-0800] GC(38) Using 8 workers of 8 for evacuation
[2020-10-27T23:46:51.581-0800] GC(38)   Pre Evacuate Collection Set: 0.1ms
[2020-10-27T23:46:51.581-0800] GC(38)   Merge Heap Roots: 0.0ms
[2020-10-27T23:46:51.581-0800] GC(38)   Evacuate Collection Set: 6.5ms
[2020-10-27T23:46:51.581-0800] GC(38)   Post Evacuate Collection Set: 0.2ms
[2020-10-27T23:46:51.581-0800] GC(38)   Other: 0.1ms
[2020-10-27T23:46:51.581-0800] GC(38) Eden regions: 20->0(35)
[2020-10-27T23:46:51.581-0800] GC(38) Survivor regions: 5->4(4)
[2020-10-27T23:46:51.581-0800] GC(38) Old regions: 250->237
[2020-10-27T23:46:51.581-0800] GC(38) Archive regions: 2->2
[2020-10-27T23:46:51.581-0800] GC(38) Humongous regions: 157->149
[2020-10-27T23:46:51.581-0800] GC(38) Metaspace: 204K(4864K)->204K(4864K) NonClass: 192K(4352K)->192K(4352K) Class: 12K(512K)->12K(512K)
[2020-10-27T23:46:51.581-0800] GC(38) Pause Young (Mixed) (G1 Evacuation Pause) 432M->390M(512M) 7.081ms
[2020-10-27T23:46:51.581-0800] GC(38) User=0.04s Sys=0.01s Real=0.01s
[2020-10-27T23:46:51.581-0800] GC(39) Pause Young (Concurrent Start) (G1 Humongous Allocation)
[2020-10-27T23:46:51.581-0800] GC(39) Using 8 workers of 8 for evacuation
[2020-10-27T23:46:51.583-0800] GC(39)   Pre Evacuate Collection Set: 0.1ms
[2020-10-27T23:46:51.583-0800] GC(39)   Merge Heap Roots: 0.0ms
[2020-10-27T23:46:51.583-0800] GC(39)   Evacuate Collection Set: 0.8ms
[2020-10-27T23:46:51.583-0800] GC(39)   Post Evacuate Collection Set: 0.1ms
[2020-10-27T23:46:51.583-0800] GC(39)   Other: 0.1ms
[2020-10-27T23:46:51.583-0800] GC(39) Eden regions: 2->0(35)
[2020-10-27T23:46:51.583-0800] GC(39) Survivor regions: 4->1(5)
[2020-10-27T23:46:51.583-0800] GC(39) Old regions: 237->241
[2020-10-27T23:46:51.583-0800] GC(39) Archive regions: 2->2
[2020-10-27T23:46:51.583-0800] GC(39) Humongous regions: 149->149
[2020-10-27T23:46:51.583-0800] GC(39) Metaspace: 204K(4864K)->204K(4864K) NonClass: 192K(4352K)->192K(4352K) Class: 12K(512K)->12K(512K)
[2020-10-27T23:46:51.583-0800] GC(39) Pause Young (Concurrent Start) (G1 Humongous Allocation) 391M->390M(512M) 1.153ms
[2020-10-27T23:46:51.583-0800] GC(39) User=0.01s Sys=0.00s Real=0.00s
[2020-10-27T23:46:51.583-0800] GC(40) Concurrent Cycle
[2020-10-27T23:46:51.583-0800] GC(40) Concurrent Clear Claimed Marks
[2020-10-27T23:46:51.583-0800] GC(40) Concurrent Clear Claimed Marks 0.007ms
[2020-10-27T23:46:51.583-0800] GC(40) Concurrent Scan Root Regions
[2020-10-27T23:46:51.583-0800] GC(40) Concurrent Scan Root Regions 0.022ms
[2020-10-27T23:46:51.583-0800] GC(40) Concurrent Mark (0.525s)
[2020-10-27T23:46:51.583-0800] GC(40) Concurrent Mark From Roots
[2020-10-27T23:46:51.583-0800] GC(40) Using 2 workers of 2 for marking
[2020-10-27T23:46:51.585-0800] GC(40) Concurrent Mark From Roots 1.800ms
[2020-10-27T23:46:51.585-0800] GC(40) Concurrent Preclean
[2020-10-27T23:46:51.585-0800] GC(40) Concurrent Preclean 0.018ms
[2020-10-27T23:46:51.585-0800] GC(40) Concurrent Mark (0.525s, 0.527s) 1.880ms
[2020-10-27T23:46:51.585-0800] GC(40) Pause Remark
[2020-10-27T23:46:51.585-0800] GC(40) Pause Remark 410M->410M(512M) 0.327ms
[2020-10-27T23:46:51.585-0800] GC(40) User=0.00s Sys=0.00s Real=0.00s
[2020-10-27T23:46:51.585-0800] GC(40) Concurrent Rebuild Remembered Sets
[2020-10-27T23:46:51.586-0800] GC(40) Concurrent Rebuild Remembered Sets 1.255ms
[2020-10-27T23:46:51.587-0800] GC(40) Pause Cleanup
[2020-10-27T23:46:51.587-0800] GC(40) Pause Cleanup 422M->422M(512M) 0.115ms
[2020-10-27T23:46:51.587-0800] GC(40) User=0.00s Sys=0.00s Real=0.00s
[2020-10-27T23:46:51.587-0800] GC(40) Concurrent Cleanup for Next Mark
[2020-10-27T23:46:51.589-0800] GC(40) Concurrent Cleanup for Next Mark 1.862ms
[2020-10-27T23:46:51.589-0800] GC(40) Concurrent Cycle 5.989ms
[2020-10-27T23:46:51.591-0800] GC(41) Pause Young (Prepare Mixed) (G1 Evacuation Pause)
[2020-10-27T23:46:51.591-0800] GC(41) Using 8 workers of 8 for evacuation
[2020-10-27T23:46:51.594-0800] GC(41)   Pre Evacuate Collection Set: 0.1ms
[2020-10-27T23:46:51.594-0800] GC(41)   Merge Heap Roots: 0.1ms
[2020-10-27T23:46:51.594-0800] GC(41)   Evacuate Collection Set: 2.2ms
[2020-10-27T23:46:51.594-0800] GC(41)   Post Evacuate Collection Set: 0.2ms
[2020-10-27T23:46:51.594-0800] GC(41)   Other: 0.1ms
[2020-10-27T23:46:51.594-0800] GC(41) Eden regions: 35->0(20)
[2020-10-27T23:46:51.594-0800] GC(41) Survivor regions: 1->5(5)
[2020-10-27T23:46:51.594-0800] GC(41) Old regions: 241->251
[2020-10-27T23:46:51.594-0800] GC(41) Archive regions: 2->2
[2020-10-27T23:46:51.594-0800] GC(41) Humongous regions: 175->144
[2020-10-27T23:46:51.594-0800] GC(41) Metaspace: 204K(4864K)->204K(4864K) NonClass: 192K(4352K)->192K(4352K) Class: 12K(512K)->12K(512K)
[2020-10-27T23:46:51.594-0800] GC(41) Pause Young (Prepare Mixed) (G1 Evacuation Pause) 451M->400M(512M) 2.656ms
[2020-10-27T23:46:51.594-0800] GC(41) User=0.01s Sys=0.00s Real=0.00s
[2020-10-27T23:46:51.597-0800] GC(42) Pause Young (Mixed) (G1 Evacuation Pause)
[2020-10-27T23:46:51.597-0800] GC(42) Using 8 workers of 8 for evacuation
[2020-10-27T23:46:51.605-0800] GC(42)   Pre Evacuate Collection Set: 0.1ms
[2020-10-27T23:46:51.605-0800] GC(42)   Merge Heap Roots: 0.0ms
[2020-10-27T23:46:51.605-0800] GC(42)   Evacuate Collection Set: 7.4ms
[2020-10-27T23:46:51.605-0800] GC(42)   Post Evacuate Collection Set: 0.2ms
[2020-10-27T23:46:51.605-0800] GC(42)   Other: 0.1ms
[2020-10-27T23:46:51.605-0800] GC(42) Eden regions: 20->0(38)
[2020-10-27T23:46:51.605-0800] GC(42) Survivor regions: 5->4(4)
[2020-10-27T23:46:51.605-0800] GC(42) Old regions: 251->239
[2020-10-27T23:46:51.605-0800] GC(42) Archive regions: 2->2
[2020-10-27T23:46:51.605-0800] GC(42) Humongous regions: 154->143
[2020-10-27T23:46:51.605-0800] GC(42) Metaspace: 204K(4864K)->204K(4864K) NonClass: 192K(4352K)->192K(4352K) Class: 12K(512K)->12K(512K)
[2020-10-27T23:46:51.605-0800] GC(42) Pause Young (Mixed) (G1 Evacuation Pause) 430M->386M(512M) 7.983ms
[2020-10-27T23:46:51.605-0800] GC(42) User=0.05s Sys=0.00s Real=0.01s
[2020-10-27T23:46:51.606-0800] GC(43) Pause Young (Concurrent Start) (G1 Humongous Allocation)
[2020-10-27T23:46:51.606-0800] GC(43) Using 8 workers of 8 for evacuation
[2020-10-27T23:46:51.607-0800] GC(43)   Pre Evacuate Collection Set: 0.1ms
[2020-10-27T23:46:51.607-0800] GC(43)   Merge Heap Roots: 0.0ms
[2020-10-27T23:46:51.607-0800] GC(43)   Evacuate Collection Set: 0.9ms
[2020-10-27T23:46:51.607-0800] GC(43)   Post Evacuate Collection Set: 0.1ms
[2020-10-27T23:46:51.607-0800] GC(43)   Other: 0.1ms
[2020-10-27T23:46:51.607-0800] GC(43) Eden regions: 2->0(39)
[2020-10-27T23:46:51.607-0800] GC(43) Survivor regions: 4->1(6)
[2020-10-27T23:46:51.607-0800] GC(43) Old regions: 239->244
[2020-10-27T23:46:51.607-0800] GC(43) Archive regions: 2->2
[2020-10-27T23:46:51.607-0800] GC(43) Humongous regions: 143->143
[2020-10-27T23:46:51.607-0800] GC(43) Metaspace: 204K(4864K)->204K(4864K) NonClass: 192K(4352K)->192K(4352K) Class: 12K(512K)->12K(512K)
[2020-10-27T23:46:51.607-0800] GC(43) Pause Young (Concurrent Start) (G1 Humongous Allocation) 388M->387M(512M) 1.277ms
[2020-10-27T23:46:51.607-0800] GC(43) User=0.00s Sys=0.00s Real=0.00s
[2020-10-27T23:46:51.607-0800] GC(44) Concurrent Cycle
[2020-10-27T23:46:51.607-0800] GC(44) Concurrent Clear Claimed Marks
[2020-10-27T23:46:51.607-0800] GC(44) Concurrent Clear Claimed Marks 0.007ms
[2020-10-27T23:46:51.607-0800] GC(44) Concurrent Scan Root Regions
[2020-10-27T23:46:51.607-0800] GC(44) Concurrent Scan Root Regions 0.027ms
[2020-10-27T23:46:51.607-0800] GC(44) Concurrent Mark (0.549s)
[2020-10-27T23:46:51.607-0800] GC(44) Concurrent Mark From Roots
[2020-10-27T23:46:51.607-0800] GC(44) Using 2 workers of 2 for marking
[2020-10-27T23:46:51.610-0800] GC(44) Concurrent Mark From Roots 2.508ms
[2020-10-27T23:46:51.610-0800] GC(44) Concurrent Preclean
[2020-10-27T23:46:51.610-0800] GC(44) Concurrent Preclean 0.023ms
[2020-10-27T23:46:51.610-0800] GC(44) Concurrent Mark (0.549s, 0.552s) 2.623ms
[2020-10-27T23:46:51.610-0800] GC(44) Pause Remark
[2020-10-27T23:46:51.610-0800] GC(44) Pause Remark 407M->407M(512M) 0.485ms
[2020-10-27T23:46:51.610-0800] GC(44) User=0.00s Sys=0.00s Real=0.00s
[2020-10-27T23:46:51.610-0800] GC(44) Concurrent Rebuild Remembered Sets
[2020-10-27T23:46:51.612-0800] GC(44) Concurrent Rebuild Remembered Sets 1.924ms
[2020-10-27T23:46:51.613-0800] GC(44) Pause Cleanup
[2020-10-27T23:46:51.613-0800] GC(44) Pause Cleanup 417M->417M(512M) 0.184ms
[2020-10-27T23:46:51.613-0800] GC(44) User=0.00s Sys=0.00s Real=0.00s
[2020-10-27T23:46:51.613-0800] GC(44) Concurrent Cleanup for Next Mark
[2020-10-27T23:46:51.615-0800] GC(44) Concurrent Cleanup for Next Mark 1.717ms
[2020-10-27T23:46:51.615-0800] GC(44) Concurrent Cycle 7.593ms
[2020-10-27T23:46:51.618-0800] GC(45) Pause Young (Prepare Mixed) (G1 Evacuation Pause)
[2020-10-27T23:46:51.618-0800] GC(45) Using 8 workers of 8 for evacuation
[2020-10-27T23:46:51.622-0800] GC(45)   Pre Evacuate Collection Set: 0.1ms
[2020-10-27T23:46:51.622-0800] GC(45)   Merge Heap Roots: 0.0ms
[2020-10-27T23:46:51.622-0800] GC(45)   Evacuate Collection Set: 3.3ms
[2020-10-27T23:46:51.622-0800] GC(45)   Post Evacuate Collection Set: 0.1ms
[2020-10-27T23:46:51.622-0800] GC(45)   Other: 0.1ms
[2020-10-27T23:46:51.622-0800] GC(45) Eden regions: 39->0(20)
[2020-10-27T23:46:51.622-0800] GC(45) Survivor regions: 1->5(5)
[2020-10-27T23:46:51.622-0800] GC(45) Old regions: 244->260
[2020-10-27T23:46:51.622-0800] GC(45) Archive regions: 2->2
[2020-10-27T23:46:51.622-0800] GC(45) Humongous regions: 175->151
[2020-10-27T23:46:51.622-0800] GC(45) Metaspace: 204K(4864K)->204K(4864K) NonClass: 192K(4352K)->192K(4352K) Class: 12K(512K)->12K(512K)
[2020-10-27T23:46:51.622-0800] GC(45) Pause Young (Prepare Mixed) (G1 Evacuation Pause) 458M->416M(512M) 3.767ms
[2020-10-27T23:46:51.622-0800] GC(45) User=0.03s Sys=0.00s Real=0.01s
[2020-10-27T23:46:51.625-0800] GC(46) Pause Young (Mixed) (G1 Evacuation Pause)
[2020-10-27T23:46:51.625-0800] GC(46) Using 8 workers of 8 for evacuation
[2020-10-27T23:46:51.633-0800] GC(46)   Pre Evacuate Collection Set: 0.1ms
[2020-10-27T23:46:51.633-0800] GC(46)   Merge Heap Roots: 0.0ms
[2020-10-27T23:46:51.633-0800] GC(46)   Evacuate Collection Set: 7.0ms
[2020-10-27T23:46:51.633-0800] GC(46)   Post Evacuate Collection Set: 0.3ms
[2020-10-27T23:46:51.633-0800] GC(46)   Other: 0.2ms
[2020-10-27T23:46:51.633-0800] GC(46) Eden regions: 20->0(27)
[2020-10-27T23:46:51.633-0800] GC(46) Survivor regions: 5->4(4)
[2020-10-27T23:46:51.633-0800] GC(46) Old regions: 260->249
[2020-10-27T23:46:51.633-0800] GC(46) Archive regions: 2->2
[2020-10-27T23:46:51.633-0800] GC(46) Humongous regions: 162->150
[2020-10-27T23:46:51.633-0800] GC(46) Metaspace: 204K(4864K)->204K(4864K) NonClass: 192K(4352K)->192K(4352K) Class: 12K(512K)->12K(512K)
[2020-10-27T23:46:51.633-0800] GC(46) Pause Young (Mixed) (G1 Evacuation Pause) 446M->403M(512M) 7.738ms
[2020-10-27T23:46:51.633-0800] GC(46) User=0.04s Sys=0.00s Real=0.01s
[2020-10-27T23:46:51.633-0800] GC(47) Pause Young (Concurrent Start) (G1 Humongous Allocation)
[2020-10-27T23:46:51.633-0800] GC(47) Using 8 workers of 8 for evacuation
[2020-10-27T23:46:51.634-0800] GC(47)   Pre Evacuate Collection Set: 0.1ms
[2020-10-27T23:46:51.634-0800] GC(47)   Merge Heap Roots: 0.0ms
[2020-10-27T23:46:51.634-0800] GC(47)   Evacuate Collection Set: 1.0ms
[2020-10-27T23:46:51.634-0800] GC(47)   Post Evacuate Collection Set: 0.1ms
[2020-10-27T23:46:51.634-0800] GC(47)   Other: 0.1ms
[2020-10-27T23:46:51.634-0800] GC(47) Eden regions: 1->0(30)
[2020-10-27T23:46:51.634-0800] GC(47) Survivor regions: 4->0(4)
[2020-10-27T23:46:51.634-0800] GC(47) Old regions: 249->253
[2020-10-27T23:46:51.634-0800] GC(47) Archive regions: 2->2
[2020-10-27T23:46:51.634-0800] GC(47) Humongous regions: 150->150
[2020-10-27T23:46:51.634-0800] GC(47) Metaspace: 204K(4864K)->204K(4864K) NonClass: 192K(4352K)->192K(4352K) Class: 12K(512K)->12K(512K)
[2020-10-27T23:46:51.635-0800] GC(47) Pause Young (Concurrent Start) (G1 Humongous Allocation) 403M->403M(512M) 1.408ms
[2020-10-27T23:46:51.635-0800] GC(47) User=0.00s Sys=0.00s Real=0.00s
[2020-10-27T23:46:51.635-0800] GC(48) Concurrent Cycle
[2020-10-27T23:46:51.635-0800] GC(48) Concurrent Clear Claimed Marks
[2020-10-27T23:46:51.635-0800] GC(48) Concurrent Clear Claimed Marks 0.007ms
[2020-10-27T23:46:51.635-0800] GC(48) Concurrent Scan Root Regions
[2020-10-27T23:46:51.635-0800] GC(48) Concurrent Scan Root Regions 0.026ms
[2020-10-27T23:46:51.635-0800] GC(48) Concurrent Mark (0.577s)
[2020-10-27T23:46:51.635-0800] GC(48) Concurrent Mark From Roots
[2020-10-27T23:46:51.635-0800] GC(48) Using 2 workers of 2 for marking
[2020-10-27T23:46:51.636-0800] GC(48) Concurrent Mark From Roots 1.575ms
[2020-10-27T23:46:51.636-0800] GC(48) Concurrent Preclean
[2020-10-27T23:46:51.636-0800] GC(48) Concurrent Preclean 0.024ms
[2020-10-27T23:46:51.636-0800] GC(48) Concurrent Mark (0.577s, 0.578s) 1.669ms
[2020-10-27T23:46:51.636-0800] GC(48) Pause Remark
[2020-10-27T23:46:51.637-0800] GC(48) Pause Remark 415M->415M(512M) 0.301ms
[2020-10-27T23:46:51.637-0800] GC(48) User=0.01s Sys=0.00s Real=0.00s
[2020-10-27T23:46:51.637-0800] GC(48) Concurrent Rebuild Remembered Sets
[2020-10-27T23:46:51.638-0800] GC(48) Concurrent Rebuild Remembered Sets 1.186ms
[2020-10-27T23:46:51.638-0800] GC(48) Pause Cleanup
[2020-10-27T23:46:51.638-0800] GC(48) Pause Cleanup 429M->429M(512M) 0.076ms
[2020-10-27T23:46:51.638-0800] GC(48) User=0.00s Sys=0.00s Real=0.00s
[2020-10-27T23:46:51.638-0800] GC(48) Concurrent Cleanup for Next Mark
[2020-10-27T23:46:51.640-0800] GC(48) Concurrent Cleanup for Next Mark 1.440ms
[2020-10-27T23:46:51.640-0800] GC(48) Concurrent Cycle 5.056ms
[2020-10-27T23:46:51.641-0800] GC(49) Pause Young (Prepare Mixed) (G1 Evacuation Pause)
[2020-10-27T23:46:51.641-0800] GC(49) Using 8 workers of 8 for evacuation
[2020-10-27T23:46:51.644-0800] GC(49)   Pre Evacuate Collection Set: 0.1ms
[2020-10-27T23:46:51.644-0800] GC(49)   Merge Heap Roots: 0.1ms
[2020-10-27T23:46:51.644-0800] GC(49)   Evacuate Collection Set: 2.0ms
[2020-10-27T23:46:51.644-0800] GC(49)   Post Evacuate Collection Set: 0.1ms
[2020-10-27T23:46:51.644-0800] GC(49)   Other: 0.1ms
[2020-10-27T23:46:51.644-0800] GC(49) Eden regions: 30->0(21)
[2020-10-27T23:46:51.644-0800] GC(49) Survivor regions: 0->4(4)
[2020-10-27T23:46:51.644-0800] GC(49) Old regions: 253->261
[2020-10-27T23:46:51.644-0800] GC(49) Archive regions: 2->2
[2020-10-27T23:46:51.644-0800] GC(49) Humongous regions: 172->157
[2020-10-27T23:46:51.644-0800] GC(49) Metaspace: 204K(4864K)->204K(4864K) NonClass: 192K(4352K)->192K(4352K) Class: 12K(512K)->12K(512K)
[2020-10-27T23:46:51.644-0800] GC(49) Pause Young (Prepare Mixed) (G1 Evacuation Pause) 455M->421M(512M) 2.460ms
[2020-10-27T23:46:51.644-0800] GC(49) User=0.01s Sys=0.00s Real=0.00s
[2020-10-27T23:46:51.648-0800] GC(50) Pause Young (Mixed) (G1 Evacuation Pause)
[2020-10-27T23:46:51.648-0800] GC(50) Using 8 workers of 8 for evacuation
[2020-10-27T23:46:51.654-0800] GC(50)   Pre Evacuate Collection Set: 0.1ms
[2020-10-27T23:46:51.654-0800] GC(50)   Merge Heap Roots: 0.0ms
[2020-10-27T23:46:51.654-0800] GC(50)   Evacuate Collection Set: 6.2ms
[2020-10-27T23:46:51.654-0800] GC(50)   Post Evacuate Collection Set: 0.3ms
[2020-10-27T23:46:51.654-0800] GC(50)   Other: 0.2ms
[2020-10-27T23:46:51.654-0800] GC(50) Eden regions: 21->0(28)
[2020-10-27T23:46:51.654-0800] GC(50) Survivor regions: 4->4(4)
[2020-10-27T23:46:51.654-0800] GC(50) Old regions: 261->247
[2020-10-27T23:46:51.654-0800] GC(50) Archive regions: 2->2
[2020-10-27T23:46:51.654-0800] GC(50) Humongous regions: 165->154
[2020-10-27T23:46:51.654-0800] GC(50) Metaspace: 204K(4864K)->204K(4864K) NonClass: 192K(4352K)->192K(4352K) Class: 12K(512K)->12K(512K)
[2020-10-27T23:46:51.654-0800] GC(50) Pause Young (Mixed) (G1 Evacuation Pause) 450M->404M(512M) 6.876ms
[2020-10-27T23:46:51.654-0800] GC(50) User=0.05s Sys=0.00s Real=0.01s
[2020-10-27T23:46:51.655-0800] GC(51) Pause Young (Concurrent Start) (G1 Humongous Allocation)
[2020-10-27T23:46:51.655-0800] GC(51) Using 8 workers of 8 for evacuation
[2020-10-27T23:46:51.656-0800] GC(51)   Pre Evacuate Collection Set: 0.0ms
[2020-10-27T23:46:51.656-0800] GC(51)   Merge Heap Roots: 0.1ms
[2020-10-27T23:46:51.656-0800] GC(51)   Evacuate Collection Set: 1.0ms
[2020-10-27T23:46:51.656-0800] GC(51)   Post Evacuate Collection Set: 0.1ms
[2020-10-27T23:46:51.656-0800] GC(51)   Other: 0.1ms
[2020-10-27T23:46:51.656-0800] GC(51) Eden regions: 3->0(30)
[2020-10-27T23:46:51.656-0800] GC(51) Survivor regions: 4->1(4)
[2020-10-27T23:46:51.656-0800] GC(51) Old regions: 247->250
[2020-10-27T23:46:51.656-0800] GC(51) Archive regions: 2->2
[2020-10-27T23:46:51.656-0800] GC(51) Humongous regions: 154->153
[2020-10-27T23:46:51.656-0800] GC(51) Metaspace: 204K(4864K)->204K(4864K) NonClass: 192K(4352K)->192K(4352K) Class: 12K(512K)->12K(512K)
[2020-10-27T23:46:51.656-0800] GC(51) Pause Young (Concurrent Start) (G1 Humongous Allocation) 407M->404M(512M) 1.347ms
[2020-10-27T23:46:51.656-0800] GC(51) User=0.00s Sys=0.00s Real=0.00s
[2020-10-27T23:46:51.656-0800] GC(52) Concurrent Cycle
[2020-10-27T23:46:51.656-0800] GC(52) Concurrent Clear Claimed Marks
[2020-10-27T23:46:51.656-0800] GC(52) Concurrent Clear Claimed Marks 0.007ms
[2020-10-27T23:46:51.656-0800] GC(52) Concurrent Scan Root Regions
[2020-10-27T23:46:51.656-0800] GC(52) Concurrent Scan Root Regions 0.035ms
[2020-10-27T23:46:51.656-0800] GC(52) Concurrent Mark (0.598s)
[2020-10-27T23:46:51.656-0800] GC(52) Concurrent Mark From Roots
[2020-10-27T23:46:51.656-0800] GC(52) Using 2 workers of 2 for marking
[2020-10-27T23:46:51.658-0800] GC(52) Concurrent Mark From Roots 1.803ms
[2020-10-27T23:46:51.658-0800] GC(52) Concurrent Preclean
[2020-10-27T23:46:51.658-0800] GC(52) Concurrent Preclean 0.022ms
[2020-10-27T23:46:51.658-0800] GC(52) Concurrent Mark (0.598s, 0.600s) 1.872ms
[2020-10-27T23:46:51.658-0800] GC(52) Pause Remark
[2020-10-27T23:46:51.659-0800] GC(52) Pause Remark 423M->423M(512M) 0.282ms
[2020-10-27T23:46:51.659-0800] GC(52) User=0.00s Sys=0.00s Real=0.00s
[2020-10-27T23:46:51.659-0800] GC(52) Concurrent Rebuild Remembered Sets
[2020-10-27T23:46:51.660-0800] GC(52) Concurrent Rebuild Remembered Sets 1.086ms
[2020-10-27T23:46:51.660-0800] GC(52) Pause Cleanup
[2020-10-27T23:46:51.660-0800] GC(52) Pause Cleanup 429M->429M(512M) 0.117ms
[2020-10-27T23:46:51.660-0800] GC(52) User=0.00s Sys=0.00s Real=0.00s
[2020-10-27T23:46:51.660-0800] GC(52) Concurrent Cleanup for Next Mark
[2020-10-27T23:46:51.662-0800] GC(52) Concurrent Cleanup for Next Mark 1.662ms
[2020-10-27T23:46:51.662-0800] GC(52) Concurrent Cycle 5.507ms
[2020-10-27T23:46:51.663-0800] GC(53) Pause Young (Prepare Mixed) (G1 Evacuation Pause)
[2020-10-27T23:46:51.663-0800] GC(53) Using 8 workers of 8 for evacuation
[2020-10-27T23:46:51.666-0800] GC(53)   Pre Evacuate Collection Set: 0.1ms
[2020-10-27T23:46:51.666-0800] GC(53)   Merge Heap Roots: 0.1ms
[2020-10-27T23:46:51.666-0800] GC(53)   Evacuate Collection Set: 2.2ms
[2020-10-27T23:46:51.666-0800] GC(53)   Post Evacuate Collection Set: 0.2ms
[2020-10-27T23:46:51.666-0800] GC(53)   Other: 0.1ms
[2020-10-27T23:46:51.666-0800] GC(53) Eden regions: 30->0(21)
[2020-10-27T23:46:51.666-0800] GC(53) Survivor regions: 1->4(4)
[2020-10-27T23:46:51.666-0800] GC(53) Old regions: 250->260
[2020-10-27T23:46:51.666-0800] GC(53) Archive regions: 2->2
[2020-10-27T23:46:51.666-0800] GC(53) Humongous regions: 165->153
[2020-10-27T23:46:51.666-0800] GC(53) Metaspace: 204K(4864K)->204K(4864K) NonClass: 192K(4352K)->192K(4352K) Class: 12K(512K)->12K(512K)
[2020-10-27T23:46:51.666-0800] GC(53) Pause Young (Prepare Mixed) (G1 Evacuation Pause) 446M->416M(512M) 2.793ms
[2020-10-27T23:46:51.666-0800] GC(53) User=0.01s Sys=0.00s Real=0.00s
[2020-10-27T23:46:51.670-0800] GC(54) Pause Young (Mixed) (G1 Evacuation Pause)
[2020-10-27T23:46:51.670-0800] GC(54) Using 8 workers of 8 for evacuation
[2020-10-27T23:46:51.677-0800] GC(54)   Pre Evacuate Collection Set: 0.1ms
[2020-10-27T23:46:51.678-0800] GC(54)   Merge Heap Roots: 0.0ms
[2020-10-27T23:46:51.678-0800] GC(54)   Evacuate Collection Set: 7.2ms
[2020-10-27T23:46:51.678-0800] GC(54)   Post Evacuate Collection Set: 0.2ms
[2020-10-27T23:46:51.678-0800] GC(54)   Other: 0.1ms
[2020-10-27T23:46:51.678-0800] GC(54) Eden regions: 21->0(28)
[2020-10-27T23:46:51.678-0800] GC(54) Survivor regions: 4->4(4)
[2020-10-27T23:46:51.678-0800] GC(54) Old regions: 260->247
[2020-10-27T23:46:51.678-0800] GC(54) Archive regions: 2->2
[2020-10-27T23:46:51.678-0800] GC(54) Humongous regions: 167->154
[2020-10-27T23:46:51.678-0800] GC(54) Metaspace: 204K(4864K)->204K(4864K) NonClass: 192K(4352K)->192K(4352K) Class: 12K(512K)->12K(512K)
[2020-10-27T23:46:51.678-0800] GC(54) Pause Young (Mixed) (G1 Evacuation Pause) 451M->405M(512M) 7.769ms
[2020-10-27T23:46:51.678-0800] GC(54) User=0.04s Sys=0.00s Real=0.00s
[2020-10-27T23:46:51.678-0800] GC(55) Pause Young (Concurrent Start) (G1 Humongous Allocation)
[2020-10-27T23:46:51.678-0800] GC(55) Using 8 workers of 8 for evacuation
[2020-10-27T23:46:51.679-0800] GC(55)   Pre Evacuate Collection Set: 0.1ms
[2020-10-27T23:46:51.679-0800] GC(55)   Merge Heap Roots: 0.0ms
[2020-10-27T23:46:51.679-0800] GC(55)   Evacuate Collection Set: 0.9ms
[2020-10-27T23:46:51.679-0800] GC(55)   Post Evacuate Collection Set: 0.1ms
[2020-10-27T23:46:51.679-0800] GC(55)   Other: 0.1ms
[2020-10-27T23:46:51.679-0800] GC(55) Eden regions: 3->0(29)
[2020-10-27T23:46:51.679-0800] GC(55) Survivor regions: 4->1(4)
[2020-10-27T23:46:51.679-0800] GC(55) Old regions: 247->251
[2020-10-27T23:46:51.679-0800] GC(55) Archive regions: 2->2
[2020-10-27T23:46:51.679-0800] GC(55) Humongous regions: 154->153
[2020-10-27T23:46:51.679-0800] GC(55) Metaspace: 204K(4864K)->204K(4864K) NonClass: 192K(4352K)->192K(4352K) Class: 12K(512K)->12K(512K)
[2020-10-27T23:46:51.679-0800] GC(55) Pause Young (Concurrent Start) (G1 Humongous Allocation) 407M->405M(512M) 1.240ms
[2020-10-27T23:46:51.679-0800] GC(55) User=0.01s Sys=0.00s Real=0.00s
[2020-10-27T23:46:51.679-0800] GC(56) Concurrent Cycle
[2020-10-27T23:46:51.679-0800] GC(56) Concurrent Clear Claimed Marks
[2020-10-27T23:46:51.679-0800] GC(56) Concurrent Clear Claimed Marks 0.007ms
[2020-10-27T23:46:51.679-0800] GC(56) Concurrent Scan Root Regions
[2020-10-27T23:46:51.679-0800] GC(56) Concurrent Scan Root Regions 0.030ms
[2020-10-27T23:46:51.679-0800] GC(56) Concurrent Mark (0.621s)
[2020-10-27T23:46:51.679-0800] GC(56) Concurrent Mark From Roots
[2020-10-27T23:46:51.679-0800] GC(56) Using 2 workers of 2 for marking
[2020-10-27T23:46:51.682-0800] GC(56) Concurrent Mark From Roots 2.088ms
[2020-10-27T23:46:51.682-0800] GC(56) Concurrent Preclean
[2020-10-27T23:46:51.682-0800] GC(56) Concurrent Preclean 0.020ms
[2020-10-27T23:46:51.682-0800] GC(56) Concurrent Mark (0.621s, 0.624s) 2.176ms
[2020-10-27T23:46:51.682-0800] GC(56) Pause Remark
[2020-10-27T23:46:51.682-0800] GC(56) Pause Remark 422M->422M(512M) 0.376ms
[2020-10-27T23:46:51.682-0800] GC(56) User=0.00s Sys=0.00s Real=0.00s
[2020-10-27T23:46:51.682-0800] GC(56) Concurrent Rebuild Remembered Sets
[2020-10-27T23:46:51.683-0800] GC(56) Concurrent Rebuild Remembered Sets 1.098ms
[2020-10-27T23:46:51.683-0800] GC(56) Pause Cleanup
[2020-10-27T23:46:51.683-0800] GC(56) Pause Cleanup 434M->434M(512M) 0.110ms
[2020-10-27T23:46:51.684-0800] GC(56) User=0.00s Sys=0.00s Real=0.00s
[2020-10-27T23:46:51.684-0800] GC(56) Concurrent Cleanup for Next Mark
[2020-10-27T23:46:51.685-0800] GC(56) Concurrent Cleanup for Next Mark 1.917ms
[2020-10-27T23:46:51.685-0800] GC(56) Concurrent Cycle 6.147ms
[2020-10-27T23:46:51.687-0800] GC(57) Pause Young (Prepare Mixed) (G1 Evacuation Pause)
[2020-10-27T23:46:51.687-0800] GC(57) Using 8 workers of 8 for evacuation
[2020-10-27T23:46:51.690-0800] GC(57)   Pre Evacuate Collection Set: 0.1ms
[2020-10-27T23:46:51.690-0800] GC(57)   Merge Heap Roots: 0.0ms
[2020-10-27T23:46:51.690-0800] GC(57)   Evacuate Collection Set: 2.4ms
[2020-10-27T23:46:51.690-0800] GC(57)   Post Evacuate Collection Set: 0.2ms
[2020-10-27T23:46:51.690-0800] GC(57)   Other: 0.1ms
[2020-10-27T23:46:51.690-0800] GC(57) Eden regions: 29->0(21)
[2020-10-27T23:46:51.690-0800] GC(57) Survivor regions: 1->4(4)
[2020-10-27T23:46:51.690-0800] GC(57) Old regions: 251->259
[2020-10-27T23:46:51.690-0800] GC(57) Archive regions: 2->2
[2020-10-27T23:46:51.690-0800] GC(57) Humongous regions: 180->162
[2020-10-27T23:46:51.690-0800] GC(57) Metaspace: 204K(4864K)->204K(4864K) NonClass: 192K(4352K)->192K(4352K) Class: 12K(512K)->12K(512K)
[2020-10-27T23:46:51.690-0800] GC(57) Pause Young (Prepare Mixed) (G1 Evacuation Pause) 461M->425M(512M) 2.818ms
[2020-10-27T23:46:51.690-0800] GC(57) User=0.02s Sys=0.01s Real=0.01s
[2020-10-27T23:46:51.694-0800] GC(58) Pause Young (Mixed) (G1 Evacuation Pause)
[2020-10-27T23:46:51.694-0800] GC(58) Using 8 workers of 8 for evacuation
[2020-10-27T23:46:51.700-0800] GC(58)   Pre Evacuate Collection Set: 0.1ms
[2020-10-27T23:46:51.700-0800] GC(58)   Merge Heap Roots: 0.0ms
[2020-10-27T23:46:51.700-0800] GC(58)   Evacuate Collection Set: 6.1ms
[2020-10-27T23:46:51.700-0800] GC(58)   Post Evacuate Collection Set: 0.2ms
[2020-10-27T23:46:51.700-0800] GC(58)   Other: 0.2ms
[2020-10-27T23:46:51.700-0800] GC(58) Eden regions: 21->0(21)
[2020-10-27T23:46:51.700-0800] GC(58) Survivor regions: 4->4(4)
[2020-10-27T23:46:51.700-0800] GC(58) Old regions: 259->244
[2020-10-27T23:46:51.700-0800] GC(58) Archive regions: 2->2
[2020-10-27T23:46:51.700-0800] GC(58) Humongous regions: 179->169
[2020-10-27T23:46:51.700-0800] GC(58) Metaspace: 204K(4864K)->204K(4864K) NonClass: 192K(4352K)->192K(4352K) Class: 12K(512K)->12K(512K)
[2020-10-27T23:46:51.700-0800] GC(58) Pause Young (Mixed) (G1 Evacuation Pause) 462M->417M(512M) 6.758ms
[2020-10-27T23:46:51.700-0800] GC(58) User=0.04s Sys=0.00s Real=0.01s
[2020-10-27T23:46:51.701-0800] GC(59) Pause Young (Concurrent Start) (G1 Humongous Allocation)
[2020-10-27T23:46:51.701-0800] GC(59) Using 8 workers of 8 for evacuation
[2020-10-27T23:46:51.702-0800] GC(59)   Pre Evacuate Collection Set: 0.1ms
[2020-10-27T23:46:51.702-0800] GC(59)   Merge Heap Roots: 0.0ms
[2020-10-27T23:46:51.702-0800] GC(59)   Evacuate Collection Set: 0.9ms
[2020-10-27T23:46:51.702-0800] GC(59)   Post Evacuate Collection Set: 0.1ms
[2020-10-27T23:46:51.702-0800] GC(59)   Other: 0.1ms
[2020-10-27T23:46:51.702-0800] GC(59) Eden regions: 4->0(23)
[2020-10-27T23:46:51.702-0800] GC(59) Survivor regions: 4->2(4)
[2020-10-27T23:46:51.702-0800] GC(59) Old regions: 244->248
[2020-10-27T23:46:51.702-0800] GC(59) Archive regions: 2->2
[2020-10-27T23:46:51.702-0800] GC(59) Humongous regions: 169->169
[2020-10-27T23:46:51.702-0800] GC(59) Metaspace: 204K(4864K)->204K(4864K) NonClass: 192K(4352K)->192K(4352K) Class: 12K(512K)->12K(512K)
[2020-10-27T23:46:51.702-0800] GC(59) Pause Young (Concurrent Start) (G1 Humongous Allocation) 420M->419M(512M) 1.213ms
[2020-10-27T23:46:51.702-0800] GC(59) User=0.01s Sys=0.00s Real=0.00s
[2020-10-27T23:46:51.702-0800] GC(60) Concurrent Cycle
[2020-10-27T23:46:51.702-0800] GC(60) Concurrent Clear Claimed Marks
[2020-10-27T23:46:51.702-0800] GC(60) Concurrent Clear Claimed Marks 0.007ms
[2020-10-27T23:46:51.702-0800] GC(60) Concurrent Scan Root Regions
[2020-10-27T23:46:51.702-0800] GC(60) Concurrent Scan Root Regions 0.025ms
[2020-10-27T23:46:51.702-0800] GC(60) Concurrent Mark (0.644s)
[2020-10-27T23:46:51.702-0800] GC(60) Concurrent Mark From Roots
[2020-10-27T23:46:51.702-0800] GC(60) Using 2 workers of 2 for marking
[2020-10-27T23:46:51.704-0800] GC(60) Concurrent Mark From Roots 1.927ms
[2020-10-27T23:46:51.704-0800] GC(60) Concurrent Preclean
[2020-10-27T23:46:51.704-0800] GC(60) Concurrent Preclean 0.018ms
[2020-10-27T23:46:51.704-0800] GC(60) Concurrent Mark (0.644s, 0.646s) 1.988ms
[2020-10-27T23:46:51.704-0800] GC(60) Pause Remark
[2020-10-27T23:46:51.705-0800] GC(60) Pause Remark 437M->437M(512M) 0.264ms
[2020-10-27T23:46:51.705-0800] GC(60) User=0.00s Sys=0.00s Real=0.00s
[2020-10-27T23:46:51.705-0800] GC(60) Concurrent Rebuild Remembered Sets
[2020-10-27T23:46:51.706-0800] GC(60) Concurrent Rebuild Remembered Sets 1.100ms
[2020-10-27T23:46:51.706-0800] GC(60) Pause Cleanup
[2020-10-27T23:46:51.706-0800] GC(60) Pause Cleanup 444M->444M(512M) 0.097ms
[2020-10-27T23:46:51.706-0800] GC(60) User=0.00s Sys=0.00s Real=0.00s
[2020-10-27T23:46:51.706-0800] GC(60) Concurrent Cleanup for Next Mark
[2020-10-27T23:46:51.707-0800] GC(60) Concurrent Cleanup for Next Mark 1.513ms
[2020-10-27T23:46:51.707-0800] GC(60) Concurrent Cycle 5.312ms
[2020-10-27T23:46:51.708-0800] GC(61) Pause Young (Prepare Mixed) (G1 Evacuation Pause)
[2020-10-27T23:46:51.708-0800] GC(61) Using 8 workers of 8 for evacuation
[2020-10-27T23:46:51.710-0800] GC(61)   Pre Evacuate Collection Set: 0.1ms
[2020-10-27T23:46:51.710-0800] GC(61)   Merge Heap Roots: 0.1ms
[2020-10-27T23:46:51.710-0800] GC(61)   Evacuate Collection Set: 1.6ms
[2020-10-27T23:46:51.710-0800] GC(61)   Post Evacuate Collection Set: 0.1ms
[2020-10-27T23:46:51.710-0800] GC(61)   Other: 0.1ms
[2020-10-27T23:46:51.710-0800] GC(61) Eden regions: 23->0(21)
[2020-10-27T23:46:51.710-0800] GC(61) Survivor regions: 2->4(4)
[2020-10-27T23:46:51.710-0800] GC(61) Old regions: 248->254
[2020-10-27T23:46:51.710-0800] GC(61) Archive regions: 2->2
[2020-10-27T23:46:51.710-0800] GC(61) Humongous regions: 188->171
[2020-10-27T23:46:51.710-0800] GC(61) Metaspace: 204K(4864K)->204K(4864K) NonClass: 192K(4352K)->192K(4352K) Class: 12K(512K)->12K(512K)
[2020-10-27T23:46:51.710-0800] GC(61) Pause Young (Prepare Mixed) (G1 Evacuation Pause) 461M->429M(512M) 2.107ms
[2020-10-27T23:46:51.710-0800] GC(61) User=0.01s Sys=0.00s Real=0.01s
[2020-10-27T23:46:51.715-0800] GC(62) Pause Young (Mixed) (G1 Evacuation Pause)
[2020-10-27T23:46:51.715-0800] GC(62) Using 8 workers of 8 for evacuation
[2020-10-27T23:46:51.722-0800] GC(62)   Pre Evacuate Collection Set: 0.1ms
[2020-10-27T23:46:51.722-0800] GC(62)   Merge Heap Roots: 0.0ms
[2020-10-27T23:46:51.722-0800] GC(62)   Evacuate Collection Set: 6.7ms
[2020-10-27T23:46:51.722-0800] GC(62)   Post Evacuate Collection Set: 0.3ms
[2020-10-27T23:46:51.722-0800] GC(62)   Other: 0.2ms
[2020-10-27T23:46:51.722-0800] GC(62) Eden regions: 21->0(21)
[2020-10-27T23:46:51.722-0800] GC(62) Survivor regions: 4->4(4)
[2020-10-27T23:46:51.722-0800] GC(62) Old regions: 254->240
[2020-10-27T23:46:51.722-0800] GC(62) Archive regions: 2->2
[2020-10-27T23:46:51.723-0800] GC(62) Humongous regions: 187->173
[2020-10-27T23:46:51.723-0800] GC(62) Metaspace: 204K(4864K)->204K(4864K) NonClass: 192K(4352K)->192K(4352K) Class: 12K(512K)->12K(512K)
[2020-10-27T23:46:51.723-0800] GC(62) Pause Young (Mixed) (G1 Evacuation Pause) 466M->417M(512M) 7.451ms
[2020-10-27T23:46:51.723-0800] GC(62) User=0.04s Sys=0.00s Real=0.01s
[2020-10-27T23:46:51.723-0800] GC(63) Pause Young (Concurrent Start) (G1 Humongous Allocation)
[2020-10-27T23:46:51.723-0800] GC(63) Using 8 workers of 8 for evacuation
[2020-10-27T23:46:51.724-0800] GC(63)   Pre Evacuate Collection Set: 0.1ms
[2020-10-27T23:46:51.724-0800] GC(63)   Merge Heap Roots: 0.0ms
[2020-10-27T23:46:51.724-0800] GC(63)   Evacuate Collection Set: 1.0ms
[2020-10-27T23:46:51.724-0800] GC(63)   Post Evacuate Collection Set: 0.2ms
[2020-10-27T23:46:51.724-0800] GC(63)   Other: 0.1ms
[2020-10-27T23:46:51.724-0800] GC(63) Eden regions: 4->0(23)
[2020-10-27T23:46:51.724-0800] GC(63) Survivor regions: 4->2(4)
[2020-10-27T23:46:51.724-0800] GC(63) Old regions: 240->244
[2020-10-27T23:46:51.725-0800] GC(63) Archive regions: 2->2
[2020-10-27T23:46:51.725-0800] GC(63) Humongous regions: 173->173
[2020-10-27T23:46:51.725-0800] GC(63) Metaspace: 204K(4864K)->204K(4864K) NonClass: 192K(4352K)->192K(4352K) Class: 12K(512K)->12K(512K)
[2020-10-27T23:46:51.725-0800] GC(63) Pause Young (Concurrent Start) (G1 Humongous Allocation) 421M->418M(512M) 1.498ms
[2020-10-27T23:46:51.725-0800] GC(63) User=0.01s Sys=0.00s Real=0.00s
[2020-10-27T23:46:51.725-0800] GC(64) Concurrent Cycle
[2020-10-27T23:46:51.725-0800] GC(64) Concurrent Clear Claimed Marks
[2020-10-27T23:46:51.725-0800] GC(64) Concurrent Clear Claimed Marks 0.007ms
[2020-10-27T23:46:51.725-0800] GC(64) Concurrent Scan Root Regions
[2020-10-27T23:46:51.725-0800] GC(64) Concurrent Scan Root Regions 0.030ms
[2020-10-27T23:46:51.725-0800] GC(64) Concurrent Mark (0.667s)
[2020-10-27T23:46:51.725-0800] GC(64) Concurrent Mark From Roots
[2020-10-27T23:46:51.725-0800] GC(64) Using 2 workers of 2 for marking
[2020-10-27T23:46:51.726-0800] GC(64) Concurrent Mark From Roots 1.482ms
[2020-10-27T23:46:51.726-0800] GC(64) Concurrent Preclean
[2020-10-27T23:46:51.726-0800] GC(64) Concurrent Preclean 0.019ms
[2020-10-27T23:46:51.726-0800] GC(64) Concurrent Mark (0.667s, 0.668s) 1.557ms
[2020-10-27T23:46:51.726-0800] GC(64) Pause Remark
[2020-10-27T23:46:51.727-0800] GC(64) Pause Remark 431M->431M(512M) 0.375ms
[2020-10-27T23:46:51.727-0800] GC(64) User=0.01s Sys=0.00s Real=0.00s
[2020-10-27T23:46:51.727-0800] GC(64) Concurrent Rebuild Remembered Sets
[2020-10-27T23:46:51.728-0800] GC(64) Concurrent Rebuild Remembered Sets 1.493ms
[2020-10-27T23:46:51.728-0800] GC(64) Pause Cleanup
[2020-10-27T23:46:51.729-0800] GC(64) Pause Cleanup 442M->442M(512M) 0.124ms
[2020-10-27T23:46:51.729-0800] GC(64) User=0.00s Sys=0.00s Real=0.00s
[2020-10-27T23:46:51.729-0800] GC(64) Concurrent Cleanup for Next Mark
[2020-10-27T23:46:51.731-0800] GC(64) Concurrent Cleanup for Next Mark 1.864ms
[2020-10-27T23:46:51.731-0800] GC(64) Concurrent Cycle 5.978ms
[2020-10-27T23:46:51.731-0800] GC(65) Pause Young (Prepare Mixed) (G1 Evacuation Pause)
[2020-10-27T23:46:51.731-0800] GC(65) Using 8 workers of 8 for evacuation
[2020-10-27T23:46:51.733-0800] GC(65)   Pre Evacuate Collection Set: 0.1ms
[2020-10-27T23:46:51.733-0800] GC(65)   Merge Heap Roots: 0.1ms
[2020-10-27T23:46:51.733-0800] GC(65)   Evacuate Collection Set: 2.0ms
[2020-10-27T23:46:51.733-0800] GC(65)   Post Evacuate Collection Set: 0.2ms
[2020-10-27T23:46:51.733-0800] GC(65)   Other: 0.1ms
[2020-10-27T23:46:51.733-0800] GC(65) Eden regions: 23->0(21)
[2020-10-27T23:46:51.733-0800] GC(65) Survivor regions: 2->4(4)
[2020-10-27T23:46:51.733-0800] GC(65) Old regions: 244->253
[2020-10-27T23:46:51.733-0800] GC(65) Archive regions: 2->2
[2020-10-27T23:46:51.733-0800] GC(65) Humongous regions: 184->167
[2020-10-27T23:46:51.733-0800] GC(65) Metaspace: 204K(4864K)->204K(4864K) NonClass: 192K(4352K)->192K(4352K) Class: 12K(512K)->12K(512K)
[2020-10-27T23:46:51.733-0800] GC(65) Pause Young (Prepare Mixed) (G1 Evacuation Pause) 452M->424M(512M) 2.564ms
[2020-10-27T23:46:51.734-0800] GC(65) User=0.01s Sys=0.00s Real=0.00s
[2020-10-27T23:46:51.738-0800] GC(66) Pause Young (Mixed) (G1 Evacuation Pause)
[2020-10-27T23:46:51.738-0800] GC(66) Using 8 workers of 8 for evacuation
[2020-10-27T23:46:51.746-0800] GC(66)   Pre Evacuate Collection Set: 0.1ms
[2020-10-27T23:46:51.746-0800] GC(66)   Merge Heap Roots: 0.0ms
[2020-10-27T23:46:51.746-0800] GC(66)   Evacuate Collection Set: 7.4ms
[2020-10-27T23:46:51.746-0800] GC(66)   Post Evacuate Collection Set: 0.3ms
[2020-10-27T23:46:51.746-0800] GC(66)   Other: 0.1ms
[2020-10-27T23:46:51.746-0800] GC(66) Eden regions: 21->0(21)
[2020-10-27T23:46:51.746-0800] GC(66) Survivor regions: 4->4(4)
[2020-10-27T23:46:51.746-0800] GC(66) Old regions: 253->244
[2020-10-27T23:46:51.746-0800] GC(66) Archive regions: 2->2
[2020-10-27T23:46:51.746-0800] GC(66) Humongous regions: 182->171
[2020-10-27T23:46:51.746-0800] GC(66) Metaspace: 204K(4864K)->204K(4864K) NonClass: 192K(4352K)->192K(4352K) Class: 12K(512K)->12K(512K)
[2020-10-27T23:46:51.746-0800] GC(66) Pause Young (Mixed) (G1 Evacuation Pause) 460M->419M(512M) 8.033ms
[2020-10-27T23:46:51.746-0800] GC(66) User=0.05s Sys=0.01s Real=0.01s
[2020-10-27T23:46:51.746-0800] GC(67) Pause Young (Concurrent Start) (G1 Humongous Allocation)
[2020-10-27T23:46:51.746-0800] GC(67) Using 8 workers of 8 for evacuation
[2020-10-27T23:46:51.747-0800] GC(67)   Pre Evacuate Collection Set: 0.1ms
[2020-10-27T23:46:51.747-0800] GC(67)   Merge Heap Roots: 0.0ms
[2020-10-27T23:46:51.747-0800] GC(67)   Evacuate Collection Set: 0.8ms
[2020-10-27T23:46:51.747-0800] GC(67)   Post Evacuate Collection Set: 0.1ms
[2020-10-27T23:46:51.747-0800] GC(67)   Other: 0.1ms
[2020-10-27T23:46:51.747-0800] GC(67) Eden regions: 1->0(24)
[2020-10-27T23:46:51.747-0800] GC(67) Survivor regions: 4->1(4)
[2020-10-27T23:46:51.747-0800] GC(67) Old regions: 244->248
[2020-10-27T23:46:51.747-0800] GC(67) Archive regions: 2->2
[2020-10-27T23:46:51.747-0800] GC(67) Humongous regions: 171->171
[2020-10-27T23:46:51.747-0800] GC(67) Metaspace: 204K(4864K)->204K(4864K) NonClass: 192K(4352K)->192K(4352K) Class: 12K(512K)->12K(512K)
[2020-10-27T23:46:51.747-0800] GC(67) Pause Young (Concurrent Start) (G1 Humongous Allocation) 420M->419M(512M) 1.124ms
[2020-10-27T23:46:51.747-0800] GC(67) User=0.00s Sys=0.00s Real=0.00s
[2020-10-27T23:46:51.747-0800] GC(68) Concurrent Cycle
[2020-10-27T23:46:51.747-0800] GC(68) Concurrent Clear Claimed Marks
[2020-10-27T23:46:51.747-0800] GC(68) Concurrent Clear Claimed Marks 0.006ms
[2020-10-27T23:46:51.747-0800] GC(68) Concurrent Scan Root Regions
[2020-10-27T23:46:51.747-0800] GC(68) Concurrent Scan Root Regions 0.025ms
[2020-10-27T23:46:51.747-0800] GC(68) Concurrent Mark (0.689s)
[2020-10-27T23:46:51.747-0800] GC(68) Concurrent Mark From Roots
[2020-10-27T23:46:51.747-0800] GC(68) Using 2 workers of 2 for marking
[2020-10-27T23:46:51.749-0800] GC(68) Concurrent Mark From Roots 1.608ms
[2020-10-27T23:46:51.749-0800] GC(68) Concurrent Preclean
[2020-10-27T23:46:51.749-0800] GC(68) Concurrent Preclean 0.019ms
[2020-10-27T23:46:51.749-0800] GC(68) Concurrent Mark (0.689s, 0.691s) 1.686ms
[2020-10-27T23:46:51.749-0800] GC(68) Pause Remark
[2020-10-27T23:46:51.750-0800] GC(68) Pause Remark 429M->429M(512M) 0.479ms
[2020-10-27T23:46:51.750-0800] GC(68) User=0.00s Sys=0.00s Real=0.01s
[2020-10-27T23:46:51.750-0800] GC(68) Concurrent Rebuild Remembered Sets
[2020-10-27T23:46:51.751-0800] GC(68) Concurrent Rebuild Remembered Sets 0.909ms
[2020-10-27T23:46:51.751-0800] GC(68) Pause Cleanup
[2020-10-27T23:46:51.751-0800] GC(68) Pause Cleanup 431M->431M(512M) 0.091ms
[2020-10-27T23:46:51.751-0800] GC(68) User=0.00s Sys=0.00s Real=0.00s
[2020-10-27T23:46:51.751-0800] GC(68) Concurrent Cleanup for Next Mark
[2020-10-27T23:46:51.753-0800] GC(68) Concurrent Cleanup for Next Mark 1.705ms
[2020-10-27T23:46:51.753-0800] GC(68) Concurrent Cycle 5.330ms
[2020-10-27T23:46:51.755-0800] GC(69) Pause Young (Prepare Mixed) (G1 Evacuation Pause)
[2020-10-27T23:46:51.755-0800] GC(69) Using 8 workers of 8 for evacuation
[2020-10-27T23:46:51.756-0800] GC(69)   Pre Evacuate Collection Set: 0.1ms
[2020-10-27T23:46:51.756-0800] GC(69)   Merge Heap Roots: 0.1ms
[2020-10-27T23:46:51.756-0800] GC(69)   Evacuate Collection Set: 1.4ms
[2020-10-27T23:46:51.756-0800] GC(69)   Post Evacuate Collection Set: 0.1ms
[2020-10-27T23:46:51.756-0800] GC(69)   Other: 0.1ms
[2020-10-27T23:46:51.756-0800] GC(69) Eden regions: 24->0(21)
[2020-10-27T23:46:51.756-0800] GC(69) Survivor regions: 1->4(4)
[2020-10-27T23:46:51.756-0800] GC(69) Old regions: 248->252
[2020-10-27T23:46:51.756-0800] GC(69) Archive regions: 2->2
[2020-10-27T23:46:51.756-0800] GC(69) Humongous regions: 184->169
[2020-10-27T23:46:51.756-0800] GC(69) Metaspace: 204K(4864K)->204K(4864K) NonClass: 192K(4352K)->192K(4352K) Class: 12K(512K)->12K(512K)
[2020-10-27T23:46:51.756-0800] GC(69) Pause Young (Prepare Mixed) (G1 Evacuation Pause) 456M->425M(512M) 1.884ms
[2020-10-27T23:46:51.756-0800] GC(69) User=0.00s Sys=0.00s Real=0.00s
[2020-10-27T23:46:51.760-0800] GC(70) Pause Young (Mixed) (G1 Evacuation Pause)
[2020-10-27T23:46:51.760-0800] GC(70) Using 8 workers of 8 for evacuation
[2020-10-27T23:46:51.769-0800] GC(70)   Pre Evacuate Collection Set: 0.1ms
[2020-10-27T23:46:51.769-0800] GC(70)   Merge Heap Roots: 0.1ms
[2020-10-27T23:46:51.769-0800] GC(70)   Evacuate Collection Set: 8.4ms
[2020-10-27T23:46:51.769-0800] GC(70)   Post Evacuate Collection Set: 0.3ms
[2020-10-27T23:46:51.769-0800] GC(70)   Other: 0.2ms
[2020-10-27T23:46:51.769-0800] GC(70) Eden regions: 21->0(24)
[2020-10-27T23:46:51.769-0800] GC(70) Survivor regions: 4->4(4)
[2020-10-27T23:46:51.769-0800] GC(70) Old regions: 252->245
[2020-10-27T23:46:51.769-0800] GC(70) Archive regions: 2->2
[2020-10-27T23:46:51.769-0800] GC(70) Humongous regions: 175->164
[2020-10-27T23:46:51.769-0800] GC(70) Metaspace: 204K(4864K)->204K(4864K) NonClass: 192K(4352K)->192K(4352K) Class: 12K(512K)->12K(512K)
[2020-10-27T23:46:51.769-0800] GC(70) Pause Young (Mixed) (G1 Evacuation Pause) 451M->413M(512M) 9.276ms
[2020-10-27T23:46:51.769-0800] GC(70) User=0.04s Sys=0.00s Real=0.00s
[2020-10-27T23:46:51.770-0800] GC(71) Pause Young (Concurrent Start) (G1 Humongous Allocation)
[2020-10-27T23:46:51.770-0800] GC(71) Using 8 workers of 8 for evacuation
[2020-10-27T23:46:51.771-0800] GC(71)   Pre Evacuate Collection Set: 0.1ms
[2020-10-27T23:46:51.771-0800] GC(71)   Merge Heap Roots: 0.0ms
[2020-10-27T23:46:51.771-0800] GC(71)   Evacuate Collection Set: 0.7ms
[2020-10-27T23:46:51.771-0800] GC(71)   Post Evacuate Collection Set: 0.1ms
[2020-10-27T23:46:51.771-0800] GC(71)   Other: 0.1ms
[2020-10-27T23:46:51.771-0800] GC(71) Eden regions: 3->0(26)
[2020-10-27T23:46:51.771-0800] GC(71) Survivor regions: 4->1(4)
[2020-10-27T23:46:51.771-0800] GC(71) Old regions: 245->249
[2020-10-27T23:46:51.771-0800] GC(71) Archive regions: 2->2
[2020-10-27T23:46:51.771-0800] GC(71) Humongous regions: 164->162
[2020-10-27T23:46:51.771-0800] GC(71) Metaspace: 204K(4864K)->204K(4864K) NonClass: 192K(4352K)->192K(4352K) Class: 12K(512K)->12K(512K)
[2020-10-27T23:46:51.771-0800] GC(71) Pause Young (Concurrent Start) (G1 Humongous Allocation) 415M->411M(512M) 1.054ms
[2020-10-27T23:46:51.771-0800] GC(71) User=0.01s Sys=0.00s Real=0.00s
[2020-10-27T23:46:51.771-0800] GC(72) Concurrent Cycle
[2020-10-27T23:46:51.771-0800] GC(72) Concurrent Clear Claimed Marks
[2020-10-27T23:46:51.771-0800] GC(72) Concurrent Clear Claimed Marks 0.022ms
[2020-10-27T23:46:51.771-0800] GC(72) Concurrent Scan Root Regions
[2020-10-27T23:46:51.771-0800] GC(72) Concurrent Scan Root Regions 0.028ms
[2020-10-27T23:46:51.771-0800] GC(72) Concurrent Mark (0.713s)
[2020-10-27T23:46:51.771-0800] GC(72) Concurrent Mark From Roots
[2020-10-27T23:46:51.771-0800] GC(72) Using 2 workers of 2 for marking
[2020-10-27T23:46:51.772-0800] GC(72) Concurrent Mark From Roots 1.628ms
[2020-10-27T23:46:51.772-0800] GC(72) Concurrent Preclean
[2020-10-27T23:46:51.772-0800] GC(72) Concurrent Preclean 0.022ms
[2020-10-27T23:46:51.772-0800] GC(72) Concurrent Mark (0.713s, 0.715s) 1.710ms
[2020-10-27T23:46:51.773-0800] GC(72) Pause Remark
[2020-10-27T23:46:51.773-0800] GC(72) Pause Remark 423M->423M(512M) 0.504ms
[2020-10-27T23:46:51.773-0800] GC(72) User=0.00s Sys=0.00s Real=0.00s
[2020-10-27T23:46:51.773-0800] GC(72) Concurrent Rebuild Remembered Sets
[2020-10-27T23:46:51.774-0800] GC(72) Concurrent Rebuild Remembered Sets 0.960ms
[2020-10-27T23:46:51.774-0800] GC(72) Pause Cleanup
[2020-10-27T23:46:51.774-0800] GC(72) Pause Cleanup 428M->428M(512M) 0.120ms
[2020-10-27T23:46:51.774-0800] GC(72) User=0.00s Sys=0.00s Real=0.00s
[2020-10-27T23:46:51.774-0800] GC(72) Concurrent Cleanup for Next Mark
[2020-10-27T23:46:51.776-0800] GC(72) Concurrent Cleanup for Next Mark 1.644ms
[2020-10-27T23:46:51.776-0800] GC(72) Concurrent Cycle 5.426ms
[2020-10-27T23:46:51.778-0800] GC(73) Pause Young (Prepare Mixed) (G1 Evacuation Pause)
[2020-10-27T23:46:51.778-0800] GC(73) Using 8 workers of 8 for evacuation
[2020-10-27T23:46:51.780-0800] GC(73)   Pre Evacuate Collection Set: 0.1ms
[2020-10-27T23:46:51.780-0800] GC(73)   Merge Heap Roots: 0.1ms
[2020-10-27T23:46:51.780-0800] GC(73)   Evacuate Collection Set: 2.0ms
[2020-10-27T23:46:51.780-0800] GC(73)   Post Evacuate Collection Set: 0.1ms
[2020-10-27T23:46:51.780-0800] GC(73)   Other: 0.1ms
[2020-10-27T23:46:51.780-0800] GC(73) Eden regions: 26->0(21)
[2020-10-27T23:46:51.780-0800] GC(73) Survivor regions: 1->4(4)
[2020-10-27T23:46:51.780-0800] GC(73) Old regions: 249->257
[2020-10-27T23:46:51.780-0800] GC(73) Archive regions: 2->2
[2020-10-27T23:46:51.780-0800] GC(73) Humongous regions: 173->161
[2020-10-27T23:46:51.780-0800] GC(73) Metaspace: 204K(4864K)->204K(4864K) NonClass: 192K(4352K)->192K(4352K) Class: 12K(512K)->12K(512K)
[2020-10-27T23:46:51.780-0800] GC(73) Pause Young (Prepare Mixed) (G1 Evacuation Pause) 448M->422M(512M) 2.439ms
[2020-10-27T23:46:51.780-0800] GC(73) User=0.01s Sys=0.00s Real=0.01s
[2020-10-27T23:46:51.784-0800] GC(74) Pause Young (Mixed) (G1 Evacuation Pause)
[2020-10-27T23:46:51.784-0800] GC(74) Using 8 workers of 8 for evacuation
[2020-10-27T23:46:51.793-0800] GC(74)   Pre Evacuate Collection Set: 0.1ms
[2020-10-27T23:46:51.794-0800] GC(74)   Merge Heap Roots: 0.1ms
[2020-10-27T23:46:51.794-0800] GC(74)   Evacuate Collection Set: 8.9ms
[2020-10-27T23:46:51.794-0800] GC(74)   Post Evacuate Collection Set: 0.3ms
[2020-10-27T23:46:51.794-0800] GC(74)   Other: 0.2ms
[2020-10-27T23:46:51.794-0800] GC(74) Eden regions: 21->0(24)
[2020-10-27T23:46:51.794-0800] GC(74) Survivor regions: 4->4(4)
[2020-10-27T23:46:51.794-0800] GC(74) Old regions: 257->250
[2020-10-27T23:46:51.794-0800] GC(74) Archive regions: 2->2
[2020-10-27T23:46:51.794-0800] GC(74) Humongous regions: 172->159
[2020-10-27T23:46:51.794-0800] GC(74) Metaspace: 204K(4864K)->204K(4864K) NonClass: 192K(4352K)->192K(4352K) Class: 12K(512K)->12K(512K)
[2020-10-27T23:46:51.794-0800] GC(74) Pause Young (Mixed) (G1 Evacuation Pause) 454M->413M(512M) 9.627ms
[2020-10-27T23:46:51.794-0800] GC(74) User=0.04s Sys=0.01s Real=0.01s
[2020-10-27T23:46:51.794-0800] GC(75) Pause Young (Concurrent Start) (G1 Humongous Allocation)
[2020-10-27T23:46:51.794-0800] GC(75) Using 8 workers of 8 for evacuation
[2020-10-27T23:46:51.795-0800] GC(75)   Pre Evacuate Collection Set: 0.1ms
[2020-10-27T23:46:51.795-0800] GC(75)   Merge Heap Roots: 0.0ms
[2020-10-27T23:46:51.795-0800] GC(75)   Evacuate Collection Set: 0.6ms
[2020-10-27T23:46:51.795-0800] GC(75)   Post Evacuate Collection Set: 0.1ms
[2020-10-27T23:46:51.795-0800] GC(75)   Other: 0.1ms
[2020-10-27T23:46:51.795-0800] GC(75) Eden regions: 1->0(26)
[2020-10-27T23:46:51.795-0800] GC(75) Survivor regions: 4->0(4)
[2020-10-27T23:46:51.795-0800] GC(75) Old regions: 250->254
[2020-10-27T23:46:51.795-0800] GC(75) Archive regions: 2->2
[2020-10-27T23:46:51.795-0800] GC(75) Humongous regions: 159->159
[2020-10-27T23:46:51.795-0800] GC(75) Metaspace: 204K(4864K)->204K(4864K) NonClass: 192K(4352K)->192K(4352K) Class: 12K(512K)->12K(512K)
[2020-10-27T23:46:51.795-0800] GC(75) Pause Young (Concurrent Start) (G1 Humongous Allocation) 413M->413M(512M) 1.055ms
[2020-10-27T23:46:51.795-0800] GC(75) User=0.01s Sys=0.00s Real=0.00s
[2020-10-27T23:46:51.795-0800] GC(76) Concurrent Cycle
[2020-10-27T23:46:51.795-0800] GC(76) Concurrent Clear Claimed Marks
[2020-10-27T23:46:51.795-0800] GC(76) Concurrent Clear Claimed Marks 0.007ms
[2020-10-27T23:46:51.795-0800] GC(76) Concurrent Scan Root Regions
[2020-10-27T23:46:51.795-0800] GC(76) Concurrent Scan Root Regions 0.025ms
[2020-10-27T23:46:51.795-0800] GC(76) Concurrent Mark (0.737s)
[2020-10-27T23:46:51.795-0800] GC(76) Concurrent Mark From Roots
[2020-10-27T23:46:51.795-0800] GC(76) Using 2 workers of 2 for marking
[2020-10-27T23:46:51.797-0800] GC(76) Concurrent Mark From Roots 1.821ms
[2020-10-27T23:46:51.797-0800] GC(76) Concurrent Preclean
[2020-10-27T23:46:51.797-0800] GC(76) Concurrent Preclean 0.020ms
[2020-10-27T23:46:51.797-0800] GC(76) Concurrent Mark (0.737s, 0.739s) 1.905ms
[2020-10-27T23:46:51.797-0800] GC(76) Pause Remark
[2020-10-27T23:46:51.797-0800] GC(76) Pause Remark 427M->427M(512M) 0.454ms
[2020-10-27T23:46:51.797-0800] GC(76) User=0.00s Sys=0.00s Real=0.00s
[2020-10-27T23:46:51.797-0800] GC(76) Concurrent Rebuild Remembered Sets
[2020-10-27T23:46:51.799-0800] GC(76) Concurrent Rebuild Remembered Sets 1.270ms
[2020-10-27T23:46:51.799-0800] GC(76) Pause Cleanup
[2020-10-27T23:46:51.799-0800] GC(76) Pause Cleanup 432M->432M(512M) 0.130ms
[2020-10-27T23:46:51.799-0800] GC(76) User=0.00s Sys=0.00s Real=0.00s
[2020-10-27T23:46:51.799-0800] GC(76) Concurrent Cleanup for Next Mark
[2020-10-27T23:46:51.800-0800] GC(76) Concurrent Cleanup for Next Mark 1.370ms
[2020-10-27T23:46:51.800-0800] GC(76) Concurrent Cycle 5.555ms
[2020-10-27T23:46:51.802-0800] GC(77) Pause Young (Prepare Mixed) (G1 Evacuation Pause)
[2020-10-27T23:46:51.802-0800] GC(77) Using 8 workers of 8 for evacuation
[2020-10-27T23:46:51.804-0800] GC(77)   Pre Evacuate Collection Set: 0.1ms
[2020-10-27T23:46:51.804-0800] GC(77)   Merge Heap Roots: 0.0ms
[2020-10-27T23:46:51.804-0800] GC(77)   Evacuate Collection Set: 1.6ms
[2020-10-27T23:46:51.804-0800] GC(77)   Post Evacuate Collection Set: 0.1ms
[2020-10-27T23:46:51.804-0800] GC(77)   Other: 0.1ms
[2020-10-27T23:46:51.804-0800] GC(77) Eden regions: 26->0(21)
[2020-10-27T23:46:51.804-0800] GC(77) Survivor regions: 0->4(4)
[2020-10-27T23:46:51.804-0800] GC(77) Old regions: 254->260
[2020-10-27T23:46:51.804-0800] GC(77) Archive regions: 2->2
[2020-10-27T23:46:51.804-0800] GC(77) Humongous regions: 166->160
[2020-10-27T23:46:51.804-0800] GC(77) Metaspace: 204K(4864K)->204K(4864K) NonClass: 192K(4352K)->192K(4352K) Class: 12K(512K)->12K(512K)
[2020-10-27T23:46:51.804-0800] GC(77) Pause Young (Prepare Mixed) (G1 Evacuation Pause) 446M->424M(512M) 2.021ms
[2020-10-27T23:46:51.804-0800] GC(77) User=0.01s Sys=0.00s Real=0.00s
[2020-10-27T23:46:51.807-0800] GC(78) Pause Young (Mixed) (G1 Evacuation Pause)
[2020-10-27T23:46:51.807-0800] GC(78) Using 8 workers of 8 for evacuation
[2020-10-27T23:46:51.816-0800] GC(78)   Pre Evacuate Collection Set: 0.1ms
[2020-10-27T23:46:51.816-0800] GC(78)   Merge Heap Roots: 0.0ms
[2020-10-27T23:46:51.816-0800] GC(78)   Evacuate Collection Set: 7.8ms
[2020-10-27T23:46:51.816-0800] GC(78)   Post Evacuate Collection Set: 0.3ms
[2020-10-27T23:46:51.816-0800] GC(78)   Other: 0.2ms
[2020-10-27T23:46:51.816-0800] GC(78) Eden regions: 21->0(22)
[2020-10-27T23:46:51.816-0800] GC(78) Survivor regions: 4->4(4)
[2020-10-27T23:46:51.816-0800] GC(78) Old regions: 260->254
[2020-10-27T23:46:51.816-0800] GC(78) Archive regions: 2->2
[2020-10-27T23:46:51.816-0800] GC(78) Humongous regions: 170->158
[2020-10-27T23:46:51.816-0800] GC(78) Metaspace: 204K(4864K)->204K(4864K) NonClass: 192K(4352K)->192K(4352K) Class: 12K(512K)->12K(512K)
[2020-10-27T23:46:51.816-0800] GC(78) Pause Young (Mixed) (G1 Evacuation Pause) 455M->416M(512M) 8.534ms
[2020-10-27T23:46:51.816-0800] GC(78) User=0.05s Sys=0.00s Real=0.01s
[2020-10-27T23:46:51.816-0800] GC(79) Pause Young (Concurrent Start) (G1 Humongous Allocation)
[2020-10-27T23:46:51.816-0800] GC(79) Using 8 workers of 8 for evacuation
[2020-10-27T23:46:51.817-0800] GC(79)   Pre Evacuate Collection Set: 0.1ms
[2020-10-27T23:46:51.817-0800] GC(79)   Merge Heap Roots: 0.1ms
[2020-10-27T23:46:51.817-0800] GC(79)   Evacuate Collection Set: 1.1ms
[2020-10-27T23:46:51.817-0800] GC(79)   Post Evacuate Collection Set: 0.2ms
[2020-10-27T23:46:51.817-0800] GC(79)   Other: 0.1ms
[2020-10-27T23:46:51.817-0800] GC(79) Eden regions: 1->0(24)
[2020-10-27T23:46:51.817-0800] GC(79) Survivor regions: 4->1(4)
[2020-10-27T23:46:51.817-0800] GC(79) Old regions: 254->258
[2020-10-27T23:46:51.817-0800] GC(79) Archive regions: 2->2
[2020-10-27T23:46:51.817-0800] GC(79) Humongous regions: 158->158
[2020-10-27T23:46:51.817-0800] GC(79) Metaspace: 204K(4864K)->204K(4864K) NonClass: 192K(4352K)->192K(4352K) Class: 12K(512K)->12K(512K)
[2020-10-27T23:46:51.817-0800] GC(79) Pause Young (Concurrent Start) (G1 Humongous Allocation) 417M->416M(512M) 1.606ms
[2020-10-27T23:46:51.817-0800] GC(79) User=0.01s Sys=0.00s Real=0.00s
[2020-10-27T23:46:51.817-0800] GC(80) Concurrent Cycle
[2020-10-27T23:46:51.817-0800] GC(80) Concurrent Clear Claimed Marks
[2020-10-27T23:46:51.818-0800] GC(80) Concurrent Clear Claimed Marks 0.007ms
[2020-10-27T23:46:51.818-0800] GC(80) Concurrent Scan Root Regions
[2020-10-27T23:46:51.818-0800] GC(80) Concurrent Scan Root Regions 0.023ms
[2020-10-27T23:46:51.818-0800] GC(80) Concurrent Mark (0.760s)
[2020-10-27T23:46:51.818-0800] GC(80) Concurrent Mark From Roots
[2020-10-27T23:46:51.818-0800] GC(80) Using 2 workers of 2 for marking
[2020-10-27T23:46:51.819-0800] GC(80) Concurrent Mark From Roots 1.413ms
[2020-10-27T23:46:51.819-0800] GC(80) Concurrent Preclean
[2020-10-27T23:46:51.819-0800] GC(80) Concurrent Preclean 0.019ms
[2020-10-27T23:46:51.819-0800] GC(80) Concurrent Mark (0.760s, 0.761s) 1.492ms
[2020-10-27T23:46:51.819-0800] GC(80) Pause Remark
[2020-10-27T23:46:51.819-0800] GC(80) Pause Remark 426M->426M(512M) 0.307ms
[2020-10-27T23:46:51.820-0800] GC(80) User=0.00s Sys=0.00s Real=0.01s
[2020-10-27T23:46:51.820-0800] GC(80) Concurrent Rebuild Remembered Sets
[2020-10-27T23:46:51.821-0800] GC(80) Concurrent Rebuild Remembered Sets 1.005ms
[2020-10-27T23:46:51.821-0800] GC(80) Pause Cleanup
[2020-10-27T23:46:51.821-0800] GC(80) Pause Cleanup 440M->440M(512M) 0.094ms
[2020-10-27T23:46:51.821-0800] GC(80) User=0.00s Sys=0.00s Real=0.00s
[2020-10-27T23:46:51.821-0800] GC(80) Concurrent Cleanup for Next Mark
[2020-10-27T23:46:51.822-0800] GC(80) Concurrent Cleanup for Next Mark 1.572ms
[2020-10-27T23:46:51.822-0800] GC(80) Concurrent Cycle 4.909ms
[2020-10-27T23:46:51.824-0800] GC(81) Pause Young (Prepare Mixed) (G1 Evacuation Pause)
[2020-10-27T23:46:51.824-0800] GC(81) Using 8 workers of 8 for evacuation
[2020-10-27T23:46:51.826-0800] GC(81)   Pre Evacuate Collection Set: 0.1ms
[2020-10-27T23:46:51.826-0800] GC(81)   Merge Heap Roots: 0.1ms
[2020-10-27T23:46:51.826-0800] GC(81)   Evacuate Collection Set: 2.0ms
[2020-10-27T23:46:51.826-0800] GC(81)   Post Evacuate Collection Set: 0.1ms
[2020-10-27T23:46:51.826-0800] GC(81)   Other: 0.1ms
[2020-10-27T23:46:51.826-0800] GC(81) Eden regions: 24->0(21)
[2020-10-27T23:46:51.826-0800] GC(81) Survivor regions: 1->4(4)
[2020-10-27T23:46:51.826-0800] GC(81) Old regions: 258->264
[2020-10-27T23:46:51.826-0800] GC(81) Archive regions: 2->2
[2020-10-27T23:46:51.826-0800] GC(81) Humongous regions: 175->164
[2020-10-27T23:46:51.826-0800] GC(81) Metaspace: 204K(4864K)->204K(4864K) NonClass: 192K(4352K)->192K(4352K) Class: 12K(512K)->12K(512K)
[2020-10-27T23:46:51.826-0800] GC(81) Pause Young (Prepare Mixed) (G1 Evacuation Pause) 457M->432M(512M) 2.443ms
[2020-10-27T23:46:51.826-0800] GC(81) User=0.01s Sys=0.00s Real=0.00s
[2020-10-27T23:46:51.831-0800] GC(82) Pause Young (Mixed) (G1 Evacuation Pause)
[2020-10-27T23:46:51.831-0800] GC(82) Using 8 workers of 8 for evacuation
[2020-10-27T23:46:51.838-0800] GC(82) To-space exhausted
[2020-10-27T23:46:51.838-0800] GC(82)   Pre Evacuate Collection Set: 0.1ms
[2020-10-27T23:46:51.838-0800] GC(82)   Merge Heap Roots: 0.0ms
[2020-10-27T23:46:51.838-0800] GC(82)   Evacuate Collection Set: 5.7ms
[2020-10-27T23:46:51.838-0800] GC(82)   Post Evacuate Collection Set: 0.4ms
[2020-10-27T23:46:51.838-0800] GC(82)   Other: 0.2ms
[2020-10-27T23:46:51.838-0800] GC(82) Eden regions: 21->0(21)
[2020-10-27T23:46:51.838-0800] GC(82) Survivor regions: 4->4(4)
[2020-10-27T23:46:51.838-0800] GC(82) Old regions: 264->281
[2020-10-27T23:46:51.838-0800] GC(82) Archive regions: 2->2
[2020-10-27T23:46:51.838-0800] GC(82) Humongous regions: 184->167
[2020-10-27T23:46:51.838-0800] GC(82) Metaspace: 204K(4864K)->204K(4864K) NonClass: 192K(4352K)->192K(4352K) Class: 12K(512K)->12K(512K)
[2020-10-27T23:46:51.838-0800] GC(82) Pause Young (Mixed) (G1 Evacuation Pause) 473M->452M(512M) 6.551ms
[2020-10-27T23:46:51.838-0800] GC(82) User=0.04s Sys=0.00s Real=0.00s
[2020-10-27T23:46:51.838-0800] GC(83) Pause Young (Concurrent Start) (G1 Humongous Allocation)
[2020-10-27T23:46:51.838-0800] GC(83) Using 8 workers of 8 for evacuation
[2020-10-27T23:46:51.840-0800] GC(83)   Pre Evacuate Collection Set: 0.1ms
[2020-10-27T23:46:51.840-0800] GC(83)   Merge Heap Roots: 0.0ms
[2020-10-27T23:46:51.840-0800] GC(83)   Evacuate Collection Set: 0.9ms
[2020-10-27T23:46:51.840-0800] GC(83)   Post Evacuate Collection Set: 0.1ms
[2020-10-27T23:46:51.840-0800] GC(83)   Other: 0.1ms
[2020-10-27T23:46:51.840-0800] GC(83) Eden regions: 3->0(24)
[2020-10-27T23:46:51.840-0800] GC(83) Survivor regions: 4->1(4)
[2020-10-27T23:46:51.840-0800] GC(83) Old regions: 281->285
[2020-10-27T23:46:51.840-0800] GC(83) Archive regions: 2->2
[2020-10-27T23:46:51.840-0800] GC(83) Humongous regions: 167->167
[2020-10-27T23:46:51.840-0800] GC(83) Metaspace: 204K(4864K)->204K(4864K) NonClass: 192K(4352K)->192K(4352K) Class: 12K(512K)->12K(512K)
[2020-10-27T23:46:51.840-0800] GC(83) Pause Young (Concurrent Start) (G1 Humongous Allocation) 455M->453M(512M) 1.337ms
[2020-10-27T23:46:51.840-0800] GC(83) User=0.00s Sys=0.01s Real=0.01s
[2020-10-27T23:46:51.840-0800] GC(84) Concurrent Cycle
[2020-10-27T23:46:51.840-0800] GC(84) Concurrent Clear Claimed Marks
[2020-10-27T23:46:51.840-0800] GC(84) Concurrent Clear Claimed Marks 0.007ms
[2020-10-27T23:46:51.840-0800] GC(84) Concurrent Scan Root Regions
[2020-10-27T23:46:51.840-0800] GC(84) Concurrent Scan Root Regions 0.028ms
[2020-10-27T23:46:51.840-0800] GC(84) Concurrent Mark (0.782s)
[2020-10-27T23:46:51.840-0800] GC(84) Concurrent Mark From Roots
[2020-10-27T23:46:51.840-0800] GC(84) Using 2 workers of 2 for marking
[2020-10-27T23:46:51.842-0800] GC(84) Concurrent Mark From Roots 1.776ms
[2020-10-27T23:46:51.842-0800] GC(84) Concurrent Preclean
[2020-10-27T23:46:51.842-0800] GC(84) Concurrent Preclean 0.017ms
[2020-10-27T23:46:51.842-0800] GC(84) Concurrent Mark (0.782s, 0.784s) 1.859ms
[2020-10-27T23:46:51.842-0800] GC(84) Pause Remark
[2020-10-27T23:46:51.842-0800] GC(84) Pause Remark 467M->467M(512M) 0.456ms
[2020-10-27T23:46:51.842-0800] GC(84) User=0.00s Sys=0.00s Real=0.00s
[2020-10-27T23:46:51.842-0800] GC(84) Concurrent Rebuild Remembered Sets
[2020-10-27T23:46:51.843-0800] GC(84) Concurrent Rebuild Remembered Sets 0.989ms
[2020-10-27T23:46:51.843-0800] GC(84) Pause Cleanup
[2020-10-27T23:46:51.844-0800] GC(84) Pause Cleanup 469M->469M(512M) 0.106ms
[2020-10-27T23:46:51.844-0800] GC(84) User=0.00s Sys=0.00s Real=0.00s
[2020-10-27T23:46:51.844-0800] GC(84) Concurrent Cleanup for Next Mark
[2020-10-27T23:46:51.845-0800] GC(84) Concurrent Cleanup for Next Mark 1.540ms
[2020-10-27T23:46:51.845-0800] GC(84) Concurrent Cycle 5.418ms
[2020-10-27T23:46:51.847-0800] GC(85) Pause Young (Prepare Mixed) (G1 Evacuation Pause)
[2020-10-27T23:46:51.847-0800] GC(85) Using 8 workers of 8 for evacuation
[2020-10-27T23:46:51.849-0800] GC(85)   Pre Evacuate Collection Set: 0.1ms
[2020-10-27T23:46:51.849-0800] GC(85)   Merge Heap Roots: 0.1ms
[2020-10-27T23:46:51.849-0800] GC(85)   Evacuate Collection Set: 1.9ms
[2020-10-27T23:46:51.849-0800] GC(85)   Post Evacuate Collection Set: 0.2ms
[2020-10-27T23:46:51.849-0800] GC(85)   Other: 0.1ms
[2020-10-27T23:46:51.849-0800] GC(85) Eden regions: 24->0(21)
[2020-10-27T23:46:51.849-0800] GC(85) Survivor regions: 1->4(4)
[2020-10-27T23:46:51.849-0800] GC(85) Old regions: 285->292
[2020-10-27T23:46:51.849-0800] GC(85) Archive regions: 2->2
[2020-10-27T23:46:51.849-0800] GC(85) Humongous regions: 182->168
[2020-10-27T23:46:51.849-0800] GC(85) Metaspace: 204K(4864K)->204K(4864K) NonClass: 192K(4352K)->192K(4352K) Class: 12K(512K)->12K(512K)
[2020-10-27T23:46:51.849-0800] GC(85) Pause Young (Prepare Mixed) (G1 Evacuation Pause) 492M->464M(512M) 2.405ms
[2020-10-27T23:46:51.849-0800] GC(85) User=0.01s Sys=0.00s Real=0.00s
[2020-10-27T23:46:51.853-0800] GC(86) Pause Young (Mixed) (G1 Evacuation Pause)
[2020-10-27T23:46:51.853-0800] GC(86) Using 8 workers of 8 for evacuation
[2020-10-27T23:46:51.857-0800] GC(86) To-space exhausted
[2020-10-27T23:46:51.857-0800] GC(86)   Pre Evacuate Collection Set: 0.1ms
[2020-10-27T23:46:51.857-0800] GC(86)   Merge Heap Roots: 0.0ms
[2020-10-27T23:46:51.857-0800] GC(86)   Evacuate Collection Set: 2.9ms
[2020-10-27T23:46:51.857-0800] GC(86)   Post Evacuate Collection Set: 0.4ms
[2020-10-27T23:46:51.857-0800] GC(86)   Other: 0.1ms
[2020-10-27T23:46:51.857-0800] GC(86) Eden regions: 21->0(21)
[2020-10-27T23:46:51.857-0800] GC(86) Survivor regions: 4->4(4)
[2020-10-27T23:46:51.857-0800] GC(86) Old regions: 292->302
[2020-10-27T23:46:51.857-0800] GC(86) Archive regions: 2->2
[2020-10-27T23:46:51.857-0800] GC(86) Humongous regions: 177->168
[2020-10-27T23:46:51.857-0800] GC(86) Metaspace: 204K(4864K)->204K(4864K) NonClass: 192K(4352K)->192K(4352K) Class: 12K(512K)->12K(512K)
[2020-10-27T23:46:51.857-0800] GC(86) Pause Young (Mixed) (G1 Evacuation Pause) 494M->474M(512M) 3.642ms
[2020-10-27T23:46:51.857-0800] GC(86) User=0.02s Sys=0.00s Real=0.00s
[2020-10-27T23:46:51.861-0800] GC(87) Pause Young (Mixed) (G1 Evacuation Pause)
[2020-10-27T23:46:51.861-0800] GC(87) Using 8 workers of 8 for evacuation
[2020-10-27T23:46:51.863-0800] GC(87) To-space exhausted
[2020-10-27T23:46:51.863-0800] GC(87)   Pre Evacuate Collection Set: 0.1ms
[2020-10-27T23:46:51.863-0800] GC(87)   Merge Heap Roots: 0.0ms
[2020-10-27T23:46:51.863-0800] GC(87)   Evacuate Collection Set: 0.7ms
[2020-10-27T23:46:51.863-0800] GC(87)   Post Evacuate Collection Set: 0.4ms
[2020-10-27T23:46:51.863-0800] GC(87)   Other: 0.1ms
[2020-10-27T23:46:51.863-0800] GC(87) Eden regions: 21->0(24)
[2020-10-27T23:46:51.863-0800] GC(87) Survivor regions: 4->1(3)
[2020-10-27T23:46:51.863-0800] GC(87) Old regions: 302->329
[2020-10-27T23:46:51.863-0800] GC(87) Archive regions: 2->2
[2020-10-27T23:46:51.863-0800] GC(87) Humongous regions: 180->168
[2020-10-27T23:46:51.863-0800] GC(87) Metaspace: 204K(4864K)->204K(4864K) NonClass: 192K(4352K)->192K(4352K) Class: 12K(512K)->12K(512K)
[2020-10-27T23:46:51.863-0800] GC(87) Pause Young (Mixed) (G1 Evacuation Pause) 507M->498M(512M) 1.377ms
[2020-10-27T23:46:51.863-0800] GC(87) User=0.01s Sys=0.00s Real=0.00s
[2020-10-27T23:46:51.863-0800] GC(88) Pause Young (Concurrent Start) (G1 Humongous Allocation)
[2020-10-27T23:46:51.863-0800] GC(88) Using 8 workers of 8 for evacuation
[2020-10-27T23:46:51.863-0800] GC(88)   Pre Evacuate Collection Set: 0.0ms
[2020-10-27T23:46:51.863-0800] GC(88)   Merge Heap Roots: 0.0ms
[2020-10-27T23:46:51.863-0800] GC(88)   Evacuate Collection Set: 0.2ms
[2020-10-27T23:46:51.863-0800] GC(88)   Post Evacuate Collection Set: 0.1ms
[2020-10-27T23:46:51.863-0800] GC(88)   Other: 0.1ms
[2020-10-27T23:46:51.863-0800] GC(88) Eden regions: 2->0(23)
[2020-10-27T23:46:51.863-0800] GC(88) Survivor regions: 1->2(4)
[2020-10-27T23:46:51.863-0800] GC(88) Old regions: 329->329
[2020-10-27T23:46:51.863-0800] GC(88) Archive regions: 2->2
[2020-10-27T23:46:51.863-0800] GC(88) Humongous regions: 168->168
[2020-10-27T23:46:51.863-0800] GC(88) Metaspace: 204K(4864K)->204K(4864K) NonClass: 192K(4352K)->192K(4352K) Class: 12K(512K)->12K(512K)
[2020-10-27T23:46:51.863-0800] GC(88) Pause Young (Concurrent Start) (G1 Humongous Allocation) 499M->499M(512M) 0.487ms
[2020-10-27T23:46:51.863-0800] GC(88) User=0.00s Sys=0.00s Real=0.00s
[2020-10-27T23:46:51.863-0800] GC(89) Concurrent Cycle
[2020-10-27T23:46:51.863-0800] GC(89) Concurrent Clear Claimed Marks
[2020-10-27T23:46:51.863-0800] GC(89) Concurrent Clear Claimed Marks 0.006ms
[2020-10-27T23:46:51.863-0800] GC(89) Concurrent Scan Root Regions
[2020-10-27T23:46:51.863-0800] GC(89) Concurrent Scan Root Regions 0.018ms
[2020-10-27T23:46:51.863-0800] GC(89) Concurrent Mark (0.805s)
[2020-10-27T23:46:51.863-0800] GC(89) Concurrent Mark From Roots
[2020-10-27T23:46:51.863-0800] GC(89) Using 2 workers of 2 for marking
[2020-10-27T23:46:51.864-0800] GC(90) Pause Young (Normal) (G1 Evacuation Pause)
[2020-10-27T23:46:51.864-0800] GC(90) Using 8 workers of 8 for evacuation
[2020-10-27T23:46:51.865-0800] GC(90) To-space exhausted
[2020-10-27T23:46:51.865-0800] GC(90)   Pre Evacuate Collection Set: 0.0ms
[2020-10-27T23:46:51.865-0800] GC(90)   Merge Heap Roots: 0.0ms
[2020-10-27T23:46:51.865-0800] GC(90)   Evacuate Collection Set: 0.1ms
[2020-10-27T23:46:51.865-0800] GC(90)   Post Evacuate Collection Set: 0.1ms
[2020-10-27T23:46:51.865-0800] GC(90)   Other: 0.1ms
[2020-10-27T23:46:51.865-0800] GC(90) Eden regions: 5->0(25)
[2020-10-27T23:46:51.865-0800] GC(90) Survivor regions: 2->0(0)
[2020-10-27T23:46:51.865-0800] GC(90) Old regions: 329->336
[2020-10-27T23:46:51.865-0800] GC(90) Archive regions: 2->2
[2020-10-27T23:46:51.865-0800] GC(90) Humongous regions: 174->171
[2020-10-27T23:46:51.865-0800] GC(90) Metaspace: 204K(4864K)->204K(4864K) NonClass: 192K(4352K)->192K(4352K) Class: 12K(512K)->12K(512K)
[2020-10-27T23:46:51.865-0800] GC(90) Pause Young (Normal) (G1 Evacuation Pause) 510M->507M(512M) 0.340ms
[2020-10-27T23:46:51.865-0800] GC(90) User=0.00s Sys=0.00s Real=0.00s
[2020-10-27T23:46:51.865-0800] GC(91) Pause Young (Normal) (G1 Humongous Allocation)
[2020-10-27T23:46:51.865-0800] GC(91) Using 8 workers of 8 for evacuation
[2020-10-27T23:46:51.865-0800] GC(91) To-space exhausted
[2020-10-27T23:46:51.865-0800] GC(91)   Pre Evacuate Collection Set: 0.0ms
[2020-10-27T23:46:51.865-0800] GC(91)   Merge Heap Roots: 0.0ms
[2020-10-27T23:46:51.865-0800] GC(91)   Evacuate Collection Set: 0.0ms
[2020-10-27T23:46:51.865-0800] GC(91)   Post Evacuate Collection Set: 0.1ms
[2020-10-27T23:46:51.865-0800] GC(91)   Other: 0.1ms
[2020-10-27T23:46:51.865-0800] GC(91) Eden regions: 3->0(25)
[2020-10-27T23:46:51.865-0800] GC(91) Survivor regions: 0->0(0)
[2020-10-27T23:46:51.865-0800] GC(91) Old regions: 336->338
[2020-10-27T23:46:51.865-0800] GC(91) Archive regions: 2->2
[2020-10-27T23:46:51.865-0800] GC(91) Humongous regions: 171->171
[2020-10-27T23:46:51.865-0800] GC(91) Metaspace: 204K(4864K)->204K(4864K) NonClass: 192K(4352K)->192K(4352K) Class: 12K(512K)->12K(512K)
[2020-10-27T23:46:51.865-0800] GC(91) Pause Young (Normal) (G1 Humongous Allocation) 509M->509M(512M) 0.302ms
[2020-10-27T23:46:51.865-0800] GC(91) User=0.00s Sys=0.00s Real=0.00s
[2020-10-27T23:46:51.866-0800] GC(92) Pause Young (Normal) (G1 Evacuation Pause)
[2020-10-27T23:46:51.866-0800] GC(92) Using 8 workers of 8 for evacuation
[2020-10-27T23:46:51.866-0800] GC(92)   Pre Evacuate Collection Set: 0.0ms
[2020-10-27T23:46:51.866-0800] GC(92)   Merge Heap Roots: 0.0ms
[2020-10-27T23:46:51.866-0800] GC(92)   Evacuate Collection Set: 0.0ms
[2020-10-27T23:46:51.866-0800] GC(92)   Post Evacuate Collection Set: 0.1ms
[2020-10-27T23:46:51.866-0800] GC(92)   Other: 0.0ms
[2020-10-27T23:46:51.866-0800] GC(92) Eden regions: 0->0(25)
[2020-10-27T23:46:51.866-0800] GC(92) Survivor regions: 0->0(0)
[2020-10-27T23:46:51.866-0800] GC(92) Old regions: 338->338
[2020-10-27T23:46:51.866-0800] GC(92) Archive regions: 2->2
[2020-10-27T23:46:51.866-0800] GC(92) Humongous regions: 172->172
[2020-10-27T23:46:51.866-0800] GC(92) Metaspace: 204K(4864K)->204K(4864K) NonClass: 192K(4352K)->192K(4352K) Class: 12K(512K)->12K(512K)
[2020-10-27T23:46:51.866-0800] GC(92) Pause Young (Normal) (G1 Evacuation Pause) 510M->510M(512M) 0.257ms
[2020-10-27T23:46:51.866-0800] GC(92) User=0.00s Sys=0.00s Real=0.00s
[2020-10-27T23:46:51.866-0800] Attempting maximally compacting collection
[2020-10-27T23:46:51.866-0800] GC(93) Using 8 workers of 8 for full compaction
[2020-10-27T23:46:51.866-0800] GC(93) Pause Full (G1 Evacuation Pause)
[2020-10-27T23:46:51.867-0800] GC(93) Phase 1: Mark live objects
[2020-10-27T23:46:51.867-0800] GC(93) Phase 1: Mark live objects 0.582ms
[2020-10-27T23:46:51.867-0800] GC(93) Phase 2: Prepare for compaction
[2020-10-27T23:46:51.868-0800] GC(93) Phase 2: Prepare for compaction 0.861ms
[2020-10-27T23:46:51.868-0800] GC(93) Phase 3: Adjust pointers
[2020-10-27T23:46:51.869-0800] GC(93) Phase 3: Adjust pointers 0.369ms
[2020-10-27T23:46:51.869-0800] GC(93) Phase 4: Compact heap
[2020-10-27T23:46:51.907-0800] GC(93) Phase 4: Compact heap 38.198ms
[2020-10-27T23:46:51.907-0800] GC(93) Eden regions: 0->0(26)
[2020-10-27T23:46:51.907-0800] GC(93) Survivor regions: 0->0(0)
[2020-10-27T23:46:51.907-0800] GC(93) Old regions: 338->238
[2020-10-27T23:46:51.907-0800] GC(93) Archive regions: 2->2
[2020-10-27T23:46:51.907-0800] GC(93) Humongous regions: 172->172
[2020-10-27T23:46:51.907-0800] GC(93) Metaspace: 204K(4864K)->204K(4864K) NonClass: 192K(4352K)->192K(4352K) Class: 12K(512K)->12K(512K)
[2020-10-27T23:46:51.907-0800] GC(93) Pause Full (G1 Evacuation Pause) 510M->381M(512M) 41.277ms
[2020-10-27T23:46:51.907-0800] GC(93) User=0.21s Sys=0.01s Real=0.04s
[2020-10-27T23:46:51.907-0800] GC(89) Concurrent Mark From Roots 43.975ms
[2020-10-27T23:46:51.907-0800] GC(89) Concurrent Mark Abort
[2020-10-27T23:46:51.907-0800] GC(89) Concurrent Cycle 44.043ms
[2020-10-27T23:46:51.908-0800] GC(94) Pause Young (Concurrent Start) (G1 Humongous Allocation)
[2020-10-27T23:46:51.908-0800] GC(94) Using 8 workers of 8 for evacuation
[2020-10-27T23:46:51.908-0800] GC(94)   Pre Evacuate Collection Set: 0.1ms
[2020-10-27T23:46:51.908-0800] GC(94)   Merge Heap Roots: 0.0ms
[2020-10-27T23:46:51.908-0800] GC(94)   Evacuate Collection Set: 0.3ms
[2020-10-27T23:46:51.908-0800] GC(94)   Post Evacuate Collection Set: 0.1ms
[2020-10-27T23:46:51.908-0800] GC(94)   Other: 0.1ms
[2020-10-27T23:46:51.908-0800] GC(94) Eden regions: 4->0(26)
[2020-10-27T23:46:51.908-0800] GC(94) Survivor regions: 0->2(4)
[2020-10-27T23:46:51.908-0800] GC(94) Old regions: 238->238
[2020-10-27T23:46:51.908-0800] GC(94) Archive regions: 2->2
[2020-10-27T23:46:51.908-0800] GC(94) Humongous regions: 172->172
[2020-10-27T23:46:51.908-0800] GC(94) Metaspace: 204K(4864K)->204K(4864K) NonClass: 192K(4352K)->192K(4352K) Class: 12K(512K)->12K(512K)
[2020-10-27T23:46:51.908-0800] GC(94) Pause Young (Concurrent Start) (G1 Humongous Allocation) 384M->382M(512M) 0.632ms
[2020-10-27T23:46:51.908-0800] GC(94) User=0.00s Sys=0.00s Real=0.00s
[2020-10-27T23:46:51.909-0800] GC(95) Concurrent Cycle
[2020-10-27T23:46:51.909-0800] GC(95) Concurrent Clear Claimed Marks
[2020-10-27T23:46:51.909-0800] GC(95) Concurrent Clear Claimed Marks 0.006ms
[2020-10-27T23:46:51.909-0800] GC(95) Concurrent Scan Root Regions
[2020-10-27T23:46:51.909-0800] GC(95) Concurrent Scan Root Regions 0.021ms
[2020-10-27T23:46:51.909-0800] GC(95) Concurrent Mark (0.851s)
[2020-10-27T23:46:51.909-0800] GC(95) Concurrent Mark From Roots
[2020-10-27T23:46:51.909-0800] GC(95) Using 2 workers of 2 for marking
[2020-10-27T23:46:51.910-0800] GC(95) Concurrent Mark From Roots 1.466ms
[2020-10-27T23:46:51.910-0800] GC(95) Concurrent Preclean
[2020-10-27T23:46:51.910-0800] GC(95) Concurrent Preclean 0.017ms
[2020-10-27T23:46:51.910-0800] GC(95) Concurrent Mark (0.851s, 0.852s) 1.527ms
[2020-10-27T23:46:51.910-0800] GC(95) Pause Remark
[2020-10-27T23:46:51.911-0800] GC(95) Pause Remark 396M->395M(512M) 0.330ms
[2020-10-27T23:46:51.911-0800] GC(95) User=0.00s Sys=0.00s Real=0.00s
[2020-10-27T23:46:51.911-0800] GC(95) Concurrent Rebuild Remembered Sets
[2020-10-27T23:46:51.912-0800] GC(95) Concurrent Rebuild Remembered Sets 1.079ms
[2020-10-27T23:46:51.912-0800] GC(95) Pause Cleanup
[2020-10-27T23:46:51.912-0800] GC(95) Pause Cleanup 402M->402M(512M) 0.137ms
[2020-10-27T23:46:51.912-0800] GC(95) User=0.00s Sys=0.00s Real=0.00s
[2020-10-27T23:46:51.912-0800] GC(95) Concurrent Cleanup for Next Mark
[2020-10-27T23:46:51.914-0800] GC(95) Concurrent Cleanup for Next Mark 1.587ms
[2020-10-27T23:46:51.914-0800] GC(95) Concurrent Cycle 5.070ms
[2020-10-27T23:46:51.914-0800] GC(96) Pause Young (Concurrent Start) (G1 Humongous Allocation)
[2020-10-27T23:46:51.914-0800] GC(96) Using 8 workers of 8 for evacuation
[2020-10-27T23:46:51.916-0800] GC(96)   Pre Evacuate Collection Set: 0.1ms
[2020-10-27T23:46:51.916-0800] GC(96)   Merge Heap Roots: 0.1ms
[2020-10-27T23:46:51.916-0800] GC(96)   Evacuate Collection Set: 1.8ms
[2020-10-27T23:46:51.916-0800] GC(96)   Post Evacuate Collection Set: 0.2ms
[2020-10-27T23:46:51.916-0800] GC(96)   Other: 0.1ms
[2020-10-27T23:46:51.916-0800] GC(96) Eden regions: 20->0(21)
[2020-10-27T23:46:51.916-0800] GC(96) Survivor regions: 2->4(4)
[2020-10-27T23:46:51.916-0800] GC(96) Old regions: 238->244
[2020-10-27T23:46:51.916-0800] GC(96) Archive regions: 2->2
[2020-10-27T23:46:51.916-0800] GC(96) Humongous regions: 177->171
[2020-10-27T23:46:51.916-0800] GC(96) Metaspace: 204K(4864K)->204K(4864K) NonClass: 192K(4352K)->192K(4352K) Class: 12K(512K)->12K(512K)
[2020-10-27T23:46:51.916-0800] GC(96) Pause Young (Concurrent Start) (G1 Humongous Allocation) 407M->389M(512M) 2.342ms
[2020-10-27T23:46:51.916-0800] GC(96) User=0.01s Sys=0.00s Real=0.00s
[2020-10-27T23:46:51.916-0800] GC(97) Concurrent Cycle
[2020-10-27T23:46:51.916-0800] GC(97) Concurrent Clear Claimed Marks
[2020-10-27T23:46:51.916-0800] GC(97) Concurrent Clear Claimed Marks 0.006ms
[2020-10-27T23:46:51.916-0800] GC(97) Concurrent Scan Root Regions
[2020-10-27T23:46:51.916-0800] GC(97) Concurrent Scan Root Regions 0.040ms
[2020-10-27T23:46:51.916-0800] GC(97) Concurrent Mark (0.858s)
[2020-10-27T23:46:51.916-0800] GC(97) Concurrent Mark From Roots
[2020-10-27T23:46:51.916-0800] GC(97) Using 2 workers of 2 for marking
[2020-10-27T23:46:51.918-0800] GC(97) Concurrent Mark From Roots 1.561ms
[2020-10-27T23:46:51.918-0800] GC(97) Concurrent Preclean
[2020-10-27T23:46:51.918-0800] GC(97) Concurrent Preclean 0.023ms
[2020-10-27T23:46:51.918-0800] GC(97) Concurrent Mark (0.858s, 0.860s) 1.642ms
[2020-10-27T23:46:51.918-0800] GC(97) Pause Remark
[2020-10-27T23:46:51.918-0800] GC(97) Pause Remark 400M->400M(512M) 0.313ms
[2020-10-27T23:46:51.918-0800] GC(97) User=0.00s Sys=0.00s Real=0.00s
[2020-10-27T23:46:51.918-0800] GC(97) Concurrent Rebuild Remembered Sets
[2020-10-27T23:46:51.919-0800] GC(97) Concurrent Rebuild Remembered Sets 0.906ms
[2020-10-27T23:46:51.919-0800] GC(97) Pause Cleanup
[2020-10-27T23:46:51.919-0800] GC(97) Pause Cleanup 411M->411M(512M) 0.088ms
[2020-10-27T23:46:51.919-0800] GC(97) User=0.00s Sys=0.00s Real=0.00s
[2020-10-27T23:46:51.919-0800] GC(97) Concurrent Cleanup for Next Mark
[2020-10-27T23:46:51.921-0800] GC(97) Concurrent Cleanup for Next Mark 1.467ms
[2020-10-27T23:46:51.921-0800] GC(97) Concurrent Cycle 4.821ms
[2020-10-27T23:46:51.922-0800] GC(98) Pause Young (Prepare Mixed) (G1 Evacuation Pause)
[2020-10-27T23:46:51.922-0800] GC(98) Using 8 workers of 8 for evacuation
[2020-10-27T23:46:51.925-0800] GC(98)   Pre Evacuate Collection Set: 0.1ms
[2020-10-27T23:46:51.925-0800] GC(98)   Merge Heap Roots: 0.1ms
[2020-10-27T23:46:51.925-0800] GC(98)   Evacuate Collection Set: 2.6ms
[2020-10-27T23:46:51.925-0800] GC(98)   Post Evacuate Collection Set: 0.1ms
[2020-10-27T23:46:51.925-0800] GC(98)   Other: 0.1ms
[2020-10-27T23:46:51.925-0800] GC(98) Eden regions: 21->0(21)
[2020-10-27T23:46:51.925-0800] GC(98) Survivor regions: 4->4(4)
[2020-10-27T23:46:51.925-0800] GC(98) Old regions: 244->254
[2020-10-27T23:46:51.925-0800] GC(98) Archive regions: 2->2
[2020-10-27T23:46:51.925-0800] GC(98) Humongous regions: 185->169
[2020-10-27T23:46:51.925-0800] GC(98) Metaspace: 204K(4864K)->204K(4864K) NonClass: 192K(4352K)->192K(4352K) Class: 12K(512K)->12K(512K)
[2020-10-27T23:46:51.925-0800] GC(98) Pause Young (Prepare Mixed) (G1 Evacuation Pause) 424M->397M(512M) 3.102ms
[2020-10-27T23:46:51.925-0800] GC(98) User=0.02s Sys=0.00s Real=0.00s
[2020-10-27T23:46:51.929-0800] GC(99) Pause Young (Mixed) (G1 Evacuation Pause)
[2020-10-27T23:46:51.929-0800] GC(99) Using 8 workers of 8 for evacuation
[2020-10-27T23:46:51.937-0800] GC(99)   Pre Evacuate Collection Set: 0.1ms
[2020-10-27T23:46:51.937-0800] GC(99)   Merge Heap Roots: 0.1ms
[2020-10-27T23:46:51.937-0800] GC(99)   Evacuate Collection Set: 7.7ms
[2020-10-27T23:46:51.937-0800] GC(99)   Post Evacuate Collection Set: 0.3ms
[2020-10-27T23:46:51.937-0800] GC(99)   Other: 0.1ms
[2020-10-27T23:46:51.937-0800] GC(99) Eden regions: 21->0(21)
[2020-10-27T23:46:51.937-0800] GC(99) Survivor regions: 4->4(4)
[2020-10-27T23:46:51.937-0800] GC(99) Old regions: 254->245
[2020-10-27T23:46:51.937-0800] GC(99) Archive regions: 2->2
[2020-10-27T23:46:51.937-0800] GC(99) Humongous regions: 179->168
[2020-10-27T23:46:51.937-0800] GC(99) Metaspace: 204K(4864K)->204K(4864K) NonClass: 192K(4352K)->192K(4352K) Class: 12K(512K)->12K(512K)
[2020-10-27T23:46:51.937-0800] GC(99) Pause Young (Mixed) (G1 Evacuation Pause) 428M->401M(512M) 8.392ms
[2020-10-27T23:46:51.937-0800] GC(99) User=0.05s Sys=0.00s Real=0.01s
[2020-10-27T23:46:51.938-0800] GC(100) Pause Young (Concurrent Start) (G1 Humongous Allocation)
[2020-10-27T23:46:51.938-0800] GC(100) Using 8 workers of 8 for evacuation
[2020-10-27T23:46:51.939-0800] GC(100)   Pre Evacuate Collection Set: 0.1ms
[2020-10-27T23:46:51.939-0800] GC(100)   Merge Heap Roots: 0.0ms
[2020-10-27T23:46:51.939-0800] GC(100)   Evacuate Collection Set: 0.8ms
[2020-10-27T23:46:51.939-0800] GC(100)   Post Evacuate Collection Set: 0.1ms
[2020-10-27T23:46:51.940-0800] GC(100)   Other: 0.1ms
[2020-10-27T23:46:51.940-0800] GC(100) Eden regions: 5->0(23)
[2020-10-27T23:46:51.940-0800] GC(100) Survivor regions: 4->2(4)
[2020-10-27T23:46:51.940-0800] GC(100) Old regions: 245->249
[2020-10-27T23:46:51.940-0800] GC(100) Archive regions: 2->2
[2020-10-27T23:46:51.940-0800] GC(100) Humongous regions: 168->168
[2020-10-27T23:46:51.940-0800] GC(100) Metaspace: 204K(4864K)->204K(4864K) NonClass: 192K(4352K)->192K(4352K) Class: 12K(512K)->12K(512K)
[2020-10-27T23:46:51.940-0800] GC(100) Pause Young (Concurrent Start) (G1 Humongous Allocation) 405M->402M(512M) 1.159ms
[2020-10-27T23:46:51.940-0800] GC(100) User=0.01s Sys=0.00s Real=0.01s
[2020-10-27T23:46:51.940-0800] GC(101) Concurrent Cycle
[2020-10-27T23:46:51.940-0800] GC(101) Concurrent Clear Claimed Marks
[2020-10-27T23:46:51.940-0800] GC(101) Concurrent Clear Claimed Marks 0.007ms
[2020-10-27T23:46:51.940-0800] GC(101) Concurrent Scan Root Regions
[2020-10-27T23:46:51.940-0800] GC(101) Concurrent Scan Root Regions 0.030ms
[2020-10-27T23:46:51.940-0800] GC(101) Concurrent Mark (0.882s)
[2020-10-27T23:46:51.940-0800] GC(101) Concurrent Mark From Roots
[2020-10-27T23:46:51.940-0800] GC(101) Using 2 workers of 2 for marking
[2020-10-27T23:46:51.942-0800] GC(101) Concurrent Mark From Roots 1.924ms
[2020-10-27T23:46:51.942-0800] GC(101) Concurrent Preclean
[2020-10-27T23:46:51.942-0800] GC(101) Concurrent Preclean 0.021ms
[2020-10-27T23:46:51.942-0800] GC(101) Concurrent Mark (0.882s, 0.884s) 2.002ms
[2020-10-27T23:46:51.942-0800] GC(101) Pause Remark
[2020-10-27T23:46:51.942-0800] GC(101) Pause Remark 413M->413M(512M) 0.354ms
[2020-10-27T23:46:51.942-0800] GC(101) User=0.00s Sys=0.01s Real=0.00s
[2020-10-27T23:46:51.942-0800] GC(101) Concurrent Rebuild Remembered Sets
[2020-10-27T23:46:51.943-0800] GC(101) Concurrent Rebuild Remembered Sets 1.222ms
[2020-10-27T23:46:51.944-0800] GC(101) Pause Cleanup
[2020-10-27T23:46:51.944-0800] GC(101) Pause Cleanup 423M->423M(512M) 0.092ms
[2020-10-27T23:46:51.944-0800] GC(101) User=0.00s Sys=0.00s Real=0.00s
[2020-10-27T23:46:51.944-0800] GC(101) Concurrent Cleanup for Next Mark
[2020-10-27T23:46:51.945-0800] GC(101) Concurrent Cleanup for Next Mark 1.428ms
[2020-10-27T23:46:51.945-0800] GC(101) Concurrent Cycle 5.512ms
[2020-10-27T23:46:51.945-0800] GC(102) Pause Young (Concurrent Start) (G1 Humongous Allocation)
[2020-10-27T23:46:51.945-0800] GC(102) Using 8 workers of 8 for evacuation
[2020-10-27T23:46:51.947-0800] GC(102)   Pre Evacuate Collection Set: 0.0ms
[2020-10-27T23:46:51.947-0800] GC(102)   Merge Heap Roots: 0.0ms
[2020-10-27T23:46:51.947-0800] GC(102)   Evacuate Collection Set: 1.7ms
[2020-10-27T23:46:51.947-0800] GC(102)   Post Evacuate Collection Set: 0.1ms
[2020-10-27T23:46:51.947-0800] GC(102)   Other: 0.1ms
[2020-10-27T23:46:51.947-0800] GC(102) Eden regions: 19->0(21)
[2020-10-27T23:46:51.947-0800] GC(102) Survivor regions: 2->4(4)
[2020-10-27T23:46:51.947-0800] GC(102) Old regions: 249->253
[2020-10-27T23:46:51.947-0800] GC(102) Archive regions: 2->2
[2020-10-27T23:46:51.947-0800] GC(102) Humongous regions: 178->170
[2020-10-27T23:46:51.947-0800] GC(102) Metaspace: 204K(4864K)->204K(4864K) NonClass: 192K(4352K)->192K(4352K) Class: 12K(512K)->12K(512K)
[2020-10-27T23:46:51.947-0800] GC(102) Pause Young (Concurrent Start) (G1 Humongous Allocation) 431M->411M(512M) 2.080ms
[2020-10-27T23:46:51.947-0800] GC(102) User=0.01s Sys=0.00s Real=0.00s
[2020-10-27T23:46:51.947-0800] GC(103) Concurrent Cycle
[2020-10-27T23:46:51.947-0800] GC(103) Concurrent Clear Claimed Marks
[2020-10-27T23:46:51.947-0800] GC(103) Concurrent Clear Claimed Marks 0.007ms
[2020-10-27T23:46:51.947-0800] GC(103) Concurrent Scan Root Regions
[2020-10-27T23:46:51.947-0800] GC(103) Concurrent Scan Root Regions 0.027ms
[2020-10-27T23:46:51.947-0800] GC(103) Concurrent Mark (0.889s)
[2020-10-27T23:46:51.947-0800] GC(103) Concurrent Mark From Roots
[2020-10-27T23:46:51.947-0800] GC(103) Using 2 workers of 2 for marking
[2020-10-27T23:46:51.949-0800] GC(103) Concurrent Mark From Roots 1.953ms
[2020-10-27T23:46:51.949-0800] GC(103) Concurrent Preclean
[2020-10-27T23:46:51.949-0800] GC(103) Concurrent Preclean 0.026ms
[2020-10-27T23:46:51.949-0800] GC(103) Concurrent Mark (0.889s, 0.892s) 2.055ms
[2020-10-27T23:46:51.950-0800] GC(103) Pause Remark
[2020-10-27T23:46:51.950-0800] GC(103) Pause Remark 429M->429M(512M) 0.276ms
[2020-10-27T23:46:51.950-0800] GC(103) User=0.01s Sys=0.00s Real=0.00s
[2020-10-27T23:46:51.950-0800] GC(103) Concurrent Rebuild Remembered Sets
[2020-10-27T23:46:51.951-0800] GC(103) Concurrent Rebuild Remembered Sets 1.471ms
[2020-10-27T23:46:51.951-0800] GC(103) Pause Cleanup
[2020-10-27T23:46:51.952-0800] GC(103) Pause Cleanup 440M->440M(512M) 0.132ms
[2020-10-27T23:46:51.952-0800] GC(103) User=0.00s Sys=0.00s Real=0.00s
[2020-10-27T23:46:51.952-0800] GC(103) Concurrent Cleanup for Next Mark
[2020-10-27T23:46:51.953-0800] GC(103) Concurrent Cleanup for Next Mark 1.663ms
[2020-10-27T23:46:51.953-0800] GC(103) Concurrent Cycle 6.021ms
[2020-10-27T23:46:51.953-0800] GC(104) Pause Young (Prepare Mixed) (G1 Evacuation Pause)
[2020-10-27T23:46:51.953-0800] GC(104) Using 8 workers of 8 for evacuation
[2020-10-27T23:46:51.956-0800] GC(104)   Pre Evacuate Collection Set: 0.1ms
[2020-10-27T23:46:51.956-0800] GC(104)   Merge Heap Roots: 0.1ms
[2020-10-27T23:46:51.956-0800] GC(104)   Evacuate Collection Set: 2.3ms
[2020-10-27T23:46:51.956-0800] GC(104)   Post Evacuate Collection Set: 0.1ms
[2020-10-27T23:46:51.956-0800] GC(104)   Other: 0.1ms
[2020-10-27T23:46:51.956-0800] GC(104) Eden regions: 21->0(21)
[2020-10-27T23:46:51.956-0800] GC(104) Survivor regions: 4->4(4)
[2020-10-27T23:46:51.956-0800] GC(104) Old regions: 253->263
[2020-10-27T23:46:51.956-0800] GC(104) Archive regions: 2->2
[2020-10-27T23:46:51.956-0800] GC(104) Humongous regions: 186->173
[2020-10-27T23:46:51.956-0800] GC(104) Metaspace: 204K(4864K)->204K(4864K) NonClass: 192K(4352K)->192K(4352K) Class: 12K(512K)->12K(512K)
[2020-10-27T23:46:51.956-0800] GC(104) Pause Young (Prepare Mixed) (G1 Evacuation Pause) 448M->424M(512M) 2.765ms
[2020-10-27T23:46:51.956-0800] GC(104) User=0.02s Sys=0.00s Real=0.00s
[2020-10-27T23:46:51.960-0800] GC(105) Pause Young (Mixed) (G1 Evacuation Pause)
[2020-10-27T23:46:51.960-0800] GC(105) Using 8 workers of 8 for evacuation
[2020-10-27T23:46:51.966-0800] GC(105) To-space exhausted
[2020-10-27T23:46:51.966-0800] GC(105)   Pre Evacuate Collection Set: 0.1ms
[2020-10-27T23:46:51.966-0800] GC(105)   Merge Heap Roots: 0.1ms
[2020-10-27T23:46:51.966-0800] GC(105)   Evacuate Collection Set: 6.0ms
[2020-10-27T23:46:51.966-0800] GC(105)   Post Evacuate Collection Set: 0.4ms
[2020-10-27T23:46:51.966-0800] GC(105)   Other: 0.2ms
[2020-10-27T23:46:51.966-0800] GC(105) Eden regions: 21->0(21)
[2020-10-27T23:46:51.966-0800] GC(105) Survivor regions: 4->4(4)
[2020-10-27T23:46:51.966-0800] GC(105) Old regions: 263->288
[2020-10-27T23:46:51.966-0800] GC(105) Archive regions: 2->2
[2020-10-27T23:46:51.966-0800] GC(105) Humongous regions: 184->170
[2020-10-27T23:46:51.966-0800] GC(105) Metaspace: 204K(4864K)->204K(4864K) NonClass: 192K(4352K)->192K(4352K) Class: 12K(512K)->12K(512K)
[2020-10-27T23:46:51.967-0800] GC(105) Pause Young (Mixed) (G1 Evacuation Pause) 456M->448M(512M) 6.915ms
[2020-10-27T23:46:51.967-0800] GC(105) User=0.04s Sys=0.00s Real=0.00s
[2020-10-27T23:46:51.968-0800] GC(106) Pause Young (Concurrent Start) (G1 Humongous Allocation)
[2020-10-27T23:46:51.968-0800] GC(106) Using 8 workers of 8 for evacuation
[2020-10-27T23:46:51.970-0800] GC(106)   Pre Evacuate Collection Set: 0.1ms
[2020-10-27T23:46:51.970-0800] GC(106)   Merge Heap Roots: 0.0ms
[2020-10-27T23:46:51.970-0800] GC(106)   Evacuate Collection Set: 1.4ms
[2020-10-27T23:46:51.970-0800] GC(106)   Post Evacuate Collection Set: 0.1ms
[2020-10-27T23:46:51.970-0800] GC(106)   Other: 0.1ms
[2020-10-27T23:46:51.970-0800] GC(106) Eden regions: 7->0(22)
[2020-10-27T23:46:51.970-0800] GC(106) Survivor regions: 4->3(4)
[2020-10-27T23:46:51.970-0800] GC(106) Old regions: 288->292
[2020-10-27T23:46:51.970-0800] GC(106) Archive regions: 2->2
[2020-10-27T23:46:51.970-0800] GC(106) Humongous regions: 170->169
[2020-10-27T23:46:51.970-0800] GC(106) Metaspace: 204K(4864K)->204K(4864K) NonClass: 192K(4352K)->192K(4352K) Class: 12K(512K)->12K(512K)
[2020-10-27T23:46:51.970-0800] GC(106) Pause Young (Concurrent Start) (G1 Humongous Allocation) 454M->449M(512M) 1.858ms
[2020-10-27T23:46:51.970-0800] GC(106) User=0.01s Sys=0.00s Real=0.01s
[2020-10-27T23:46:51.970-0800] GC(107) Concurrent Cycle
[2020-10-27T23:46:51.970-0800] GC(107) Concurrent Clear Claimed Marks
[2020-10-27T23:46:51.970-0800] GC(107) Concurrent Clear Claimed Marks 0.007ms
[2020-10-27T23:46:51.970-0800] GC(107) Concurrent Scan Root Regions
[2020-10-27T23:46:51.970-0800] GC(107) Concurrent Scan Root Regions 0.034ms
[2020-10-27T23:46:51.970-0800] GC(107) Concurrent Mark (0.912s)
[2020-10-27T23:46:51.970-0800] GC(107) Concurrent Mark From Roots
[2020-10-27T23:46:51.970-0800] GC(107) Using 2 workers of 2 for marking
[2020-10-27T23:46:51.972-0800] GC(107) Concurrent Mark From Roots 1.957ms
[2020-10-27T23:46:51.972-0800] GC(107) Concurrent Preclean
[2020-10-27T23:46:51.972-0800] GC(107) Concurrent Preclean 0.020ms
[2020-10-27T23:46:51.972-0800] GC(107) Concurrent Mark (0.912s, 0.914s) 2.035ms
[2020-10-27T23:46:51.972-0800] GC(107) Pause Remark
[2020-10-27T23:46:51.972-0800] GC(107) Pause Remark 467M->467M(512M) 0.354ms
[2020-10-27T23:46:51.972-0800] GC(107) User=0.00s Sys=0.00s Real=0.00s
[2020-10-27T23:46:51.972-0800] GC(107) Concurrent Rebuild Remembered Sets
[2020-10-27T23:46:51.974-0800] GC(108) Pause Young (Normal) (G1 Evacuation Pause)
[2020-10-27T23:46:51.974-0800] GC(108) Using 8 workers of 8 for evacuation
[2020-10-27T23:46:51.977-0800] GC(108)   Pre Evacuate Collection Set: 0.1ms
[2020-10-27T23:46:51.977-0800] GC(108)   Merge Heap Roots: 0.1ms
[2020-10-27T23:46:51.977-0800] GC(108)   Evacuate Collection Set: 2.6ms
[2020-10-27T23:46:51.977-0800] GC(108)   Post Evacuate Collection Set: 0.1ms
[2020-10-27T23:46:51.977-0800] GC(108)   Other: 0.1ms
[2020-10-27T23:46:51.977-0800] GC(108) Eden regions: 22->0(21)
[2020-10-27T23:46:51.977-0800] GC(108) Survivor regions: 3->4(4)
[2020-10-27T23:46:51.977-0800] GC(108) Old regions: 292->302
[2020-10-27T23:46:51.977-0800] GC(108) Archive regions: 2->2
[2020-10-27T23:46:51.977-0800] GC(108) Humongous regions: 176->164
[2020-10-27T23:46:51.977-0800] GC(108) Metaspace: 204K(4864K)->204K(4864K) NonClass: 192K(4352K)->192K(4352K) Class: 12K(512K)->12K(512K)
[2020-10-27T23:46:51.977-0800] GC(108) Pause Young (Normal) (G1 Evacuation Pause) 478M->455M(512M) 3.037ms
[2020-10-27T23:46:51.977-0800] GC(108) User=0.01s Sys=0.00s Real=0.00s
[2020-10-27T23:46:51.977-0800] GC(107) Concurrent Rebuild Remembered Sets 4.549ms
[2020-10-27T23:46:51.977-0800] GC(107) Pause Cleanup
[2020-10-27T23:46:51.977-0800] GC(107) Pause Cleanup 455M->455M(512M) 0.151ms
[2020-10-27T23:46:51.977-0800] GC(107) User=0.00s Sys=0.00s Real=0.00s
[2020-10-27T23:46:51.977-0800] GC(107) Concurrent Cleanup for Next Mark
[2020-10-27T23:46:51.979-0800] GC(107) Concurrent Cleanup for Next Mark 1.885ms
[2020-10-27T23:46:51.979-0800] GC(107) Concurrent Cycle 9.442ms
[2020-10-27T23:46:51.981-0800] GC(109) Pause Young (Prepare Mixed) (G1 Evacuation Pause)
[2020-10-27T23:46:51.982-0800] GC(109) Using 8 workers of 8 for evacuation
[2020-10-27T23:46:51.984-0800] GC(109) To-space exhausted
[2020-10-27T23:46:51.984-0800] GC(109)   Pre Evacuate Collection Set: 0.1ms
[2020-10-27T23:46:51.984-0800] GC(109)   Merge Heap Roots: 0.0ms
[2020-10-27T23:46:51.984-0800] GC(109)   Evacuate Collection Set: 2.1ms
[2020-10-27T23:46:51.984-0800] GC(109)   Post Evacuate Collection Set: 0.3ms
[2020-10-27T23:46:51.984-0800] GC(109)   Other: 0.2ms
[2020-10-27T23:46:51.984-0800] GC(109) Eden regions: 21->0(21)
[2020-10-27T23:46:51.984-0800] GC(109) Survivor regions: 4->4(4)
[2020-10-27T23:46:51.984-0800] GC(109) Old regions: 302->317
[2020-10-27T23:46:51.984-0800] GC(109) Archive regions: 2->2
[2020-10-27T23:46:51.984-0800] GC(109) Humongous regions: 172->161
[2020-10-27T23:46:51.984-0800] GC(109) Metaspace: 204K(4864K)->204K(4864K) NonClass: 192K(4352K)->192K(4352K) Class: 12K(512K)->12K(512K)
[2020-10-27T23:46:51.984-0800] GC(109) Pause Young (Prepare Mixed) (G1 Evacuation Pause) 484M->468M(512M) 2.777ms
[2020-10-27T23:46:51.984-0800] GC(109) User=0.01s Sys=0.00s Real=0.00s
[2020-10-27T23:46:51.989-0800] GC(110) Pause Young (Mixed) (G1 Evacuation Pause)
[2020-10-27T23:46:51.989-0800] GC(110) Using 8 workers of 8 for evacuation
[2020-10-27T23:46:51.989-0800] GC(110) To-space exhausted
[2020-10-27T23:46:51.989-0800] GC(110)   Pre Evacuate Collection Set: 0.1ms
[2020-10-27T23:46:51.989-0800] GC(110)   Merge Heap Roots: 0.0ms
[2020-10-27T23:46:51.989-0800] GC(110)   Evacuate Collection Set: 0.1ms
[2020-10-27T23:46:51.989-0800] GC(110)   Post Evacuate Collection Set: 0.4ms
[2020-10-27T23:46:51.989-0800] GC(110)   Other: 0.1ms
[2020-10-27T23:46:51.989-0800] GC(110) Eden regions: 19->0(25)
[2020-10-27T23:46:51.989-0800] GC(110) Survivor regions: 4->0(0)
[2020-10-27T23:46:51.989-0800] GC(110) Old regions: 317->339
[2020-10-27T23:46:51.989-0800] GC(110) Archive regions: 2->2
[2020-10-27T23:46:51.989-0800] GC(110) Humongous regions: 170->157
[2020-10-27T23:46:51.989-0800] GC(110) Metaspace: 204K(4864K)->204K(4864K) NonClass: 192K(4352K)->192K(4352K) Class: 12K(512K)->12K(512K)
[2020-10-27T23:46:51.989-0800] GC(110) Pause Young (Mixed) (G1 Evacuation Pause) 496M->482M(512M) 0.858ms
[2020-10-27T23:46:51.989-0800] GC(110) User=0.01s Sys=0.00s Real=0.00s
[2020-10-27T23:46:51.991-0800] GC(111) Pause Young (Mixed) (G1 Humongous Allocation)
[2020-10-27T23:46:51.991-0800] GC(111) Using 8 workers of 8 for evacuation
[2020-10-27T23:46:51.991-0800] GC(111) To-space exhausted
[2020-10-27T23:46:51.991-0800] GC(111)   Pre Evacuate Collection Set: 0.1ms
[2020-10-27T23:46:51.991-0800] GC(111)   Merge Heap Roots: 0.0ms
[2020-10-27T23:46:51.991-0800] GC(111)   Evacuate Collection Set: 0.2ms
[2020-10-27T23:46:51.991-0800] GC(111)   Post Evacuate Collection Set: 0.2ms
[2020-10-27T23:46:51.991-0800] GC(111)   Other: 0.1ms
[2020-10-27T23:46:51.991-0800] GC(111) Eden regions: 9->0(25)
[2020-10-27T23:46:51.991-0800] GC(111) Survivor regions: 0->0(0)
[2020-10-27T23:46:51.991-0800] GC(111) Old regions: 339->347
[2020-10-27T23:46:51.991-0800] GC(111) Archive regions: 2->2
[2020-10-27T23:46:51.991-0800] GC(111) Humongous regions: 162->160
[2020-10-27T23:46:51.991-0800] GC(111) Metaspace: 204K(4864K)->204K(4864K) NonClass: 192K(4352K)->192K(4352K) Class: 12K(512K)->12K(512K)
[2020-10-27T23:46:51.991-0800] GC(111) Pause Young (Mixed) (G1 Humongous Allocation) 495M->492M(512M) 0.623ms
[2020-10-27T23:46:51.991-0800] GC(111) User=0.00s Sys=0.00s Real=0.00s
[2020-10-27T23:46:51.991-0800] GC(112) Pause Young (Concurrent Start) (G1 Evacuation Pause)
[2020-10-27T23:46:51.991-0800] GC(112) Using 8 workers of 8 for evacuation
[2020-10-27T23:46:51.992-0800] GC(112) To-space exhausted
[2020-10-27T23:46:51.992-0800] GC(112)   Pre Evacuate Collection Set: 0.0ms
[2020-10-27T23:46:51.992-0800] GC(112)   Merge Heap Roots: 0.0ms
[2020-10-27T23:46:51.992-0800] GC(112)   Evacuate Collection Set: 0.1ms
[2020-10-27T23:46:51.992-0800] GC(112)   Post Evacuate Collection Set: 0.1ms
[2020-10-27T23:46:51.992-0800] GC(112)   Other: 0.1ms
[2020-10-27T23:46:51.992-0800] GC(112) Eden regions: 2->0(25)
[2020-10-27T23:46:51.992-0800] GC(112) Survivor regions: 0->0(0)
[2020-10-27T23:46:51.992-0800] GC(112) Old regions: 347->349
[2020-10-27T23:46:51.992-0800] GC(112) Archive regions: 2->2
[2020-10-27T23:46:51.992-0800] GC(112) Humongous regions: 161->160
[2020-10-27T23:46:51.992-0800] GC(112) Metaspace: 204K(4864K)->204K(4864K) NonClass: 192K(4352K)->192K(4352K) Class: 12K(512K)->12K(512K)
[2020-10-27T23:46:51.992-0800] GC(112) Pause Young (Concurrent Start) (G1 Evacuation Pause) 495M->494M(512M) 0.354ms
[2020-10-27T23:46:51.992-0800] GC(112) User=0.00s Sys=0.01s Real=0.00s
[2020-10-27T23:46:51.992-0800] GC(113) Concurrent Cycle
[2020-10-27T23:46:51.992-0800] GC(113) Concurrent Clear Claimed Marks
[2020-10-27T23:46:51.992-0800] GC(113) Concurrent Clear Claimed Marks 0.007ms
[2020-10-27T23:46:51.992-0800] GC(113) Concurrent Scan Root Regions
[2020-10-27T23:46:51.992-0800] GC(113) Concurrent Scan Root Regions 0.005ms
[2020-10-27T23:46:51.992-0800] GC(113) Concurrent Mark (0.934s)
[2020-10-27T23:46:51.992-0800] GC(113) Concurrent Mark From Roots
[2020-10-27T23:46:51.992-0800] GC(113) Using 2 workers of 2 for marking
[2020-10-27T23:46:51.992-0800] GC(114) Pause Young (Normal) (G1 Evacuation Pause)
[2020-10-27T23:46:51.992-0800] GC(114) Using 8 workers of 8 for evacuation
[2020-10-27T23:46:51.992-0800] GC(114) To-space exhausted
[2020-10-27T23:46:51.992-0800] GC(114)   Pre Evacuate Collection Set: 0.0ms
[2020-10-27T23:46:51.992-0800] GC(114)   Merge Heap Roots: 0.0ms
[2020-10-27T23:46:51.992-0800] GC(114)   Evacuate Collection Set: 0.1ms
[2020-10-27T23:46:51.992-0800] GC(114)   Post Evacuate Collection Set: 0.1ms
[2020-10-27T23:46:51.992-0800] GC(114)   Other: 0.1ms
[2020-10-27T23:46:51.992-0800] GC(114) Eden regions: 1->0(25)
[2020-10-27T23:46:51.992-0800] GC(114) Survivor regions: 0->0(0)
[2020-10-27T23:46:51.992-0800] GC(114) Old regions: 349->350
[2020-10-27T23:46:51.992-0800] GC(114) Archive regions: 2->2
[2020-10-27T23:46:51.992-0800] GC(114) Humongous regions: 160->160
[2020-10-27T23:46:51.992-0800] GC(114) Metaspace: 204K(4864K)->204K(4864K) NonClass: 192K(4352K)->192K(4352K) Class: 12K(512K)->12K(512K)
[2020-10-27T23:46:51.992-0800] GC(114) Pause Young (Normal) (G1 Evacuation Pause) 495M->495M(512M) 0.271ms
[2020-10-27T23:46:51.992-0800] GC(114) User=0.00s Sys=0.00s Real=0.00s
[2020-10-27T23:46:51.992-0800] Attempting maximally compacting collection
[2020-10-27T23:46:51.992-0800] GC(115) Using 8 workers of 8 for full compaction
[2020-10-27T23:46:51.992-0800] GC(115) Pause Full (G1 Evacuation Pause)
[2020-10-27T23:46:51.993-0800] GC(115) Phase 1: Mark live objects
[2020-10-27T23:46:51.994-0800] GC(115) Phase 1: Mark live objects 0.481ms
[2020-10-27T23:46:51.994-0800] GC(115) Phase 2: Prepare for compaction
[2020-10-27T23:46:51.994-0800] GC(115) Phase 2: Prepare for compaction 0.612ms
[2020-10-27T23:46:51.994-0800] GC(115) Phase 3: Adjust pointers
[2020-10-27T23:46:51.995-0800] GC(115) Phase 3: Adjust pointers 0.282ms
[2020-10-27T23:46:51.995-0800] GC(115) Phase 4: Compact heap
[2020-10-27T23:46:52.035-0800] GC(115) Phase 4: Compact heap 40.370ms
[2020-10-27T23:46:52.035-0800] GC(115) Eden regions: 0->0(25)
[2020-10-27T23:46:52.035-0800] GC(115) Survivor regions: 0->0(0)
[2020-10-27T23:46:52.035-0800] GC(115) Old regions: 350->259
[2020-10-27T23:46:52.035-0800] GC(115) Archive regions: 2->2
[2020-10-27T23:46:52.035-0800] GC(115) Humongous regions: 160->160
[2020-10-27T23:46:52.035-0800] GC(115) Metaspace: 204K(4864K)->204K(4864K) NonClass: 192K(4352K)->192K(4352K) Class: 12K(512K)->12K(512K)
[2020-10-27T23:46:52.035-0800] GC(115) Pause Full (G1 Evacuation Pause) 495M->385M(512M) 43.160ms
[2020-10-27T23:46:52.035-0800] GC(115) User=0.23s Sys=0.00s Real=0.04s
[2020-10-27T23:46:52.035-0800] GC(113) Concurrent Mark From Roots 43.612ms
[2020-10-27T23:46:52.035-0800] GC(113) Concurrent Mark Abort
[2020-10-27T23:46:52.035-0800] GC(113) Concurrent Cycle 43.681ms
[2020-10-27T23:46:52.036-0800] GC(116) Pause Young (Concurrent Start) (G1 Humongous Allocation)
[2020-10-27T23:46:52.036-0800] GC(116) Using 8 workers of 8 for evacuation
[2020-10-27T23:46:52.036-0800] GC(116)   Pre Evacuate Collection Set: 0.0ms
[2020-10-27T23:46:52.036-0800] GC(116)   Merge Heap Roots: 0.0ms
[2020-10-27T23:46:52.036-0800] GC(116)   Evacuate Collection Set: 0.2ms
[2020-10-27T23:46:52.036-0800] GC(116)   Post Evacuate Collection Set: 0.1ms
[2020-10-27T23:46:52.036-0800] GC(116)   Other: 0.1ms
[2020-10-27T23:46:52.036-0800] GC(116) Eden regions: 7->0(23)
[2020-10-27T23:46:52.036-0800] GC(116) Survivor regions: 0->2(4)
[2020-10-27T23:46:52.036-0800] GC(116) Old regions: 259->259
[2020-10-27T23:46:52.037-0800] GC(116) Archive regions: 2->2
[2020-10-27T23:46:52.037-0800] GC(116) Humongous regions: 160->160
[2020-10-27T23:46:52.037-0800] GC(116) Metaspace: 204K(4864K)->204K(4864K) NonClass: 192K(4352K)->192K(4352K) Class: 12K(512K)->12K(512K)
[2020-10-27T23:46:52.037-0800] GC(116) Pause Young (Concurrent Start) (G1 Humongous Allocation) 392M->387M(512M) 0.466ms
[2020-10-27T23:46:52.037-0800] GC(116) User=0.00s Sys=0.00s Real=0.00s
[2020-10-27T23:46:52.037-0800] GC(117) Concurrent Cycle
[2020-10-27T23:46:52.037-0800] GC(117) Concurrent Clear Claimed Marks
[2020-10-27T23:46:52.037-0800] GC(117) Concurrent Clear Claimed Marks 0.005ms
[2020-10-27T23:46:52.037-0800] GC(117) Concurrent Scan Root Regions
[2020-10-27T23:46:52.037-0800] GC(117) Concurrent Scan Root Regions 0.018ms
[2020-10-27T23:46:52.037-0800] GC(117) Concurrent Mark (0.979s)
[2020-10-27T23:46:52.037-0800] GC(117) Concurrent Mark From Roots
[2020-10-27T23:46:52.037-0800] GC(117) Using 2 workers of 2 for marking
[2020-10-27T23:46:52.038-0800] GC(117) Concurrent Mark From Roots 1.668ms
[2020-10-27T23:46:52.038-0800] GC(117) Concurrent Preclean
[2020-10-27T23:46:52.038-0800] GC(117) Concurrent Preclean 0.021ms
[2020-10-27T23:46:52.038-0800] GC(117) Concurrent Mark (0.979s, 0.980s) 1.742ms
[2020-10-27T23:46:52.038-0800] GC(117) Pause Remark
[2020-10-27T23:46:52.039-0800] GC(117) Pause Remark 403M->402M(512M) 0.276ms
[2020-10-27T23:46:52.039-0800] GC(117) User=0.00s Sys=0.00s Real=0.00s
[2020-10-27T23:46:52.039-0800] GC(117) Concurrent Rebuild Remembered Sets
[2020-10-27T23:46:52.040-0800] GC(117) Concurrent Rebuild Remembered Sets 1.076ms
[2020-10-27T23:46:52.040-0800] GC(117) Pause Cleanup
[2020-10-27T23:46:52.040-0800] GC(117) Pause Cleanup 409M->409M(512M) 0.117ms
[2020-10-27T23:46:52.040-0800] GC(117) User=0.00s Sys=0.00s Real=0.00s
[2020-10-27T23:46:52.040-0800] GC(117) Concurrent Cleanup for Next Mark
[2020-10-27T23:46:52.042-0800] GC(117) Concurrent Cleanup for Next Mark 1.604ms
[2020-10-27T23:46:52.042-0800] GC(117) Concurrent Cycle 5.155ms
[2020-10-27T23:46:52.042-0800] GC(118) Pause Young (Concurrent Start) (G1 Humongous Allocation)
[2020-10-27T23:46:52.042-0800] GC(118) Using 8 workers of 8 for evacuation
[2020-10-27T23:46:52.044-0800] GC(118)   Pre Evacuate Collection Set: 0.1ms
[2020-10-27T23:46:52.044-0800] GC(118)   Merge Heap Roots: 0.1ms
[2020-10-27T23:46:52.044-0800] GC(118)   Evacuate Collection Set: 1.9ms
[2020-10-27T23:46:52.044-0800] GC(118)   Post Evacuate Collection Set: 0.3ms
[2020-10-27T23:46:52.044-0800] GC(118)   Other: 0.1ms
[2020-10-27T23:46:52.044-0800] GC(118) Eden regions: 21->0(21)
[2020-10-27T23:46:52.044-0800] GC(118) Survivor regions: 2->4(4)
[2020-10-27T23:46:52.044-0800] GC(118) Old regions: 259->265
[2020-10-27T23:46:52.044-0800] GC(118) Archive regions: 2->2
[2020-10-27T23:46:52.044-0800] GC(118) Humongous regions: 170->152
[2020-10-27T23:46:52.044-0800] GC(118) Metaspace: 204K(4864K)->204K(4864K) NonClass: 192K(4352K)->192K(4352K) Class: 12K(512K)->12K(512K)
[2020-10-27T23:46:52.044-0800] GC(118) Pause Young (Concurrent Start) (G1 Humongous Allocation) 417M->386M(512M) 2.576ms
[2020-10-27T23:46:52.044-0800] GC(118) User=0.01s Sys=0.00s Real=0.00s
[2020-10-27T23:46:52.044-0800] GC(119) Concurrent Cycle
[2020-10-27T23:46:52.044-0800] GC(119) Concurrent Clear Claimed Marks
[2020-10-27T23:46:52.044-0800] GC(119) Concurrent Clear Claimed Marks 0.008ms
[2020-10-27T23:46:52.044-0800] GC(119) Concurrent Scan Root Regions
[2020-10-27T23:46:52.045-0800] GC(119) Concurrent Scan Root Regions 0.030ms
[2020-10-27T23:46:52.045-0800] GC(119) Concurrent Mark (0.987s)
[2020-10-27T23:46:52.045-0800] GC(119) Concurrent Mark From Roots
[2020-10-27T23:46:52.045-0800] GC(119) Using 2 workers of 2 for marking
[2020-10-27T23:46:52.046-0800] GC(119) Concurrent Mark From Roots 1.566ms
[2020-10-27T23:46:52.046-0800] GC(119) Concurrent Preclean
[2020-10-27T23:46:52.046-0800] GC(119) Concurrent Preclean 0.018ms
[2020-10-27T23:46:52.046-0800] GC(119) Concurrent Mark (0.987s, 0.988s) 1.624ms
[2020-10-27T23:46:52.046-0800] GC(119) Pause Remark
[2020-10-27T23:46:52.046-0800] GC(119) Pause Remark 399M->399M(512M) 0.219ms
[2020-10-27T23:46:52.047-0800] GC(119) User=0.00s Sys=0.00s Real=0.00s
[2020-10-27T23:46:52.047-0800] GC(119) Concurrent Rebuild Remembered Sets
[2020-10-27T23:46:52.047-0800] GC(119) Concurrent Rebuild Remembered Sets 0.831ms
[2020-10-27T23:46:52.047-0800] GC(119) Pause Cleanup
[2020-10-27T23:46:52.048-0800] GC(119) Pause Cleanup 404M->404M(512M) 0.094ms
[2020-10-27T23:46:52.048-0800] GC(119) User=0.00s Sys=0.00s Real=0.00s
[2020-10-27T23:46:52.048-0800] GC(119) Concurrent Cleanup for Next Mark
[2020-10-27T23:46:52.049-0800] GC(119) Concurrent Cleanup for Next Mark 1.485ms
[2020-10-27T23:46:52.049-0800] GC(119) Concurrent Cycle 4.599ms
[2020-10-27T23:46:52.049-0800] GC(120) Pause Young (Prepare Mixed) (G1 Evacuation Pause)
[2020-10-27T23:46:52.049-0800] GC(120) Using 8 workers of 8 for evacuation
[2020-10-27T23:46:52.052-0800] GC(120)   Pre Evacuate Collection Set: 0.1ms
[2020-10-27T23:46:52.052-0800] GC(120)   Merge Heap Roots: 0.1ms
[2020-10-27T23:46:52.052-0800] GC(120)   Evacuate Collection Set: 2.2ms
[2020-10-27T23:46:52.052-0800] GC(120)   Post Evacuate Collection Set: 0.2ms
[2020-10-27T23:46:52.052-0800] GC(120)   Other: 0.1ms
[2020-10-27T23:46:52.052-0800] GC(120) Eden regions: 21->0(21)
[2020-10-27T23:46:52.052-0800] GC(120) Survivor regions: 4->4(4)
[2020-10-27T23:46:52.052-0800] GC(120) Old regions: 265->272
[2020-10-27T23:46:52.052-0800] GC(120) Archive regions: 2->2
[2020-10-27T23:46:52.052-0800] GC(120) Humongous regions: 158->148
[2020-10-27T23:46:52.052-0800] GC(120) Metaspace: 204K(4864K)->204K(4864K) NonClass: 192K(4352K)->192K(4352K) Class: 12K(512K)->12K(512K)
[2020-10-27T23:46:52.052-0800] GC(120) Pause Young (Prepare Mixed) (G1 Evacuation Pause) 413M->390M(512M) 2.611ms
[2020-10-27T23:46:52.052-0800] GC(120) User=0.02s Sys=0.00s Real=0.01s
[2020-10-27T23:46:52.056-0800] GC(121) Pause Young (Mixed) (G1 Evacuation Pause)
[2020-10-27T23:46:52.056-0800] GC(121) Using 8 workers of 8 for evacuation
[2020-10-27T23:46:52.064-0800] GC(121)   Pre Evacuate Collection Set: 0.1ms
[2020-10-27T23:46:52.064-0800] GC(121)   Merge Heap Roots: 0.0ms
[2020-10-27T23:46:52.064-0800] GC(121)   Evacuate Collection Set: 6.9ms
[2020-10-27T23:46:52.064-0800] GC(121)   Post Evacuate Collection Set: 0.3ms
[2020-10-27T23:46:52.064-0800] GC(121)   Other: 0.2ms
[2020-10-27T23:46:52.064-0800] GC(121) Eden regions: 21->0(26)
[2020-10-27T23:46:52.064-0800] GC(121) Survivor regions: 4->4(4)
[2020-10-27T23:46:52.064-0800] GC(121) Old regions: 272->258
[2020-10-27T23:46:52.064-0800] GC(121) Archive regions: 2->2
[2020-10-27T23:46:52.064-0800] GC(121) Humongous regions: 160->149
[2020-10-27T23:46:52.064-0800] GC(121) Metaspace: 204K(4864K)->204K(4864K) NonClass: 192K(4352K)->192K(4352K) Class: 12K(512K)->12K(512K)
[2020-10-27T23:46:52.064-0800] GC(121) Pause Young (Mixed) (G1 Evacuation Pause) 423M->391M(512M) 7.623ms
[2020-10-27T23:46:52.064-0800] GC(121) User=0.04s Sys=0.01s Real=0.01s
[2020-10-27T23:46:52.064-0800] GC(122) Pause Young (Concurrent Start) (G1 Humongous Allocation)
[2020-10-27T23:46:52.064-0800] GC(122) Using 8 workers of 8 for evacuation
[2020-10-27T23:46:52.065-0800] GC(122)   Pre Evacuate Collection Set: 0.1ms
[2020-10-27T23:46:52.065-0800] GC(122)   Merge Heap Roots: 0.0ms
[2020-10-27T23:46:52.065-0800] GC(122)   Evacuate Collection Set: 0.8ms
[2020-10-27T23:46:52.065-0800] GC(122)   Post Evacuate Collection Set: 0.2ms
[2020-10-27T23:46:52.065-0800] GC(122)   Other: 0.1ms
[2020-10-27T23:46:52.065-0800] GC(122) Eden regions: 1->0(29)
[2020-10-27T23:46:52.065-0800] GC(122) Survivor regions: 4->0(4)
[2020-10-27T23:46:52.065-0800] GC(122) Old regions: 258->262
[2020-10-27T23:46:52.065-0800] GC(122) Archive regions: 2->2
[2020-10-27T23:46:52.065-0800] GC(122) Humongous regions: 149->149
[2020-10-27T23:46:52.065-0800] GC(122) Metaspace: 204K(4864K)->204K(4864K) NonClass: 192K(4352K)->192K(4352K) Class: 12K(512K)->12K(512K)
[2020-10-27T23:46:52.065-0800] GC(122) Pause Young (Concurrent Start) (G1 Humongous Allocation) 392M->392M(512M) 1.201ms
[2020-10-27T23:46:52.065-0800] GC(122) User=0.01s Sys=0.00s Real=0.00s
[2020-10-27T23:46:52.065-0800] GC(123) Concurrent Cycle
[2020-10-27T23:46:52.065-0800] GC(123) Concurrent Clear Claimed Marks
[2020-10-27T23:46:52.065-0800] GC(123) Concurrent Clear Claimed Marks 0.007ms
[2020-10-27T23:46:52.065-0800] GC(123) Concurrent Scan Root Regions
[2020-10-27T23:46:52.065-0800] GC(123) Concurrent Scan Root Regions 0.027ms
[2020-10-27T23:46:52.065-0800] GC(123) Concurrent Mark (1.007s)
[2020-10-27T23:46:52.065-0800] GC(123) Concurrent Mark From Roots
[2020-10-27T23:46:52.065-0800] GC(123) Using 2 workers of 2 for marking
[2020-10-27T23:46:52.067-0800] GC(123) Concurrent Mark From Roots 1.503ms
[2020-10-27T23:46:52.067-0800] GC(123) Concurrent Preclean
[2020-10-27T23:46:52.067-0800] GC(123) Concurrent Preclean 0.021ms
[2020-10-27T23:46:52.067-0800] GC(123) Concurrent Mark (1.007s, 1.009s) 1.592ms
[2020-10-27T23:46:52.067-0800] GC(123) Pause Remark
[2020-10-27T23:46:52.067-0800] GC(123) Pause Remark 406M->406M(512M) 0.478ms
[2020-10-27T23:46:52.067-0800] GC(123) User=0.00s Sys=0.00s Real=0.00s
[2020-10-27T23:46:52.067-0800] GC(123) Concurrent Rebuild Remembered Sets
[2020-10-27T23:46:52.068-0800] GC(123) Concurrent Rebuild Remembered Sets 1.080ms
[2020-10-27T23:46:52.069-0800] GC(123) Pause Cleanup
[2020-10-27T23:46:52.069-0800] GC(123) Pause Cleanup 411M->411M(512M) 0.130ms
[2020-10-27T23:46:52.069-0800] GC(123) User=0.00s Sys=0.00s Real=0.00s
[2020-10-27T23:46:52.069-0800] GC(123) Concurrent Cleanup for Next Mark
[2020-10-27T23:46:52.070-0800] GC(123) Concurrent Cleanup for Next Mark 1.500ms
[2020-10-27T23:46:52.070-0800] GC(123) Concurrent Cycle 5.206ms
[2020-10-27T23:46:52.071-0800] GC(124) Pause Young (Concurrent Start) (G1 Humongous Allocation)
[2020-10-27T23:46:52.071-0800] GC(124) Using 8 workers of 8 for evacuation
[2020-10-27T23:46:52.073-0800] GC(124)   Pre Evacuate Collection Set: 0.1ms
[2020-10-27T23:46:52.073-0800] GC(124)   Merge Heap Roots: 0.0ms
[2020-10-27T23:46:52.073-0800] GC(124)   Evacuate Collection Set: 1.6ms
[2020-10-27T23:46:52.073-0800] GC(124)   Post Evacuate Collection Set: 0.1ms
[2020-10-27T23:46:52.073-0800] GC(124)   Other: 0.1ms
[2020-10-27T23:46:52.073-0800] GC(124) Eden regions: 25->0(21)
[2020-10-27T23:46:52.073-0800] GC(124) Survivor regions: 0->4(4)
[2020-10-27T23:46:52.073-0800] GC(124) Old regions: 262->269
[2020-10-27T23:46:52.073-0800] GC(124) Archive regions: 2->2
[2020-10-27T23:46:52.073-0800] GC(124) Humongous regions: 157->150
[2020-10-27T23:46:52.073-0800] GC(124) Metaspace: 204K(4864K)->204K(4864K) NonClass: 192K(4352K)->192K(4352K) Class: 12K(512K)->12K(512K)
[2020-10-27T23:46:52.073-0800] GC(124) Pause Young (Concurrent Start) (G1 Humongous Allocation) 425M->403M(512M) 1.996ms
[2020-10-27T23:46:52.073-0800] GC(124) User=0.01s Sys=0.00s Real=0.00s
[2020-10-27T23:46:52.073-0800] GC(125) Concurrent Cycle
[2020-10-27T23:46:52.073-0800] GC(125) Concurrent Clear Claimed Marks
[2020-10-27T23:46:52.073-0800] GC(125) Concurrent Clear Claimed Marks 0.007ms
[2020-10-27T23:46:52.073-0800] GC(125) Concurrent Scan Root Regions
[2020-10-27T23:46:52.074-0800] GC(125) Concurrent Scan Root Regions 0.026ms
[2020-10-27T23:46:52.074-0800] GC(125) Concurrent Mark (1.016s)
[2020-10-27T23:46:52.074-0800] GC(125) Concurrent Mark From Roots
[2020-10-27T23:46:52.074-0800] GC(125) Using 2 workers of 2 for marking
[2020-10-27T23:46:52.076-0800] GC(125) Concurrent Mark From Roots 2.377ms
[2020-10-27T23:46:52.076-0800] GC(125) Concurrent Preclean
[2020-10-27T23:46:52.076-0800] GC(125) Concurrent Preclean 0.025ms
[2020-10-27T23:46:52.076-0800] GC(125) Concurrent Mark (1.016s, 1.018s) 2.516ms
[2020-10-27T23:46:52.076-0800] GC(125) Pause Remark
[2020-10-27T23:46:52.077-0800] GC(125) Pause Remark 416M->416M(512M) 0.537ms
[2020-10-27T23:46:52.077-0800] GC(125) User=0.00s Sys=0.00s Real=0.00s
[2020-10-27T23:46:52.077-0800] GC(125) Concurrent Rebuild Remembered Sets
[2020-10-27T23:46:52.078-0800] GC(125) Concurrent Rebuild Remembered Sets 1.053ms
[2020-10-27T23:46:52.078-0800] GC(125) Pause Cleanup
[2020-10-27T23:46:52.078-0800] GC(125) Pause Cleanup 425M->425M(512M) 0.130ms
[2020-10-27T23:46:52.078-0800] GC(125) User=0.00s Sys=0.00s Real=0.00s
[2020-10-27T23:46:52.078-0800] GC(125) Concurrent Cleanup for Next Mark
[2020-10-27T23:46:52.080-0800] GC(125) Concurrent Cleanup for Next Mark 1.506ms
[2020-10-27T23:46:52.080-0800] GC(125) Concurrent Cycle 6.346ms
[2020-10-27T23:46:52.081-0800] GC(126) Pause Young (Prepare Mixed) (G1 Evacuation Pause)
[2020-10-27T23:46:52.081-0800] GC(126) Using 8 workers of 8 for evacuation
[2020-10-27T23:46:52.083-0800] GC(126)   Pre Evacuate Collection Set: 0.1ms
[2020-10-27T23:46:52.083-0800] GC(126)   Merge Heap Roots: 0.0ms
[2020-10-27T23:46:52.083-0800] GC(126)   Evacuate Collection Set: 1.9ms
[2020-10-27T23:46:52.083-0800] GC(126)   Post Evacuate Collection Set: 0.1ms
[2020-10-27T23:46:52.083-0800] GC(126)   Other: 0.1ms
[2020-10-27T23:46:52.083-0800] GC(126) Eden regions: 21->0(21)
[2020-10-27T23:46:52.083-0800] GC(126) Survivor regions: 4->4(4)
[2020-10-27T23:46:52.083-0800] GC(126) Old regions: 269->277
[2020-10-27T23:46:52.083-0800] GC(126) Archive regions: 2->2
[2020-10-27T23:46:52.083-0800] GC(126) Humongous regions: 163->152
[2020-10-27T23:46:52.083-0800] GC(126) Metaspace: 204K(4864K)->204K(4864K) NonClass: 192K(4352K)->192K(4352K) Class: 12K(512K)->12K(512K)
[2020-10-27T23:46:52.083-0800] GC(126) Pause Young (Prepare Mixed) (G1 Evacuation Pause) 437M->414M(512M) 2.247ms
[2020-10-27T23:46:52.083-0800] GC(126) User=0.01s Sys=0.00s Real=0.00s
[2020-10-27T23:46:52.096-0800] Heap
[2020-10-27T23:46:52.096-0800]  garbage-first heap   total 524288K, used 451675K [0x00000007e0000000, 0x0000000800000000)
[2020-10-27T23:46:52.096-0800]   region size 1024K, 22 young (22528K), 4 survivors (4096K)
[2020-10-27T23:46:52.096-0800]  Metaspace       used 325K, capacity 4508K, committed 4864K, reserved 1056768K
[2020-10-27T23:46:52.096-0800]   class space    used 25K, capacity 392K, committed 512K, reserved 1048576K
