[2020-10-27T23:46:45.832-0800] Using G1
[2020-10-27T23:46:45.832-0800] Version: 15.0.1+9-18 (release)
[2020-10-27T23:46:45.833-0800] CPUs: 8 total, 8 available
[2020-10-27T23:46:45.833-0800] Memory: 16384M
[2020-10-27T23:46:45.833-0800] Large Page Support: Disabled
[2020-10-27T23:46:45.833-0800] NUMA Support: Disabled
[2020-10-27T23:46:45.833-0800] Compressed Oops: Enabled (Zero based)
[2020-10-27T23:46:45.833-0800] Heap Region Size: 1M
[2020-10-27T23:46:45.833-0800] Heap Min Capacity: 128M
[2020-10-27T23:46:45.833-0800] Heap Initial Capacity: 128M
[2020-10-27T23:46:45.833-0800] Heap Max Capacity: 128M
[2020-10-27T23:46:45.833-0800] Pre-touch: Disabled
[2020-10-27T23:46:45.833-0800] Parallel Workers: 8
[2020-10-27T23:46:45.833-0800] Concurrent Workers: 2
[2020-10-27T23:46:45.833-0800] Concurrent Refinement Workers: 8
[2020-10-27T23:46:45.833-0800] Periodic GC: Disabled
[2020-10-27T23:46:45.833-0800] Mark closed archive regions in map: [0x00000007fff00000, 0x00000007fff78ff8]
[2020-10-27T23:46:45.833-0800] Mark open archive regions in map: [0x00000007ffe00000, 0x00000007ffe50ff8]
[2020-10-27T23:46:45.833-0800] CDS archive(s) mapped at: [0x0000000800000000-0x0000000800b2b000-0x0000000800b2b000), size 11710464, SharedBaseAddress: 0x0000000800000000, ArchiveRelocationMode: 0.
[2020-10-27T23:46:45.833-0800] Compressed class space mapped at: 0x0000000800b2c000-0x0000000840b2c000, size: 1073741824
[2020-10-27T23:46:45.833-0800] Narrow klass base: 0x0000000800000000, Narrow klass shift: 3, Narrow klass range: 0x100000000
[2020-10-27T23:46:45.877-0800] GC(0) Pause Young (Normal) (G1 Evacuation Pause)
[2020-10-27T23:46:45.877-0800] GC(0) Using 3 workers of 8 for evacuation
[2020-10-27T23:46:45.880-0800] GC(0)   Pre Evacuate Collection Set: 0.0ms
[2020-10-27T23:46:45.880-0800] GC(0)   Merge Heap Roots: 0.0ms
[2020-10-27T23:46:45.880-0800] GC(0)   Evacuate Collection Set: 2.9ms
[2020-10-27T23:46:45.880-0800] GC(0)   Post Evacuate Collection Set: 0.1ms
[2020-10-27T23:46:45.880-0800] GC(0)   Other: 0.3ms
[2020-10-27T23:46:45.880-0800] GC(0) Eden regions: 23->0(21)
[2020-10-27T23:46:45.880-0800] GC(0) Survivor regions: 0->3(3)
[2020-10-27T23:46:45.880-0800] GC(0) Old regions: 0->7
[2020-10-27T23:46:45.880-0800] GC(0) Archive regions: 2->2
[2020-10-27T23:46:45.880-0800] GC(0) Humongous regions: 19->8
[2020-10-27T23:46:45.880-0800] GC(0) Metaspace: 191K(4864K)->191K(4864K) NonClass: 178K(4352K)->178K(4352K) Class: 12K(512K)->12K(512K)
[2020-10-27T23:46:45.880-0800] GC(0) Pause Young (Normal) (G1 Evacuation Pause) 42M->18M(128M) 3.483ms
[2020-10-27T23:46:45.880-0800] GC(0) User=0.01s Sys=0.00s Real=0.01s
[2020-10-27T23:46:45.886-0800] GC(1) Pause Young (Normal) (G1 Evacuation Pause)
[2020-10-27T23:46:45.886-0800] GC(1) Using 3 workers of 8 for evacuation
[2020-10-27T23:46:45.889-0800] GC(1)   Pre Evacuate Collection Set: 0.0ms
[2020-10-27T23:46:45.889-0800] GC(1)   Merge Heap Roots: 0.0ms
[2020-10-27T23:46:45.889-0800] GC(1)   Evacuate Collection Set: 2.9ms
[2020-10-27T23:46:45.889-0800] GC(1)   Post Evacuate Collection Set: 0.1ms
[2020-10-27T23:46:45.889-0800] GC(1)   Other: 0.2ms
[2020-10-27T23:46:45.889-0800] GC(1) Eden regions: 21->0(34)
[2020-10-27T23:46:45.889-0800] GC(1) Survivor regions: 3->3(3)
[2020-10-27T23:46:45.889-0800] GC(1) Old regions: 7->15
[2020-10-27T23:46:45.889-0800] GC(1) Archive regions: 2->2
[2020-10-27T23:46:45.889-0800] GC(1) Humongous regions: 17->13
[2020-10-27T23:46:45.889-0800] GC(1) Metaspace: 199K(4864K)->199K(4864K) NonClass: 187K(4352K)->187K(4352K) Class: 12K(512K)->12K(512K)
[2020-10-27T23:46:45.889-0800] GC(1) Pause Young (Normal) (G1 Evacuation Pause) 48M->31M(128M) 3.353ms
[2020-10-27T23:46:45.889-0800] GC(1) User=0.01s Sys=0.00s Real=0.00s
[2020-10-27T23:46:45.904-0800] GC(2) Pause Young (Normal) (G1 Evacuation Pause)
[2020-10-27T23:46:45.904-0800] GC(2) Using 3 workers of 8 for evacuation
[2020-10-27T23:46:45.909-0800] GC(2)   Pre Evacuate Collection Set: 0.0ms
[2020-10-27T23:46:45.909-0800] GC(2)   Merge Heap Roots: 0.0ms
[2020-10-27T23:46:45.909-0800] GC(2)   Evacuate Collection Set: 4.6ms
[2020-10-27T23:46:45.909-0800] GC(2)   Post Evacuate Collection Set: 0.2ms
[2020-10-27T23:46:45.909-0800] GC(2)   Other: 0.1ms
[2020-10-27T23:46:45.909-0800] GC(2) Eden regions: 34->0(26)
[2020-10-27T23:46:45.909-0800] GC(2) Survivor regions: 3->5(5)
[2020-10-27T23:46:45.909-0800] GC(2) Old regions: 15->29
[2020-10-27T23:46:45.909-0800] GC(2) Archive regions: 2->2
[2020-10-27T23:46:45.909-0800] GC(2) Humongous regions: 36->18
[2020-10-27T23:46:45.909-0800] GC(2) Metaspace: 199K(4864K)->199K(4864K) NonClass: 187K(4352K)->187K(4352K) Class: 12K(512K)->12K(512K)
[2020-10-27T23:46:45.909-0800] GC(2) Pause Young (Normal) (G1 Evacuation Pause) 88M->52M(128M) 4.973ms
[2020-10-27T23:46:45.909-0800] GC(2) User=0.01s Sys=0.00s Real=0.00s
[2020-10-27T23:46:45.913-0800] GC(3) Pause Young (Concurrent Start) (G1 Humongous Allocation)
[2020-10-27T23:46:45.914-0800] GC(3) Using 3 workers of 8 for evacuation
[2020-10-27T23:46:45.917-0800] GC(3)   Pre Evacuate Collection Set: 0.0ms
[2020-10-27T23:46:45.917-0800] GC(3)   Merge Heap Roots: 0.0ms
[2020-10-27T23:46:45.917-0800] GC(3)   Evacuate Collection Set: 3.2ms
[2020-10-27T23:46:45.917-0800] GC(3)   Post Evacuate Collection Set: 0.1ms
[2020-10-27T23:46:45.917-0800] GC(3)   Other: 0.2ms
[2020-10-27T23:46:45.917-0800] GC(3) Eden regions: 19->0(23)
[2020-10-27T23:46:45.917-0800] GC(3) Survivor regions: 5->4(4)
[2020-10-27T23:46:45.917-0800] GC(3) Old regions: 29->39
[2020-10-27T23:46:45.917-0800] GC(3) Archive regions: 2->2
[2020-10-27T23:46:45.917-0800] GC(3) Humongous regions: 26->20
[2020-10-27T23:46:45.917-0800] GC(3) Metaspace: 199K(4864K)->199K(4864K) NonClass: 187K(4352K)->187K(4352K) Class: 12K(512K)->12K(512K)
[2020-10-27T23:46:45.917-0800] GC(3) Pause Young (Concurrent Start) (G1 Humongous Allocation) 78M->63M(128M) 3.692ms
[2020-10-27T23:46:45.917-0800] GC(3) User=0.01s Sys=0.01s Real=0.00s
[2020-10-27T23:46:45.917-0800] GC(4) Concurrent Cycle
[2020-10-27T23:46:45.917-0800] GC(4) Concurrent Clear Claimed Marks
[2020-10-27T23:46:45.917-0800] GC(4) Concurrent Clear Claimed Marks 0.008ms
[2020-10-27T23:46:45.917-0800] GC(4) Concurrent Scan Root Regions
[2020-10-27T23:46:45.917-0800] GC(4) Concurrent Scan Root Regions 0.182ms
[2020-10-27T23:46:45.917-0800] GC(4) Concurrent Mark (0.091s)
[2020-10-27T23:46:45.917-0800] GC(4) Concurrent Mark From Roots
[2020-10-27T23:46:45.917-0800] GC(4) Using 2 workers of 2 for marking
[2020-10-27T23:46:45.919-0800] GC(4) Concurrent Mark From Roots 1.154ms
[2020-10-27T23:46:45.919-0800] GC(4) Concurrent Preclean
[2020-10-27T23:46:45.919-0800] GC(4) Concurrent Preclean 0.027ms
[2020-10-27T23:46:45.919-0800] GC(4) Concurrent Mark (0.091s, 0.092s) 1.250ms
[2020-10-27T23:46:45.919-0800] GC(4) Pause Remark
[2020-10-27T23:46:45.919-0800] GC(4) Pause Remark 69M->69M(128M) 0.269ms
[2020-10-27T23:46:45.919-0800] GC(4) User=0.00s Sys=0.00s Real=0.00s
[2020-10-27T23:46:45.919-0800] GC(4) Concurrent Rebuild Remembered Sets
[2020-10-27T23:46:45.919-0800] GC(4) Concurrent Rebuild Remembered Sets 0.354ms
[2020-10-27T23:46:45.920-0800] GC(4) Pause Cleanup
[2020-10-27T23:46:45.920-0800] GC(4) Pause Cleanup 71M->71M(128M) 0.049ms
[2020-10-27T23:46:45.920-0800] GC(4) User=0.00s Sys=0.00s Real=0.00s
[2020-10-27T23:46:45.920-0800] GC(4) Concurrent Cleanup for Next Mark
[2020-10-27T23:46:45.921-0800] GC(4) Concurrent Cleanup for Next Mark 0.948ms
[2020-10-27T23:46:45.921-0800] GC(4) Concurrent Cycle 3.520ms
[2020-10-27T23:46:45.921-0800] GC(5) Pause Young (Concurrent Start) (G1 Humongous Allocation)
[2020-10-27T23:46:45.921-0800] GC(5) Using 3 workers of 8 for evacuation
[2020-10-27T23:46:45.923-0800] GC(5)   Pre Evacuate Collection Set: 0.0ms
[2020-10-27T23:46:45.923-0800] GC(5)   Merge Heap Roots: 0.0ms
[2020-10-27T23:46:45.923-0800] GC(5)   Evacuate Collection Set: 1.8ms
[2020-10-27T23:46:45.923-0800] GC(5)   Post Evacuate Collection Set: 0.1ms
[2020-10-27T23:46:45.923-0800] GC(5)   Other: 0.1ms
[2020-10-27T23:46:45.923-0800] GC(5) Eden regions: 9->0(23)
[2020-10-27T23:46:45.923-0800] GC(5) Survivor regions: 4->3(4)
[2020-10-27T23:46:45.923-0800] GC(5) Old regions: 39->42
[2020-10-27T23:46:45.923-0800] GC(5) Archive regions: 2->2
[2020-10-27T23:46:45.923-0800] GC(5) Humongous regions: 26->23
[2020-10-27T23:46:45.923-0800] GC(5) Metaspace: 199K(4864K)->199K(4864K) NonClass: 187K(4352K)->187K(4352K) Class: 12K(512K)->12K(512K)
[2020-10-27T23:46:45.923-0800] GC(5) Pause Young (Concurrent Start) (G1 Humongous Allocation) 77M->68M(128M) 2.134ms
[2020-10-27T23:46:45.923-0800] GC(5) User=0.00s Sys=0.00s Real=0.00s
[2020-10-27T23:46:45.923-0800] GC(6) Concurrent Cycle
[2020-10-27T23:46:45.923-0800] GC(6) Concurrent Clear Claimed Marks
[2020-10-27T23:46:45.923-0800] GC(6) Concurrent Clear Claimed Marks 0.006ms
[2020-10-27T23:46:45.923-0800] GC(6) Concurrent Scan Root Regions
[2020-10-27T23:46:45.923-0800] GC(6) Concurrent Scan Root Regions 0.039ms
[2020-10-27T23:46:45.923-0800] GC(6) Concurrent Mark (0.097s)
[2020-10-27T23:46:45.923-0800] GC(6) Concurrent Mark From Roots
[2020-10-27T23:46:45.923-0800] GC(6) Using 2 workers of 2 for marking
[2020-10-27T23:46:45.924-0800] GC(6) Concurrent Mark From Roots 1.160ms
[2020-10-27T23:46:45.924-0800] GC(6) Concurrent Preclean
[2020-10-27T23:46:45.924-0800] GC(6) Concurrent Preclean 0.031ms
[2020-10-27T23:46:45.924-0800] GC(6) Concurrent Mark (0.097s, 0.098s) 1.269ms
[2020-10-27T23:46:45.925-0800] GC(6) Pause Remark
[2020-10-27T23:46:45.925-0800] GC(6) Pause Remark 75M->75M(128M) 0.176ms
[2020-10-27T23:46:45.925-0800] GC(6) User=0.00s Sys=0.00s Real=0.00s
[2020-10-27T23:46:45.925-0800] GC(6) Concurrent Rebuild Remembered Sets
[2020-10-27T23:46:45.925-0800] GC(6) Concurrent Rebuild Remembered Sets 0.336ms
[2020-10-27T23:46:45.925-0800] GC(6) Pause Cleanup
[2020-10-27T23:46:45.925-0800] GC(6) Pause Cleanup 76M->76M(128M) 0.039ms
[2020-10-27T23:46:45.925-0800] GC(6) User=0.00s Sys=0.00s Real=0.00s
[2020-10-27T23:46:45.925-0800] GC(6) Concurrent Cleanup for Next Mark
[2020-10-27T23:46:45.926-0800] GC(6) Concurrent Cleanup for Next Mark 0.522ms
[2020-10-27T23:46:45.926-0800] GC(6) Concurrent Cycle 2.637ms
[2020-10-27T23:46:45.926-0800] GC(7) Pause Young (Concurrent Start) (G1 Humongous Allocation)
[2020-10-27T23:46:45.926-0800] GC(7) Using 3 workers of 8 for evacuation
[2020-10-27T23:46:45.928-0800] GC(7)   Pre Evacuate Collection Set: 0.0ms
[2020-10-27T23:46:45.928-0800] GC(7)   Merge Heap Roots: 0.0ms
[2020-10-27T23:46:45.928-0800] GC(7)   Evacuate Collection Set: 1.5ms
[2020-10-27T23:46:45.928-0800] GC(7)   Post Evacuate Collection Set: 0.1ms
[2020-10-27T23:46:45.928-0800] GC(7)   Other: 0.1ms
[2020-10-27T23:46:45.928-0800] GC(7) Eden regions: 6->0(19)
[2020-10-27T23:46:45.928-0800] GC(7) Survivor regions: 3->3(4)
[2020-10-27T23:46:45.928-0800] GC(7) Old regions: 42->45
[2020-10-27T23:46:45.928-0800] GC(7) Archive regions: 2->2
[2020-10-27T23:46:45.928-0800] GC(7) Humongous regions: 28->27
[2020-10-27T23:46:45.928-0800] GC(7) Metaspace: 199K(4864K)->199K(4864K) NonClass: 187K(4352K)->187K(4352K) Class: 12K(512K)->12K(512K)
[2020-10-27T23:46:45.928-0800] GC(7) Pause Young (Concurrent Start) (G1 Humongous Allocation) 78M->74M(128M) 1.800ms
[2020-10-27T23:46:45.928-0800] GC(7) User=0.01s Sys=0.00s Real=0.00s
[2020-10-27T23:46:45.928-0800] GC(8) Concurrent Cycle
[2020-10-27T23:46:45.928-0800] GC(8) Concurrent Clear Claimed Marks
[2020-10-27T23:46:45.928-0800] GC(8) Concurrent Clear Claimed Marks 0.007ms
[2020-10-27T23:46:45.928-0800] GC(8) Concurrent Scan Root Regions
[2020-10-27T23:46:45.928-0800] GC(8) Concurrent Scan Root Regions 0.043ms
[2020-10-27T23:46:45.928-0800] GC(8) Concurrent Mark (0.101s)
[2020-10-27T23:46:45.928-0800] GC(8) Concurrent Mark From Roots
[2020-10-27T23:46:45.928-0800] GC(8) Using 2 workers of 2 for marking
[2020-10-27T23:46:45.929-0800] GC(8) Concurrent Mark From Roots 0.914ms
[2020-10-27T23:46:45.929-0800] GC(8) Concurrent Preclean
[2020-10-27T23:46:45.929-0800] GC(8) Concurrent Preclean 0.019ms
[2020-10-27T23:46:45.929-0800] GC(8) Concurrent Mark (0.101s, 0.102s) 0.977ms
[2020-10-27T23:46:45.929-0800] GC(8) Pause Remark
[2020-10-27T23:46:45.929-0800] GC(8) Pause Remark 79M->79M(128M) 0.250ms
[2020-10-27T23:46:45.929-0800] GC(8) User=0.00s Sys=0.00s Real=0.00s
[2020-10-27T23:46:45.929-0800] GC(8) Concurrent Rebuild Remembered Sets
[2020-10-27T23:46:45.930-0800] GC(8) Concurrent Rebuild Remembered Sets 0.438ms
[2020-10-27T23:46:45.930-0800] GC(8) Pause Cleanup
[2020-10-27T23:46:45.930-0800] GC(8) Pause Cleanup 81M->81M(128M) 0.062ms
[2020-10-27T23:46:45.930-0800] GC(8) User=0.00s Sys=0.00s Real=0.00s
[2020-10-27T23:46:45.930-0800] GC(8) Concurrent Cleanup for Next Mark
[2020-10-27T23:46:45.930-0800] GC(8) Concurrent Cleanup for Next Mark 0.416ms
[2020-10-27T23:46:45.930-0800] GC(8) Concurrent Cycle 2.656ms
[2020-10-27T23:46:45.935-0800] GC(9) Pause Young (Prepare Mixed) (G1 Evacuation Pause)
[2020-10-27T23:46:45.935-0800] GC(9) Using 3 workers of 8 for evacuation
[2020-10-27T23:46:45.937-0800] GC(9)   Pre Evacuate Collection Set: 0.0ms
[2020-10-27T23:46:45.937-0800] GC(9)   Merge Heap Roots: 0.0ms
[2020-10-27T23:46:45.937-0800] GC(9)   Evacuate Collection Set: 1.7ms
[2020-10-27T23:46:45.937-0800] GC(9)   Post Evacuate Collection Set: 0.1ms
[2020-10-27T23:46:45.937-0800] GC(9)   Other: 0.2ms
[2020-10-27T23:46:45.937-0800] GC(9) Eden regions: 19->0(3)
[2020-10-27T23:46:45.937-0800] GC(9) Survivor regions: 3->3(3)
[2020-10-27T23:46:45.937-0800] GC(9) Old regions: 45->52
[2020-10-27T23:46:45.937-0800] GC(9) Archive regions: 2->2
[2020-10-27T23:46:45.938-0800] GC(9) Humongous regions: 39->36
[2020-10-27T23:46:45.938-0800] GC(9) Metaspace: 200K(4864K)->200K(4864K) NonClass: 188K(4352K)->188K(4352K) Class: 12K(512K)->12K(512K)
[2020-10-27T23:46:45.938-0800] GC(9) Pause Young (Prepare Mixed) (G1 Evacuation Pause) 105M->90M(128M) 2.107ms
[2020-10-27T23:46:45.938-0800] GC(9) User=0.01s Sys=0.00s Real=0.00s
[2020-10-27T23:46:45.938-0800] GC(10) Pause Young (Mixed) (G1 Evacuation Pause)
[2020-10-27T23:46:45.938-0800] GC(10) Using 3 workers of 8 for evacuation
[2020-10-27T23:46:45.941-0800] GC(10)   Pre Evacuate Collection Set: 0.0ms
[2020-10-27T23:46:45.941-0800] GC(10)   Merge Heap Roots: 0.0ms
[2020-10-27T23:46:45.941-0800] GC(10)   Evacuate Collection Set: 2.4ms
[2020-10-27T23:46:45.941-0800] GC(10)   Post Evacuate Collection Set: 0.2ms
[2020-10-27T23:46:45.941-0800] GC(10)   Other: 0.1ms
[2020-10-27T23:46:45.941-0800] GC(10) Eden regions: 3->0(12)
[2020-10-27T23:46:45.941-0800] GC(10) Survivor regions: 3->1(1)
[2020-10-27T23:46:45.941-0800] GC(10) Old regions: 52->50
[2020-10-27T23:46:45.941-0800] GC(10) Archive regions: 2->2
[2020-10-27T23:46:45.941-0800] GC(10) Humongous regions: 38->36
[2020-10-27T23:46:45.941-0800] GC(10) Metaspace: 200K(4864K)->200K(4864K) NonClass: 188K(4352K)->188K(4352K) Class: 12K(512K)->12K(512K)
[2020-10-27T23:46:45.941-0800] GC(10) Pause Young (Mixed) (G1 Evacuation Pause) 95M->87M(128M) 2.826ms
[2020-10-27T23:46:45.941-0800] GC(10) User=0.01s Sys=0.00s Real=0.01s
[2020-10-27T23:46:45.942-0800] GC(11) Pause Young (Concurrent Start) (G1 Humongous Allocation)
[2020-10-27T23:46:45.942-0800] GC(11) Using 3 workers of 8 for evacuation
[2020-10-27T23:46:45.942-0800] GC(11)   Pre Evacuate Collection Set: 0.0ms
[2020-10-27T23:46:45.942-0800] GC(11)   Merge Heap Roots: 0.0ms
[2020-10-27T23:46:45.942-0800] GC(11)   Evacuate Collection Set: 0.3ms
[2020-10-27T23:46:45.942-0800] GC(11)   Post Evacuate Collection Set: 0.1ms
[2020-10-27T23:46:45.942-0800] GC(11)   Other: 0.1ms
[2020-10-27T23:46:45.942-0800] GC(11) Eden regions: 3->0(12)
[2020-10-27T23:46:45.942-0800] GC(11) Survivor regions: 1->2(2)
[2020-10-27T23:46:45.942-0800] GC(11) Old regions: 50->50
[2020-10-27T23:46:45.942-0800] GC(11) Archive regions: 2->2
[2020-10-27T23:46:45.942-0800] GC(11) Humongous regions: 36->36
[2020-10-27T23:46:45.942-0800] GC(11) Metaspace: 200K(4864K)->200K(4864K) NonClass: 188K(4352K)->188K(4352K) Class: 12K(512K)->12K(512K)
[2020-10-27T23:46:45.942-0800] GC(11) Pause Young (Concurrent Start) (G1 Humongous Allocation) 90M->88M(128M) 0.588ms
[2020-10-27T23:46:45.942-0800] GC(11) User=0.00s Sys=0.00s Real=0.00s
[2020-10-27T23:46:45.943-0800] GC(12) Concurrent Cycle
[2020-10-27T23:46:45.943-0800] GC(12) Concurrent Clear Claimed Marks
[2020-10-27T23:46:45.943-0800] GC(12) Concurrent Clear Claimed Marks 0.006ms
[2020-10-27T23:46:45.943-0800] GC(12) Concurrent Scan Root Regions
[2020-10-27T23:46:45.943-0800] GC(12) Concurrent Scan Root Regions 0.025ms
[2020-10-27T23:46:45.943-0800] GC(12) Concurrent Mark (0.116s)
[2020-10-27T23:46:45.943-0800] GC(12) Concurrent Mark From Roots
[2020-10-27T23:46:45.943-0800] GC(12) Using 2 workers of 2 for marking
[2020-10-27T23:46:45.944-0800] GC(12) Concurrent Mark From Roots 0.949ms
[2020-10-27T23:46:45.944-0800] GC(12) Concurrent Preclean
[2020-10-27T23:46:45.944-0800] GC(12) Concurrent Preclean 0.024ms
[2020-10-27T23:46:45.944-0800] GC(12) Concurrent Mark (0.116s, 0.117s) 1.065ms
[2020-10-27T23:46:45.944-0800] GC(12) Pause Remark
[2020-10-27T23:46:45.944-0800] GC(12) Pause Remark 95M->95M(128M) 0.195ms
[2020-10-27T23:46:45.944-0800] GC(12) User=0.00s Sys=0.00s Real=0.00s
[2020-10-27T23:46:45.944-0800] GC(12) Concurrent Rebuild Remembered Sets
[2020-10-27T23:46:45.945-0800] GC(12) Concurrent Rebuild Remembered Sets 0.526ms
[2020-10-27T23:46:45.945-0800] GC(12) Pause Cleanup
[2020-10-27T23:46:45.945-0800] GC(12) Pause Cleanup 98M->98M(128M) 0.059ms
[2020-10-27T23:46:45.945-0800] GC(12) User=0.00s Sys=0.00s Real=0.00s
[2020-10-27T23:46:45.945-0800] GC(12) Concurrent Cleanup for Next Mark
[2020-10-27T23:46:45.945-0800] GC(12) Concurrent Cleanup for Next Mark 0.428ms
[2020-10-27T23:46:45.945-0800] GC(12) Concurrent Cycle 2.737ms
[2020-10-27T23:46:45.945-0800] GC(13) Pause Young (Concurrent Start) (G1 Humongous Allocation)
[2020-10-27T23:46:45.945-0800] GC(13) Using 3 workers of 8 for evacuation
[2020-10-27T23:46:45.947-0800] GC(13)   Pre Evacuate Collection Set: 0.0ms
[2020-10-27T23:46:45.947-0800] GC(13)   Merge Heap Roots: 0.0ms
[2020-10-27T23:46:45.947-0800] GC(13)   Evacuate Collection Set: 0.9ms
[2020-10-27T23:46:45.947-0800] GC(13)   Post Evacuate Collection Set: 0.1ms
[2020-10-27T23:46:45.947-0800] GC(13)   Other: 0.1ms
[2020-10-27T23:46:45.947-0800] GC(13) Eden regions: 7->0(10)
[2020-10-27T23:46:45.947-0800] GC(13) Survivor regions: 2->2(2)
[2020-10-27T23:46:45.947-0800] GC(13) Old regions: 50->52
[2020-10-27T23:46:45.947-0800] GC(13) Archive regions: 2->2
[2020-10-27T23:46:45.947-0800] GC(13) Humongous regions: 42->39
[2020-10-27T23:46:45.947-0800] GC(13) Metaspace: 200K(4864K)->200K(4864K) NonClass: 188K(4352K)->188K(4352K) Class: 12K(512K)->12K(512K)
[2020-10-27T23:46:45.947-0800] GC(13) Pause Young (Concurrent Start) (G1 Humongous Allocation) 100M->93M(128M) 1.297ms
[2020-10-27T23:46:45.947-0800] GC(13) User=0.00s Sys=0.00s Real=0.00s
[2020-10-27T23:46:45.947-0800] GC(14) Concurrent Cycle
[2020-10-27T23:46:45.947-0800] GC(14) Concurrent Clear Claimed Marks
[2020-10-27T23:46:45.947-0800] GC(14) Concurrent Clear Claimed Marks 0.007ms
[2020-10-27T23:46:45.947-0800] GC(14) Concurrent Scan Root Regions
[2020-10-27T23:46:45.947-0800] GC(14) Concurrent Scan Root Regions 0.033ms
[2020-10-27T23:46:45.947-0800] GC(14) Concurrent Mark (0.120s)
[2020-10-27T23:46:45.947-0800] GC(14) Concurrent Mark From Roots
[2020-10-27T23:46:45.947-0800] GC(14) Using 2 workers of 2 for marking
[2020-10-27T23:46:45.948-0800] GC(14) Concurrent Mark From Roots 1.061ms
[2020-10-27T23:46:45.948-0800] GC(14) Concurrent Preclean
[2020-10-27T23:46:45.948-0800] GC(14) Concurrent Preclean 0.020ms
[2020-10-27T23:46:45.948-0800] GC(14) Concurrent Mark (0.120s, 0.121s) 1.132ms
[2020-10-27T23:46:45.948-0800] GC(14) Pause Remark
[2020-10-27T23:46:45.948-0800] GC(14) Pause Remark 102M->102M(128M) 0.254ms
[2020-10-27T23:46:45.948-0800] GC(14) User=0.00s Sys=0.00s Real=0.00s
[2020-10-27T23:46:45.948-0800] GC(14) Concurrent Rebuild Remembered Sets
[2020-10-27T23:46:45.949-0800] GC(14) Concurrent Rebuild Remembered Sets 0.471ms
[2020-10-27T23:46:45.949-0800] GC(14) Pause Cleanup
[2020-10-27T23:46:45.949-0800] GC(14) Pause Cleanup 104M->104M(128M) 0.041ms
[2020-10-27T23:46:45.949-0800] GC(14) User=0.00s Sys=0.00s Real=0.00s
[2020-10-27T23:46:45.949-0800] GC(14) Concurrent Cleanup for Next Mark
[2020-10-27T23:46:45.949-0800] GC(14) Concurrent Cleanup for Next Mark 0.463ms
[2020-10-27T23:46:45.949-0800] GC(14) Concurrent Cycle 2.701ms
[2020-10-27T23:46:45.950-0800] GC(15) Pause Young (Normal) (G1 Evacuation Pause)
[2020-10-27T23:46:45.950-0800] GC(15) Using 3 workers of 8 for evacuation
[2020-10-27T23:46:45.952-0800] GC(15)   Pre Evacuate Collection Set: 0.0ms
[2020-10-27T23:46:45.952-0800] GC(15)   Merge Heap Roots: 0.0ms
[2020-10-27T23:46:45.952-0800] GC(15)   Evacuate Collection Set: 1.3ms
[2020-10-27T23:46:45.952-0800] GC(15)   Post Evacuate Collection Set: 0.1ms
[2020-10-27T23:46:45.952-0800] GC(15)   Other: 0.1ms
[2020-10-27T23:46:45.952-0800] GC(15) Eden regions: 10->0(6)
[2020-10-27T23:46:45.952-0800] GC(15) Survivor regions: 2->2(2)
[2020-10-27T23:46:45.952-0800] GC(15) Old regions: 52->57
[2020-10-27T23:46:45.952-0800] GC(15) Archive regions: 2->2
[2020-10-27T23:46:45.952-0800] GC(15) Humongous regions: 46->40
[2020-10-27T23:46:45.952-0800] GC(15) Metaspace: 200K(4864K)->200K(4864K) NonClass: 188K(4352K)->188K(4352K) Class: 12K(512K)->12K(512K)
[2020-10-27T23:46:45.952-0800] GC(15) Pause Young (Normal) (G1 Evacuation Pause) 110M->99M(128M) 1.718ms
[2020-10-27T23:46:45.952-0800] GC(15) User=0.01s Sys=0.00s Real=0.00s
[2020-10-27T23:46:45.952-0800] GC(16) Pause Young (Concurrent Start) (G1 Humongous Allocation)
[2020-10-27T23:46:45.952-0800] GC(16) Using 3 workers of 8 for evacuation
[2020-10-27T23:46:45.953-0800] GC(16)   Pre Evacuate Collection Set: 0.0ms
[2020-10-27T23:46:45.953-0800] GC(16)   Merge Heap Roots: 0.1ms
[2020-10-27T23:46:45.953-0800] GC(16)   Evacuate Collection Set: 0.5ms
[2020-10-27T23:46:45.953-0800] GC(16)   Post Evacuate Collection Set: 0.1ms
[2020-10-27T23:46:45.953-0800] GC(16)   Other: 0.2ms
[2020-10-27T23:46:45.953-0800] GC(16) Eden regions: 2->0(7)
[2020-10-27T23:46:45.953-0800] GC(16) Survivor regions: 2->0(1)
[2020-10-27T23:46:45.953-0800] GC(16) Old regions: 57->59
[2020-10-27T23:46:45.953-0800] GC(16) Archive regions: 2->2
[2020-10-27T23:46:45.953-0800] GC(16) Humongous regions: 40->40
[2020-10-27T23:46:45.953-0800] GC(16) Metaspace: 200K(4864K)->200K(4864K) NonClass: 188K(4352K)->188K(4352K) Class: 12K(512K)->12K(512K)
[2020-10-27T23:46:45.953-0800] GC(16) Pause Young (Concurrent Start) (G1 Humongous Allocation) 101M->99M(128M) 0.945ms
[2020-10-27T23:46:45.953-0800] GC(16) User=0.00s Sys=0.00s Real=0.00s
[2020-10-27T23:46:45.953-0800] GC(17) Concurrent Cycle
[2020-10-27T23:46:45.953-0800] GC(17) Concurrent Clear Claimed Marks
[2020-10-27T23:46:45.953-0800] GC(17) Concurrent Clear Claimed Marks 0.007ms
[2020-10-27T23:46:45.953-0800] GC(17) Concurrent Scan Root Regions
[2020-10-27T23:46:45.953-0800] GC(17) Concurrent Scan Root Regions 0.037ms
[2020-10-27T23:46:45.953-0800] GC(17) Concurrent Mark (0.127s)
[2020-10-27T23:46:45.953-0800] GC(17) Concurrent Mark From Roots
[2020-10-27T23:46:45.953-0800] GC(17) Using 2 workers of 2 for marking
[2020-10-27T23:46:45.955-0800] GC(17) Concurrent Mark From Roots 1.242ms
[2020-10-27T23:46:45.955-0800] GC(17) Concurrent Preclean
[2020-10-27T23:46:45.955-0800] GC(17) Concurrent Preclean 0.030ms
[2020-10-27T23:46:45.955-0800] GC(17) Concurrent Mark (0.127s, 0.128s) 1.371ms
[2020-10-27T23:46:45.955-0800] GC(17) Pause Remark
[2020-10-27T23:46:45.955-0800] GC(17) Pause Remark 109M->109M(128M) 0.234ms
[2020-10-27T23:46:45.955-0800] GC(17) User=0.00s Sys=0.00s Real=0.00s
[2020-10-27T23:46:45.955-0800] GC(17) Concurrent Rebuild Remembered Sets
[2020-10-27T23:46:45.956-0800] GC(17) Concurrent Rebuild Remembered Sets 0.581ms
[2020-10-27T23:46:45.956-0800] GC(17) Pause Cleanup
[2020-10-27T23:46:45.956-0800] GC(17) Pause Cleanup 111M->111M(128M) 0.049ms
[2020-10-27T23:46:45.956-0800] GC(17) User=0.00s Sys=0.00s Real=0.00s
[2020-10-27T23:46:45.956-0800] GC(17) Concurrent Cleanup for Next Mark
[2020-10-27T23:46:45.956-0800] GC(18) Pause Young (Normal) (G1 Evacuation Pause)
[2020-10-27T23:46:45.956-0800] GC(18) Using 3 workers of 8 for evacuation
[2020-10-27T23:46:45.957-0800] GC(18)   Pre Evacuate Collection Set: 0.0ms
[2020-10-27T23:46:45.957-0800] GC(18)   Merge Heap Roots: 0.0ms
[2020-10-27T23:46:45.957-0800] GC(18)   Evacuate Collection Set: 0.5ms
[2020-10-27T23:46:45.957-0800] GC(18)   Post Evacuate Collection Set: 0.1ms
[2020-10-27T23:46:45.957-0800] GC(18)   Other: 0.1ms
[2020-10-27T23:46:45.957-0800] GC(18) Eden regions: 7->0(5)
[2020-10-27T23:46:45.957-0800] GC(18) Survivor regions: 0->1(1)
[2020-10-27T23:46:45.957-0800] GC(18) Old regions: 59->61
[2020-10-27T23:46:45.957-0800] GC(18) Archive regions: 2->2
[2020-10-27T23:46:45.957-0800] GC(18) Humongous regions: 45->42
[2020-10-27T23:46:45.957-0800] GC(18) Metaspace: 200K(4864K)->200K(4864K) NonClass: 188K(4352K)->188K(4352K) Class: 12K(512K)->12K(512K)
[2020-10-27T23:46:45.957-0800] GC(18) Pause Young (Normal) (G1 Evacuation Pause) 111M->104M(128M) 0.765ms
[2020-10-27T23:46:45.957-0800] GC(18) User=0.00s Sys=0.00s Real=0.00s
[2020-10-27T23:46:45.957-0800] GC(17) Concurrent Cleanup for Next Mark 1.356ms
[2020-10-27T23:46:45.957-0800] GC(17) Concurrent Cycle 3.992ms
[2020-10-27T23:46:45.958-0800] GC(19) Pause Young (Concurrent Start) (G1 Humongous Allocation)
[2020-10-27T23:46:45.958-0800] GC(19) Using 3 workers of 8 for evacuation
[2020-10-27T23:46:45.959-0800] GC(19)   Pre Evacuate Collection Set: 0.0ms
[2020-10-27T23:46:45.959-0800] GC(19)   Merge Heap Roots: 0.0ms
[2020-10-27T23:46:45.959-0800] GC(19)   Evacuate Collection Set: 0.4ms
[2020-10-27T23:46:45.959-0800] GC(19)   Post Evacuate Collection Set: 0.1ms
[2020-10-27T23:46:45.959-0800] GC(19)   Other: 0.1ms
[2020-10-27T23:46:45.959-0800] GC(19) Eden regions: 4->0(5)
[2020-10-27T23:46:45.959-0800] GC(19) Survivor regions: 1->1(1)
[2020-10-27T23:46:45.959-0800] GC(19) Old regions: 61->62
[2020-10-27T23:46:45.959-0800] GC(19) Archive regions: 2->2
[2020-10-27T23:46:45.959-0800] GC(19) Humongous regions: 43->42
[2020-10-27T23:46:45.959-0800] GC(19) Metaspace: 200K(4864K)->200K(4864K) NonClass: 188K(4352K)->188K(4352K) Class: 12K(512K)->12K(512K)
[2020-10-27T23:46:45.959-0800] GC(19) Pause Young (Concurrent Start) (G1 Humongous Allocation) 108M->104M(128M) 0.723ms
[2020-10-27T23:46:45.959-0800] GC(19) User=0.00s Sys=0.00s Real=0.00s
[2020-10-27T23:46:45.959-0800] GC(20) Concurrent Cycle
[2020-10-27T23:46:45.959-0800] GC(20) Concurrent Clear Claimed Marks
[2020-10-27T23:46:45.959-0800] GC(20) Concurrent Clear Claimed Marks 0.007ms
[2020-10-27T23:46:45.959-0800] GC(20) Concurrent Scan Root Regions
[2020-10-27T23:46:45.959-0800] GC(20) Concurrent Scan Root Regions 0.031ms
[2020-10-27T23:46:45.959-0800] GC(20) Concurrent Mark (0.133s)
[2020-10-27T23:46:45.959-0800] GC(20) Concurrent Mark From Roots
[2020-10-27T23:46:45.959-0800] GC(20) Using 2 workers of 2 for marking
[2020-10-27T23:46:45.960-0800] GC(20) Concurrent Mark From Roots 1.095ms
[2020-10-27T23:46:45.960-0800] GC(20) Concurrent Preclean
[2020-10-27T23:46:45.960-0800] GC(20) Concurrent Preclean 0.027ms
[2020-10-27T23:46:45.960-0800] GC(20) Concurrent Mark (0.133s, 0.134s) 1.201ms
[2020-10-27T23:46:45.961-0800] GC(20) Pause Remark
[2020-10-27T23:46:45.961-0800] GC(20) Pause Remark 115M->115M(128M) 0.247ms
[2020-10-27T23:46:45.961-0800] GC(20) User=0.00s Sys=0.00s Real=0.00s
[2020-10-27T23:46:45.961-0800] GC(20) Concurrent Rebuild Remembered Sets
[2020-10-27T23:46:45.961-0800] GC(21) Pause Young (Normal) (G1 Evacuation Pause)
[2020-10-27T23:46:45.961-0800] GC(21) Using 3 workers of 8 for evacuation
[2020-10-27T23:46:45.962-0800] GC(21)   Pre Evacuate Collection Set: 0.0ms
[2020-10-27T23:46:45.962-0800] GC(21)   Merge Heap Roots: 0.0ms
[2020-10-27T23:46:45.962-0800] GC(21)   Evacuate Collection Set: 0.4ms
[2020-10-27T23:46:45.962-0800] GC(21)   Post Evacuate Collection Set: 0.1ms
[2020-10-27T23:46:45.962-0800] GC(21)   Other: 0.1ms
[2020-10-27T23:46:45.962-0800] GC(21) Eden regions: 5->0(5)
[2020-10-27T23:46:45.962-0800] GC(21) Survivor regions: 1->1(1)
[2020-10-27T23:46:45.962-0800] GC(21) Old regions: 62->63
[2020-10-27T23:46:45.962-0800] GC(21) Archive regions: 2->2
[2020-10-27T23:46:45.962-0800] GC(21) Humongous regions: 51->46
[2020-10-27T23:46:45.962-0800] GC(21) Metaspace: 200K(4864K)->200K(4864K) NonClass: 188K(4352K)->188K(4352K) Class: 12K(512K)->12K(512K)
[2020-10-27T23:46:45.962-0800] GC(21) Pause Young (Normal) (G1 Evacuation Pause) 118M->110M(128M) 0.659ms
[2020-10-27T23:46:45.962-0800] GC(21) User=0.00s Sys=0.00s Real=0.00s
[2020-10-27T23:46:45.962-0800] GC(20) Concurrent Rebuild Remembered Sets 1.320ms
[2020-10-27T23:46:45.962-0800] GC(20) Pause Cleanup
[2020-10-27T23:46:45.962-0800] GC(20) Pause Cleanup 112M->112M(128M) 0.049ms
[2020-10-27T23:46:45.962-0800] GC(20) User=0.00s Sys=0.00s Real=0.00s
[2020-10-27T23:46:45.962-0800] GC(20) Concurrent Cleanup for Next Mark
[2020-10-27T23:46:45.963-0800] GC(20) Concurrent Cleanup for Next Mark 0.415ms
[2020-10-27T23:46:45.963-0800] GC(20) Concurrent Cycle 3.542ms
[2020-10-27T23:46:45.964-0800] GC(22) Pause Young (Prepare Mixed) (G1 Evacuation Pause)
[2020-10-27T23:46:45.964-0800] GC(22) Using 3 workers of 8 for evacuation
[2020-10-27T23:46:45.964-0800] GC(22)   Pre Evacuate Collection Set: 0.0ms
[2020-10-27T23:46:45.964-0800] GC(22)   Merge Heap Roots: 0.0ms
[2020-10-27T23:46:45.964-0800] GC(22)   Evacuate Collection Set: 0.5ms
[2020-10-27T23:46:45.964-0800] GC(22)   Post Evacuate Collection Set: 0.1ms
[2020-10-27T23:46:45.964-0800] GC(22)   Other: 0.1ms
[2020-10-27T23:46:45.964-0800] GC(22) Eden regions: 5->0(5)
[2020-10-27T23:46:45.964-0800] GC(22) Survivor regions: 1->1(1)
[2020-10-27T23:46:45.964-0800] GC(22) Old regions: 63->64
[2020-10-27T23:46:45.964-0800] GC(22) Archive regions: 2->2
[2020-10-27T23:46:45.964-0800] GC(22) Humongous regions: 47->47
[2020-10-27T23:46:45.964-0800] GC(22) Metaspace: 200K(4864K)->200K(4864K) NonClass: 188K(4352K)->188K(4352K) Class: 12K(512K)->12K(512K)
[2020-10-27T23:46:45.965-0800] GC(22) Pause Young (Prepare Mixed) (G1 Evacuation Pause) 116M->112M(128M) 0.837ms
[2020-10-27T23:46:45.965-0800] GC(22) User=0.01s Sys=0.00s Real=0.00s
[2020-10-27T23:46:45.965-0800] GC(23) Pause Young (Mixed) (G1 Evacuation Pause)
[2020-10-27T23:46:45.966-0800] GC(23) Using 3 workers of 8 for evacuation
[2020-10-27T23:46:45.967-0800] GC(23) To-space exhausted
[2020-10-27T23:46:45.967-0800] GC(23)   Pre Evacuate Collection Set: 0.0ms
[2020-10-27T23:46:45.967-0800] GC(23)   Merge Heap Roots: 0.0ms
[2020-10-27T23:46:45.967-0800] GC(23)   Evacuate Collection Set: 1.4ms
[2020-10-27T23:46:45.967-0800] GC(23)   Post Evacuate Collection Set: 0.2ms
[2020-10-27T23:46:45.967-0800] GC(23)   Other: 0.2ms
[2020-10-27T23:46:45.967-0800] GC(23) Eden regions: 5->0(5)
[2020-10-27T23:46:45.967-0800] GC(23) Survivor regions: 1->1(1)
[2020-10-27T23:46:45.967-0800] GC(23) Old regions: 64->69
[2020-10-27T23:46:45.967-0800] GC(23) Archive regions: 2->2
[2020-10-27T23:46:45.967-0800] GC(23) Humongous regions: 49->46
[2020-10-27T23:46:45.967-0800] GC(23) Metaspace: 200K(4864K)->200K(4864K) NonClass: 188K(4352K)->188K(4352K) Class: 12K(512K)->12K(512K)
[2020-10-27T23:46:45.967-0800] GC(23) Pause Young (Mixed) (G1 Evacuation Pause) 119M->116M(128M) 1.895ms
[2020-10-27T23:46:45.967-0800] GC(23) User=0.00s Sys=0.00s Real=0.00s
[2020-10-27T23:46:45.968-0800] GC(24) Pause Young (Concurrent Start) (G1 Humongous Allocation)
[2020-10-27T23:46:45.968-0800] GC(24) Using 3 workers of 8 for evacuation
[2020-10-27T23:46:45.969-0800] GC(24)   Pre Evacuate Collection Set: 0.0ms
[2020-10-27T23:46:45.969-0800] GC(24)   Merge Heap Roots: 0.0ms
[2020-10-27T23:46:45.969-0800] GC(24)   Evacuate Collection Set: 0.5ms
[2020-10-27T23:46:45.969-0800] GC(24)   Post Evacuate Collection Set: 0.1ms
[2020-10-27T23:46:45.969-0800] GC(24)   Other: 0.1ms
[2020-10-27T23:46:45.969-0800] GC(24) Eden regions: 3->0(5)
[2020-10-27T23:46:45.969-0800] GC(24) Survivor regions: 1->1(1)
[2020-10-27T23:46:45.969-0800] GC(24) Old regions: 69->71
[2020-10-27T23:46:45.969-0800] GC(24) Archive regions: 2->2
[2020-10-27T23:46:45.969-0800] GC(24) Humongous regions: 46->46
[2020-10-27T23:46:45.969-0800] GC(24) Metaspace: 200K(4864K)->200K(4864K) NonClass: 188K(4352K)->188K(4352K) Class: 12K(512K)->12K(512K)
[2020-10-27T23:46:45.969-0800] GC(24) Pause Young (Concurrent Start) (G1 Humongous Allocation) 119M->118M(128M) 0.746ms
[2020-10-27T23:46:45.969-0800] GC(24) User=0.01s Sys=0.00s Real=0.00s
[2020-10-27T23:46:45.969-0800] GC(25) Concurrent Cycle
[2020-10-27T23:46:45.969-0800] GC(25) Concurrent Clear Claimed Marks
[2020-10-27T23:46:45.969-0800] GC(25) Concurrent Clear Claimed Marks 0.009ms
[2020-10-27T23:46:45.969-0800] GC(25) Concurrent Scan Root Regions
[2020-10-27T23:46:45.969-0800] GC(25) Concurrent Scan Root Regions 0.022ms
[2020-10-27T23:46:45.969-0800] GC(25) Concurrent Mark (0.142s)
[2020-10-27T23:46:45.969-0800] GC(25) Concurrent Mark From Roots
[2020-10-27T23:46:45.969-0800] GC(25) Using 2 workers of 2 for marking
[2020-10-27T23:46:45.970-0800] GC(25) Concurrent Mark From Roots 1.073ms
[2020-10-27T23:46:45.970-0800] GC(25) Concurrent Preclean
[2020-10-27T23:46:45.970-0800] GC(25) Concurrent Preclean 0.022ms
[2020-10-27T23:46:45.970-0800] GC(25) Concurrent Mark (0.142s, 0.144s) 1.142ms
[2020-10-27T23:46:45.970-0800] GC(25) Pause Remark
[2020-10-27T23:46:45.970-0800] GC(25) Pause Remark 126M->126M(128M) 0.249ms
[2020-10-27T23:46:45.970-0800] GC(25) User=0.00s Sys=0.00s Real=0.00s
[2020-10-27T23:46:45.970-0800] GC(25) Concurrent Rebuild Remembered Sets
[2020-10-27T23:46:45.971-0800] GC(26) Pause Young (Normal) (G1 Evacuation Pause)
[2020-10-27T23:46:45.971-0800] GC(26) Using 3 workers of 8 for evacuation
[2020-10-27T23:46:45.971-0800] GC(26) To-space exhausted
[2020-10-27T23:46:45.971-0800] GC(26)   Pre Evacuate Collection Set: 0.0ms
[2020-10-27T23:46:45.971-0800] GC(26)   Merge Heap Roots: 0.0ms
[2020-10-27T23:46:45.971-0800] GC(26)   Evacuate Collection Set: 0.1ms
[2020-10-27T23:46:45.971-0800] GC(26)   Post Evacuate Collection Set: 0.1ms
[2020-10-27T23:46:45.971-0800] GC(26)   Other: 0.1ms
[2020-10-27T23:46:45.971-0800] GC(26) Eden regions: 5->0(6)
[2020-10-27T23:46:45.971-0800] GC(26) Survivor regions: 1->0(0)
[2020-10-27T23:46:45.971-0800] GC(26) Old regions: 71->77
[2020-10-27T23:46:45.971-0800] GC(26) Archive regions: 2->2
[2020-10-27T23:46:45.971-0800] GC(26) Humongous regions: 49->47
[2020-10-27T23:46:45.971-0800] GC(26) Metaspace: 200K(4864K)->200K(4864K) NonClass: 188K(4352K)->188K(4352K) Class: 12K(512K)->12K(512K)
[2020-10-27T23:46:45.971-0800] GC(26) Pause Young (Normal) (G1 Evacuation Pause) 126M->124M(128M) 0.372ms
[2020-10-27T23:46:45.971-0800] GC(26) User=0.00s Sys=0.00s Real=0.00s
[2020-10-27T23:46:45.972-0800] GC(25) Concurrent Rebuild Remembered Sets 1.019ms
[2020-10-27T23:46:45.972-0800] GC(25) Pause Cleanup
[2020-10-27T23:46:45.972-0800] GC(25) Pause Cleanup 126M->126M(128M) 0.050ms
[2020-10-27T23:46:45.972-0800] GC(25) User=0.00s Sys=0.00s Real=0.00s
[2020-10-27T23:46:45.972-0800] GC(25) Concurrent Cleanup for Next Mark
[2020-10-27T23:46:45.972-0800] GC(27) Pause Young (Prepare Mixed) (G1 Evacuation Pause)
[2020-10-27T23:46:45.972-0800] GC(27) Using 3 workers of 8 for evacuation
[2020-10-27T23:46:45.972-0800] GC(27) To-space exhausted
[2020-10-27T23:46:45.972-0800] GC(27)   Pre Evacuate Collection Set: 0.0ms
[2020-10-27T23:46:45.972-0800] GC(27)   Merge Heap Roots: 0.0ms
[2020-10-27T23:46:45.972-0800] GC(27)   Evacuate Collection Set: 0.0ms
[2020-10-27T23:46:45.972-0800] GC(27)   Post Evacuate Collection Set: 0.1ms
[2020-10-27T23:46:45.972-0800] GC(27)   Other: 0.1ms
[2020-10-27T23:46:45.972-0800] GC(27) Eden regions: 2->0(6)
[2020-10-27T23:46:45.972-0800] GC(27) Survivor regions: 0->0(0)
[2020-10-27T23:46:45.972-0800] GC(27) Old regions: 77->79
[2020-10-27T23:46:45.972-0800] GC(27) Archive regions: 2->2
[2020-10-27T23:46:45.972-0800] GC(27) Humongous regions: 47->47
[2020-10-27T23:46:45.972-0800] GC(27) Metaspace: 200K(4864K)->200K(4864K) NonClass: 188K(4352K)->188K(4352K) Class: 12K(512K)->12K(512K)
[2020-10-27T23:46:45.972-0800] GC(27) Pause Young (Prepare Mixed) (G1 Evacuation Pause) 126M->126M(128M) 0.256ms
[2020-10-27T23:46:45.972-0800] GC(27) User=0.00s Sys=0.00s Real=0.00s
[2020-10-27T23:46:45.972-0800] Attempting maximally compacting collection
[2020-10-27T23:46:45.972-0800] GC(28) Using 3 workers of 8 for full compaction
[2020-10-27T23:46:45.972-0800] GC(28) Pause Full (G1 Evacuation Pause)
[2020-10-27T23:46:45.972-0800] GC(28) Phase 1: Mark live objects
[2020-10-27T23:46:45.973-0800] GC(28) Phase 1: Mark live objects 0.454ms
[2020-10-27T23:46:45.973-0800] GC(28) Phase 2: Prepare for compaction
[2020-10-27T23:46:45.973-0800] GC(28) Phase 2: Prepare for compaction 0.158ms
[2020-10-27T23:46:45.973-0800] GC(28) Phase 3: Adjust pointers
[2020-10-27T23:46:45.973-0800] GC(28) Phase 3: Adjust pointers 0.160ms
[2020-10-27T23:46:45.973-0800] GC(28) Phase 4: Compact heap
[2020-10-27T23:46:45.985-0800] GC(28) Phase 4: Compact heap 11.808ms
[2020-10-27T23:46:45.985-0800] GC(28) Eden regions: 0->0(6)
[2020-10-27T23:46:45.985-0800] GC(28) Survivor regions: 0->0(0)
[2020-10-27T23:46:45.985-0800] GC(28) Old regions: 79->69
[2020-10-27T23:46:45.985-0800] GC(28) Archive regions: 2->2
[2020-10-27T23:46:45.985-0800] GC(28) Humongous regions: 47->47
[2020-10-27T23:46:45.985-0800] GC(28) Metaspace: 200K(4864K)->200K(4864K) NonClass: 188K(4352K)->188K(4352K) Class: 12K(512K)->12K(512K)
[2020-10-27T23:46:45.985-0800] GC(28) Pause Full (G1 Evacuation Pause) 126M->106M(128M) 13.110ms
[2020-10-27T23:46:45.985-0800] GC(28) User=0.04s Sys=0.01s Real=0.01s
[2020-10-27T23:46:45.986-0800] GC(25) Concurrent Cleanup for Next Mark 13.955ms
[2020-10-27T23:46:45.986-0800] GC(25) Concurrent Mark Abort
[2020-10-27T23:46:45.986-0800] GC(25) Concurrent Cycle 16.765ms
[2020-10-27T23:46:45.986-0800] GC(29) Pause Young (Concurrent Start) (G1 Humongous Allocation)
[2020-10-27T23:46:45.986-0800] GC(29) Using 3 workers of 8 for evacuation
[2020-10-27T23:46:45.986-0800] GC(29)   Pre Evacuate Collection Set: 0.0ms
[2020-10-27T23:46:45.986-0800] GC(29)   Merge Heap Roots: 0.0ms
[2020-10-27T23:46:45.986-0800] GC(29)   Evacuate Collection Set: 0.1ms
[2020-10-27T23:46:45.986-0800] GC(29)   Post Evacuate Collection Set: 0.0ms
[2020-10-27T23:46:45.986-0800] GC(29)   Other: 0.1ms
[2020-10-27T23:46:45.986-0800] GC(29) Eden regions: 2->0(5)
[2020-10-27T23:46:45.986-0800] GC(29) Survivor regions: 0->1(1)
[2020-10-27T23:46:45.986-0800] GC(29) Old regions: 69->69
[2020-10-27T23:46:45.986-0800] GC(29) Archive regions: 2->2
[2020-10-27T23:46:45.986-0800] GC(29) Humongous regions: 47->47
[2020-10-27T23:46:45.986-0800] GC(29) Metaspace: 200K(4864K)->200K(4864K) NonClass: 188K(4352K)->188K(4352K) Class: 12K(512K)->12K(512K)
[2020-10-27T23:46:45.986-0800] GC(29) Pause Young (Concurrent Start) (G1 Humongous Allocation) 108M->107M(128M) 0.353ms
[2020-10-27T23:46:45.986-0800] GC(29) User=0.00s Sys=0.00s Real=0.00s
[2020-10-27T23:46:45.986-0800] GC(30) Concurrent Cycle
[2020-10-27T23:46:45.986-0800] GC(30) Concurrent Clear Claimed Marks
[2020-10-27T23:46:45.986-0800] GC(30) Concurrent Clear Claimed Marks 0.005ms
[2020-10-27T23:46:45.986-0800] GC(30) Concurrent Scan Root Regions
[2020-10-27T23:46:45.986-0800] GC(30) Concurrent Scan Root Regions 0.017ms
[2020-10-27T23:46:45.986-0800] GC(30) Concurrent Mark (0.160s)
[2020-10-27T23:46:45.986-0800] GC(30) Concurrent Mark From Roots
[2020-10-27T23:46:45.986-0800] GC(30) Using 2 workers of 2 for marking
[2020-10-27T23:46:45.987-0800] GC(30) Concurrent Mark From Roots 0.718ms
[2020-10-27T23:46:45.987-0800] GC(30) Concurrent Preclean
[2020-10-27T23:46:45.987-0800] GC(30) Concurrent Preclean 0.019ms
[2020-10-27T23:46:45.987-0800] GC(31) Pause Young (Normal) (G1 Evacuation Pause)
[2020-10-27T23:46:45.987-0800] GC(31) Using 3 workers of 8 for evacuation
[2020-10-27T23:46:45.987-0800] GC(31) To-space exhausted
[2020-10-27T23:46:45.987-0800] GC(31)   Pre Evacuate Collection Set: 0.0ms
[2020-10-27T23:46:45.987-0800] GC(31)   Merge Heap Roots: 0.0ms
[2020-10-27T23:46:45.987-0800] GC(31)   Evacuate Collection Set: 0.1ms
[2020-10-27T23:46:45.987-0800] GC(31)   Post Evacuate Collection Set: 0.1ms
[2020-10-27T23:46:45.987-0800] GC(31)   Other: 0.1ms
[2020-10-27T23:46:45.987-0800] GC(31) Eden regions: 5->0(6)
[2020-10-27T23:46:45.987-0800] GC(31) Survivor regions: 1->0(1)
[2020-10-27T23:46:45.987-0800] GC(31) Old regions: 69->75
[2020-10-27T23:46:45.987-0800] GC(31) Archive regions: 2->2
[2020-10-27T23:46:45.987-0800] GC(31) Humongous regions: 50->50
[2020-10-27T23:46:45.987-0800] GC(31) Metaspace: 200K(4864K)->200K(4864K) NonClass: 188K(4352K)->188K(4352K) Class: 12K(512K)->12K(512K)
[2020-10-27T23:46:45.987-0800] GC(31) Pause Young (Normal) (G1 Evacuation Pause) 115M->115M(128M) 0.396ms
[2020-10-27T23:46:45.987-0800] GC(31) User=0.00s Sys=0.00s Real=0.00s
[2020-10-27T23:46:45.987-0800] GC(30) Concurrent Mark (0.160s, 0.160s) 0.762ms
[2020-10-27T23:46:45.988-0800] GC(30) Pause Remark
[2020-10-27T23:46:45.988-0800] GC(30) Pause Remark 115M->115M(128M) 0.152ms
[2020-10-27T23:46:45.988-0800] GC(30) User=0.00s Sys=0.00s Real=0.00s
[2020-10-27T23:46:45.988-0800] GC(30) Concurrent Rebuild Remembered Sets
[2020-10-27T23:46:45.988-0800] GC(32) Pause Young (Normal) (G1 Humongous Allocation)
[2020-10-27T23:46:45.988-0800] GC(32) Using 3 workers of 8 for evacuation
[2020-10-27T23:46:45.988-0800] GC(32) To-space exhausted
[2020-10-27T23:46:45.988-0800] GC(32)   Pre Evacuate Collection Set: 0.0ms
[2020-10-27T23:46:45.988-0800] GC(32)   Merge Heap Roots: 0.0ms
[2020-10-27T23:46:45.988-0800] GC(32)   Evacuate Collection Set: 0.0ms
[2020-10-27T23:46:45.988-0800] GC(32)   Post Evacuate Collection Set: 0.1ms
[2020-10-27T23:46:45.988-0800] GC(32)   Other: 0.1ms
[2020-10-27T23:46:45.988-0800] GC(32) Eden regions: 1->0(6)
[2020-10-27T23:46:45.988-0800] GC(32) Survivor regions: 0->0(0)
[2020-10-27T23:46:45.988-0800] GC(32) Old regions: 75->76
[2020-10-27T23:46:45.988-0800] GC(32) Archive regions: 2->2
[2020-10-27T23:46:45.988-0800] GC(32) Humongous regions: 50->50
[2020-10-27T23:46:45.988-0800] GC(32) Metaspace: 200K(4864K)->200K(4864K) NonClass: 188K(4352K)->188K(4352K) Class: 12K(512K)->12K(512K)
[2020-10-27T23:46:45.988-0800] GC(32) Pause Young (Normal) (G1 Humongous Allocation) 115M->115M(128M) 0.225ms
[2020-10-27T23:46:45.988-0800] GC(32) User=0.00s Sys=0.00s Real=0.00s
[2020-10-27T23:46:45.988-0800] GC(33) Using 3 workers of 8 for full compaction
[2020-10-27T23:46:45.988-0800] GC(33) Pause Full (G1 Humongous Allocation)
[2020-10-27T23:46:45.988-0800] GC(33) Phase 1: Mark live objects
[2020-10-27T23:46:45.989-0800] GC(33) Phase 1: Mark live objects 0.428ms
[2020-10-27T23:46:45.989-0800] GC(33) Phase 2: Prepare for compaction
[2020-10-27T23:46:45.989-0800] GC(33) Phase 2: Prepare for compaction 0.141ms
[2020-10-27T23:46:45.989-0800] GC(33) Phase 3: Adjust pointers
[2020-10-27T23:46:45.989-0800] GC(33) Phase 3: Adjust pointers 0.157ms
[2020-10-27T23:46:45.989-0800] GC(33) Phase 4: Compact heap
[2020-10-27T23:46:45.994-0800] GC(33) Phase 4: Compact heap 5.050ms
[2020-10-27T23:46:45.994-0800] GC(33) Eden regions: 0->0(6)
[2020-10-27T23:46:45.994-0800] GC(33) Survivor regions: 0->0(0)
[2020-10-27T23:46:45.994-0800] GC(33) Old regions: 76->70
[2020-10-27T23:46:45.994-0800] GC(33) Archive regions: 2->2
[2020-10-27T23:46:45.994-0800] GC(33) Humongous regions: 50->50
[2020-10-27T23:46:45.994-0800] GC(33) Metaspace: 200K(4864K)->200K(4864K) NonClass: 188K(4352K)->188K(4352K) Class: 12K(512K)->12K(512K)
[2020-10-27T23:46:45.994-0800] GC(33) Pause Full (G1 Humongous Allocation) 115M->111M(128M) 6.326ms
[2020-10-27T23:46:45.994-0800] GC(33) User=0.02s Sys=0.00s Real=0.01s
[2020-10-27T23:46:45.994-0800] GC(30) Concurrent Rebuild Remembered Sets 6.747ms
[2020-10-27T23:46:45.995-0800] GC(30) Concurrent Mark Abort
[2020-10-27T23:46:45.995-0800] GC(30) Concurrent Cycle 8.329ms
[2020-10-27T23:46:45.995-0800] GC(34) Pause Young (Concurrent Start) (G1 Humongous Allocation)
[2020-10-27T23:46:45.995-0800] GC(34) Using 3 workers of 8 for evacuation
[2020-10-27T23:46:45.995-0800] GC(34)   Pre Evacuate Collection Set: 0.0ms
[2020-10-27T23:46:45.995-0800] GC(34)   Merge Heap Roots: 0.0ms
[2020-10-27T23:46:45.995-0800] GC(34)   Evacuate Collection Set: 0.2ms
[2020-10-27T23:46:45.995-0800] GC(34)   Post Evacuate Collection Set: 0.1ms
[2020-10-27T23:46:45.995-0800] GC(34)   Other: 0.1ms
[2020-10-27T23:46:45.995-0800] GC(34) Eden regions: 1->0(5)
[2020-10-27T23:46:45.995-0800] GC(34) Survivor regions: 0->1(1)
[2020-10-27T23:46:45.995-0800] GC(34) Old regions: 70->70
[2020-10-27T23:46:45.995-0800] GC(34) Archive regions: 2->2
[2020-10-27T23:46:45.995-0800] GC(34) Humongous regions: 51->50
[2020-10-27T23:46:45.995-0800] GC(34) Metaspace: 200K(4864K)->200K(4864K) NonClass: 188K(4352K)->188K(4352K) Class: 12K(512K)->12K(512K)
[2020-10-27T23:46:45.995-0800] GC(34) Pause Young (Concurrent Start) (G1 Humongous Allocation) 112M->111M(128M) 0.508ms
[2020-10-27T23:46:45.995-0800] GC(34) User=0.00s Sys=0.00s Real=0.00s
[2020-10-27T23:46:45.995-0800] GC(35) Concurrent Cycle
[2020-10-27T23:46:45.995-0800] GC(35) Concurrent Clear Claimed Marks
[2020-10-27T23:46:45.995-0800] GC(35) Concurrent Clear Claimed Marks 0.007ms
[2020-10-27T23:46:45.996-0800] GC(35) Concurrent Scan Root Regions
[2020-10-27T23:46:45.996-0800] GC(35) Concurrent Scan Root Regions 0.011ms
[2020-10-27T23:46:45.996-0800] GC(35) Concurrent Mark (0.169s)
[2020-10-27T23:46:45.996-0800] GC(35) Concurrent Mark From Roots
[2020-10-27T23:46:45.996-0800] GC(35) Using 2 workers of 2 for marking
[2020-10-27T23:46:45.996-0800] GC(36) Pause Young (Normal) (G1 Humongous Allocation)
[2020-10-27T23:46:45.996-0800] GC(36) Using 3 workers of 8 for evacuation
[2020-10-27T23:46:45.996-0800] GC(36) To-space exhausted
[2020-10-27T23:46:45.996-0800] GC(36)   Pre Evacuate Collection Set: 0.0ms
[2020-10-27T23:46:45.996-0800] GC(36)   Merge Heap Roots: 0.0ms
[2020-10-27T23:46:45.997-0800] GC(36)   Evacuate Collection Set: 0.1ms
[2020-10-27T23:46:45.997-0800] GC(36)   Post Evacuate Collection Set: 0.1ms
[2020-10-27T23:46:45.997-0800] GC(36)   Other: 0.1ms
[2020-10-27T23:46:45.997-0800] GC(36) Eden regions: 4->0(6)
[2020-10-27T23:46:45.997-0800] GC(36) Survivor regions: 1->0(0)
[2020-10-27T23:46:45.997-0800] GC(36) Old regions: 70->75
[2020-10-27T23:46:45.997-0800] GC(36) Archive regions: 2->2
[2020-10-27T23:46:45.997-0800] GC(36) Humongous regions: 51->50
[2020-10-27T23:46:45.997-0800] GC(36) Metaspace: 200K(4864K)->200K(4864K) NonClass: 188K(4352K)->188K(4352K) Class: 12K(512K)->12K(512K)
[2020-10-27T23:46:45.997-0800] GC(36) Pause Young (Normal) (G1 Humongous Allocation) 116M->115M(128M) 0.316ms
[2020-10-27T23:46:45.997-0800] GC(36) User=0.00s Sys=0.00s Real=0.00s
[2020-10-27T23:46:45.997-0800] GC(37) Pause Young (Normal) (G1 Evacuation Pause)
[2020-10-27T23:46:45.997-0800] GC(37) Using 3 workers of 8 for evacuation
[2020-10-27T23:46:45.997-0800] GC(37)   Pre Evacuate Collection Set: 0.0ms
[2020-10-27T23:46:45.997-0800] GC(37)   Merge Heap Roots: 0.0ms
[2020-10-27T23:46:45.997-0800] GC(37)   Evacuate Collection Set: 0.0ms
[2020-10-27T23:46:45.997-0800] GC(37)   Post Evacuate Collection Set: 0.1ms
[2020-10-27T23:46:45.997-0800] GC(37)   Other: 0.0ms
[2020-10-27T23:46:45.997-0800] GC(37) Eden regions: 0->0(6)
[2020-10-27T23:46:45.997-0800] GC(37) Survivor regions: 0->0(0)
[2020-10-27T23:46:45.997-0800] GC(37) Old regions: 75->75
[2020-10-27T23:46:45.997-0800] GC(37) Archive regions: 2->2
[2020-10-27T23:46:45.997-0800] GC(37) Humongous regions: 51->50
[2020-10-27T23:46:45.997-0800] GC(37) Metaspace: 200K(4864K)->200K(4864K) NonClass: 188K(4352K)->188K(4352K) Class: 12K(512K)->12K(512K)
[2020-10-27T23:46:45.997-0800] GC(37) Pause Young (Normal) (G1 Evacuation Pause) 116M->115M(128M) 0.221ms
[2020-10-27T23:46:45.997-0800] GC(37) User=0.00s Sys=0.00s Real=0.00s
[2020-10-27T23:46:45.997-0800] GC(38) Pause Young (Normal) (G1 Humongous Allocation)
[2020-10-27T23:46:45.997-0800] GC(38) Using 3 workers of 8 for evacuation
[2020-10-27T23:46:45.997-0800] GC(38) To-space exhausted
[2020-10-27T23:46:45.997-0800] GC(38)   Pre Evacuate Collection Set: 0.0ms
[2020-10-27T23:46:45.997-0800] GC(38)   Merge Heap Roots: 0.0ms
[2020-10-27T23:46:45.997-0800] GC(38)   Evacuate Collection Set: 0.0ms
[2020-10-27T23:46:45.997-0800] GC(38)   Post Evacuate Collection Set: 0.1ms
[2020-10-27T23:46:45.997-0800] GC(38)   Other: 0.0ms
[2020-10-27T23:46:45.997-0800] GC(38) Eden regions: 1->0(6)
[2020-10-27T23:46:45.997-0800] GC(38) Survivor regions: 0->0(0)
[2020-10-27T23:46:45.997-0800] GC(38) Old regions: 75->76
[2020-10-27T23:46:45.997-0800] GC(38) Archive regions: 2->2
[2020-10-27T23:46:45.997-0800] GC(38) Humongous regions: 50->50
[2020-10-27T23:46:45.997-0800] GC(38) Metaspace: 200K(4864K)->200K(4864K) NonClass: 188K(4352K)->188K(4352K) Class: 12K(512K)->12K(512K)
[2020-10-27T23:46:45.997-0800] GC(38) Pause Young (Normal) (G1 Humongous Allocation) 115M->115M(128M) 0.238ms
[2020-10-27T23:46:45.997-0800] GC(38) User=0.00s Sys=0.00s Real=0.00s
[2020-10-27T23:46:45.997-0800] GC(39) Using 3 workers of 8 for full compaction
[2020-10-27T23:46:45.997-0800] GC(39) Pause Full (G1 Humongous Allocation)
[2020-10-27T23:46:45.998-0800] GC(39) Phase 1: Mark live objects
[2020-10-27T23:46:45.998-0800] GC(39) Phase 1: Mark live objects 0.364ms
[2020-10-27T23:46:45.998-0800] GC(39) Phase 2: Prepare for compaction
[2020-10-27T23:46:45.998-0800] GC(39) Phase 2: Prepare for compaction 0.165ms
[2020-10-27T23:46:45.998-0800] GC(39) Phase 3: Adjust pointers
[2020-10-27T23:46:45.998-0800] GC(39) Phase 3: Adjust pointers 0.182ms
[2020-10-27T23:46:45.998-0800] GC(39) Phase 4: Compact heap
[2020-10-27T23:46:46.006-0800] GC(39) Phase 4: Compact heap 7.275ms
[2020-10-27T23:46:46.006-0800] GC(39) Eden regions: 0->0(6)
[2020-10-27T23:46:46.006-0800] GC(39) Survivor regions: 0->0(0)
[2020-10-27T23:46:46.006-0800] GC(39) Old regions: 76->69
[2020-10-27T23:46:46.006-0800] GC(39) Archive regions: 2->2
[2020-10-27T23:46:46.006-0800] GC(39) Humongous regions: 50->49
[2020-10-27T23:46:46.006-0800] GC(39) Metaspace: 200K(4864K)->200K(4864K) NonClass: 188K(4352K)->188K(4352K) Class: 12K(512K)->12K(512K)
[2020-10-27T23:46:46.006-0800] GC(39) Pause Full (G1 Humongous Allocation) 115M->110M(128M) 8.565ms
[2020-10-27T23:46:46.006-0800] GC(39) User=0.02s Sys=0.00s Real=0.01s
[2020-10-27T23:46:46.006-0800] GC(35) Concurrent Mark From Roots 10.367ms
[2020-10-27T23:46:46.006-0800] GC(35) Concurrent Mark Abort
[2020-10-27T23:46:46.006-0800] GC(35) Concurrent Cycle 10.453ms
[2020-10-27T23:46:46.007-0800] GC(40) Pause Young (Concurrent Start) (G1 Humongous Allocation)
[2020-10-27T23:46:46.007-0800] GC(40) Using 3 workers of 8 for evacuation
[2020-10-27T23:46:46.007-0800] GC(40) To-space exhausted
[2020-10-27T23:46:46.007-0800] GC(40)   Pre Evacuate Collection Set: 0.0ms
[2020-10-27T23:46:46.007-0800] GC(40)   Merge Heap Roots: 0.0ms
[2020-10-27T23:46:46.007-0800] GC(40)   Evacuate Collection Set: 0.2ms
[2020-10-27T23:46:46.007-0800] GC(40)   Post Evacuate Collection Set: 0.1ms
[2020-10-27T23:46:46.007-0800] GC(40)   Other: 0.1ms
[2020-10-27T23:46:46.007-0800] GC(40) Eden regions: 6->0(5)
[2020-10-27T23:46:46.007-0800] GC(40) Survivor regions: 0->1(1)
[2020-10-27T23:46:46.007-0800] GC(40) Old regions: 69->73
[2020-10-27T23:46:46.007-0800] GC(40) Archive regions: 2->2
[2020-10-27T23:46:46.007-0800] GC(40) Humongous regions: 50->50
[2020-10-27T23:46:46.007-0800] GC(40) Metaspace: 200K(4864K)->200K(4864K) NonClass: 188K(4352K)->188K(4352K) Class: 12K(512K)->12K(512K)
[2020-10-27T23:46:46.007-0800] GC(40) Pause Young (Concurrent Start) (G1 Humongous Allocation) 117M->116M(128M) 0.548ms
[2020-10-27T23:46:46.007-0800] GC(40) User=0.00s Sys=0.00s Real=0.00s
[2020-10-27T23:46:46.007-0800] GC(41) Concurrent Cycle
[2020-10-27T23:46:46.007-0800] GC(41) Concurrent Clear Claimed Marks
[2020-10-27T23:46:46.007-0800] GC(41) Concurrent Clear Claimed Marks 0.006ms
[2020-10-27T23:46:46.007-0800] GC(41) Concurrent Scan Root Regions
[2020-10-27T23:46:46.007-0800] GC(41) Concurrent Scan Root Regions 0.026ms
[2020-10-27T23:46:46.007-0800] GC(41) Concurrent Mark (0.181s)
[2020-10-27T23:46:46.007-0800] GC(41) Concurrent Mark From Roots
[2020-10-27T23:46:46.007-0800] GC(41) Using 2 workers of 2 for marking
[2020-10-27T23:46:46.008-0800] GC(42) Pause Young (Normal) (G1 Evacuation Pause)
[2020-10-27T23:46:46.008-0800] GC(42) Using 3 workers of 8 for evacuation
[2020-10-27T23:46:46.008-0800] GC(42) To-space exhausted
[2020-10-27T23:46:46.008-0800] GC(42)   Pre Evacuate Collection Set: 0.0ms
[2020-10-27T23:46:46.008-0800] GC(42)   Merge Heap Roots: 0.0ms
[2020-10-27T23:46:46.008-0800] GC(42)   Evacuate Collection Set: 0.0ms
[2020-10-27T23:46:46.008-0800] GC(42)   Post Evacuate Collection Set: 0.1ms
[2020-10-27T23:46:46.008-0800] GC(42)   Other: 0.1ms
[2020-10-27T23:46:46.008-0800] GC(42) Eden regions: 1->0(6)
[2020-10-27T23:46:46.008-0800] GC(42) Survivor regions: 1->0(0)
[2020-10-27T23:46:46.008-0800] GC(42) Old regions: 73->75
[2020-10-27T23:46:46.008-0800] GC(42) Archive regions: 2->2
[2020-10-27T23:46:46.008-0800] GC(42) Humongous regions: 51->50
[2020-10-27T23:46:46.008-0800] GC(42) Metaspace: 200K(4864K)->200K(4864K) NonClass: 188K(4352K)->188K(4352K) Class: 12K(512K)->12K(512K)
[2020-10-27T23:46:46.008-0800] GC(42) Pause Young (Normal) (G1 Evacuation Pause) 118M->117M(128M) 0.273ms
[2020-10-27T23:46:46.008-0800] GC(42) User=0.00s Sys=0.00s Real=0.00s
[2020-10-27T23:46:46.008-0800] GC(43) Pause Young (Normal) (G1 Humongous Allocation)
[2020-10-27T23:46:46.008-0800] GC(43) Using 3 workers of 8 for evacuation
[2020-10-27T23:46:46.008-0800] GC(43) To-space exhausted
[2020-10-27T23:46:46.008-0800] GC(43)   Pre Evacuate Collection Set: 0.0ms
[2020-10-27T23:46:46.008-0800] GC(43)   Merge Heap Roots: 0.0ms
[2020-10-27T23:46:46.008-0800] GC(43)   Evacuate Collection Set: 0.0ms
[2020-10-27T23:46:46.008-0800] GC(43)   Post Evacuate Collection Set: 0.1ms
[2020-10-27T23:46:46.008-0800] GC(43)   Other: 0.0ms
[2020-10-27T23:46:46.008-0800] GC(43) Eden regions: 1->0(6)
[2020-10-27T23:46:46.008-0800] GC(43) Survivor regions: 0->0(0)
[2020-10-27T23:46:46.008-0800] GC(43) Old regions: 75->76
[2020-10-27T23:46:46.008-0800] GC(43) Archive regions: 2->2
[2020-10-27T23:46:46.008-0800] GC(43) Humongous regions: 50->50
[2020-10-27T23:46:46.008-0800] GC(43) Metaspace: 200K(4864K)->200K(4864K) NonClass: 188K(4352K)->188K(4352K) Class: 12K(512K)->12K(512K)
[2020-10-27T23:46:46.008-0800] GC(43) Pause Young (Normal) (G1 Humongous Allocation) 117M->117M(128M) 0.225ms
[2020-10-27T23:46:46.008-0800] GC(43) User=0.00s Sys=0.00s Real=0.00s
[2020-10-27T23:46:46.008-0800] GC(44) Using 3 workers of 8 for full compaction
[2020-10-27T23:46:46.008-0800] GC(44) Pause Full (G1 Humongous Allocation)
[2020-10-27T23:46:46.008-0800] GC(44) Phase 1: Mark live objects
[2020-10-27T23:46:46.009-0800] GC(44) Phase 1: Mark live objects 0.417ms
[2020-10-27T23:46:46.009-0800] GC(44) Phase 2: Prepare for compaction
[2020-10-27T23:46:46.009-0800] GC(44) Phase 2: Prepare for compaction 0.125ms
[2020-10-27T23:46:46.009-0800] GC(44) Phase 3: Adjust pointers
[2020-10-27T23:46:46.009-0800] GC(44) Phase 3: Adjust pointers 0.164ms
[2020-10-27T23:46:46.009-0800] GC(44) Phase 4: Compact heap
[2020-10-27T23:46:46.011-0800] GC(44) Phase 4: Compact heap 2.038ms
[2020-10-27T23:46:46.011-0800] GC(44) Eden regions: 0->0(6)
[2020-10-27T23:46:46.011-0800] GC(44) Survivor regions: 0->0(0)
[2020-10-27T23:46:46.011-0800] GC(44) Old regions: 76->72
[2020-10-27T23:46:46.011-0800] GC(44) Archive regions: 2->2
[2020-10-27T23:46:46.011-0800] GC(44) Humongous regions: 50->50
[2020-10-27T23:46:46.011-0800] GC(44) Metaspace: 200K(4864K)->200K(4864K) NonClass: 188K(4352K)->188K(4352K) Class: 12K(512K)->12K(512K)
[2020-10-27T23:46:46.011-0800] GC(44) Pause Full (G1 Humongous Allocation) 117M->114M(128M) 3.223ms
[2020-10-27T23:46:46.011-0800] GC(44) User=0.01s Sys=0.00s Real=0.01s
[2020-10-27T23:46:46.011-0800] GC(41) Concurrent Mark From Roots 4.006ms
[2020-10-27T23:46:46.011-0800] GC(41) Concurrent Mark Abort
[2020-10-27T23:46:46.011-0800] GC(41) Concurrent Cycle 4.101ms
[2020-10-27T23:46:46.012-0800] GC(45) Pause Young (Concurrent Start) (G1 Humongous Allocation)
[2020-10-27T23:46:46.012-0800] GC(45) Using 3 workers of 8 for evacuation
[2020-10-27T23:46:46.012-0800] GC(45)   Pre Evacuate Collection Set: 0.0ms
[2020-10-27T23:46:46.012-0800] GC(45)   Merge Heap Roots: 0.0ms
[2020-10-27T23:46:46.012-0800] GC(45)   Evacuate Collection Set: 0.1ms
[2020-10-27T23:46:46.012-0800] GC(45)   Post Evacuate Collection Set: 0.1ms
[2020-10-27T23:46:46.012-0800] GC(45)   Other: 0.1ms
[2020-10-27T23:46:46.012-0800] GC(45) Eden regions: 0->0(6)
[2020-10-27T23:46:46.012-0800] GC(45) Survivor regions: 0->0(1)
[2020-10-27T23:46:46.012-0800] GC(45) Old regions: 72->72
[2020-10-27T23:46:46.012-0800] GC(45) Archive regions: 2->2
[2020-10-27T23:46:46.012-0800] GC(45) Humongous regions: 51->51
[2020-10-27T23:46:46.012-0800] GC(45) Metaspace: 200K(4864K)->200K(4864K) NonClass: 188K(4352K)->188K(4352K) Class: 12K(512K)->12K(512K)
[2020-10-27T23:46:46.012-0800] GC(45) Pause Young (Concurrent Start) (G1 Humongous Allocation) 115M->115M(128M) 0.317ms
[2020-10-27T23:46:46.012-0800] GC(45) User=0.00s Sys=0.00s Real=0.00s
[2020-10-27T23:46:46.012-0800] GC(46) Concurrent Cycle
[2020-10-27T23:46:46.012-0800] GC(46) Concurrent Clear Claimed Marks
[2020-10-27T23:46:46.012-0800] GC(46) Concurrent Clear Claimed Marks 0.006ms
[2020-10-27T23:46:46.012-0800] GC(46) Concurrent Scan Root Regions
[2020-10-27T23:46:46.012-0800] GC(46) Concurrent Scan Root Regions 0.004ms
[2020-10-27T23:46:46.012-0800] GC(46) Concurrent Mark (0.185s)
[2020-10-27T23:46:46.012-0800] GC(46) Concurrent Mark From Roots
[2020-10-27T23:46:46.012-0800] GC(46) Using 2 workers of 2 for marking
[2020-10-27T23:46:46.012-0800] GC(47) Pause Young (Normal) (G1 Humongous Allocation)
[2020-10-27T23:46:46.012-0800] GC(47) Using 3 workers of 8 for evacuation
[2020-10-27T23:46:46.012-0800] GC(47) To-space exhausted
[2020-10-27T23:46:46.012-0800] GC(47)   Pre Evacuate Collection Set: 0.0ms
[2020-10-27T23:46:46.012-0800] GC(47)   Merge Heap Roots: 0.0ms
[2020-10-27T23:46:46.012-0800] GC(47)   Evacuate Collection Set: 0.0ms
[2020-10-27T23:46:46.012-0800] GC(47)   Post Evacuate Collection Set: 0.1ms
[2020-10-27T23:46:46.012-0800] GC(47)   Other: 0.1ms
[2020-10-27T23:46:46.012-0800] GC(47) Eden regions: 2->0(6)
[2020-10-27T23:46:46.012-0800] GC(47) Survivor regions: 0->0(0)
[2020-10-27T23:46:46.012-0800] GC(47) Old regions: 72->74
[2020-10-27T23:46:46.012-0800] GC(47) Archive regions: 2->2
[2020-10-27T23:46:46.012-0800] GC(47) Humongous regions: 52->52
[2020-10-27T23:46:46.012-0800] GC(47) Metaspace: 200K(4864K)->200K(4864K) NonClass: 188K(4352K)->188K(4352K) Class: 12K(512K)->12K(512K)
[2020-10-27T23:46:46.012-0800] GC(47) Pause Young (Normal) (G1 Humongous Allocation) 118M->118M(128M) 0.230ms
[2020-10-27T23:46:46.012-0800] GC(47) User=0.00s Sys=0.00s Real=0.00s
[2020-10-27T23:46:46.013-0800] GC(48) Using 3 workers of 8 for full compaction
[2020-10-27T23:46:46.013-0800] GC(48) Pause Full (G1 Humongous Allocation)
[2020-10-27T23:46:46.013-0800] GC(48) Phase 1: Mark live objects
[2020-10-27T23:46:46.013-0800] GC(48) Phase 1: Mark live objects 0.345ms
[2020-10-27T23:46:46.013-0800] GC(48) Phase 2: Prepare for compaction
[2020-10-27T23:46:46.013-0800] GC(48) Phase 2: Prepare for compaction 0.131ms
[2020-10-27T23:46:46.013-0800] GC(48) Phase 3: Adjust pointers
[2020-10-27T23:46:46.013-0800] GC(48) Phase 3: Adjust pointers 0.164ms
[2020-10-27T23:46:46.013-0800] GC(48) Phase 4: Compact heap
[2020-10-27T23:46:46.016-0800] GC(48) Phase 4: Compact heap 2.121ms
[2020-10-27T23:46:46.016-0800] GC(48) Eden regions: 0->0(6)
[2020-10-27T23:46:46.016-0800] GC(48) Survivor regions: 0->0(0)
[2020-10-27T23:46:46.016-0800] GC(48) Old regions: 74->73
[2020-10-27T23:46:46.016-0800] GC(48) Archive regions: 2->2
[2020-10-27T23:46:46.016-0800] GC(48) Humongous regions: 52->52
[2020-10-27T23:46:46.016-0800] GC(48) Metaspace: 200K(4864K)->200K(4864K) NonClass: 188K(4352K)->188K(4352K) Class: 12K(512K)->12K(512K)
[2020-10-27T23:46:46.016-0800] GC(48) Pause Full (G1 Humongous Allocation) 118M->116M(128M) 3.243ms
[2020-10-27T23:46:46.016-0800] GC(48) User=0.01s Sys=0.00s Real=0.00s
[2020-10-27T23:46:46.016-0800] GC(46) Concurrent Mark From Roots 3.927ms
[2020-10-27T23:46:46.016-0800] GC(46) Concurrent Mark Abort
[2020-10-27T23:46:46.016-0800] GC(46) Concurrent Cycle 3.982ms
[2020-10-27T23:46:46.016-0800] GC(49) Pause Young (Normal) (G1 Evacuation Pause)
[2020-10-27T23:46:46.016-0800] GC(49) Using 3 workers of 8 for evacuation
[2020-10-27T23:46:46.016-0800] GC(49)   Pre Evacuate Collection Set: 0.0ms
[2020-10-27T23:46:46.016-0800] GC(49)   Merge Heap Roots: 0.0ms
[2020-10-27T23:46:46.016-0800] GC(49)   Evacuate Collection Set: 0.0ms
[2020-10-27T23:46:46.016-0800] GC(49)   Post Evacuate Collection Set: 0.0ms
[2020-10-27T23:46:46.016-0800] GC(49)   Other: 0.1ms
[2020-10-27T23:46:46.016-0800] GC(49) Eden regions: 0->0(6)
[2020-10-27T23:46:46.016-0800] GC(49) Survivor regions: 0->0(0)
[2020-10-27T23:46:46.016-0800] GC(49) Old regions: 73->73
[2020-10-27T23:46:46.016-0800] GC(49) Archive regions: 2->2
[2020-10-27T23:46:46.016-0800] GC(49) Humongous regions: 53->52
[2020-10-27T23:46:46.016-0800] GC(49) Metaspace: 200K(4864K)->200K(4864K) NonClass: 188K(4352K)->188K(4352K) Class: 12K(512K)->12K(512K)
[2020-10-27T23:46:46.016-0800] GC(49) Pause Young (Normal) (G1 Evacuation Pause) 117M->116M(128M) 0.254ms
[2020-10-27T23:46:46.016-0800] GC(49) User=0.00s Sys=0.00s Real=0.00s
[2020-10-27T23:46:46.016-0800] GC(50) Pause Young (Concurrent Start) (G1 Humongous Allocation)
[2020-10-27T23:46:46.016-0800] GC(50) Using 3 workers of 8 for evacuation
[2020-10-27T23:46:46.017-0800] GC(50) To-space exhausted
[2020-10-27T23:46:46.017-0800] GC(50)   Pre Evacuate Collection Set: 0.0ms
[2020-10-27T23:46:46.017-0800] GC(50)   Merge Heap Roots: 0.0ms
[2020-10-27T23:46:46.017-0800] GC(50)   Evacuate Collection Set: 0.1ms
[2020-10-27T23:46:46.017-0800] GC(50)   Post Evacuate Collection Set: 0.1ms
[2020-10-27T23:46:46.017-0800] GC(50)   Other: 0.1ms
[2020-10-27T23:46:46.017-0800] GC(50) Eden regions: 1->0(6)
[2020-10-27T23:46:46.017-0800] GC(50) Survivor regions: 0->0(0)
[2020-10-27T23:46:46.017-0800] GC(50) Old regions: 73->74
[2020-10-27T23:46:46.017-0800] GC(50) Archive regions: 2->2
[2020-10-27T23:46:46.017-0800] GC(50) Humongous regions: 52->52
[2020-10-27T23:46:46.017-0800] GC(50) Metaspace: 200K(4864K)->200K(4864K) NonClass: 188K(4352K)->188K(4352K) Class: 12K(512K)->12K(512K)
[2020-10-27T23:46:46.017-0800] GC(50) Pause Young (Concurrent Start) (G1 Humongous Allocation) 117M->117M(128M) 0.356ms
[2020-10-27T23:46:46.017-0800] GC(50) User=0.00s Sys=0.00s Real=0.00s
[2020-10-27T23:46:46.017-0800] GC(51) Concurrent Cycle
[2020-10-27T23:46:46.017-0800] GC(51) Concurrent Clear Claimed Marks
[2020-10-27T23:46:46.017-0800] GC(51) Concurrent Clear Claimed Marks 0.006ms
[2020-10-27T23:46:46.017-0800] GC(51) Concurrent Scan Root Regions
[2020-10-27T23:46:46.017-0800] GC(51) Concurrent Scan Root Regions 0.005ms
[2020-10-27T23:46:46.017-0800] GC(51) Concurrent Mark (0.190s)
[2020-10-27T23:46:46.017-0800] GC(52) Pause Young (Normal) (G1 Humongous Allocation)
[2020-10-27T23:46:46.017-0800] GC(51) Concurrent Mark From Roots
[2020-10-27T23:46:46.017-0800] GC(52) Using 3 workers of 8 for evacuation
[2020-10-27T23:46:46.017-0800] GC(51) Using 2 workers of 2 for marking
[2020-10-27T23:46:46.017-0800] GC(52)   Pre Evacuate Collection Set: 0.0ms
[2020-10-27T23:46:46.017-0800] GC(52)   Merge Heap Roots: 0.0ms
[2020-10-27T23:46:46.017-0800] GC(52)   Evacuate Collection Set: 0.0ms
[2020-10-27T23:46:46.017-0800] GC(52)   Post Evacuate Collection Set: 0.0ms
[2020-10-27T23:46:46.017-0800] GC(52)   Other: 0.0ms
[2020-10-27T23:46:46.017-0800] GC(52) Eden regions: 0->0(6)
[2020-10-27T23:46:46.017-0800] GC(52) Survivor regions: 0->0(0)
[2020-10-27T23:46:46.017-0800] GC(52) Old regions: 74->74
[2020-10-27T23:46:46.017-0800] GC(52) Archive regions: 2->2
[2020-10-27T23:46:46.017-0800] GC(52) Humongous regions: 52->52
[2020-10-27T23:46:46.017-0800] GC(52) Metaspace: 200K(4864K)->200K(4864K) NonClass: 188K(4352K)->188K(4352K) Class: 12K(512K)->12K(512K)
[2020-10-27T23:46:46.017-0800] GC(52) Pause Young (Normal) (G1 Humongous Allocation) 117M->117M(128M) 0.206ms
[2020-10-27T23:46:46.017-0800] GC(52) User=0.00s Sys=0.00s Real=0.00s
[2020-10-27T23:46:46.017-0800] GC(53) Using 3 workers of 8 for full compaction
[2020-10-27T23:46:46.017-0800] GC(53) Pause Full (G1 Humongous Allocation)
[2020-10-27T23:46:46.017-0800] GC(53) Phase 1: Mark live objects
[2020-10-27T23:46:46.018-0800] GC(53) Phase 1: Mark live objects 0.492ms
[2020-10-27T23:46:46.018-0800] GC(53) Phase 2: Prepare for compaction
[2020-10-27T23:46:46.018-0800] GC(53) Phase 2: Prepare for compaction 0.148ms
[2020-10-27T23:46:46.018-0800] GC(53) Phase 3: Adjust pointers
[2020-10-27T23:46:46.018-0800] GC(53) Phase 3: Adjust pointers 0.166ms
[2020-10-27T23:46:46.018-0800] GC(53) Phase 4: Compact heap
[2020-10-27T23:46:46.019-0800] GC(53) Phase 4: Compact heap 1.157ms
[2020-10-27T23:46:46.019-0800] GC(53) Eden regions: 0->0(6)
[2020-10-27T23:46:46.019-0800] GC(53) Survivor regions: 0->0(0)
[2020-10-27T23:46:46.019-0800] GC(53) Old regions: 74->73
[2020-10-27T23:46:46.019-0800] GC(53) Archive regions: 2->2
[2020-10-27T23:46:46.019-0800] GC(53) Humongous regions: 52->52
[2020-10-27T23:46:46.019-0800] GC(53) Metaspace: 200K(4864K)->200K(4864K) NonClass: 188K(4352K)->188K(4352K) Class: 12K(512K)->12K(512K)
[2020-10-27T23:46:46.019-0800] GC(53) Pause Full (G1 Humongous Allocation) 117M->117M(128M) 2.479ms
[2020-10-27T23:46:46.020-0800] GC(53) User=0.00s Sys=0.00s Real=0.01s
[2020-10-27T23:46:46.020-0800] GC(51) Concurrent Mark From Roots 2.764ms
[2020-10-27T23:46:46.020-0800] GC(51) Concurrent Mark Abort
[2020-10-27T23:46:46.020-0800] GC(51) Concurrent Cycle 2.831ms
[2020-10-27T23:46:46.020-0800] GC(54) Pause Young (Normal) (G1 Evacuation Pause)
[2020-10-27T23:46:46.020-0800] GC(54) Using 3 workers of 8 for evacuation
[2020-10-27T23:46:46.020-0800] GC(54)   Pre Evacuate Collection Set: 0.0ms
[2020-10-27T23:46:46.020-0800] GC(54)   Merge Heap Roots: 0.0ms
[2020-10-27T23:46:46.020-0800] GC(54)   Evacuate Collection Set: 0.0ms
[2020-10-27T23:46:46.020-0800] GC(54)   Post Evacuate Collection Set: 0.1ms
[2020-10-27T23:46:46.020-0800] GC(54)   Other: 0.1ms
[2020-10-27T23:46:46.020-0800] GC(54) Eden regions: 0->0(6)
[2020-10-27T23:46:46.020-0800] GC(54) Survivor regions: 0->0(0)
[2020-10-27T23:46:46.020-0800] GC(54) Old regions: 73->73
[2020-10-27T23:46:46.020-0800] GC(54) Archive regions: 2->2
[2020-10-27T23:46:46.020-0800] GC(54) Humongous regions: 53->53
[2020-10-27T23:46:46.020-0800] GC(54) Metaspace: 200K(4864K)->200K(4864K) NonClass: 188K(4352K)->188K(4352K) Class: 12K(512K)->12K(512K)
[2020-10-27T23:46:46.020-0800] GC(54) Pause Young (Normal) (G1 Evacuation Pause) 118M->118M(128M) 0.276ms
[2020-10-27T23:46:46.020-0800] GC(54) User=0.00s Sys=0.00s Real=0.00s
[2020-10-27T23:46:46.020-0800] Attempting maximally compacting collection
[2020-10-27T23:46:46.020-0800] GC(55) Using 3 workers of 8 for full compaction
[2020-10-27T23:46:46.020-0800] GC(55) Pause Full (G1 Evacuation Pause)
[2020-10-27T23:46:46.020-0800] GC(55) Phase 1: Mark live objects
[2020-10-27T23:46:46.020-0800] GC(55) Phase 1: Mark live objects 0.350ms
[2020-10-27T23:46:46.020-0800] GC(55) Phase 2: Prepare for compaction
[2020-10-27T23:46:46.020-0800] GC(55) Phase 2: Prepare for compaction 0.107ms
[2020-10-27T23:46:46.020-0800] GC(55) Phase 3: Adjust pointers
[2020-10-27T23:46:46.021-0800] GC(55) Phase 3: Adjust pointers 0.125ms
[2020-10-27T23:46:46.021-0800] GC(55) Phase 4: Compact heap
[2020-10-27T23:46:46.023-0800] GC(55) Phase 4: Compact heap 2.122ms
[2020-10-27T23:46:46.023-0800] GC(55) Eden regions: 0->0(6)
[2020-10-27T23:46:46.023-0800] GC(55) Survivor regions: 0->0(0)
[2020-10-27T23:46:46.023-0800] GC(55) Old regions: 73->73
[2020-10-27T23:46:46.023-0800] GC(55) Archive regions: 2->2
[2020-10-27T23:46:46.023-0800] GC(55) Humongous regions: 53->53
[2020-10-27T23:46:46.023-0800] GC(55) Metaspace: 200K(4864K)->200K(4864K) NonClass: 188K(4352K)->188K(4352K) Class: 12K(512K)->12K(512K)
[2020-10-27T23:46:46.023-0800] GC(55) Pause Full (G1 Evacuation Pause) 118M->118M(128M) 2.923ms
[2020-10-27T23:46:46.023-0800] GC(55) User=0.01s Sys=0.00s Real=0.00s
[2020-10-27T23:46:46.023-0800] GC(56) Using 3 workers of 8 for full compaction
[2020-10-27T23:46:46.023-0800] GC(56) Pause Full (G1 Evacuation Pause)
[2020-10-27T23:46:46.023-0800] GC(56) Phase 1: Mark live objects
[2020-10-27T23:46:46.023-0800] GC(56) Phase 1: Mark live objects 0.400ms
[2020-10-27T23:46:46.023-0800] GC(56) Phase 2: Prepare for compaction
[2020-10-27T23:46:46.024-0800] GC(56) Phase 2: Prepare for compaction 0.151ms
[2020-10-27T23:46:46.024-0800] GC(56) Phase 3: Adjust pointers
[2020-10-27T23:46:46.024-0800] GC(56) Phase 3: Adjust pointers 0.137ms
[2020-10-27T23:46:46.024-0800] GC(56) Phase 4: Compact heap
[2020-10-27T23:46:46.025-0800] GC(56) Phase 4: Compact heap 1.607ms
[2020-10-27T23:46:46.025-0800] GC(56) Eden regions: 0->0(6)
[2020-10-27T23:46:46.025-0800] GC(56) Survivor regions: 0->0(0)
[2020-10-27T23:46:46.025-0800] GC(56) Old regions: 73->72
[2020-10-27T23:46:46.025-0800] GC(56) Archive regions: 2->2
[2020-10-27T23:46:46.025-0800] GC(56) Humongous regions: 53->53
[2020-10-27T23:46:46.026-0800] GC(56) Metaspace: 200K(4864K)->200K(4864K) NonClass: 188K(4352K)->188K(4352K) Class: 12K(512K)->12K(512K)
[2020-10-27T23:46:46.026-0800] GC(56) Pause Full (G1 Evacuation Pause) 118M->118M(128M) 2.590ms
[2020-10-27T23:46:46.026-0800] GC(56) User=0.01s Sys=0.00s Real=0.00s
[2020-10-27T23:46:46.026-0800] GC(57) Pause Young (Concurrent Start) (G1 Evacuation Pause)
[2020-10-27T23:46:46.026-0800] GC(57) Using 3 workers of 8 for evacuation
[2020-10-27T23:46:46.026-0800] GC(57) To-space exhausted
[2020-10-27T23:46:46.026-0800] GC(57)   Pre Evacuate Collection Set: 0.0ms
[2020-10-27T23:46:46.026-0800] GC(57)   Merge Heap Roots: 0.0ms
[2020-10-27T23:46:46.026-0800] GC(57)   Evacuate Collection Set: 0.1ms
[2020-10-27T23:46:46.026-0800] GC(57)   Post Evacuate Collection Set: 0.1ms
[2020-10-27T23:46:46.026-0800] GC(57)   Other: 0.1ms
[2020-10-27T23:46:46.026-0800] GC(57) Eden regions: 1->0(6)
[2020-10-27T23:46:46.026-0800] GC(57) Survivor regions: 0->0(0)
[2020-10-27T23:46:46.026-0800] GC(57) Old regions: 72->73
[2020-10-27T23:46:46.026-0800] GC(57) Archive regions: 2->2
[2020-10-27T23:46:46.026-0800] GC(57) Humongous regions: 53->53
[2020-10-27T23:46:46.026-0800] GC(57) Metaspace: 200K(4864K)->200K(4864K) NonClass: 188K(4352K)->188K(4352K) Class: 12K(512K)->12K(512K)
[2020-10-27T23:46:46.026-0800] GC(57) Pause Young (Concurrent Start) (G1 Evacuation Pause) 119M->119M(128M) 0.360ms
[2020-10-27T23:46:46.026-0800] GC(57) User=0.00s Sys=0.00s Real=0.00s
[2020-10-27T23:46:46.026-0800] Attempting maximally compacting collection
[2020-10-27T23:46:46.026-0800] GC(58) Concurrent Cycle
[2020-10-27T23:46:46.026-0800] GC(59) Using 3 workers of 8 for full compaction
[2020-10-27T23:46:46.026-0800] GC(58) Concurrent Clear Claimed Marks
[2020-10-27T23:46:46.026-0800] GC(58) Concurrent Clear Claimed Marks 0.012ms
[2020-10-27T23:46:46.026-0800] GC(58) Concurrent Scan Root Regions
[2020-10-27T23:46:46.026-0800] GC(59) Pause Full (G1 Evacuation Pause)
[2020-10-27T23:46:46.026-0800] GC(58) Concurrent Scan Root Regions 0.004ms
[2020-10-27T23:46:46.026-0800] GC(58) Concurrent Mark (0.200s)
[2020-10-27T23:46:46.026-0800] GC(58) Concurrent Mark From Roots
[2020-10-27T23:46:46.026-0800] GC(58) Using 2 workers of 2 for marking
[2020-10-27T23:46:46.027-0800] GC(59) Phase 1: Mark live objects
[2020-10-27T23:46:46.027-0800] GC(59) Phase 1: Mark live objects 0.469ms
[2020-10-27T23:46:46.027-0800] GC(59) Phase 2: Prepare for compaction
[2020-10-27T23:46:46.027-0800] GC(59) Phase 2: Prepare for compaction 0.151ms
[2020-10-27T23:46:46.027-0800] GC(59) Phase 3: Adjust pointers
[2020-10-27T23:46:46.027-0800] GC(59) Phase 3: Adjust pointers 0.166ms
[2020-10-27T23:46:46.027-0800] GC(59) Phase 4: Compact heap
[2020-10-27T23:46:46.028-0800] GC(59) Phase 4: Compact heap 0.890ms
[2020-10-27T23:46:46.028-0800] GC(59) Eden regions: 0->0(6)
[2020-10-27T23:46:46.028-0800] GC(59) Survivor regions: 0->0(0)
[2020-10-27T23:46:46.028-0800] GC(59) Old regions: 73->73
[2020-10-27T23:46:46.028-0800] GC(59) Archive regions: 2->2
[2020-10-27T23:46:46.028-0800] GC(59) Humongous regions: 53->53
[2020-10-27T23:46:46.028-0800] GC(59) Metaspace: 200K(4864K)->200K(4864K) NonClass: 188K(4352K)->188K(4352K) Class: 12K(512K)->12K(512K)
[2020-10-27T23:46:46.028-0800] GC(59) Pause Full (G1 Evacuation Pause) 119M->118M(128M) 2.218ms
[2020-10-27T23:46:46.028-0800] GC(59) User=0.00s Sys=0.00s Real=0.00s
[2020-10-27T23:46:46.028-0800] GC(60) Using 3 workers of 8 for full compaction
[2020-10-27T23:46:46.028-0800] GC(60) Pause Full (G1 Evacuation Pause)
[2020-10-27T23:46:46.028-0800] GC(60) Phase 1: Mark live objects
[2020-10-27T23:46:46.029-0800] GC(60) Phase 1: Mark live objects 0.339ms
[2020-10-27T23:46:46.029-0800] GC(60) Phase 2: Prepare for compaction
[2020-10-27T23:46:46.029-0800] GC(60) Phase 2: Prepare for compaction 0.108ms
[2020-10-27T23:46:46.029-0800] GC(60) Phase 3: Adjust pointers
[2020-10-27T23:46:46.029-0800] GC(60) Phase 3: Adjust pointers 0.157ms
[2020-10-27T23:46:46.029-0800] GC(60) Phase 4: Compact heap
[2020-10-27T23:46:46.032-0800] GC(60) Phase 4: Compact heap 3.089ms
[2020-10-27T23:46:46.032-0800] GC(60) Eden regions: 0->0(6)
[2020-10-27T23:46:46.032-0800] GC(60) Survivor regions: 0->0(0)
[2020-10-27T23:46:46.032-0800] GC(60) Old regions: 73->72
[2020-10-27T23:46:46.032-0800] GC(60) Archive regions: 2->2
[2020-10-27T23:46:46.032-0800] GC(60) Humongous regions: 53->53
[2020-10-27T23:46:46.032-0800] GC(60) Metaspace: 200K(4864K)->200K(4864K) NonClass: 188K(4352K)->188K(4352K) Class: 12K(512K)->12K(512K)
[2020-10-27T23:46:46.032-0800] GC(60) Pause Full (G1 Evacuation Pause) 118M->118M(128M) 4.068ms
[2020-10-27T23:46:46.033-0800] GC(60) User=0.01s Sys=0.00s Real=0.01s
[2020-10-27T23:46:46.033-0800] GC(58) Concurrent Mark From Roots 6.393ms
[2020-10-27T23:46:46.033-0800] GC(58) Concurrent Mark Abort
[2020-10-27T23:46:46.033-0800] GC(58) Concurrent Cycle 6.471ms
[2020-10-27T23:46:46.033-0800] GC(61) Pause Young (Normal) (G1 Evacuation Pause)
[2020-10-27T23:46:46.033-0800] GC(61) Using 3 workers of 8 for evacuation
[2020-10-27T23:46:46.033-0800] GC(61) To-space exhausted
[2020-10-27T23:46:46.033-0800] GC(61)   Pre Evacuate Collection Set: 0.0ms
[2020-10-27T23:46:46.033-0800] GC(61)   Merge Heap Roots: 0.0ms
[2020-10-27T23:46:46.033-0800] GC(61)   Evacuate Collection Set: 0.0ms
[2020-10-27T23:46:46.033-0800] GC(61)   Post Evacuate Collection Set: 0.1ms
[2020-10-27T23:46:46.033-0800] GC(61)   Other: 0.1ms
[2020-10-27T23:46:46.033-0800] GC(61) Eden regions: 1->0(6)
[2020-10-27T23:46:46.033-0800] GC(61) Survivor regions: 0->0(0)
[2020-10-27T23:46:46.033-0800] GC(61) Old regions: 72->73
[2020-10-27T23:46:46.033-0800] GC(61) Archive regions: 2->2
[2020-10-27T23:46:46.033-0800] GC(61) Humongous regions: 53->53
[2020-10-27T23:46:46.033-0800] GC(61) Metaspace: 200K(4864K)->200K(4864K) NonClass: 188K(4352K)->188K(4352K) Class: 12K(512K)->12K(512K)
[2020-10-27T23:46:46.033-0800] GC(61) Pause Young (Normal) (G1 Evacuation Pause) 119M->119M(128M) 0.248ms
[2020-10-27T23:46:46.033-0800] GC(61) User=0.00s Sys=0.00s Real=0.00s
[2020-10-27T23:46:46.033-0800] Attempting maximally compacting collection
[2020-10-27T23:46:46.033-0800] GC(62) Using 3 workers of 8 for full compaction
[2020-10-27T23:46:46.033-0800] GC(62) Pause Full (G1 Evacuation Pause)
[2020-10-27T23:46:46.033-0800] GC(62) Phase 1: Mark live objects
[2020-10-27T23:46:46.033-0800] GC(62) Phase 1: Mark live objects 0.344ms
[2020-10-27T23:46:46.033-0800] GC(62) Phase 2: Prepare for compaction
[2020-10-27T23:46:46.033-0800] GC(62) Phase 2: Prepare for compaction 0.129ms
[2020-10-27T23:46:46.033-0800] GC(62) Phase 3: Adjust pointers
[2020-10-27T23:46:46.034-0800] GC(62) Phase 3: Adjust pointers 0.132ms
[2020-10-27T23:46:46.034-0800] GC(62) Phase 4: Compact heap
[2020-10-27T23:46:46.034-0800] GC(62) Phase 4: Compact heap 0.811ms
[2020-10-27T23:46:46.034-0800] GC(62) Eden regions: 0->0(6)
[2020-10-27T23:46:46.034-0800] GC(62) Survivor regions: 0->0(0)
[2020-10-27T23:46:46.034-0800] GC(62) Old regions: 73->72
[2020-10-27T23:46:46.034-0800] GC(62) Archive regions: 2->2
[2020-10-27T23:46:46.035-0800] GC(62) Humongous regions: 53->53
[2020-10-27T23:46:46.035-0800] GC(62) Metaspace: 200K(4864K)->200K(4864K) NonClass: 188K(4352K)->188K(4352K) Class: 12K(512K)->12K(512K)
[2020-10-27T23:46:46.035-0800] GC(62) Pause Full (G1 Evacuation Pause) 119M->118M(128M) 1.561ms
[2020-10-27T23:46:46.035-0800] GC(62) User=0.00s Sys=0.00s Real=0.00s
[2020-10-27T23:46:46.035-0800] GC(63) Pause Young (Concurrent Start) (G1 Evacuation Pause)
[2020-10-27T23:46:46.035-0800] GC(63) Using 3 workers of 8 for evacuation
[2020-10-27T23:46:46.035-0800] GC(63) To-space exhausted
[2020-10-27T23:46:46.035-0800] GC(63)   Pre Evacuate Collection Set: 0.0ms
[2020-10-27T23:46:46.035-0800] GC(63)   Merge Heap Roots: 0.0ms
[2020-10-27T23:46:46.035-0800] GC(63)   Evacuate Collection Set: 0.1ms
[2020-10-27T23:46:46.035-0800] GC(63)   Post Evacuate Collection Set: 0.1ms
[2020-10-27T23:46:46.035-0800] GC(63)   Other: 0.1ms
[2020-10-27T23:46:46.035-0800] GC(63) Eden regions: 1->0(6)
[2020-10-27T23:46:46.035-0800] GC(63) Survivor regions: 0->0(0)
[2020-10-27T23:46:46.035-0800] GC(63) Old regions: 72->73
[2020-10-27T23:46:46.035-0800] GC(63) Archive regions: 2->2
[2020-10-27T23:46:46.035-0800] GC(63) Humongous regions: 53->53
[2020-10-27T23:46:46.035-0800] GC(63) Metaspace: 200K(4864K)->200K(4864K) NonClass: 188K(4352K)->188K(4352K) Class: 12K(512K)->12K(512K)
[2020-10-27T23:46:46.035-0800] GC(63) Pause Young (Concurrent Start) (G1 Evacuation Pause) 119M->119M(128M) 0.308ms
[2020-10-27T23:46:46.035-0800] GC(63) User=0.00s Sys=0.00s Real=0.00s
[2020-10-27T23:46:46.035-0800] Attempting maximally compacting collection
[2020-10-27T23:46:46.035-0800] GC(64) Concurrent Cycle
[2020-10-27T23:46:46.035-0800] GC(65) Using 3 workers of 8 for full compaction
[2020-10-27T23:46:46.035-0800] GC(64) Concurrent Clear Claimed Marks
[2020-10-27T23:46:46.035-0800] GC(65) Pause Full (G1 Evacuation Pause)
[2020-10-27T23:46:46.035-0800] GC(64) Concurrent Clear Claimed Marks 0.012ms
[2020-10-27T23:46:46.035-0800] GC(64) Concurrent Scan Root Regions
[2020-10-27T23:46:46.035-0800] GC(64) Concurrent Scan Root Regions 0.005ms
[2020-10-27T23:46:46.035-0800] GC(64) Concurrent Mark (0.208s)
[2020-10-27T23:46:46.035-0800] GC(64) Concurrent Mark From Roots
[2020-10-27T23:46:46.035-0800] GC(64) Using 2 workers of 2 for marking
[2020-10-27T23:46:46.035-0800] GC(65) Phase 1: Mark live objects
[2020-10-27T23:46:46.035-0800] GC(65) Phase 1: Mark live objects 0.303ms
[2020-10-27T23:46:46.036-0800] GC(65) Phase 2: Prepare for compaction
[2020-10-27T23:46:46.036-0800] GC(65) Phase 2: Prepare for compaction 0.139ms
[2020-10-27T23:46:46.036-0800] GC(65) Phase 3: Adjust pointers
[2020-10-27T23:46:46.036-0800] GC(65) Phase 3: Adjust pointers 0.131ms
[2020-10-27T23:46:46.036-0800] GC(65) Phase 4: Compact heap
[2020-10-27T23:46:46.037-0800] GC(65) Phase 4: Compact heap 1.219ms
[2020-10-27T23:46:46.037-0800] GC(65) Eden regions: 0->0(6)
[2020-10-27T23:46:46.037-0800] GC(65) Survivor regions: 0->0(0)
[2020-10-27T23:46:46.037-0800] GC(65) Old regions: 73->73
[2020-10-27T23:46:46.037-0800] GC(65) Archive regions: 2->2
[2020-10-27T23:46:46.037-0800] GC(65) Humongous regions: 53->53
[2020-10-27T23:46:46.037-0800] GC(65) Metaspace: 200K(4864K)->200K(4864K) NonClass: 188K(4352K)->188K(4352K) Class: 12K(512K)->12K(512K)
[2020-10-27T23:46:46.037-0800] GC(65) Pause Full (G1 Evacuation Pause) 119M->119M(128M) 2.159ms
[2020-10-27T23:46:46.037-0800] GC(65) User=0.00s Sys=0.00s Real=0.00s
[2020-10-27T23:46:46.037-0800] GC(66) Using 3 workers of 8 for full compaction
[2020-10-27T23:46:46.037-0800] GC(66) Pause Full (G1 Evacuation Pause)
[2020-10-27T23:46:46.037-0800] GC(66) Phase 1: Mark live objects
[2020-10-27T23:46:46.038-0800] GC(66) Phase 1: Mark live objects 0.378ms
[2020-10-27T23:46:46.038-0800] GC(66) Phase 2: Prepare for compaction
[2020-10-27T23:46:46.038-0800] GC(66) Phase 2: Prepare for compaction 0.179ms
[2020-10-27T23:46:46.038-0800] GC(66) Phase 3: Adjust pointers
[2020-10-27T23:46:46.038-0800] GC(66) Phase 3: Adjust pointers 0.159ms
[2020-10-27T23:46:46.038-0800] GC(66) Phase 4: Compact heap
[2020-10-27T23:46:46.039-0800] GC(66) Phase 4: Compact heap 0.941ms
[2020-10-27T23:46:46.039-0800] GC(66) Eden regions: 0->0(6)
[2020-10-27T23:46:46.039-0800] GC(66) Survivor regions: 0->0(0)
[2020-10-27T23:46:46.039-0800] GC(66) Old regions: 73->73
[2020-10-27T23:46:46.039-0800] GC(66) Archive regions: 2->2
[2020-10-27T23:46:46.039-0800] GC(66) Humongous regions: 53->53
[2020-10-27T23:46:46.039-0800] GC(66) Metaspace: 200K(4864K)->200K(4864K) NonClass: 188K(4352K)->188K(4352K) Class: 12K(512K)->12K(512K)
[2020-10-27T23:46:46.039-0800] GC(66) Pause Full (G1 Evacuation Pause) 119M->119M(128M) 1.857ms
[2020-10-27T23:46:46.039-0800] GC(66) User=0.01s Sys=0.00s Real=0.00s
[2020-10-27T23:46:46.039-0800] GC(67) Using 3 workers of 8 for full compaction
[2020-10-27T23:46:46.039-0800] GC(67) Pause Full (G1 Evacuation Pause)
[2020-10-27T23:46:46.039-0800] GC(67) Phase 1: Mark live objects
[2020-10-27T23:46:46.039-0800] GC(67) Phase 1: Mark live objects 0.335ms
[2020-10-27T23:46:46.039-0800] GC(67) Phase 2: Prepare for compaction
[2020-10-27T23:46:46.040-0800] GC(67) Phase 2: Prepare for compaction 0.154ms
[2020-10-27T23:46:46.040-0800] GC(67) Phase 3: Adjust pointers
[2020-10-27T23:46:46.040-0800] GC(67) Phase 3: Adjust pointers 0.158ms
[2020-10-27T23:46:46.040-0800] GC(67) Phase 4: Compact heap
[2020-10-27T23:46:46.041-0800] GC(67) Phase 4: Compact heap 0.920ms
[2020-10-27T23:46:46.041-0800] GC(67) Eden regions: 0->0(6)
[2020-10-27T23:46:46.041-0800] GC(67) Survivor regions: 0->0(0)
[2020-10-27T23:46:46.041-0800] GC(67) Old regions: 73->73
[2020-10-27T23:46:46.041-0800] GC(67) Archive regions: 2->2
[2020-10-27T23:46:46.041-0800] GC(67) Humongous regions: 53->53
[2020-10-27T23:46:46.041-0800] GC(67) Metaspace: 200K(4864K)->200K(4864K) NonClass: 188K(4352K)->188K(4352K) Class: 12K(512K)->12K(512K)
[2020-10-27T23:46:46.041-0800] GC(67) Pause Full (G1 Evacuation Pause) 119M->119M(128M) 1.752ms
[2020-10-27T23:46:46.041-0800] GC(67) User=0.00s Sys=0.00s Real=0.01s
[2020-10-27T23:46:46.041-0800] GC(64) Concurrent Mark From Roots 5.888ms
[2020-10-27T23:46:46.041-0800] GC(64) Concurrent Mark Abort
[2020-10-27T23:46:46.041-0800] GC(64) Concurrent Cycle 5.954ms
[2020-10-27T23:46:46.041-0800] GC(68) Pause Young (Normal) (G1 Evacuation Pause)
[2020-10-27T23:46:46.041-0800] GC(68) Using 3 workers of 8 for evacuation
[2020-10-27T23:46:46.041-0800] GC(68)   Pre Evacuate Collection Set: 0.0ms
[2020-10-27T23:46:46.041-0800] GC(68)   Merge Heap Roots: 0.0ms
[2020-10-27T23:46:46.041-0800] GC(68)   Evacuate Collection Set: 0.0ms
[2020-10-27T23:46:46.041-0800] GC(68)   Post Evacuate Collection Set: 0.0ms
[2020-10-27T23:46:46.041-0800] GC(68)   Other: 0.0ms
[2020-10-27T23:46:46.041-0800] GC(68) Eden regions: 0->0(6)
[2020-10-27T23:46:46.041-0800] GC(68) Survivor regions: 0->0(0)
[2020-10-27T23:46:46.041-0800] GC(68) Old regions: 73->73
[2020-10-27T23:46:46.041-0800] GC(68) Archive regions: 2->2
[2020-10-27T23:46:46.041-0800] GC(68) Humongous regions: 53->53
[2020-10-27T23:46:46.041-0800] GC(68) Metaspace: 201K(4864K)->201K(4864K) NonClass: 189K(4352K)->189K(4352K) Class: 12K(512K)->12K(512K)
[2020-10-27T23:46:46.041-0800] GC(68) Pause Young (Normal) (G1 Evacuation Pause) 119M->119M(128M) 0.223ms
[2020-10-27T23:46:46.041-0800] GC(68) User=0.00s Sys=0.00s Real=0.00s
[2020-10-27T23:46:46.041-0800] Attempting maximally compacting collection
[2020-10-27T23:46:46.041-0800] GC(69) Using 3 workers of 8 for full compaction
[2020-10-27T23:46:46.041-0800] GC(69) Pause Full (G1 Evacuation Pause)
[2020-10-27T23:46:46.041-0800] GC(69) Phase 1: Mark live objects
[2020-10-27T23:46:46.042-0800] GC(69) Phase 1: Mark live objects 0.328ms
[2020-10-27T23:46:46.042-0800] GC(69) Phase 2: Prepare for compaction
[2020-10-27T23:46:46.042-0800] GC(69) Phase 2: Prepare for compaction 0.245ms
[2020-10-27T23:46:46.042-0800] GC(69) Phase 3: Adjust pointers
[2020-10-27T23:46:46.042-0800] GC(69) Phase 3: Adjust pointers 0.187ms
[2020-10-27T23:46:46.042-0800] GC(69) Phase 4: Compact heap
[2020-10-27T23:46:46.042-0800] GC(69) Phase 4: Compact heap 0.097ms
[2020-10-27T23:46:46.042-0800] GC(69) Eden regions: 0->0(76)
[2020-10-27T23:46:46.042-0800] GC(69) Survivor regions: 0->0(0)
[2020-10-27T23:46:46.042-0800] GC(69) Old regions: 73->3
[2020-10-27T23:46:46.042-0800] GC(69) Archive regions: 2->2
[2020-10-27T23:46:46.042-0800] GC(69) Humongous regions: 53->0
[2020-10-27T23:46:46.042-0800] GC(69) Metaspace: 201K(4864K)->201K(4864K) NonClass: 189K(4352K)->189K(4352K) Class: 12K(512K)->12K(512K)
[2020-10-27T23:46:46.042-0800] GC(69) Pause Full (G1 Evacuation Pause) 119M->1M(128M) 1.010ms
[2020-10-27T23:46:46.042-0800] GC(69) User=0.00s Sys=0.01s Real=0.00s
[2020-10-27T23:46:46.043-0800] Heap
[2020-10-27T23:46:46.043-0800]  garbage-first heap   total 131072K, used 1063K [0x00000007f8000000, 0x0000000800000000)
[2020-10-27T23:46:46.043-0800]   region size 1024K, 1 young (1024K), 0 survivors (0K)
[2020-10-27T23:46:46.043-0800]  Metaspace       used 208K, capacity 4490K, committed 4864K, reserved 1056768K
[2020-10-27T23:46:46.043-0800]   class space    used 13K, capacity 386K, committed 512K, reserved 1048576K
