[2020-10-27T23:46:47.176-0800] Using Parallel
[2020-10-27T23:46:47.176-0800] Version: 15.0.1+9-18 (release)
[2020-10-27T23:46:47.176-0800] CPUs: 8 total, 8 available
[2020-10-27T23:46:47.176-0800] Memory: 16384M
[2020-10-27T23:46:47.176-0800] Large Page Support: Disabled
[2020-10-27T23:46:47.176-0800] NUMA Support: Disabled
[2020-10-27T23:46:47.176-0800] Compressed Oops: Enabled (Zero based)
[2020-10-27T23:46:47.176-0800] Heap Min Capacity: 256M
[2020-10-27T23:46:47.177-0800] Heap Initial Capacity: 256M
[2020-10-27T23:46:47.177-0800] Heap Max Capacity: 256M
[2020-10-27T23:46:47.177-0800] Pre-touch: Disabled
[2020-10-27T23:46:47.177-0800] Parallel Workers: 8
[2020-10-27T23:46:47.177-0800] CDS archive(s) mapped at: [0x0000000800000000-0x0000000800b2b000-0x0000000800b2b000), size 11710464, SharedBaseAddress: 0x0000000800000000, ArchiveRelocationMode: 0.
[2020-10-27T23:46:47.177-0800] Compressed class space mapped at: 0x0000000800b2c000-0x0000000840b2c000, size: 1073741824
[2020-10-27T23:46:47.177-0800] Narrow klass base: 0x0000000800000000, Narrow klass shift: 3, Narrow klass range: 0x100000000
[2020-10-27T23:46:47.237-0800] GC(0) Pause Young (Allocation Failure)
[2020-10-27T23:46:47.246-0800] GC(0) PSYoungGen: 64889K(76288K)->10736K(76288K) Eden: 64889K(65536K)->0K(65536K) From: 0K(10752K)->10736K(10752K)
[2020-10-27T23:46:47.246-0800] GC(0) ParOldGen: 0K(175104K)->17496K(175104K)
[2020-10-27T23:46:47.246-0800] GC(0) Metaspace: 211K(4864K)->211K(4864K) NonClass: 199K(4352K)->199K(4352K) Class: 12K(512K)->12K(512K)
[2020-10-27T23:46:47.246-0800] GC(0) Pause Young (Allocation Failure) 63M->27M(245M) 8.869ms
[2020-10-27T23:46:47.246-0800] GC(0) User=0.01s Sys=0.02s Real=0.01s
[2020-10-27T23:46:47.258-0800] GC(1) Pause Young (Allocation Failure)
[2020-10-27T23:46:47.269-0800] GC(1) PSYoungGen: 76272K(76288K)->10746K(76288K) Eden: 65536K(65536K)->0K(65536K) From: 10736K(10752K)->10746K(10752K)
[2020-10-27T23:46:47.269-0800] GC(1) ParOldGen: 17496K(175104K)->44635K(175104K)
[2020-10-27T23:46:47.269-0800] GC(1) Metaspace: 220K(4864K)->220K(4864K) NonClass: 207K(4352K)->207K(4352K) Class: 12K(512K)->12K(512K)
[2020-10-27T23:46:47.269-0800] GC(1) Pause Young (Allocation Failure) 91M->54M(245M) 11.203ms
[2020-10-27T23:46:47.269-0800] GC(1) User=0.02s Sys=0.04s Real=0.01s
[2020-10-27T23:46:47.279-0800] GC(2) Pause Young (Allocation Failure)
[2020-10-27T23:46:47.289-0800] GC(2) PSYoungGen: 76229K(76288K)->10744K(76288K) Eden: 65482K(65536K)->0K(65536K) From: 10746K(10752K)->10744K(10752K)
[2020-10-27T23:46:47.289-0800] GC(2) ParOldGen: 44635K(175104K)->70321K(175104K)
[2020-10-27T23:46:47.289-0800] GC(2) Metaspace: 220K(4864K)->220K(4864K) NonClass: 208K(4352K)->208K(4352K) Class: 12K(512K)->12K(512K)
[2020-10-27T23:46:47.289-0800] GC(2) Pause Young (Allocation Failure) 118M->79M(245M) 10.392ms
[2020-10-27T23:46:47.289-0800] GC(2) User=0.02s Sys=0.03s Real=0.01s
[2020-10-27T23:46:47.298-0800] GC(3) Pause Young (Allocation Failure)
[2020-10-27T23:46:47.308-0800] GC(3) PSYoungGen: 76280K(76288K)->10740K(76288K) Eden: 65536K(65536K)->0K(65536K) From: 10744K(10752K)->10740K(10752K)
[2020-10-27T23:46:47.308-0800] GC(3) ParOldGen: 70321K(175104K)->94545K(175104K)
[2020-10-27T23:46:47.308-0800] GC(3) Metaspace: 220K(4864K)->220K(4864K) NonClass: 208K(4352K)->208K(4352K) Class: 12K(512K)->12K(512K)
[2020-10-27T23:46:47.308-0800] GC(3) Pause Young (Allocation Failure) 143M->102M(245M) 9.740ms
[2020-10-27T23:46:47.308-0800] GC(3) User=0.02s Sys=0.02s Real=0.01s
[2020-10-27T23:46:47.317-0800] GC(4) Pause Young (Allocation Failure)
[2020-10-27T23:46:47.327-0800] GC(4) PSYoungGen: 75879K(76288K)->10747K(76288K) Eden: 65138K(65536K)->0K(65536K) From: 10740K(10752K)->10747K(10752K)
[2020-10-27T23:46:47.327-0800] GC(4) ParOldGen: 94545K(175104K)->118680K(175104K)
[2020-10-27T23:46:47.327-0800] GC(4) Metaspace: 220K(4864K)->220K(4864K) NonClass: 208K(4352K)->208K(4352K) Class: 12K(512K)->12K(512K)
[2020-10-27T23:46:47.327-0800] GC(4) Pause Young (Allocation Failure) 166M->126M(245M) 9.822ms
[2020-10-27T23:46:47.327-0800] GC(4) User=0.02s Sys=0.02s Real=0.01s
[2020-10-27T23:46:47.335-0800] GC(5) Pause Young (Allocation Failure)
[2020-10-27T23:46:47.346-0800] GC(5) PSYoungGen: 76260K(76288K)->10743K(40448K) Eden: 65513K(65536K)->0K(29696K) From: 10747K(10752K)->10743K(10752K)
[2020-10-27T23:46:47.346-0800] GC(5) ParOldGen: 118680K(175104K)->144669K(175104K)
[2020-10-27T23:46:47.346-0800] GC(5) Metaspace: 220K(4864K)->220K(4864K) NonClass: 208K(4352K)->208K(4352K) Class: 12K(512K)->12K(512K)
[2020-10-27T23:46:47.346-0800] GC(5) Pause Young (Allocation Failure) 190M->151M(210M) 10.355ms
[2020-10-27T23:46:47.346-0800] GC(5) User=0.02s Sys=0.03s Real=0.01s
[2020-10-27T23:46:47.350-0800] GC(6) Pause Young (Allocation Failure)
[2020-10-27T23:46:47.354-0800] GC(6) PSYoungGen: 40439K(40448K)->18813K(58368K) Eden: 29696K(29696K)->0K(29696K) From: 10743K(10752K)->18813K(28672K)
[2020-10-27T23:46:47.354-0800] GC(6) ParOldGen: 144669K(175104K)->147398K(175104K)
[2020-10-27T23:46:47.354-0800] GC(6) Metaspace: 220K(4864K)->220K(4864K) NonClass: 208K(4352K)->208K(4352K) Class: 12K(512K)->12K(512K)
[2020-10-27T23:46:47.354-0800] GC(6) Pause Young (Allocation Failure) 180M->162M(228M) 4.166ms
[2020-10-27T23:46:47.354-0800] GC(6) User=0.02s Sys=0.00s Real=0.00s
[2020-10-27T23:46:47.354-0800] GC(7) Pause Full (Ergonomics)
[2020-10-27T23:46:47.354-0800] GC(7) Marking Phase
[2020-10-27T23:46:47.356-0800] GC(7) Marking Phase 1.630ms
[2020-10-27T23:46:47.356-0800] GC(7) Summary Phase
[2020-10-27T23:46:47.356-0800] GC(7) Summary Phase 0.011ms
[2020-10-27T23:46:47.356-0800] GC(7) Adjust Roots
[2020-10-27T23:46:47.356-0800] GC(7) Adjust Roots 0.261ms
[2020-10-27T23:46:47.356-0800] GC(7) Compaction Phase
[2020-10-27T23:46:47.380-0800] GC(7) Compaction Phase 24.290ms
[2020-10-27T23:46:47.380-0800] GC(7) Post Compact
[2020-10-27T23:46:47.381-0800] GC(7) Post Compact 0.594ms
[2020-10-27T23:46:47.381-0800] GC(7) PSYoungGen: 18813K(58368K)->0K(58368K) Eden: 0K(29696K)->0K(29696K) From: 18813K(28672K)->0K(28672K)
[2020-10-27T23:46:47.381-0800] GC(7) ParOldGen: 147398K(175104K)->135485K(175104K)
[2020-10-27T23:46:47.381-0800] GC(7) Metaspace: 220K(4864K)->220K(4864K) NonClass: 208K(4352K)->208K(4352K) Class: 12K(512K)->12K(512K)
[2020-10-27T23:46:47.381-0800] GC(7) Pause Full (Ergonomics) 162M->132M(228M) 26.950ms
[2020-10-27T23:46:47.381-0800] GC(7) User=0.12s Sys=0.01s Real=0.03s
[2020-10-27T23:46:47.385-0800] GC(8) Pause Young (Allocation Failure)
[2020-10-27T23:46:47.388-0800] GC(8) PSYoungGen: 29696K(58368K)->12966K(58368K) Eden: 29696K(29696K)->0K(29696K) From: 0K(28672K)->12966K(28672K)
[2020-10-27T23:46:47.388-0800] GC(8) ParOldGen: 135485K(175104K)->135485K(175104K)
[2020-10-27T23:46:47.388-0800] GC(8) Metaspace: 220K(4864K)->220K(4864K) NonClass: 208K(4352K)->208K(4352K) Class: 12K(512K)->12K(512K)
[2020-10-27T23:46:47.388-0800] GC(8) Pause Young (Allocation Failure) 161M->144M(228M) 2.534ms
[2020-10-27T23:46:47.388-0800] GC(8) User=0.01s Sys=0.00s Real=0.00s
[2020-10-27T23:46:47.391-0800] GC(9) Pause Young (Allocation Failure)
[2020-10-27T23:46:47.396-0800] GC(9) PSYoungGen: 42535K(58368K)->22991K(58368K) Eden: 29569K(29696K)->0K(29696K) From: 12966K(28672K)->22991K(28672K)
[2020-10-27T23:46:47.396-0800] GC(9) ParOldGen: 135485K(175104K)->135485K(175104K)
[2020-10-27T23:46:47.396-0800] GC(9) Metaspace: 220K(4864K)->220K(4864K) NonClass: 208K(4352K)->208K(4352K) Class: 12K(512K)->12K(512K)
[2020-10-27T23:46:47.396-0800] GC(9) Pause Young (Allocation Failure) 173M->154M(228M) 4.506ms
[2020-10-27T23:46:47.396-0800] GC(9) User=0.02s Sys=0.00s Real=0.00s
[2020-10-27T23:46:47.399-0800] GC(10) Pause Young (Allocation Failure)
[2020-10-27T23:46:47.406-0800] GC(10) PSYoungGen: 52687K(58368K)->25439K(58368K) Eden: 29696K(29696K)->0K(29696K) From: 22991K(28672K)->25439K(28672K)
[2020-10-27T23:46:47.406-0800] GC(10) ParOldGen: 135485K(175104K)->145535K(175104K)
[2020-10-27T23:46:47.406-0800] GC(10) Metaspace: 220K(4864K)->220K(4864K) NonClass: 208K(4352K)->208K(4352K) Class: 12K(512K)->12K(512K)
[2020-10-27T23:46:47.406-0800] GC(10) Pause Young (Allocation Failure) 183M->166M(228M) 6.718ms
[2020-10-27T23:46:47.406-0800] GC(10) User=0.03s Sys=0.00s Real=0.01s
[2020-10-27T23:46:47.411-0800] GC(11) Pause Young (Allocation Failure)
[2020-10-27T23:46:47.420-0800] GC(11) PSYoungGen: 54971K(58368K)->10526K(58368K) Eden: 29532K(29696K)->0K(29696K) From: 25439K(28672K)->10526K(28672K)
[2020-10-27T23:46:47.420-0800] GC(11) ParOldGen: 145535K(175104K)->170773K(175104K)
[2020-10-27T23:46:47.420-0800] GC(11) Metaspace: 220K(4864K)->220K(4864K) NonClass: 208K(4352K)->208K(4352K) Class: 12K(512K)->12K(512K)
[2020-10-27T23:46:47.420-0800] GC(11) Pause Young (Allocation Failure) 195M->177M(228M) 9.497ms
[2020-10-27T23:46:47.420-0800] GC(11) User=0.01s Sys=0.03s Real=0.01s
[2020-10-27T23:46:47.420-0800] GC(12) Pause Full (Ergonomics)
[2020-10-27T23:46:47.420-0800] GC(12) Marking Phase
[2020-10-27T23:46:47.421-0800] GC(12) Marking Phase 0.673ms
[2020-10-27T23:46:47.421-0800] GC(12) Summary Phase
[2020-10-27T23:46:47.421-0800] GC(12) Summary Phase 0.010ms
[2020-10-27T23:46:47.421-0800] GC(12) Adjust Roots
[2020-10-27T23:46:47.421-0800] GC(12) Adjust Roots 0.164ms
[2020-10-27T23:46:47.421-0800] GC(12) Compaction Phase
[2020-10-27T23:46:47.451-0800] GC(12) Compaction Phase 29.720ms
[2020-10-27T23:46:47.451-0800] GC(12) Post Compact
[2020-10-27T23:46:47.451-0800] GC(12) Post Compact 0.500ms
[2020-10-27T23:46:47.451-0800] GC(12) PSYoungGen: 10526K(58368K)->0K(58368K) Eden: 0K(29696K)->0K(29696K) From: 10526K(28672K)->0K(28672K)
[2020-10-27T23:46:47.451-0800] GC(12) ParOldGen: 170773K(175104K)->162523K(175104K)
[2020-10-27T23:46:47.451-0800] GC(12) Metaspace: 220K(4864K)->220K(4864K) NonClass: 208K(4352K)->208K(4352K) Class: 12K(512K)->12K(512K)
[2020-10-27T23:46:47.451-0800] GC(12) Pause Full (Ergonomics) 177M->158M(228M) 31.257ms
[2020-10-27T23:46:47.451-0800] GC(12) User=0.15s Sys=0.00s Real=0.03s
[2020-10-27T23:46:47.456-0800] GC(13) Pause Full (Ergonomics)
[2020-10-27T23:46:47.456-0800] GC(13) Marking Phase
[2020-10-27T23:46:47.457-0800] GC(13) Marking Phase 0.494ms
[2020-10-27T23:46:47.457-0800] GC(13) Summary Phase
[2020-10-27T23:46:47.457-0800] GC(13) Summary Phase 0.008ms
[2020-10-27T23:46:47.457-0800] GC(13) Adjust Roots
[2020-10-27T23:46:47.457-0800] GC(13) Adjust Roots 0.075ms
[2020-10-27T23:46:47.457-0800] GC(13) Compaction Phase
[2020-10-27T23:46:47.490-0800] GC(13) Compaction Phase 33.017ms
[2020-10-27T23:46:47.490-0800] GC(13) Post Compact
[2020-10-27T23:46:47.490-0800] GC(13) Post Compact 0.541ms
[2020-10-27T23:46:47.490-0800] GC(13) PSYoungGen: 29100K(58368K)->0K(58368K) Eden: 29100K(29696K)->0K(29696K) From: 0K(28672K)->0K(28672K)
[2020-10-27T23:46:47.490-0800] GC(13) ParOldGen: 162523K(175104K)->166360K(175104K)
[2020-10-27T23:46:47.490-0800] GC(13) Metaspace: 220K(4864K)->220K(4864K) NonClass: 208K(4352K)->208K(4352K) Class: 12K(512K)->12K(512K)
[2020-10-27T23:46:47.490-0800] GC(13) Pause Full (Ergonomics) 187M->162M(228M) 34.359ms
[2020-10-27T23:46:47.490-0800] GC(13) User=0.16s Sys=0.00s Real=0.04s
[2020-10-27T23:46:47.495-0800] GC(14) Pause Full (Ergonomics)
[2020-10-27T23:46:47.495-0800] GC(14) Marking Phase
[2020-10-27T23:46:47.496-0800] GC(14) Marking Phase 0.660ms
[2020-10-27T23:46:47.496-0800] GC(14) Summary Phase
[2020-10-27T23:46:47.496-0800] GC(14) Summary Phase 0.011ms
[2020-10-27T23:46:47.496-0800] GC(14) Adjust Roots
[2020-10-27T23:46:47.496-0800] GC(14) Adjust Roots 0.174ms
[2020-10-27T23:46:47.496-0800] GC(14) Compaction Phase
[2020-10-27T23:46:47.531-0800] GC(14) Compaction Phase 35.375ms
[2020-10-27T23:46:47.531-0800] GC(14) Post Compact
[2020-10-27T23:46:47.532-0800] GC(14) Post Compact 0.545ms
[2020-10-27T23:46:47.532-0800] GC(14) PSYoungGen: 29645K(58368K)->0K(58368K) Eden: 29645K(29696K)->0K(29696K) From: 0K(28672K)->0K(28672K)
[2020-10-27T23:46:47.532-0800] GC(14) ParOldGen: 166360K(175104K)->172053K(175104K)
[2020-10-27T23:46:47.532-0800] GC(14) Metaspace: 220K(4864K)->220K(4864K) NonClass: 208K(4352K)->208K(4352K) Class: 12K(512K)->12K(512K)
[2020-10-27T23:46:47.532-0800] GC(14) Pause Full (Ergonomics) 191M->168M(228M) 37.017ms
[2020-10-27T23:46:47.532-0800] GC(14) User=0.16s Sys=0.01s Real=0.04s
[2020-10-27T23:46:47.536-0800] GC(15) Pause Full (Ergonomics)
[2020-10-27T23:46:47.536-0800] GC(15) Marking Phase
[2020-10-27T23:46:47.537-0800] GC(15) Marking Phase 0.561ms
[2020-10-27T23:46:47.537-0800] GC(15) Summary Phase
[2020-10-27T23:46:47.537-0800] GC(15) Summary Phase 0.009ms
[2020-10-27T23:46:47.537-0800] GC(15) Adjust Roots
[2020-10-27T23:46:47.537-0800] GC(15) Adjust Roots 0.165ms
[2020-10-27T23:46:47.537-0800] GC(15) Compaction Phase
[2020-10-27T23:46:47.574-0800] GC(15) Compaction Phase 36.565ms
[2020-10-27T23:46:47.574-0800] GC(15) Post Compact
[2020-10-27T23:46:47.574-0800] GC(15) Post Compact 0.588ms
[2020-10-27T23:46:47.575-0800] GC(15) PSYoungGen: 29634K(58368K)->5632K(58368K) Eden: 29634K(29696K)->5632K(29696K) From: 0K(28672K)->0K(28672K)
[2020-10-27T23:46:47.575-0800] GC(15) ParOldGen: 172053K(175104K)->175019K(175104K)
[2020-10-27T23:46:47.575-0800] GC(15) Metaspace: 220K(4864K)->220K(4864K) NonClass: 208K(4352K)->208K(4352K) Class: 12K(512K)->12K(512K)
[2020-10-27T23:46:47.575-0800] GC(15) Pause Full (Ergonomics) 196M->176M(228M) 38.143ms
[2020-10-27T23:46:47.575-0800] GC(15) User=0.17s Sys=0.00s Real=0.04s
[2020-10-27T23:46:47.578-0800] GC(16) Pause Full (Ergonomics)
[2020-10-27T23:46:47.578-0800] GC(16) Marking Phase
[2020-10-27T23:46:47.579-0800] GC(16) Marking Phase 0.708ms
[2020-10-27T23:46:47.579-0800] GC(16) Summary Phase
[2020-10-27T23:46:47.579-0800] GC(16) Summary Phase 0.008ms
[2020-10-27T23:46:47.579-0800] GC(16) Adjust Roots
[2020-10-27T23:46:47.579-0800] GC(16) Adjust Roots 0.087ms
[2020-10-27T23:46:47.579-0800] GC(16) Compaction Phase
[2020-10-27T23:46:47.620-0800] GC(16) Compaction Phase 40.889ms
[2020-10-27T23:46:47.620-0800] GC(16) Post Compact
[2020-10-27T23:46:47.621-0800] GC(16) Post Compact 0.771ms
[2020-10-27T23:46:47.621-0800] GC(16) PSYoungGen: 29659K(58368K)->10649K(58368K) Eden: 29659K(29696K)->10649K(29696K) From: 0K(28672K)->0K(28672K)
[2020-10-27T23:46:47.621-0800] GC(16) ParOldGen: 175019K(175104K)->175001K(175104K)
[2020-10-27T23:46:47.621-0800] GC(16) Metaspace: 220K(4864K)->220K(4864K) NonClass: 208K(4352K)->208K(4352K) Class: 12K(512K)->12K(512K)
[2020-10-27T23:46:47.621-0800] GC(16) Pause Full (Ergonomics) 199M->181M(228M) 42.728ms
[2020-10-27T23:46:47.621-0800] GC(16) User=0.18s Sys=0.00s Real=0.05s
[2020-10-27T23:46:47.624-0800] GC(17) Pause Full (Ergonomics)
[2020-10-27T23:46:47.624-0800] GC(17) Marking Phase
[2020-10-27T23:46:47.624-0800] GC(17) Marking Phase 0.589ms
[2020-10-27T23:46:47.624-0800] GC(17) Summary Phase
[2020-10-27T23:46:47.624-0800] GC(17) Summary Phase 0.014ms
[2020-10-27T23:46:47.624-0800] GC(17) Adjust Roots
[2020-10-27T23:46:47.625-0800] GC(17) Adjust Roots 0.081ms
[2020-10-27T23:46:47.625-0800] GC(17) Compaction Phase
[2020-10-27T23:46:47.657-0800] GC(17) Compaction Phase 32.205ms
[2020-10-27T23:46:47.657-0800] GC(17) Post Compact
[2020-10-27T23:46:47.658-0800] GC(17) Post Compact 0.984ms
[2020-10-27T23:46:47.658-0800] GC(17) PSYoungGen: 29183K(58368K)->11251K(58368K) Eden: 29183K(29696K)->11251K(29696K) From: 0K(28672K)->0K(28672K)
[2020-10-27T23:46:47.658-0800] GC(17) ParOldGen: 175001K(175104K)->174580K(175104K)
[2020-10-27T23:46:47.658-0800] GC(17) Metaspace: 220K(4864K)->220K(4864K) NonClass: 208K(4352K)->208K(4352K) Class: 12K(512K)->12K(512K)
[2020-10-27T23:46:47.658-0800] GC(17) Pause Full (Ergonomics) 199M->181M(228M) 34.287ms
[2020-10-27T23:46:47.658-0800] GC(17) User=0.14s Sys=0.01s Real=0.03s
[2020-10-27T23:46:47.662-0800] GC(18) Pause Full (Ergonomics)
[2020-10-27T23:46:47.662-0800] GC(18) Marking Phase
[2020-10-27T23:46:47.662-0800] GC(18) Marking Phase 0.524ms
[2020-10-27T23:46:47.662-0800] GC(18) Summary Phase
[2020-10-27T23:46:47.662-0800] GC(18) Summary Phase 0.009ms
[2020-10-27T23:46:47.662-0800] GC(18) Adjust Roots
[2020-10-27T23:46:47.662-0800] GC(18) Adjust Roots 0.103ms
[2020-10-27T23:46:47.662-0800] GC(18) Compaction Phase
[2020-10-27T23:46:47.699-0800] GC(18) Compaction Phase 37.154ms
[2020-10-27T23:46:47.699-0800] GC(18) Post Compact
[2020-10-27T23:46:47.700-0800] GC(18) Post Compact 0.738ms
[2020-10-27T23:46:47.700-0800] GC(18) PSYoungGen: 29652K(58368K)->11745K(58368K) Eden: 29652K(29696K)->11745K(29696K) From: 0K(28672K)->0K(28672K)
[2020-10-27T23:46:47.701-0800] GC(18) ParOldGen: 174580K(175104K)->174912K(175104K)
[2020-10-27T23:46:47.701-0800] GC(18) Metaspace: 220K(4864K)->220K(4864K) NonClass: 208K(4352K)->208K(4352K) Class: 12K(512K)->12K(512K)
[2020-10-27T23:46:47.701-0800] GC(18) Pause Full (Ergonomics) 199M->182M(228M) 39.027ms
[2020-10-27T23:46:47.701-0800] GC(18) User=0.17s Sys=0.00s Real=0.04s
[2020-10-27T23:46:47.703-0800] GC(19) Pause Full (Ergonomics)
[2020-10-27T23:46:47.703-0800] GC(19) Marking Phase
[2020-10-27T23:46:47.703-0800] GC(19) Marking Phase 0.633ms
[2020-10-27T23:46:47.704-0800] GC(19) Summary Phase
[2020-10-27T23:46:47.704-0800] GC(19) Summary Phase 0.008ms
[2020-10-27T23:46:47.704-0800] GC(19) Adjust Roots
[2020-10-27T23:46:47.704-0800] GC(19) Adjust Roots 0.087ms
[2020-10-27T23:46:47.704-0800] GC(19) Compaction Phase
[2020-10-27T23:46:47.739-0800] GC(19) Compaction Phase 35.863ms
[2020-10-27T23:46:47.740-0800] GC(19) Post Compact
[2020-10-27T23:46:47.740-0800] GC(19) Post Compact 0.356ms
[2020-10-27T23:46:47.740-0800] GC(19) PSYoungGen: 29696K(58368K)->12710K(58368K) Eden: 29696K(29696K)->12710K(29696K) From: 0K(28672K)->0K(28672K)
[2020-10-27T23:46:47.740-0800] GC(19) ParOldGen: 174912K(175104K)->174576K(175104K)
[2020-10-27T23:46:47.740-0800] GC(19) Metaspace: 220K(4864K)->220K(4864K) NonClass: 208K(4352K)->208K(4352K) Class: 12K(512K)->12K(512K)
[2020-10-27T23:46:47.740-0800] GC(19) Pause Full (Ergonomics) 199M->182M(228M) 37.174ms
[2020-10-27T23:46:47.740-0800] GC(19) User=0.17s Sys=0.00s Real=0.04s
[2020-10-27T23:46:47.743-0800] GC(20) Pause Full (Ergonomics)
[2020-10-27T23:46:47.744-0800] GC(20) Marking Phase
[2020-10-27T23:46:47.744-0800] GC(20) Marking Phase 0.728ms
[2020-10-27T23:46:47.744-0800] GC(20) Summary Phase
[2020-10-27T23:46:47.744-0800] GC(20) Summary Phase 0.008ms
[2020-10-27T23:46:47.744-0800] GC(20) Adjust Roots
[2020-10-27T23:46:47.744-0800] GC(20) Adjust Roots 0.079ms
[2020-10-27T23:46:47.744-0800] GC(20) Compaction Phase
[2020-10-27T23:46:47.781-0800] GC(20) Compaction Phase 36.873ms
[2020-10-27T23:46:47.781-0800] GC(20) Post Compact
[2020-10-27T23:46:47.782-0800] GC(20) Post Compact 0.413ms
[2020-10-27T23:46:47.782-0800] GC(20) PSYoungGen: 29569K(58368K)->11431K(58368K) Eden: 29569K(29696K)->11431K(29696K) From: 0K(28672K)->0K(28672K)
[2020-10-27T23:46:47.782-0800] GC(20) ParOldGen: 174576K(175104K)->175075K(175104K)
[2020-10-27T23:46:47.782-0800] GC(20) Metaspace: 220K(4864K)->220K(4864K) NonClass: 208K(4352K)->208K(4352K) Class: 12K(512K)->12K(512K)
[2020-10-27T23:46:47.782-0800] GC(20) Pause Full (Ergonomics) 199M->182M(228M) 38.342ms
[2020-10-27T23:46:47.782-0800] GC(20) User=0.17s Sys=0.00s Real=0.04s
[2020-10-27T23:46:47.785-0800] GC(21) Pause Full (Ergonomics)
[2020-10-27T23:46:47.785-0800] GC(21) Marking Phase
[2020-10-27T23:46:47.786-0800] GC(21) Marking Phase 0.611ms
[2020-10-27T23:46:47.786-0800] GC(21) Summary Phase
[2020-10-27T23:46:47.786-0800] GC(21) Summary Phase 0.009ms
[2020-10-27T23:46:47.786-0800] GC(21) Adjust Roots
[2020-10-27T23:46:47.786-0800] GC(21) Adjust Roots 0.148ms
[2020-10-27T23:46:47.786-0800] GC(21) Compaction Phase
[2020-10-27T23:46:47.824-0800] GC(21) Compaction Phase 38.470ms
[2020-10-27T23:46:47.824-0800] GC(21) Post Compact
[2020-10-27T23:46:47.825-0800] GC(21) Post Compact 0.649ms
[2020-10-27T23:46:47.825-0800] GC(21) PSYoungGen: 29566K(58368K)->15235K(58368K) Eden: 29566K(29696K)->15235K(29696K) From: 0K(28672K)->0K(28672K)
[2020-10-27T23:46:47.825-0800] GC(21) ParOldGen: 175075K(175104K)->174887K(175104K)
[2020-10-27T23:46:47.825-0800] GC(21) Metaspace: 220K(4864K)->220K(4864K) NonClass: 208K(4352K)->208K(4352K) Class: 12K(512K)->12K(512K)
[2020-10-27T23:46:47.825-0800] GC(21) Pause Full (Ergonomics) 199M->185M(228M) 40.118ms
[2020-10-27T23:46:47.825-0800] GC(21) User=0.17s Sys=0.01s Real=0.04s
[2020-10-27T23:46:47.827-0800] GC(22) Pause Full (Ergonomics)
[2020-10-27T23:46:47.827-0800] GC(22) Marking Phase
[2020-10-27T23:46:47.828-0800] GC(22) Marking Phase 0.614ms
[2020-10-27T23:46:47.828-0800] GC(22) Summary Phase
[2020-10-27T23:46:47.828-0800] GC(22) Summary Phase 0.009ms
[2020-10-27T23:46:47.828-0800] GC(22) Adjust Roots
[2020-10-27T23:46:47.828-0800] GC(22) Adjust Roots 0.080ms
[2020-10-27T23:46:47.828-0800] GC(22) Compaction Phase
[2020-10-27T23:46:47.877-0800] GC(22) Compaction Phase 48.602ms
[2020-10-27T23:46:47.877-0800] GC(22) Post Compact
[2020-10-27T23:46:47.877-0800] GC(22) Post Compact 0.546ms
[2020-10-27T23:46:47.877-0800] GC(22) PSYoungGen: 29353K(58368K)->19143K(58368K) Eden: 29353K(29696K)->19143K(29696K) From: 0K(28672K)->0K(28672K)
[2020-10-27T23:46:47.877-0800] GC(22) ParOldGen: 174887K(175104K)->174889K(175104K)
[2020-10-27T23:46:47.877-0800] GC(22) Metaspace: 220K(4864K)->220K(4864K) NonClass: 208K(4352K)->208K(4352K) Class: 12K(512K)->12K(512K)
[2020-10-27T23:46:47.877-0800] GC(22) Pause Full (Ergonomics) 199M->189M(228M) 50.088ms
[2020-10-27T23:46:47.877-0800] GC(22) User=0.22s Sys=0.01s Real=0.05s
[2020-10-27T23:46:47.879-0800] GC(23) Pause Full (Ergonomics)
[2020-10-27T23:46:47.879-0800] GC(23) Marking Phase
[2020-10-27T23:46:47.879-0800] GC(23) Marking Phase 0.666ms
[2020-10-27T23:46:47.879-0800] GC(23) Summary Phase
[2020-10-27T23:46:47.879-0800] GC(23) Summary Phase 0.009ms
[2020-10-27T23:46:47.879-0800] GC(23) Adjust Roots
[2020-10-27T23:46:47.879-0800] GC(23) Adjust Roots 0.110ms
[2020-10-27T23:46:47.879-0800] GC(23) Compaction Phase
[2020-10-27T23:46:47.924-0800] GC(23) Compaction Phase 44.468ms
[2020-10-27T23:46:47.924-0800] GC(23) Post Compact
[2020-10-27T23:46:47.925-0800] GC(23) Post Compact 0.584ms
[2020-10-27T23:46:47.925-0800] GC(23) PSYoungGen: 29424K(58368K)->20890K(58368K) Eden: 29424K(29696K)->20890K(29696K) From: 0K(28672K)->0K(28672K)
[2020-10-27T23:46:47.925-0800] GC(23) ParOldGen: 174889K(175104K)->174454K(175104K)
[2020-10-27T23:46:47.925-0800] GC(23) Metaspace: 220K(4864K)->220K(4864K) NonClass: 208K(4352K)->208K(4352K) Class: 12K(512K)->12K(512K)
[2020-10-27T23:46:47.925-0800] GC(23) Pause Full (Ergonomics) 199M->190M(228M) 46.081ms
[2020-10-27T23:46:47.925-0800] GC(23) User=0.19s Sys=0.00s Real=0.05s
[2020-10-27T23:46:47.926-0800] GC(24) Pause Full (Ergonomics)
[2020-10-27T23:46:47.926-0800] GC(24) Marking Phase
[2020-10-27T23:46:47.927-0800] GC(24) Marking Phase 0.790ms
[2020-10-27T23:46:47.927-0800] GC(24) Summary Phase
[2020-10-27T23:46:47.927-0800] GC(24) Summary Phase 0.009ms
[2020-10-27T23:46:47.927-0800] GC(24) Adjust Roots
[2020-10-27T23:46:47.927-0800] GC(24) Adjust Roots 0.130ms
[2020-10-27T23:46:47.927-0800] GC(24) Compaction Phase
[2020-10-27T23:46:47.953-0800] GC(24) Compaction Phase 26.312ms
[2020-10-27T23:46:47.953-0800] GC(24) Post Compact
[2020-10-27T23:46:47.954-0800] GC(24) Post Compact 0.529ms
[2020-10-27T23:46:47.954-0800] GC(24) PSYoungGen: 29284K(58368K)->21477K(58368K) Eden: 29284K(29696K)->21477K(29696K) From: 0K(28672K)->0K(28672K)
[2020-10-27T23:46:47.954-0800] GC(24) ParOldGen: 174454K(175104K)->175038K(175104K)
[2020-10-27T23:46:47.954-0800] GC(24) Metaspace: 220K(4864K)->220K(4864K) NonClass: 208K(4352K)->208K(4352K) Class: 12K(512K)->12K(512K)
[2020-10-27T23:46:47.954-0800] GC(24) Pause Full (Ergonomics) 198M->191M(228M) 28.023ms
[2020-10-27T23:46:47.954-0800] GC(24) User=0.13s Sys=0.00s Real=0.03s
[2020-10-27T23:46:47.955-0800] GC(25) Pause Full (Ergonomics)
[2020-10-27T23:46:47.955-0800] GC(25) Marking Phase
[2020-10-27T23:46:47.956-0800] GC(25) Marking Phase 0.758ms
[2020-10-27T23:46:47.956-0800] GC(25) Summary Phase
[2020-10-27T23:46:47.956-0800] GC(25) Summary Phase 0.008ms
[2020-10-27T23:46:47.956-0800] GC(25) Adjust Roots
[2020-10-27T23:46:47.956-0800] GC(25) Adjust Roots 0.077ms
[2020-10-27T23:46:47.956-0800] GC(25) Compaction Phase
[2020-10-27T23:46:47.995-0800] GC(25) Compaction Phase 38.913ms
[2020-10-27T23:46:47.995-0800] GC(25) Post Compact
[2020-10-27T23:46:47.995-0800] GC(25) Post Compact 0.400ms
[2020-10-27T23:46:47.995-0800] GC(25) PSYoungGen: 29522K(58368K)->24159K(58368K) Eden: 29522K(29696K)->24159K(29696K) From: 0K(28672K)->0K(28672K)
[2020-10-27T23:46:47.995-0800] GC(25) ParOldGen: 175038K(175104K)->174592K(175104K)
[2020-10-27T23:46:47.995-0800] GC(25) Metaspace: 220K(4864K)->220K(4864K) NonClass: 208K(4352K)->208K(4352K) Class: 12K(512K)->12K(512K)
[2020-10-27T23:46:47.995-0800] GC(25) Pause Full (Ergonomics) 199M->194M(228M) 40.361ms
[2020-10-27T23:46:47.995-0800] GC(25) User=0.17s Sys=0.01s Real=0.04s
[2020-10-27T23:46:47.996-0800] GC(26) Pause Full (Ergonomics)
[2020-10-27T23:46:47.996-0800] GC(26) Marking Phase
[2020-10-27T23:46:47.997-0800] GC(26) Marking Phase 0.473ms
[2020-10-27T23:46:47.997-0800] GC(26) Summary Phase
[2020-10-27T23:46:47.997-0800] GC(26) Summary Phase 0.008ms
[2020-10-27T23:46:47.997-0800] GC(26) Adjust Roots
[2020-10-27T23:46:47.997-0800] GC(26) Adjust Roots 0.073ms
[2020-10-27T23:46:47.997-0800] GC(26) Compaction Phase
[2020-10-27T23:46:48.008-0800] GC(26) Compaction Phase 11.559ms
[2020-10-27T23:46:48.008-0800] GC(26) Post Compact
[2020-10-27T23:46:48.009-0800] GC(26) Post Compact 0.403ms
[2020-10-27T23:46:48.009-0800] GC(26) PSYoungGen: 29523K(58368K)->25574K(58368K) Eden: 29523K(29696K)->25574K(29696K) From: 0K(28672K)->0K(28672K)
[2020-10-27T23:46:48.009-0800] GC(26) ParOldGen: 174592K(175104K)->174568K(175104K)
[2020-10-27T23:46:48.009-0800] GC(26) Metaspace: 220K(4864K)->220K(4864K) NonClass: 208K(4352K)->208K(4352K) Class: 12K(512K)->12K(512K)
[2020-10-27T23:46:48.009-0800] GC(26) Pause Full (Ergonomics) 199M->195M(228M) 12.688ms
[2020-10-27T23:46:48.009-0800] GC(26) User=0.04s Sys=0.00s Real=0.01s
[2020-10-27T23:46:48.010-0800] GC(27) Pause Full (Ergonomics)
[2020-10-27T23:46:48.010-0800] GC(27) Marking Phase
[2020-10-27T23:46:48.010-0800] GC(27) Marking Phase 0.621ms
[2020-10-27T23:46:48.010-0800] GC(27) Summary Phase
[2020-10-27T23:46:48.010-0800] GC(27) Summary Phase 0.008ms
[2020-10-27T23:46:48.010-0800] GC(27) Adjust Roots
[2020-10-27T23:46:48.011-0800] GC(27) Adjust Roots 0.092ms
[2020-10-27T23:46:48.011-0800] GC(27) Compaction Phase
[2020-10-27T23:46:48.036-0800] GC(27) Compaction Phase 25.146ms
[2020-10-27T23:46:48.036-0800] GC(27) Post Compact
[2020-10-27T23:46:48.036-0800] GC(27) Post Compact 0.363ms
[2020-10-27T23:46:48.036-0800] GC(27) PSYoungGen: 29243K(58368K)->25841K(58368K) Eden: 29243K(29696K)->25841K(29696K) From: 0K(28672K)->0K(28672K)
[2020-10-27T23:46:48.036-0800] GC(27) ParOldGen: 174568K(175104K)->174729K(175104K)
[2020-10-27T23:46:48.036-0800] GC(27) Metaspace: 220K(4864K)->220K(4864K) NonClass: 208K(4352K)->208K(4352K) Class: 12K(512K)->12K(512K)
[2020-10-27T23:46:48.036-0800] GC(27) Pause Full (Ergonomics) 199M->195M(228M) 26.379ms
[2020-10-27T23:46:48.036-0800] GC(27) User=0.11s Sys=0.00s Real=0.02s
[2020-10-27T23:46:48.037-0800] GC(28) Pause Full (Ergonomics)
[2020-10-27T23:46:48.037-0800] GC(28) Marking Phase
[2020-10-27T23:46:48.037-0800] GC(28) Marking Phase 0.568ms
[2020-10-27T23:46:48.037-0800] GC(28) Summary Phase
[2020-10-27T23:46:48.037-0800] GC(28) Summary Phase 0.008ms
[2020-10-27T23:46:48.037-0800] GC(28) Adjust Roots
[2020-10-27T23:46:48.037-0800] GC(28) Adjust Roots 0.081ms
[2020-10-27T23:46:48.037-0800] GC(28) Compaction Phase
[2020-10-27T23:46:48.054-0800] GC(28) Compaction Phase 16.072ms
[2020-10-27T23:46:48.054-0800] GC(28) Post Compact
[2020-10-27T23:46:48.054-0800] GC(28) Post Compact 0.445ms
[2020-10-27T23:46:48.054-0800] GC(28) PSYoungGen: 29413K(58368K)->25899K(58368K) Eden: 29413K(29696K)->25899K(29696K) From: 0K(28672K)->0K(28672K)
[2020-10-27T23:46:48.054-0800] GC(28) ParOldGen: 174729K(175104K)->174681K(175104K)
[2020-10-27T23:46:48.054-0800] GC(28) Metaspace: 220K(4864K)->220K(4864K) NonClass: 208K(4352K)->208K(4352K) Class: 12K(512K)->12K(512K)
[2020-10-27T23:46:48.054-0800] GC(28) Pause Full (Ergonomics) 199M->195M(228M) 17.339ms
[2020-10-27T23:46:48.054-0800] GC(28) User=0.07s Sys=0.00s Real=0.02s
[2020-10-27T23:46:48.054-0800] GC(29) Pause Full (Ergonomics)
[2020-10-27T23:46:48.055-0800] GC(29) Marking Phase
[2020-10-27T23:46:48.055-0800] GC(29) Marking Phase 0.499ms
[2020-10-27T23:46:48.055-0800] GC(29) Summary Phase
[2020-10-27T23:46:48.055-0800] GC(29) Summary Phase 0.007ms
[2020-10-27T23:46:48.055-0800] GC(29) Adjust Roots
[2020-10-27T23:46:48.055-0800] GC(29) Adjust Roots 0.074ms
[2020-10-27T23:46:48.055-0800] GC(29) Compaction Phase
[2020-10-27T23:46:48.085-0800] GC(29) Compaction Phase 29.493ms
[2020-10-27T23:46:48.085-0800] GC(29) Post Compact
[2020-10-27T23:46:48.085-0800] GC(29) Post Compact 0.407ms
[2020-10-27T23:46:48.085-0800] GC(29) PSYoungGen: 29322K(58368K)->27760K(58368K) Eden: 29322K(29696K)->27760K(29696K) From: 0K(28672K)->0K(28672K)
[2020-10-27T23:46:48.085-0800] GC(29) ParOldGen: 174681K(175104K)->175063K(175104K)
[2020-10-27T23:46:48.085-0800] GC(29) Metaspace: 220K(4864K)->220K(4864K) NonClass: 208K(4352K)->208K(4352K) Class: 12K(512K)->12K(512K)
[2020-10-27T23:46:48.085-0800] GC(29) Pause Full (Ergonomics) 199M->198M(228M) 30.642ms
[2020-10-27T23:46:48.085-0800] GC(29) User=0.12s Sys=0.00s Real=0.03s
[2020-10-27T23:46:48.086-0800] GC(30) Pause Full (Ergonomics)
[2020-10-27T23:46:48.086-0800] GC(30) Marking Phase
[2020-10-27T23:46:48.086-0800] GC(30) Marking Phase 0.724ms
[2020-10-27T23:46:48.086-0800] GC(30) Summary Phase
[2020-10-27T23:46:48.086-0800] GC(30) Summary Phase 0.008ms
[2020-10-27T23:46:48.086-0800] GC(30) Adjust Roots
[2020-10-27T23:46:48.086-0800] GC(30) Adjust Roots 0.087ms
[2020-10-27T23:46:48.086-0800] GC(30) Compaction Phase
[2020-10-27T23:46:48.114-0800] GC(30) Compaction Phase 27.283ms
[2020-10-27T23:46:48.114-0800] GC(30) Post Compact
[2020-10-27T23:46:48.114-0800] GC(30) Post Compact 0.417ms
[2020-10-27T23:46:48.114-0800] GC(30) PSYoungGen: 29628K(58368K)->29122K(58368K) Eden: 29628K(29696K)->29122K(29696K) From: 0K(28672K)->0K(28672K)
[2020-10-27T23:46:48.114-0800] GC(30) ParOldGen: 175063K(175104K)->174573K(175104K)
[2020-10-27T23:46:48.114-0800] GC(30) Metaspace: 220K(4864K)->220K(4864K) NonClass: 208K(4352K)->208K(4352K) Class: 12K(512K)->12K(512K)
[2020-10-27T23:46:48.114-0800] GC(30) Pause Full (Ergonomics) 199M->198M(228M) 28.668ms
[2020-10-27T23:46:48.114-0800] GC(30) User=0.13s Sys=0.01s Real=0.03s
[2020-10-27T23:46:48.114-0800] GC(31) Pause Full (Ergonomics)
[2020-10-27T23:46:48.114-0800] GC(31) Marking Phase
[2020-10-27T23:46:48.115-0800] GC(31) Marking Phase 0.586ms
[2020-10-27T23:46:48.115-0800] GC(31) Summary Phase
[2020-10-27T23:46:48.115-0800] GC(31) Summary Phase 0.008ms
[2020-10-27T23:46:48.115-0800] GC(31) Adjust Roots
[2020-10-27T23:46:48.115-0800] GC(31) Adjust Roots 0.078ms
[2020-10-27T23:46:48.115-0800] GC(31) Compaction Phase
[2020-10-27T23:46:48.150-0800] GC(31) Compaction Phase 35.151ms
[2020-10-27T23:46:48.150-0800] GC(31) Post Compact
[2020-10-27T23:46:48.151-0800] GC(31) Post Compact 0.510ms
[2020-10-27T23:46:48.151-0800] GC(31) PSYoungGen: 29601K(58368K)->28468K(58368K) Eden: 29601K(29696K)->28468K(29696K) From: 0K(28672K)->0K(28672K)
[2020-10-27T23:46:48.151-0800] GC(31) ParOldGen: 174573K(175104K)->175071K(175104K)
[2020-10-27T23:46:48.151-0800] GC(31) Metaspace: 220K(4864K)->220K(4864K) NonClass: 208K(4352K)->208K(4352K) Class: 12K(512K)->12K(512K)
[2020-10-27T23:46:48.151-0800] GC(31) Pause Full (Ergonomics) 199M->198M(228M) 36.513ms
[2020-10-27T23:46:48.151-0800] GC(31) User=0.16s Sys=0.00s Real=0.04s
[2020-10-27T23:46:48.151-0800] GC(32) Pause Full (Ergonomics)
[2020-10-27T23:46:48.151-0800] GC(32) Marking Phase
[2020-10-27T23:46:48.152-0800] GC(32) Marking Phase 0.591ms
[2020-10-27T23:46:48.152-0800] GC(32) Summary Phase
[2020-10-27T23:46:48.152-0800] GC(32) Summary Phase 0.008ms
[2020-10-27T23:46:48.152-0800] GC(32) Adjust Roots
[2020-10-27T23:46:48.152-0800] GC(32) Adjust Roots 0.081ms
[2020-10-27T23:46:48.152-0800] GC(32) Compaction Phase
[2020-10-27T23:46:48.164-0800] GC(32) Compaction Phase 11.684ms
[2020-10-27T23:46:48.164-0800] GC(32) Post Compact
[2020-10-27T23:46:48.164-0800] GC(32) Post Compact 0.699ms
[2020-10-27T23:46:48.164-0800] GC(32) PSYoungGen: 29610K(58368K)->29303K(58368K) Eden: 29610K(29696K)->29303K(29696K) From: 0K(28672K)->0K(28672K)
[2020-10-27T23:46:48.164-0800] GC(32) ParOldGen: 175071K(175104K)->175032K(175104K)
[2020-10-27T23:46:48.164-0800] GC(32) Metaspace: 220K(4864K)->220K(4864K) NonClass: 208K(4352K)->208K(4352K) Class: 12K(512K)->12K(512K)
[2020-10-27T23:46:48.165-0800] GC(32) Pause Full (Ergonomics) 199M->199M(228M) 13.276ms
[2020-10-27T23:46:48.165-0800] GC(32) User=0.05s Sys=0.00s Real=0.01s
[2020-10-27T23:46:48.165-0800] GC(33) Pause Full (Ergonomics)
[2020-10-27T23:46:48.165-0800] GC(33) Marking Phase
[2020-10-27T23:46:48.165-0800] GC(33) Marking Phase 0.475ms
[2020-10-27T23:46:48.165-0800] GC(33) Summary Phase
[2020-10-27T23:46:48.165-0800] GC(33) Summary Phase 0.008ms
[2020-10-27T23:46:48.165-0800] GC(33) Adjust Roots
[2020-10-27T23:46:48.165-0800] GC(33) Adjust Roots 0.087ms
[2020-10-27T23:46:48.165-0800] GC(33) Compaction Phase
[2020-10-27T23:46:48.167-0800] GC(33) Compaction Phase 1.919ms
[2020-10-27T23:46:48.167-0800] GC(33) Post Compact
[2020-10-27T23:46:48.168-0800] GC(33) Post Compact 0.563ms
[2020-10-27T23:46:48.168-0800] GC(33) PSYoungGen: 29696K(58368K)->29304K(58368K) Eden: 29696K(29696K)->29304K(29696K) From: 0K(28672K)->0K(28672K)
[2020-10-27T23:46:48.168-0800] GC(33) ParOldGen: 175032K(175104K)->175032K(175104K)
[2020-10-27T23:46:48.168-0800] GC(33) Metaspace: 220K(4864K)->220K(4864K) NonClass: 208K(4352K)->208K(4352K) Class: 12K(512K)->12K(512K)
[2020-10-27T23:46:48.168-0800] GC(33) Pause Full (Ergonomics) 199M->199M(228M) 3.204ms
[2020-10-27T23:46:48.168-0800] GC(33) User=0.01s Sys=0.00s Real=0.00s
[2020-10-27T23:46:48.168-0800] GC(34) Pause Full (Ergonomics)
[2020-10-27T23:46:48.168-0800] GC(34) Marking Phase
[2020-10-27T23:46:48.169-0800] GC(34) Marking Phase 0.597ms
[2020-10-27T23:46:48.169-0800] GC(34) Summary Phase
[2020-10-27T23:46:48.169-0800] GC(34) Summary Phase 0.009ms
[2020-10-27T23:46:48.169-0800] GC(34) Adjust Roots
[2020-10-27T23:46:48.169-0800] GC(34) Adjust Roots 0.112ms
[2020-10-27T23:46:48.169-0800] GC(34) Compaction Phase
[2020-10-27T23:46:48.169-0800] GC(34) Compaction Phase 0.704ms
[2020-10-27T23:46:48.170-0800] GC(34) Post Compact
[2020-10-27T23:46:48.170-0800] GC(34) Post Compact 0.573ms
[2020-10-27T23:46:48.170-0800] GC(34) PSYoungGen: 29424K(58368K)->29295K(58368K) Eden: 29424K(29696K)->29295K(29696K) From: 0K(28672K)->0K(28672K)
[2020-10-27T23:46:48.170-0800] GC(34) ParOldGen: 175032K(175104K)->175032K(175104K)
[2020-10-27T23:46:48.170-0800] GC(34) Metaspace: 220K(4864K)->220K(4864K) NonClass: 208K(4352K)->208K(4352K) Class: 12K(512K)->12K(512K)
[2020-10-27T23:46:48.170-0800] GC(34) Pause Full (Ergonomics) 199M->199M(228M) 2.134ms
[2020-10-27T23:46:48.170-0800] GC(34) User=0.00s Sys=0.00s Real=0.01s
[2020-10-27T23:46:48.170-0800] GC(35) Pause Full (Allocation Failure)
[2020-10-27T23:46:48.170-0800] GC(35) Marking Phase
[2020-10-27T23:46:48.171-0800] GC(35) Marking Phase 0.648ms
[2020-10-27T23:46:48.171-0800] GC(35) Summary Phase
[2020-10-27T23:46:48.171-0800] GC(35) Summary Phase 0.008ms
[2020-10-27T23:46:48.171-0800] GC(35) Adjust Roots
[2020-10-27T23:46:48.171-0800] GC(35) Adjust Roots 0.222ms
[2020-10-27T23:46:48.171-0800] GC(35) Compaction Phase
[2020-10-27T23:46:48.193-0800] GC(35) Compaction Phase 22.254ms
[2020-10-27T23:46:48.193-0800] GC(35) Post Compact
[2020-10-27T23:46:48.194-0800] GC(35) Post Compact 0.510ms
[2020-10-27T23:46:48.194-0800] GC(35) PSYoungGen: 29295K(58368K)->29295K(58368K) Eden: 29295K(29696K)->29295K(29696K) From: 0K(28672K)->0K(28672K)
[2020-10-27T23:46:48.194-0800] GC(35) ParOldGen: 175032K(175104K)->175020K(175104K)
[2020-10-27T23:46:48.194-0800] GC(35) Metaspace: 220K(4864K)->220K(4864K) NonClass: 208K(4352K)->208K(4352K) Class: 12K(512K)->12K(512K)
[2020-10-27T23:46:48.194-0800] GC(35) Pause Full (Allocation Failure) 199M->199M(228M) 23.841ms
[2020-10-27T23:46:48.194-0800] GC(35) User=0.10s Sys=0.01s Real=0.02s
[2020-10-27T23:46:48.195-0800] Heap
[2020-10-27T23:46:48.195-0800]  PSYoungGen      total 58368K, used 29696K [0x00000007fab00000, 0x0000000800000000, 0x0000000800000000)
[2020-10-27T23:46:48.195-0800]   eden space 29696K, 100% used [0x00000007fab00000,0x00000007fc800000,0x00000007fc800000)
[2020-10-27T23:46:48.195-0800]   from space 28672K, 0% used [0x00000007fe400000,0x00000007fe400000,0x0000000800000000)
[2020-10-27T23:46:48.195-0800]   to   space 28672K, 0% used [0x00000007fc800000,0x00000007fc800000,0x00000007fe400000)
[2020-10-27T23:46:48.195-0800]  ParOldGen       total 175104K, used 175020K [0x00000007f0000000, 0x00000007fab00000, 0x00000007fab00000)
[2020-10-27T23:46:48.195-0800]   object space 175104K, 99% used [0x00000007f0000000,0x00000007faaeb100,0x00000007fab00000)
[2020-10-27T23:46:48.195-0800]  Metaspace       used 228K, capacity 4490K, committed 4864K, reserved 1056768K
[2020-10-27T23:46:48.195-0800]   class space    used 13K, capacity 386K, committed 512K, reserved 1048576K
