[2020-10-27T23:46:53.301-0800] Using Parallel
[2020-10-27T23:46:53.303-0800] Version: 15.0.1+9-18 (release)
[2020-10-27T23:46:53.303-0800] CPUs: 8 total, 8 available
[2020-10-27T23:46:53.303-0800] Memory: 16384M
[2020-10-27T23:46:53.303-0800] Large Page Support: Disabled
[2020-10-27T23:46:53.303-0800] NUMA Support: Disabled
[2020-10-27T23:46:53.303-0800] Compressed Oops: Enabled (Zero based)
[2020-10-27T23:46:53.303-0800] Heap Min Capacity: 1G
[2020-10-27T23:46:53.303-0800] Heap Initial Capacity: 1G
[2020-10-27T23:46:53.303-0800] Heap Max Capacity: 1G
[2020-10-27T23:46:53.303-0800] Pre-touch: Disabled
[2020-10-27T23:46:53.303-0800] Parallel Workers: 8
[2020-10-27T23:46:53.303-0800] CDS archive(s) mapped at: [0x0000000800000000-0x0000000800b2b000-0x0000000800b2b000), size 11710464, SharedBaseAddress: 0x0000000800000000, ArchiveRelocationMode: 0.
[2020-10-27T23:46:53.303-0800] Compressed class space mapped at: 0x0000000800b2c000-0x0000000840b2c000, size: 1073741824
[2020-10-27T23:46:53.303-0800] Narrow klass base: 0x0000000800000000, Narrow klass shift: 3, Narrow klass range: 0x100000000
[2020-10-27T23:46:53.440-0800] GC(0) Pause Young (Allocation Failure)
[2020-10-27T23:46:53.466-0800] GC(0) PSYoungGen: 262144K(305664K)->43509K(305664K) Eden: 262144K(262144K)->0K(262144K) From: 0K(43520K)->43509K(43520K)
[2020-10-27T23:46:53.466-0800] GC(0) ParOldGen: 0K(699392K)->42910K(699392K)
[2020-10-27T23:46:53.466-0800] GC(0) Metaspace: 221K(4864K)->221K(4864K) NonClass: 209K(4352K)->209K(4352K) Class: 12K(512K)->12K(512K)
[2020-10-27T23:46:53.466-0800] GC(0) Pause Young (Allocation Failure) 256M->84M(981M) 25.512ms
[2020-10-27T23:46:53.466-0800] GC(0) User=0.03s Sys=0.14s Real=0.02s
[2020-10-27T23:46:53.506-0800] GC(1) Pause Young (Allocation Failure)
[2020-10-27T23:46:53.543-0800] GC(1) PSYoungGen: 305653K(305664K)->43511K(305664K) Eden: 262144K(262144K)->0K(262144K) From: 43509K(43520K)->43511K(43520K)
[2020-10-27T23:46:53.543-0800] GC(1) ParOldGen: 42910K(699392K)->126645K(699392K)
[2020-10-27T23:46:53.543-0800] GC(1) Metaspace: 221K(4864K)->221K(4864K) NonClass: 209K(4352K)->209K(4352K) Class: 12K(512K)->12K(512K)
[2020-10-27T23:46:53.543-0800] GC(1) Pause Young (Allocation Failure) 340M->166M(981M) 37.363ms
[2020-10-27T23:46:53.543-0800] GC(1) User=0.04s Sys=0.21s Real=0.04s
[2020-10-27T23:46:53.576-0800] GC(2) Pause Young (Allocation Failure)
[2020-10-27T23:46:53.610-0800] GC(2) PSYoungGen: 305655K(305664K)->43515K(305664K) Eden: 262144K(262144K)->0K(262144K) From: 43511K(43520K)->43515K(43520K)
[2020-10-27T23:46:53.610-0800] GC(2) ParOldGen: 126645K(699392K)->213119K(699392K)
[2020-10-27T23:46:53.610-0800] GC(2) Metaspace: 221K(4864K)->221K(4864K) NonClass: 209K(4352K)->209K(4352K) Class: 12K(512K)->12K(512K)
[2020-10-27T23:46:53.610-0800] GC(2) Pause Young (Allocation Failure) 422M->250M(981M) 34.177ms
[2020-10-27T23:46:53.610-0800] GC(2) User=0.08s Sys=0.13s Real=0.04s
[2020-10-27T23:46:53.644-0800] GC(3) Pause Young (Allocation Failure)
[2020-10-27T23:46:53.673-0800] GC(3) PSYoungGen: 305659K(305664K)->43513K(305664K) Eden: 262144K(262144K)->0K(262144K) From: 43515K(43520K)->43513K(43520K)
[2020-10-27T23:46:53.673-0800] GC(3) ParOldGen: 213119K(699392K)->284717K(699392K)
[2020-10-27T23:46:53.673-0800] GC(3) Metaspace: 221K(4864K)->221K(4864K) NonClass: 209K(4352K)->209K(4352K) Class: 12K(512K)->12K(512K)
[2020-10-27T23:46:53.673-0800] GC(3) Pause Young (Allocation Failure) 506M->320M(981M) 28.451ms
[2020-10-27T23:46:53.673-0800] GC(3) User=0.08s Sys=0.12s Real=0.03s
[2020-10-27T23:46:53.708-0800] GC(4) Pause Young (Allocation Failure)
[2020-10-27T23:46:53.740-0800] GC(4) PSYoungGen: 305657K(305664K)->43505K(305664K) Eden: 262144K(262144K)->0K(262144K) From: 43513K(43520K)->43505K(43520K)
[2020-10-27T23:46:53.740-0800] GC(4) ParOldGen: 284717K(699392K)->364824K(699392K)
[2020-10-27T23:46:53.740-0800] GC(4) Metaspace: 221K(4864K)->221K(4864K) NonClass: 209K(4352K)->209K(4352K) Class: 12K(512K)->12K(512K)
[2020-10-27T23:46:53.740-0800] GC(4) Pause Young (Allocation Failure) 576M->398M(981M) 31.284ms
[2020-10-27T23:46:53.740-0800] GC(4) User=0.08s Sys=0.14s Real=0.04s
[2020-10-27T23:46:53.774-0800] GC(5) Pause Young (Allocation Failure)
[2020-10-27T23:46:53.805-0800] GC(5) PSYoungGen: 305649K(305664K)->43513K(160256K) Eden: 262144K(262144K)->0K(116736K) From: 43505K(43520K)->43513K(43520K)
[2020-10-27T23:46:53.805-0800] GC(5) ParOldGen: 364824K(699392K)->444329K(699392K)
[2020-10-27T23:46:53.805-0800] GC(5) Metaspace: 221K(4864K)->221K(4864K) NonClass: 209K(4352K)->209K(4352K) Class: 12K(512K)->12K(512K)
[2020-10-27T23:46:53.805-0800] GC(5) Pause Young (Allocation Failure) 654M->476M(839M) 31.299ms
[2020-10-27T23:46:53.805-0800] GC(5) User=0.08s Sys=0.13s Real=0.03s
[2020-10-27T23:46:53.820-0800] GC(6) Pause Young (Allocation Failure)
[2020-10-27T23:46:53.836-0800] GC(6) PSYoungGen: 160249K(160256K)->76369K(232960K) Eden: 116736K(116736K)->0K(116736K) From: 43513K(43520K)->76369K(116224K)
[2020-10-27T23:46:53.836-0800] GC(6) ParOldGen: 444329K(699392K)->451723K(699392K)
[2020-10-27T23:46:53.836-0800] GC(6) Metaspace: 221K(4864K)->221K(4864K) NonClass: 209K(4352K)->209K(4352K) Class: 12K(512K)->12K(512K)
[2020-10-27T23:46:53.836-0800] GC(6) Pause Young (Allocation Failure) 590M->515M(910M) 15.546ms
[2020-10-27T23:46:53.836-0800] GC(6) User=0.09s Sys=0.01s Real=0.01s
[2020-10-27T23:46:53.852-0800] GC(7) Pause Young (Allocation Failure)
[2020-10-27T23:46:53.873-0800] GC(7) PSYoungGen: 192936K(232960K)->107807K(232960K) Eden: 116567K(116736K)->0K(116736K) From: 76369K(116224K)->107807K(116224K)
[2020-10-27T23:46:53.873-0800] GC(7) ParOldGen: 451723K(699392K)->458308K(699392K)
[2020-10-27T23:46:53.873-0800] GC(7) Metaspace: 221K(4864K)->221K(4864K) NonClass: 209K(4352K)->209K(4352K) Class: 12K(512K)->12K(512K)
[2020-10-27T23:46:53.873-0800] GC(7) Pause Young (Allocation Failure) 629M->552M(910M) 21.068ms
[2020-10-27T23:46:53.873-0800] GC(7) User=0.12s Sys=0.01s Real=0.02s
[2020-10-27T23:46:53.889-0800] GC(8) Pause Young (Allocation Failure)
[2020-10-27T23:46:53.916-0800] GC(8) PSYoungGen: 224543K(232960K)->116212K(232960K) Eden: 116736K(116736K)->0K(116736K) From: 107807K(116224K)->116212K(116224K)
[2020-10-27T23:46:53.916-0800] GC(8) ParOldGen: 458308K(699392K)->478301K(699392K)
[2020-10-27T23:46:53.916-0800] GC(8) Metaspace: 221K(4864K)->221K(4864K) NonClass: 209K(4352K)->209K(4352K) Class: 12K(512K)->12K(512K)
[2020-10-27T23:46:53.916-0800] GC(8) Pause Young (Allocation Failure) 666M->580M(910M) 27.227ms
[2020-10-27T23:46:53.916-0800] GC(8) User=0.14s Sys=0.03s Real=0.03s
[2020-10-27T23:46:53.932-0800] GC(9) Pause Young (Allocation Failure)
[2020-10-27T23:46:53.967-0800] GC(9) PSYoungGen: 232948K(232960K)->80485K(232960K) Eden: 116736K(116736K)->0K(116736K) From: 116212K(116224K)->80485K(116224K)
[2020-10-27T23:46:53.967-0800] GC(9) ParOldGen: 478301K(699392K)->545767K(699392K)
[2020-10-27T23:46:53.967-0800] GC(9) Metaspace: 221K(4864K)->221K(4864K) NonClass: 209K(4352K)->209K(4352K) Class: 12K(512K)->12K(512K)
[2020-10-27T23:46:53.967-0800] GC(9) Pause Young (Allocation Failure) 694M->611M(910M) 35.126ms
[2020-10-27T23:46:53.967-0800] GC(9) User=0.07s Sys=0.10s Real=0.03s
[2020-10-27T23:46:53.982-0800] GC(10) Pause Young (Allocation Failure)
[2020-10-27T23:46:54.009-0800] GC(10) PSYoungGen: 197221K(232960K)->42169K(232960K) Eden: 116736K(116736K)->0K(116736K) From: 80485K(116224K)->42169K(116224K)
[2020-10-27T23:46:54.009-0800] GC(10) ParOldGen: 545767K(699392K)->610487K(699392K)
[2020-10-27T23:46:54.009-0800] GC(10) Metaspace: 221K(4864K)->221K(4864K) NonClass: 209K(4352K)->209K(4352K) Class: 12K(512K)->12K(512K)
[2020-10-27T23:46:54.009-0800] GC(10) Pause Young (Allocation Failure) 725M->637M(910M) 27.403ms
[2020-10-27T23:46:54.009-0800] GC(10) User=0.05s Sys=0.11s Real=0.02s
[2020-10-27T23:46:54.009-0800] GC(11) Pause Full (Ergonomics)
[2020-10-27T23:46:54.009-0800] GC(11) Marking Phase
[2020-10-27T23:46:54.014-0800] GC(11) Marking Phase 4.677ms
[2020-10-27T23:46:54.014-0800] GC(11) Summary Phase
[2020-10-27T23:46:54.014-0800] GC(11) Summary Phase 0.022ms
[2020-10-27T23:46:54.014-0800] GC(11) Adjust Roots
[2020-10-27T23:46:54.014-0800] GC(11) Adjust Roots 0.276ms
[2020-10-27T23:46:54.014-0800] GC(11) Compaction Phase
[2020-10-27T23:46:54.074-0800] GC(11) Compaction Phase 59.287ms
[2020-10-27T23:46:54.074-0800] GC(11) Post Compact
[2020-10-27T23:46:54.077-0800] GC(11) Post Compact 3.721ms
[2020-10-27T23:46:54.077-0800] GC(11) PSYoungGen: 42169K(232960K)->0K(232960K) Eden: 0K(116736K)->0K(116736K) From: 42169K(116224K)->0K(116224K)
[2020-10-27T23:46:54.077-0800] GC(11) ParOldGen: 610487K(699392K)->318734K(699392K)
[2020-10-27T23:46:54.077-0800] GC(11) Metaspace: 221K(4864K)->221K(4864K) NonClass: 209K(4352K)->209K(4352K) Class: 12K(512K)->12K(512K)
[2020-10-27T23:46:54.077-0800] GC(11) Pause Full (Ergonomics) 637M->311M(910M) 68.188ms
[2020-10-27T23:46:54.077-0800] GC(11) User=0.34s Sys=0.02s Real=0.07s
[2020-10-27T23:46:54.094-0800] GC(12) Pause Young (Allocation Failure)
[2020-10-27T23:46:54.104-0800] GC(12) PSYoungGen: 116736K(232960K)->45071K(232960K) Eden: 116736K(116736K)->0K(116736K) From: 0K(116224K)->45071K(116224K)
[2020-10-27T23:46:54.104-0800] GC(12) ParOldGen: 318734K(699392K)->318734K(699392K)
[2020-10-27T23:46:54.104-0800] GC(12) Metaspace: 221K(4864K)->221K(4864K) NonClass: 209K(4352K)->209K(4352K) Class: 12K(512K)->12K(512K)
[2020-10-27T23:46:54.104-0800] GC(12) Pause Young (Allocation Failure) 425M->355M(910M) 9.632ms
[2020-10-27T23:46:54.104-0800] GC(12) User=0.05s Sys=0.00s Real=0.01s
[2020-10-27T23:46:54.121-0800] GC(13) Pause Young (Allocation Failure)
[2020-10-27T23:46:54.136-0800] GC(13) PSYoungGen: 161807K(232960K)->40140K(232960K) Eden: 116736K(116736K)->0K(116736K) From: 45071K(116224K)->40140K(116224K)
[2020-10-27T23:46:54.136-0800] GC(13) ParOldGen: 318734K(699392K)->358631K(699392K)
[2020-10-27T23:46:54.136-0800] GC(13) Metaspace: 221K(4864K)->221K(4864K) NonClass: 209K(4352K)->209K(4352K) Class: 12K(512K)->12K(512K)
[2020-10-27T23:46:54.136-0800] GC(13) Pause Young (Allocation Failure) 469M->389M(910M) 14.697ms
[2020-10-27T23:46:54.136-0800] GC(13) User=0.09s Sys=0.01s Real=0.01s
[2020-10-27T23:46:54.152-0800] GC(14) Pause Young (Allocation Failure)
[2020-10-27T23:46:54.166-0800] GC(14) PSYoungGen: 156400K(232960K)->41803K(232960K) Eden: 116260K(116736K)->0K(116736K) From: 40140K(116224K)->41803K(116224K)
[2020-10-27T23:46:54.166-0800] GC(14) ParOldGen: 358631K(699392K)->392677K(699392K)
[2020-10-27T23:46:54.166-0800] GC(14) Metaspace: 221K(4864K)->221K(4864K) NonClass: 209K(4352K)->209K(4352K) Class: 12K(512K)->12K(512K)
[2020-10-27T23:46:54.166-0800] GC(14) Pause Young (Allocation Failure) 502M->424M(910M) 14.315ms
[2020-10-27T23:46:54.166-0800] GC(14) User=0.08s Sys=0.00s Real=0.01s
[2020-10-27T23:46:54.181-0800] GC(15) Pause Young (Allocation Failure)
[2020-10-27T23:46:54.197-0800] GC(15) PSYoungGen: 158539K(232960K)->48268K(232960K) Eden: 116736K(116736K)->0K(116736K) From: 41803K(116224K)->48268K(116224K)
[2020-10-27T23:46:54.197-0800] GC(15) ParOldGen: 392677K(699392K)->431021K(699392K)
[2020-10-27T23:46:54.197-0800] GC(15) Metaspace: 221K(4864K)->221K(4864K) NonClass: 209K(4352K)->209K(4352K) Class: 12K(512K)->12K(512K)
[2020-10-27T23:46:54.197-0800] GC(15) Pause Young (Allocation Failure) 538M->468M(910M) 16.295ms
[2020-10-27T23:46:54.197-0800] GC(15) User=0.10s Sys=0.00s Real=0.01s
[2020-10-27T23:46:54.213-0800] GC(16) Pause Young (Allocation Failure)
[2020-10-27T23:46:54.227-0800] GC(16) PSYoungGen: 164419K(232960K)->40600K(232960K) Eden: 116151K(116736K)->0K(116736K) From: 48268K(116224K)->40600K(116224K)
[2020-10-27T23:46:54.227-0800] GC(16) ParOldGen: 431021K(699392K)->470385K(699392K)
[2020-10-27T23:46:54.227-0800] GC(16) Metaspace: 221K(4864K)->221K(4864K) NonClass: 209K(4352K)->209K(4352K) Class: 12K(512K)->12K(512K)
[2020-10-27T23:46:54.227-0800] GC(16) Pause Young (Allocation Failure) 581M->499M(910M) 14.150ms
[2020-10-27T23:46:54.227-0800] GC(16) User=0.10s Sys=0.00s Real=0.01s
[2020-10-27T23:46:54.242-0800] GC(17) Pause Young (Allocation Failure)
[2020-10-27T23:46:54.258-0800] GC(17) PSYoungGen: 157336K(232960K)->47652K(232960K) Eden: 116736K(116736K)->0K(116736K) From: 40600K(116224K)->47652K(116224K)
[2020-10-27T23:46:54.258-0800] GC(17) ParOldGen: 470385K(699392K)->507176K(699392K)
[2020-10-27T23:46:54.258-0800] GC(17) Metaspace: 221K(4864K)->221K(4864K) NonClass: 209K(4352K)->209K(4352K) Class: 12K(512K)->12K(512K)
[2020-10-27T23:46:54.258-0800] GC(17) Pause Young (Allocation Failure) 613M->541M(910M) 15.445ms
[2020-10-27T23:46:54.258-0800] GC(17) User=0.10s Sys=0.00s Real=0.01s
[2020-10-27T23:46:54.273-0800] GC(18) Pause Young (Allocation Failure)
[2020-10-27T23:46:54.288-0800] GC(18) PSYoungGen: 164388K(232960K)->44317K(232960K) Eden: 116736K(116736K)->0K(116736K) From: 47652K(116224K)->44317K(116224K)
[2020-10-27T23:46:54.288-0800] GC(18) ParOldGen: 507176K(699392K)->549226K(699392K)
[2020-10-27T23:46:54.288-0800] GC(18) Metaspace: 221K(4864K)->221K(4864K) NonClass: 209K(4352K)->209K(4352K) Class: 12K(512K)->12K(512K)
[2020-10-27T23:46:54.288-0800] GC(18) Pause Young (Allocation Failure) 655M->579M(910M) 15.239ms
[2020-10-27T23:46:54.288-0800] GC(18) User=0.10s Sys=0.00s Real=0.01s
[2020-10-27T23:46:54.302-0800] GC(19) Pause Young (Allocation Failure)
[2020-10-27T23:46:54.317-0800] GC(19) PSYoungGen: 161053K(232960K)->40307K(232960K) Eden: 116736K(116736K)->0K(116736K) From: 44317K(116224K)->40307K(116224K)
[2020-10-27T23:46:54.317-0800] GC(19) ParOldGen: 549226K(699392K)->586951K(699392K)
[2020-10-27T23:46:54.317-0800] GC(19) Metaspace: 221K(4864K)->221K(4864K) NonClass: 209K(4352K)->209K(4352K) Class: 12K(512K)->12K(512K)
[2020-10-27T23:46:54.317-0800] GC(19) Pause Young (Allocation Failure) 693M->612M(910M) 14.277ms
[2020-10-27T23:46:54.317-0800] GC(19) User=0.10s Sys=0.00s Real=0.01s
[2020-10-27T23:46:54.334-0800] Heap
[2020-10-27T23:46:54.334-0800]  PSYoungGen      total 232960K, used 111224K [0x00000007eab00000, 0x0000000800000000, 0x0000000800000000)
[2020-10-27T23:46:54.334-0800]   eden space 116736K, 60% used [0x00000007eab00000,0x00000007ef041500,0x00000007f1d00000)
[2020-10-27T23:46:54.334-0800]   from space 116224K, 34% used [0x00000007f8e80000,0x00000007fb5dcca8,0x0000000800000000)
[2020-10-27T23:46:54.334-0800]   to   space 116224K, 0% used [0x00000007f1d00000,0x00000007f1d00000,0x00000007f8e80000)
[2020-10-27T23:46:54.334-0800]  ParOldGen       total 699392K, used 586951K [0x00000007c0000000, 0x00000007eab00000, 0x00000007eab00000)
[2020-10-27T23:46:54.334-0800]   object space 699392K, 83% used [0x00000007c0000000,0x00000007e3d31e70,0x00000007eab00000)
[2020-10-27T23:46:54.334-0800]  Metaspace       used 341K, capacity 4508K, committed 4864K, reserved 1056768K
[2020-10-27T23:46:54.334-0800]   class space    used 25K, capacity 392K, committed 512K, reserved 1048576K
