[2020-10-27T23:46:45.403-0800] Using Parallel
[2020-10-27T23:46:45.403-0800] Version: 15.0.1+9-18 (release)
[2020-10-27T23:46:45.403-0800] CPUs: 8 total, 8 available
[2020-10-27T23:46:45.403-0800] Memory: 16384M
[2020-10-27T23:46:45.403-0800] Large Page Support: Disabled
[2020-10-27T23:46:45.403-0800] NUMA Support: Disabled
[2020-10-27T23:46:45.403-0800] Compressed Oops: Enabled (Zero based)
[2020-10-27T23:46:45.403-0800] Heap Min Capacity: 128M
[2020-10-27T23:46:45.403-0800] Heap Initial Capacity: 128M
[2020-10-27T23:46:45.403-0800] Heap Max Capacity: 128M
[2020-10-27T23:46:45.403-0800] Pre-touch: Disabled
[2020-10-27T23:46:45.403-0800] Parallel Workers: 8
[2020-10-27T23:46:45.403-0800] CDS archive(s) mapped at: [0x0000000800000000-0x0000000800b2b000-0x0000000800b2b000), size 11710464, SharedBaseAddress: 0x0000000800000000, ArchiveRelocationMode: 0.
[2020-10-27T23:46:45.403-0800] Compressed class space mapped at: 0x0000000800b2c000-0x0000000840b2c000, size: 1073741824
[2020-10-27T23:46:45.403-0800] Narrow klass base: 0x0000000800000000, Narrow klass shift: 3, Narrow klass range: 0x100000000
[2020-10-27T23:46:45.450-0800] GC(0) Pause Young (Allocation Failure)
[2020-10-27T23:46:45.455-0800] GC(0) PSYoungGen: 32627K(38400K)->5110K(38400K) Eden: 32627K(33280K)->0K(33280K) From: 0K(5120K)->5110K(5120K)
[2020-10-27T23:46:45.455-0800] GC(0) ParOldGen: 0K(87552K)->6961K(87552K)
[2020-10-27T23:46:45.455-0800] GC(0) Metaspace: 206K(4864K)->206K(4864K) NonClass: 194K(4352K)->194K(4352K) Class: 12K(512K)->12K(512K)
[2020-10-27T23:46:45.455-0800] GC(0) Pause Young (Allocation Failure) 31M->11M(123M) 5.254ms
[2020-10-27T23:46:45.455-0800] GC(0) User=0.01s Sys=0.00s Real=0.00s
[2020-10-27T23:46:45.463-0800] GC(1) Pause Young (Allocation Failure)
[2020-10-27T23:46:45.469-0800] GC(1) PSYoungGen: 37790K(38400K)->5105K(38400K) Eden: 32679K(33280K)->0K(33280K) From: 5110K(5120K)->5105K(5120K)
[2020-10-27T23:46:45.470-0800] GC(1) ParOldGen: 6961K(87552K)->18369K(87552K)
[2020-10-27T23:46:45.470-0800] GC(1) Metaspace: 211K(4864K)->211K(4864K) NonClass: 199K(4352K)->199K(4352K) Class: 12K(512K)->12K(512K)
[2020-10-27T23:46:45.470-0800] GC(1) Pause Young (Allocation Failure) 43M->22M(123M) 6.786ms
[2020-10-27T23:46:45.470-0800] GC(1) User=0.01s Sys=0.01s Real=0.01s
[2020-10-27T23:46:45.476-0800] GC(2) Pause Young (Allocation Failure)
[2020-10-27T23:46:45.484-0800] GC(2) PSYoungGen: 38051K(38400K)->5096K(38400K) Eden: 32945K(33280K)->0K(33280K) From: 5105K(5120K)->5096K(5120K)
[2020-10-27T23:46:45.484-0800] GC(2) ParOldGen: 18369K(87552K)->33732K(87552K)
[2020-10-27T23:46:45.484-0800] GC(2) Metaspace: 220K(4864K)->220K(4864K) NonClass: 208K(4352K)->208K(4352K) Class: 12K(512K)->12K(512K)
[2020-10-27T23:46:45.484-0800] GC(2) Pause Young (Allocation Failure) 55M->37M(123M) 8.364ms
[2020-10-27T23:46:45.485-0800] GC(2) User=0.01s Sys=0.01s Real=0.01s
[2020-10-27T23:46:45.491-0800] GC(3) Pause Young (Allocation Failure)
[2020-10-27T23:46:45.498-0800] GC(3) PSYoungGen: 38110K(38400K)->5111K(38400K) Eden: 33013K(33280K)->0K(33280K) From: 5096K(5120K)->5111K(5120K)
[2020-10-27T23:46:45.498-0800] GC(3) ParOldGen: 33732K(87552K)->48558K(87552K)
[2020-10-27T23:46:45.498-0800] GC(3) Metaspace: 220K(4864K)->220K(4864K) NonClass: 208K(4352K)->208K(4352K) Class: 12K(512K)->12K(512K)
[2020-10-27T23:46:45.498-0800] GC(3) Pause Young (Allocation Failure) 70M->52M(123M) 6.788ms
[2020-10-27T23:46:45.498-0800] GC(3) User=0.01s Sys=0.00s Real=0.00s
[2020-10-27T23:46:45.504-0800] GC(4) Pause Young (Allocation Failure)
[2020-10-27T23:46:45.511-0800] GC(4) PSYoungGen: 38391K(38400K)->5109K(38400K) Eden: 33280K(33280K)->0K(33280K) From: 5111K(5120K)->5109K(5120K)
[2020-10-27T23:46:45.511-0800] GC(4) ParOldGen: 48558K(87552K)->63474K(87552K)
[2020-10-27T23:46:45.511-0800] GC(4) Metaspace: 220K(4864K)->220K(4864K) NonClass: 208K(4352K)->208K(4352K) Class: 12K(512K)->12K(512K)
[2020-10-27T23:46:45.511-0800] GC(4) Pause Young (Allocation Failure) 84M->66M(123M) 6.791ms
[2020-10-27T23:46:45.511-0800] GC(4) User=0.01s Sys=0.01s Real=0.01s
[2020-10-27T23:46:45.517-0800] GC(5) Pause Young (Allocation Failure)
[2020-10-27T23:46:45.524-0800] GC(5) PSYoungGen: 38292K(38400K)->5117K(19968K) Eden: 33183K(33280K)->0K(14848K) From: 5109K(5120K)->5117K(5120K)
[2020-10-27T23:46:45.524-0800] GC(5) ParOldGen: 63474K(87552K)->77746K(87552K)
[2020-10-27T23:46:45.524-0800] GC(5) Metaspace: 220K(4864K)->220K(4864K) NonClass: 208K(4352K)->208K(4352K) Class: 12K(512K)->12K(512K)
[2020-10-27T23:46:45.524-0800] GC(5) Pause Young (Allocation Failure) 99M->80M(105M) 6.680ms
[2020-10-27T23:46:45.524-0800] GC(5) User=0.01s Sys=0.00s Real=0.01s
[2020-10-27T23:46:45.524-0800] GC(6) Pause Full (Ergonomics)
[2020-10-27T23:46:45.524-0800] GC(6) Marking Phase
[2020-10-27T23:46:45.525-0800] GC(6) Marking Phase 1.038ms
[2020-10-27T23:46:45.525-0800] GC(6) Summary Phase
[2020-10-27T23:46:45.525-0800] GC(6) Summary Phase 0.009ms
[2020-10-27T23:46:45.525-0800] GC(6) Adjust Roots
[2020-10-27T23:46:45.525-0800] GC(6) Adjust Roots 0.268ms
[2020-10-27T23:46:45.525-0800] GC(6) Compaction Phase
[2020-10-27T23:46:45.542-0800] GC(6) Compaction Phase 16.848ms
[2020-10-27T23:46:45.542-0800] GC(6) Post Compact
[2020-10-27T23:46:45.542-0800] GC(6) Post Compact 0.234ms
[2020-10-27T23:46:45.542-0800] GC(6) PSYoungGen: 5117K(19968K)->0K(29184K) Eden: 0K(14848K)->0K(14848K) From: 5117K(5120K)->0K(14336K)
[2020-10-27T23:46:45.542-0800] GC(6) ParOldGen: 77746K(87552K)->77293K(87552K)
[2020-10-27T23:46:45.543-0800] GC(6) Metaspace: 220K(4864K)->220K(4864K) NonClass: 208K(4352K)->208K(4352K) Class: 12K(512K)->12K(512K)
[2020-10-27T23:46:45.543-0800] GC(6) Pause Full (Ergonomics) 80M->75M(114M) 18.531ms
[2020-10-27T23:46:45.543-0800] GC(6) User=0.03s Sys=0.01s Real=0.02s
[2020-10-27T23:46:45.545-0800] GC(7) Pause Full (Ergonomics)
[2020-10-27T23:46:45.545-0800] GC(7) Marking Phase
[2020-10-27T23:46:45.546-0800] GC(7) Marking Phase 0.945ms
[2020-10-27T23:46:45.546-0800] GC(7) Summary Phase
[2020-10-27T23:46:45.546-0800] GC(7) Summary Phase 0.011ms
[2020-10-27T23:46:45.546-0800] GC(7) Adjust Roots
[2020-10-27T23:46:45.546-0800] GC(7) Adjust Roots 0.171ms
[2020-10-27T23:46:45.546-0800] GC(7) Compaction Phase
[2020-10-27T23:46:45.564-0800] GC(7) Compaction Phase 17.669ms
[2020-10-27T23:46:45.564-0800] GC(7) Post Compact
[2020-10-27T23:46:45.564-0800] GC(7) Post Compact 0.277ms
[2020-10-27T23:46:45.564-0800] GC(7) PSYoungGen: 14655K(29184K)->0K(29184K) Eden: 14655K(14848K)->0K(14848K) From: 0K(14336K)->0K(14336K)
[2020-10-27T23:46:45.564-0800] GC(7) ParOldGen: 77293K(87552K)->79356K(87552K)
[2020-10-27T23:46:45.564-0800] GC(7) Metaspace: 220K(4864K)->220K(4864K) NonClass: 208K(4352K)->208K(4352K) Class: 12K(512K)->12K(512K)
[2020-10-27T23:46:45.564-0800] GC(7) Pause Full (Ergonomics) 89M->77M(114M) 19.382ms
[2020-10-27T23:46:45.564-0800] GC(7) User=0.03s Sys=0.00s Real=0.02s
[2020-10-27T23:46:45.568-0800] GC(8) Pause Full (Ergonomics)
[2020-10-27T23:46:45.568-0800] GC(8) Marking Phase
[2020-10-27T23:46:45.569-0800] GC(8) Marking Phase 0.983ms
[2020-10-27T23:46:45.569-0800] GC(8) Summary Phase
[2020-10-27T23:46:45.569-0800] GC(8) Summary Phase 0.008ms
[2020-10-27T23:46:45.569-0800] GC(8) Adjust Roots
[2020-10-27T23:46:45.569-0800] GC(8) Adjust Roots 0.098ms
[2020-10-27T23:46:45.569-0800] GC(8) Compaction Phase
[2020-10-27T23:46:45.589-0800] GC(8) Compaction Phase 20.169ms
[2020-10-27T23:46:45.589-0800] GC(8) Post Compact
[2020-10-27T23:46:45.590-0800] GC(8) Post Compact 0.384ms
[2020-10-27T23:46:45.590-0800] GC(8) PSYoungGen: 14783K(29184K)->0K(29184K) Eden: 14783K(14848K)->0K(14848K) From: 0K(14336K)->0K(14336K)
[2020-10-27T23:46:45.590-0800] GC(8) ParOldGen: 79356K(87552K)->85226K(87552K)
[2020-10-27T23:46:45.590-0800] GC(8) Metaspace: 220K(4864K)->220K(4864K) NonClass: 208K(4352K)->208K(4352K) Class: 12K(512K)->12K(512K)
[2020-10-27T23:46:45.590-0800] GC(8) Pause Full (Ergonomics) 91M->83M(114M) 21.896ms
[2020-10-27T23:46:45.590-0800] GC(8) User=0.05s Sys=0.00s Real=0.03s
[2020-10-27T23:46:45.592-0800] GC(9) Pause Full (Ergonomics)
[2020-10-27T23:46:45.592-0800] GC(9) Marking Phase
[2020-10-27T23:46:45.593-0800] GC(9) Marking Phase 0.958ms
[2020-10-27T23:46:45.593-0800] GC(9) Summary Phase
[2020-10-27T23:46:45.593-0800] GC(9) Summary Phase 0.023ms
[2020-10-27T23:46:45.593-0800] GC(9) Adjust Roots
[2020-10-27T23:46:45.594-0800] GC(9) Adjust Roots 0.164ms
[2020-10-27T23:46:45.594-0800] GC(9) Compaction Phase
[2020-10-27T23:46:45.620-0800] GC(9) Compaction Phase 26.316ms
[2020-10-27T23:46:45.620-0800] GC(9) Post Compact
[2020-10-27T23:46:45.620-0800] GC(9) Post Compact 0.317ms
[2020-10-27T23:46:45.620-0800] GC(9) PSYoungGen: 14846K(29184K)->1609K(29184K) Eden: 14846K(14848K)->1609K(14848K) From: 0K(14336K)->0K(14336K)
[2020-10-27T23:46:45.620-0800] GC(9) ParOldGen: 85226K(87552K)->87520K(87552K)
[2020-10-27T23:46:45.620-0800] GC(9) Metaspace: 220K(4864K)->220K(4864K) NonClass: 208K(4352K)->208K(4352K) Class: 12K(512K)->12K(512K)
[2020-10-27T23:46:45.620-0800] GC(9) Pause Full (Ergonomics) 97M->87M(114M) 28.045ms
[2020-10-27T23:46:45.620-0800] GC(9) User=0.05s Sys=0.01s Real=0.03s
[2020-10-27T23:46:45.623-0800] GC(10) Pause Full (Ergonomics)
[2020-10-27T23:46:45.623-0800] GC(10) Marking Phase
[2020-10-27T23:46:45.624-0800] GC(10) Marking Phase 0.777ms
[2020-10-27T23:46:45.624-0800] GC(10) Summary Phase
[2020-10-27T23:46:45.624-0800] GC(10) Summary Phase 0.008ms
[2020-10-27T23:46:45.624-0800] GC(10) Adjust Roots
[2020-10-27T23:46:45.624-0800] GC(10) Adjust Roots 0.091ms
[2020-10-27T23:46:45.624-0800] GC(10) Compaction Phase
[2020-10-27T23:46:45.644-0800] GC(10) Compaction Phase 19.836ms
[2020-10-27T23:46:45.644-0800] GC(10) Post Compact
[2020-10-27T23:46:45.644-0800] GC(10) Post Compact 0.373ms
[2020-10-27T23:46:45.644-0800] GC(10) PSYoungGen: 14664K(29184K)->4314K(29184K) Eden: 14664K(14848K)->4314K(14848K) From: 0K(14336K)->0K(14336K)
[2020-10-27T23:46:45.644-0800] GC(10) ParOldGen: 87520K(87552K)->87396K(87552K)
[2020-10-27T23:46:45.644-0800] GC(10) Metaspace: 220K(4864K)->220K(4864K) NonClass: 208K(4352K)->208K(4352K) Class: 12K(512K)->12K(512K)
[2020-10-27T23:46:45.644-0800] GC(10) Pause Full (Ergonomics) 99M->89M(114M) 21.353ms
[2020-10-27T23:46:45.644-0800] GC(10) User=0.04s Sys=0.00s Real=0.02s
[2020-10-27T23:46:45.646-0800] GC(11) Pause Full (Ergonomics)
[2020-10-27T23:46:45.646-0800] GC(11) Marking Phase
[2020-10-27T23:46:45.647-0800] GC(11) Marking Phase 0.632ms
[2020-10-27T23:46:45.647-0800] GC(11) Summary Phase
[2020-10-27T23:46:45.647-0800] GC(11) Summary Phase 0.007ms
[2020-10-27T23:46:45.647-0800] GC(11) Adjust Roots
[2020-10-27T23:46:45.647-0800] GC(11) Adjust Roots 0.075ms
[2020-10-27T23:46:45.647-0800] GC(11) Compaction Phase
[2020-10-27T23:46:45.651-0800] GC(11) Compaction Phase 4.577ms
[2020-10-27T23:46:45.651-0800] GC(11) Post Compact
[2020-10-27T23:46:45.652-0800] GC(11) Post Compact 0.387ms
[2020-10-27T23:46:45.652-0800] GC(11) PSYoungGen: 14671K(29184K)->9788K(29184K) Eden: 14671K(14848K)->9788K(14848K) From: 0K(14336K)->0K(14336K)
[2020-10-27T23:46:45.652-0800] GC(11) ParOldGen: 87396K(87552K)->87073K(87552K)
[2020-10-27T23:46:45.652-0800] GC(11) Metaspace: 220K(4864K)->220K(4864K) NonClass: 208K(4352K)->208K(4352K) Class: 12K(512K)->12K(512K)
[2020-10-27T23:46:45.652-0800] GC(11) Pause Full (Ergonomics) 99M->94M(114M) 5.875ms
[2020-10-27T23:46:45.652-0800] GC(11) User=0.01s Sys=0.00s Real=0.01s
[2020-10-27T23:46:45.653-0800] GC(12) Pause Full (Ergonomics)
[2020-10-27T23:46:45.653-0800] GC(12) Marking Phase
[2020-10-27T23:46:45.653-0800] GC(12) Marking Phase 0.795ms
[2020-10-27T23:46:45.653-0800] GC(12) Summary Phase
[2020-10-27T23:46:45.653-0800] GC(12) Summary Phase 0.009ms
[2020-10-27T23:46:45.653-0800] GC(12) Adjust Roots
[2020-10-27T23:46:45.654-0800] GC(12) Adjust Roots 0.117ms
[2020-10-27T23:46:45.654-0800] GC(12) Compaction Phase
[2020-10-27T23:46:45.672-0800] GC(12) Compaction Phase 18.462ms
[2020-10-27T23:46:45.672-0800] GC(12) Post Compact
[2020-10-27T23:46:45.672-0800] GC(12) Post Compact 0.236ms
[2020-10-27T23:46:45.672-0800] GC(12) PSYoungGen: 14398K(29184K)->10341K(29184K) Eden: 14398K(14848K)->10341K(14848K) From: 0K(14336K)->0K(14336K)
[2020-10-27T23:46:45.672-0800] GC(12) ParOldGen: 87073K(87552K)->87406K(87552K)
[2020-10-27T23:46:45.672-0800] GC(12) Metaspace: 220K(4864K)->220K(4864K) NonClass: 208K(4352K)->208K(4352K) Class: 12K(512K)->12K(512K)
[2020-10-27T23:46:45.672-0800] GC(12) Pause Full (Ergonomics) 99M->95M(114M) 19.838ms
[2020-10-27T23:46:45.672-0800] GC(12) User=0.04s Sys=0.00s Real=0.02s
[2020-10-27T23:46:45.673-0800] GC(13) Pause Full (Ergonomics)
[2020-10-27T23:46:45.673-0800] GC(13) Marking Phase
[2020-10-27T23:46:45.674-0800] GC(13) Marking Phase 0.666ms
[2020-10-27T23:46:45.674-0800] GC(13) Summary Phase
[2020-10-27T23:46:45.674-0800] GC(13) Summary Phase 0.009ms
[2020-10-27T23:46:45.674-0800] GC(13) Adjust Roots
[2020-10-27T23:46:45.674-0800] GC(13) Adjust Roots 0.146ms
[2020-10-27T23:46:45.674-0800] GC(13) Compaction Phase
[2020-10-27T23:46:45.690-0800] GC(13) Compaction Phase 16.137ms
[2020-10-27T23:46:45.690-0800] GC(13) Post Compact
[2020-10-27T23:46:45.690-0800] GC(13) Post Compact 0.276ms
[2020-10-27T23:46:45.690-0800] GC(13) PSYoungGen: 14716K(29184K)->10634K(29184K) Eden: 14716K(14848K)->10634K(14848K) From: 0K(14336K)->0K(14336K)
[2020-10-27T23:46:45.691-0800] GC(13) ParOldGen: 87406K(87552K)->87134K(87552K)
[2020-10-27T23:46:45.691-0800] GC(13) Metaspace: 220K(4864K)->220K(4864K) NonClass: 208K(4352K)->208K(4352K) Class: 12K(512K)->12K(512K)
[2020-10-27T23:46:45.691-0800] GC(13) Pause Full (Ergonomics) 99M->95M(114M) 17.468ms
[2020-10-27T23:46:45.691-0800] GC(13) User=0.03s Sys=0.00s Real=0.02s
[2020-10-27T23:46:45.692-0800] GC(14) Pause Full (Ergonomics)
[2020-10-27T23:46:45.692-0800] GC(14) Marking Phase
[2020-10-27T23:46:45.693-0800] GC(14) Marking Phase 0.873ms
[2020-10-27T23:46:45.693-0800] GC(14) Summary Phase
[2020-10-27T23:46:45.693-0800] GC(14) Summary Phase 0.008ms
[2020-10-27T23:46:45.693-0800] GC(14) Adjust Roots
[2020-10-27T23:46:45.693-0800] GC(14) Adjust Roots 0.082ms
[2020-10-27T23:46:45.693-0800] GC(14) Compaction Phase
[2020-10-27T23:46:45.704-0800] GC(14) Compaction Phase 11.754ms
[2020-10-27T23:46:45.705-0800] GC(14) Post Compact
[2020-10-27T23:46:45.705-0800] GC(14) Post Compact 0.183ms
[2020-10-27T23:46:45.705-0800] GC(14) PSYoungGen: 14686K(29184K)->11907K(29184K) Eden: 14686K(14848K)->11907K(14848K) From: 0K(14336K)->0K(14336K)
[2020-10-27T23:46:45.705-0800] GC(14) ParOldGen: 87134K(87552K)->87391K(87552K)
[2020-10-27T23:46:45.705-0800] GC(14) Metaspace: 220K(4864K)->220K(4864K) NonClass: 208K(4352K)->208K(4352K) Class: 12K(512K)->12K(512K)
[2020-10-27T23:46:45.705-0800] GC(14) Pause Full (Ergonomics) 99M->96M(114M) 13.101ms
[2020-10-27T23:46:45.705-0800] GC(14) User=0.03s Sys=0.00s Real=0.01s
[2020-10-27T23:46:45.705-0800] GC(15) Pause Full (Ergonomics)
[2020-10-27T23:46:45.705-0800] GC(15) Marking Phase
[2020-10-27T23:46:45.706-0800] GC(15) Marking Phase 0.611ms
[2020-10-27T23:46:45.706-0800] GC(15) Summary Phase
[2020-10-27T23:46:45.706-0800] GC(15) Summary Phase 0.008ms
[2020-10-27T23:46:45.706-0800] GC(15) Adjust Roots
[2020-10-27T23:46:45.706-0800] GC(15) Adjust Roots 0.122ms
[2020-10-27T23:46:45.706-0800] GC(15) Compaction Phase
[2020-10-27T23:46:45.720-0800] GC(15) Compaction Phase 14.045ms
[2020-10-27T23:46:45.720-0800] GC(15) Post Compact
[2020-10-27T23:46:45.721-0800] GC(15) Post Compact 0.462ms
[2020-10-27T23:46:45.721-0800] GC(15) PSYoungGen: 14730K(29184K)->12540K(29184K) Eden: 14730K(14848K)->12540K(14848K) From: 0K(14336K)->0K(14336K)
[2020-10-27T23:46:45.721-0800] GC(15) ParOldGen: 87391K(87552K)->86959K(87552K)
[2020-10-27T23:46:45.721-0800] GC(15) Metaspace: 220K(4864K)->220K(4864K) NonClass: 208K(4352K)->208K(4352K) Class: 12K(512K)->12K(512K)
[2020-10-27T23:46:45.721-0800] GC(15) Pause Full (Ergonomics) 99M->97M(114M) 15.403ms
[2020-10-27T23:46:45.721-0800] GC(15) User=0.02s Sys=0.00s Real=0.02s
[2020-10-27T23:46:45.721-0800] GC(16) Pause Full (Ergonomics)
[2020-10-27T23:46:45.721-0800] GC(16) Marking Phase
[2020-10-27T23:46:45.722-0800] GC(16) Marking Phase 0.632ms
[2020-10-27T23:46:45.722-0800] GC(16) Summary Phase
[2020-10-27T23:46:45.722-0800] GC(16) Summary Phase 0.007ms
[2020-10-27T23:46:45.722-0800] GC(16) Adjust Roots
[2020-10-27T23:46:45.722-0800] GC(16) Adjust Roots 0.088ms
[2020-10-27T23:46:45.722-0800] GC(16) Compaction Phase
[2020-10-27T23:46:45.722-0800] GC(16) Compaction Phase 0.403ms
[2020-10-27T23:46:45.722-0800] GC(16) Post Compact
[2020-10-27T23:46:45.722-0800] GC(16) Post Compact 0.119ms
[2020-10-27T23:46:45.722-0800] GC(16) PSYoungGen: 14782K(29184K)->13126K(29184K) Eden: 14782K(14848K)->13126K(14848K) From: 0K(14336K)->0K(14336K)
[2020-10-27T23:46:45.722-0800] GC(16) ParOldGen: 86959K(87552K)->86959K(87552K)
[2020-10-27T23:46:45.722-0800] GC(16) Metaspace: 220K(4864K)->220K(4864K) NonClass: 208K(4352K)->208K(4352K) Class: 12K(512K)->12K(512K)
[2020-10-27T23:46:45.722-0800] GC(16) Pause Full (Ergonomics) 99M->97M(114M) 1.361ms
[2020-10-27T23:46:45.722-0800] GC(16) User=0.00s Sys=0.00s Real=0.00s
[2020-10-27T23:46:45.723-0800] GC(17) Pause Full (Ergonomics)
[2020-10-27T23:46:45.723-0800] GC(17) Marking Phase
[2020-10-27T23:46:45.723-0800] GC(17) Marking Phase 0.532ms
[2020-10-27T23:46:45.723-0800] GC(17) Summary Phase
[2020-10-27T23:46:45.723-0800] GC(17) Summary Phase 0.007ms
[2020-10-27T23:46:45.723-0800] GC(17) Adjust Roots
[2020-10-27T23:46:45.723-0800] GC(17) Adjust Roots 0.104ms
[2020-10-27T23:46:45.723-0800] GC(17) Compaction Phase
[2020-10-27T23:46:45.739-0800] GC(17) Compaction Phase 15.712ms
[2020-10-27T23:46:45.739-0800] GC(17) Post Compact
[2020-10-27T23:46:45.739-0800] GC(17) Post Compact 0.295ms
[2020-10-27T23:46:45.739-0800] GC(17) PSYoungGen: 14803K(29184K)->13256K(29184K) Eden: 14803K(14848K)->13256K(14848K) From: 0K(14336K)->0K(14336K)
[2020-10-27T23:46:45.739-0800] GC(17) ParOldGen: 86959K(87552K)->87407K(87552K)
[2020-10-27T23:46:45.739-0800] GC(17) Metaspace: 220K(4864K)->220K(4864K) NonClass: 208K(4352K)->208K(4352K) Class: 12K(512K)->12K(512K)
[2020-10-27T23:46:45.739-0800] GC(17) Pause Full (Ergonomics) 99M->98M(114M) 16.803ms
[2020-10-27T23:46:45.739-0800] GC(17) User=0.03s Sys=0.00s Real=0.01s
[2020-10-27T23:46:45.740-0800] GC(18) Pause Full (Ergonomics)
[2020-10-27T23:46:45.740-0800] GC(18) Marking Phase
[2020-10-27T23:46:45.741-0800] GC(18) Marking Phase 0.850ms
[2020-10-27T23:46:45.741-0800] GC(18) Summary Phase
[2020-10-27T23:46:45.741-0800] GC(18) Summary Phase 0.007ms
[2020-10-27T23:46:45.741-0800] GC(18) Adjust Roots
[2020-10-27T23:46:45.741-0800] GC(18) Adjust Roots 0.079ms
[2020-10-27T23:46:45.741-0800] GC(18) Compaction Phase
[2020-10-27T23:46:45.744-0800] GC(18) Compaction Phase 3.051ms
[2020-10-27T23:46:45.744-0800] GC(18) Post Compact
[2020-10-27T23:46:45.744-0800] GC(18) Post Compact 0.201ms
[2020-10-27T23:46:45.744-0800] GC(18) PSYoungGen: 14792K(29184K)->13635K(29184K) Eden: 14792K(14848K)->13635K(14848K) From: 0K(14336K)->0K(14336K)
[2020-10-27T23:46:45.744-0800] GC(18) ParOldGen: 87407K(87552K)->87171K(87552K)
[2020-10-27T23:46:45.744-0800] GC(18) Metaspace: 220K(4864K)->220K(4864K) NonClass: 208K(4352K)->208K(4352K) Class: 12K(512K)->12K(512K)
[2020-10-27T23:46:45.744-0800] GC(18) Pause Full (Ergonomics) 99M->98M(114M) 4.331ms
[2020-10-27T23:46:45.744-0800] GC(18) User=0.01s Sys=0.00s Real=0.00s
[2020-10-27T23:46:45.744-0800] GC(19) Pause Full (Ergonomics)
[2020-10-27T23:46:45.744-0800] GC(19) Marking Phase
[2020-10-27T23:46:45.745-0800] GC(19) Marking Phase 0.598ms
[2020-10-27T23:46:45.745-0800] GC(19) Summary Phase
[2020-10-27T23:46:45.745-0800] GC(19) Summary Phase 0.008ms
[2020-10-27T23:46:45.745-0800] GC(19) Adjust Roots
[2020-10-27T23:46:45.745-0800] GC(19) Adjust Roots 0.092ms
[2020-10-27T23:46:45.745-0800] GC(19) Compaction Phase
[2020-10-27T23:46:45.759-0800] GC(19) Compaction Phase 13.409ms
[2020-10-27T23:46:45.759-0800] GC(19) Post Compact
[2020-10-27T23:46:45.759-0800] GC(19) Post Compact 0.241ms
[2020-10-27T23:46:45.759-0800] GC(19) PSYoungGen: 14848K(29184K)->13790K(29184K) Eden: 14848K(14848K)->13790K(14848K) From: 0K(14336K)->0K(14336K)
[2020-10-27T23:46:45.759-0800] GC(19) ParOldGen: 87171K(87552K)->87052K(87552K)
[2020-10-27T23:46:45.759-0800] GC(19) Metaspace: 220K(4864K)->220K(4864K) NonClass: 208K(4352K)->208K(4352K) Class: 12K(512K)->12K(512K)
[2020-10-27T23:46:45.759-0800] GC(19) Pause Full (Ergonomics) 99M->98M(114M) 14.513ms
[2020-10-27T23:46:45.759-0800] GC(19) User=0.02s Sys=0.00s Real=0.01s
[2020-10-27T23:46:45.759-0800] GC(20) Pause Full (Ergonomics)
[2020-10-27T23:46:45.759-0800] GC(20) Marking Phase
[2020-10-27T23:46:45.760-0800] GC(20) Marking Phase 0.642ms
[2020-10-27T23:46:45.760-0800] GC(20) Summary Phase
[2020-10-27T23:46:45.760-0800] GC(20) Summary Phase 0.007ms
[2020-10-27T23:46:45.760-0800] GC(20) Adjust Roots
[2020-10-27T23:46:45.760-0800] GC(20) Adjust Roots 0.077ms
[2020-10-27T23:46:45.760-0800] GC(20) Compaction Phase
[2020-10-27T23:46:45.760-0800] GC(20) Compaction Phase 0.364ms
[2020-10-27T23:46:45.760-0800] GC(20) Post Compact
[2020-10-27T23:46:45.760-0800] GC(20) Post Compact 0.092ms
[2020-10-27T23:46:45.760-0800] GC(20) PSYoungGen: 14227K(29184K)->13823K(29184K) Eden: 14227K(14848K)->13823K(14848K) From: 0K(14336K)->0K(14336K)
[2020-10-27T23:46:45.760-0800] GC(20) ParOldGen: 87052K(87552K)->87052K(87552K)
[2020-10-27T23:46:45.760-0800] GC(20) Metaspace: 220K(4864K)->220K(4864K) NonClass: 208K(4352K)->208K(4352K) Class: 12K(512K)->12K(512K)
[2020-10-27T23:46:45.760-0800] GC(20) Pause Full (Ergonomics) 98M->98M(114M) 1.283ms
[2020-10-27T23:46:45.760-0800] GC(20) User=0.01s Sys=0.00s Real=0.01s
[2020-10-27T23:46:45.761-0800] GC(21) Pause Full (Ergonomics)
[2020-10-27T23:46:45.761-0800] GC(21) Marking Phase
[2020-10-27T23:46:45.761-0800] GC(21) Marking Phase 0.761ms
[2020-10-27T23:46:45.761-0800] GC(21) Summary Phase
[2020-10-27T23:46:45.761-0800] GC(21) Summary Phase 0.007ms
[2020-10-27T23:46:45.761-0800] GC(21) Adjust Roots
[2020-10-27T23:46:45.762-0800] GC(21) Adjust Roots 0.083ms
[2020-10-27T23:46:45.762-0800] GC(21) Compaction Phase
[2020-10-27T23:46:45.762-0800] GC(21) Compaction Phase 0.696ms
[2020-10-27T23:46:45.762-0800] GC(21) Post Compact
[2020-10-27T23:46:45.762-0800] GC(21) Post Compact 0.111ms
[2020-10-27T23:46:45.762-0800] GC(21) PSYoungGen: 14795K(29184K)->13823K(29184K) Eden: 14795K(14848K)->13823K(14848K) From: 0K(14336K)->0K(14336K)
[2020-10-27T23:46:45.762-0800] GC(21) ParOldGen: 87052K(87552K)->87052K(87552K)
[2020-10-27T23:46:45.762-0800] GC(21) Metaspace: 220K(4864K)->220K(4864K) NonClass: 208K(4352K)->208K(4352K) Class: 12K(512K)->12K(512K)
[2020-10-27T23:46:45.762-0800] GC(21) Pause Full (Ergonomics) 99M->98M(114M) 1.758ms
[2020-10-27T23:46:45.762-0800] GC(21) User=0.00s Sys=0.00s Real=0.00s
[2020-10-27T23:46:45.763-0800] GC(22) Pause Full (Ergonomics)
[2020-10-27T23:46:45.763-0800] GC(22) Marking Phase
[2020-10-27T23:46:45.763-0800] GC(22) Marking Phase 0.614ms
[2020-10-27T23:46:45.763-0800] GC(22) Summary Phase
[2020-10-27T23:46:45.763-0800] GC(22) Summary Phase 0.007ms
[2020-10-27T23:46:45.763-0800] GC(22) Adjust Roots
[2020-10-27T23:46:45.763-0800] GC(22) Adjust Roots 0.084ms
[2020-10-27T23:46:45.763-0800] GC(22) Compaction Phase
[2020-10-27T23:46:45.764-0800] GC(22) Compaction Phase 0.391ms
[2020-10-27T23:46:45.764-0800] GC(22) Post Compact
[2020-10-27T23:46:45.764-0800] GC(22) Post Compact 0.116ms
[2020-10-27T23:46:45.764-0800] GC(22) PSYoungGen: 14841K(29184K)->14041K(29184K) Eden: 14841K(14848K)->14041K(14848K) From: 0K(14336K)->0K(14336K)
[2020-10-27T23:46:45.764-0800] GC(22) ParOldGen: 87052K(87552K)->87052K(87552K)
[2020-10-27T23:46:45.764-0800] GC(22) Metaspace: 220K(4864K)->220K(4864K) NonClass: 208K(4352K)->208K(4352K) Class: 12K(512K)->12K(512K)
[2020-10-27T23:46:45.764-0800] GC(22) Pause Full (Ergonomics) 99M->98M(114M) 1.305ms
[2020-10-27T23:46:45.764-0800] GC(22) User=0.00s Sys=0.00s Real=0.00s
[2020-10-27T23:46:45.764-0800] GC(23) Pause Full (Ergonomics)
[2020-10-27T23:46:45.764-0800] GC(23) Marking Phase
[2020-10-27T23:46:45.764-0800] GC(23) Marking Phase 0.489ms
[2020-10-27T23:46:45.765-0800] GC(23) Summary Phase
[2020-10-27T23:46:45.765-0800] GC(23) Summary Phase 0.007ms
[2020-10-27T23:46:45.765-0800] GC(23) Adjust Roots
[2020-10-27T23:46:45.765-0800] GC(23) Adjust Roots 0.111ms
[2020-10-27T23:46:45.765-0800] GC(23) Compaction Phase
[2020-10-27T23:46:45.781-0800] GC(23) Compaction Phase 15.937ms
[2020-10-27T23:46:45.781-0800] GC(23) Post Compact
[2020-10-27T23:46:45.781-0800] GC(23) Post Compact 0.337ms
[2020-10-27T23:46:45.781-0800] GC(23) PSYoungGen: 14669K(29184K)->14409K(29184K) Eden: 14669K(14848K)->14409K(14848K) From: 0K(14336K)->0K(14336K)
[2020-10-27T23:46:45.781-0800] GC(23) ParOldGen: 87052K(87552K)->86984K(87552K)
[2020-10-27T23:46:45.781-0800] GC(23) Metaspace: 220K(4864K)->220K(4864K) NonClass: 208K(4352K)->208K(4352K) Class: 12K(512K)->12K(512K)
[2020-10-27T23:46:45.781-0800] GC(23) Pause Full (Ergonomics) 99M->99M(114M) 17.052ms
[2020-10-27T23:46:45.781-0800] GC(23) User=0.03s Sys=0.00s Real=0.02s
[2020-10-27T23:46:45.781-0800] GC(24) Pause Full (Ergonomics)
[2020-10-27T23:46:45.781-0800] GC(24) Marking Phase
[2020-10-27T23:46:45.782-0800] GC(24) Marking Phase 0.758ms
[2020-10-27T23:46:45.782-0800] GC(24) Summary Phase
[2020-10-27T23:46:45.782-0800] GC(24) Summary Phase 0.007ms
[2020-10-27T23:46:45.782-0800] GC(24) Adjust Roots
[2020-10-27T23:46:45.782-0800] GC(24) Adjust Roots 0.101ms
[2020-10-27T23:46:45.782-0800] GC(24) Compaction Phase
[2020-10-27T23:46:45.783-0800] GC(24) Compaction Phase 0.687ms
[2020-10-27T23:46:45.783-0800] GC(24) Post Compact
[2020-10-27T23:46:45.783-0800] GC(24) Post Compact 0.118ms
[2020-10-27T23:46:45.783-0800] GC(24) PSYoungGen: 14837K(29184K)->14798K(29184K) Eden: 14837K(14848K)->14798K(14848K) From: 0K(14336K)->0K(14336K)
[2020-10-27T23:46:45.783-0800] GC(24) ParOldGen: 86984K(87552K)->86947K(87552K)
[2020-10-27T23:46:45.783-0800] GC(24) Metaspace: 220K(4864K)->220K(4864K) NonClass: 208K(4352K)->208K(4352K) Class: 12K(512K)->12K(512K)
[2020-10-27T23:46:45.783-0800] GC(24) Pause Full (Ergonomics) 99M->99M(114M) 1.762ms
[2020-10-27T23:46:45.783-0800] GC(24) User=0.01s Sys=0.00s Real=0.00s
[2020-10-27T23:46:45.783-0800] GC(25) Pause Full (Ergonomics)
[2020-10-27T23:46:45.783-0800] GC(25) Marking Phase
[2020-10-27T23:46:45.784-0800] GC(25) Marking Phase 0.531ms
[2020-10-27T23:46:45.784-0800] GC(25) Summary Phase
[2020-10-27T23:46:45.784-0800] GC(25) Summary Phase 0.007ms
[2020-10-27T23:46:45.784-0800] GC(25) Adjust Roots
[2020-10-27T23:46:45.784-0800] GC(25) Adjust Roots 0.097ms
[2020-10-27T23:46:45.784-0800] GC(25) Compaction Phase
[2020-10-27T23:46:45.793-0800] GC(25) Compaction Phase 9.216ms
[2020-10-27T23:46:45.793-0800] GC(25) Post Compact
[2020-10-27T23:46:45.793-0800] GC(25) Post Compact 0.264ms
[2020-10-27T23:46:45.793-0800] GC(25) PSYoungGen: 14814K(29184K)->14133K(29184K) Eden: 14814K(14848K)->14133K(14848K) From: 0K(14336K)->0K(14336K)
[2020-10-27T23:46:45.793-0800] GC(25) ParOldGen: 87063K(87552K)->87530K(87552K)
[2020-10-27T23:46:45.793-0800] GC(25) Metaspace: 220K(4864K)->220K(4864K) NonClass: 208K(4352K)->208K(4352K) Class: 12K(512K)->12K(512K)
[2020-10-27T23:46:45.793-0800] GC(25) Pause Full (Ergonomics) 99M->99M(114M) 10.277ms
[2020-10-27T23:46:45.793-0800] GC(25) User=0.01s Sys=0.00s Real=0.01s
[2020-10-27T23:46:45.793-0800] GC(26) Pause Full (Allocation Failure)
[2020-10-27T23:46:45.793-0800] GC(26) Marking Phase
[2020-10-27T23:46:45.794-0800] GC(26) Marking Phase 0.684ms
[2020-10-27T23:46:45.794-0800] GC(26) Summary Phase
[2020-10-27T23:46:45.794-0800] GC(26) Summary Phase 0.007ms
[2020-10-27T23:46:45.794-0800] GC(26) Adjust Roots
[2020-10-27T23:46:45.794-0800] GC(26) Adjust Roots 0.101ms
[2020-10-27T23:46:45.794-0800] GC(26) Compaction Phase
[2020-10-27T23:46:45.798-0800] GC(26) Compaction Phase 3.397ms
[2020-10-27T23:46:45.798-0800] GC(26) Post Compact
[2020-10-27T23:46:45.798-0800] GC(26) Post Compact 0.206ms
[2020-10-27T23:46:45.798-0800] GC(26) PSYoungGen: 14133K(29184K)->14133K(29184K) Eden: 14133K(14848K)->14133K(14848K) From: 0K(14336K)->0K(14336K)
[2020-10-27T23:46:45.798-0800] GC(26) ParOldGen: 87530K(87552K)->87518K(87552K)
[2020-10-27T23:46:45.798-0800] GC(26) Metaspace: 220K(4864K)->220K(4864K) NonClass: 208K(4352K)->208K(4352K) Class: 12K(512K)->12K(512K)
[2020-10-27T23:46:45.798-0800] GC(26) Pause Full (Allocation Failure) 99M->99M(114M) 4.526ms
[2020-10-27T23:46:45.798-0800] GC(26) User=0.01s Sys=0.00s Real=0.00s
[2020-10-27T23:46:45.799-0800] Heap
[2020-10-27T23:46:45.799-0800]  PSYoungGen      total 29184K, used 14442K [0x00000007fd580000, 0x0000000800000000, 0x0000000800000000)
[2020-10-27T23:46:45.799-0800]   eden space 14848K, 97% used [0x00000007fd580000,0x00000007fe39aab8,0x00000007fe400000)
[2020-10-27T23:46:45.799-0800]   from space 14336K, 0% used [0x00000007fe400000,0x00000007fe400000,0x00000007ff200000)
[2020-10-27T23:46:45.799-0800]   to   space 14336K, 0% used [0x00000007ff200000,0x00000007ff200000,0x0000000800000000)
[2020-10-27T23:46:45.799-0800]  ParOldGen       total 87552K, used 87518K [0x00000007f8000000, 0x00000007fd580000, 0x00000007fd580000)
[2020-10-27T23:46:45.799-0800]   object space 87552K, 99% used [0x00000007f8000000,0x00000007fd577a58,0x00000007fd580000)
[2020-10-27T23:46:45.799-0800]  Metaspace       used 228K, capacity 4490K, committed 4864K, reserved 1056768K
[2020-10-27T23:46:45.799-0800]   class space    used 13K, capacity 386K, committed 512K, reserved 1048576K
