[2020-10-27T23:46:56.761-0800] Using Parallel
[2020-10-27T23:46:56.764-0800] Version: 15.0.1+9-18 (release)
[2020-10-27T23:46:56.764-0800] CPUs: 8 total, 8 available
[2020-10-27T23:46:56.764-0800] Memory: 16384M
[2020-10-27T23:46:56.764-0800] Large Page Support: Disabled
[2020-10-27T23:46:56.764-0800] NUMA Support: Disabled
[2020-10-27T23:46:56.764-0800] Compressed Oops: Enabled (Zero based)
[2020-10-27T23:46:56.764-0800] Heap Min Capacity: 2G
[2020-10-27T23:46:56.764-0800] Heap Initial Capacity: 2G
[2020-10-27T23:46:56.764-0800] Heap Max Capacity: 2G
[2020-10-27T23:46:56.764-0800] Pre-touch: Disabled
[2020-10-27T23:46:56.764-0800] Parallel Workers: 8
[2020-10-27T23:46:56.764-0800] CDS archive(s) mapped at: [0x0000000800000000-0x0000000800b2b000-0x0000000800b2b000), size 11710464, SharedBaseAddress: 0x0000000800000000, ArchiveRelocationMode: 0.
[2020-10-27T23:46:56.764-0800] Compressed class space mapped at: 0x0000000800b2c000-0x0000000840b2c000, size: 1073741824
[2020-10-27T23:46:56.764-0800] Narrow klass base: 0x0000000800000000, Narrow klass shift: 3, Narrow klass range: 0x100000000
[2020-10-27T23:46:57.018-0800] GC(0) Pause Young (Allocation Failure)
[2020-10-27T23:46:57.067-0800] GC(0) PSYoungGen: 524800K(611840K)->87038K(611840K) Eden: 524800K(524800K)->0K(524800K) From: 0K(87040K)->87038K(87040K)
[2020-10-27T23:46:57.067-0800] GC(0) ParOldGen: 0K(1398272K)->77074K(1398272K)
[2020-10-27T23:46:57.067-0800] GC(0) Metaspace: 220K(4864K)->220K(4864K) NonClass: 208K(4352K)->208K(4352K) Class: 12K(512K)->12K(512K)
[2020-10-27T23:46:57.067-0800] GC(0) Pause Young (Allocation Failure) 512M->160M(1963M) 49.075ms
[2020-10-27T23:46:57.067-0800] GC(0) User=0.05s Sys=0.27s Real=0.05s
[2020-10-27T23:46:57.149-0800] GC(1) Pause Young (Allocation Failure)
[2020-10-27T23:46:57.210-0800] GC(1) PSYoungGen: 611838K(611840K)->87024K(611840K) Eden: 524800K(524800K)->0K(524800K) From: 87038K(87040K)->87024K(87040K)
[2020-10-27T23:46:57.210-0800] GC(1) ParOldGen: 77074K(1398272K)->202493K(1398272K)
[2020-10-27T23:46:57.210-0800] GC(1) Metaspace: 220K(4864K)->220K(4864K) NonClass: 208K(4352K)->208K(4352K) Class: 12K(512K)->12K(512K)
[2020-10-27T23:46:57.210-0800] GC(1) Pause Young (Allocation Failure) 672M->282M(1963M) 61.020ms
[2020-10-27T23:46:57.210-0800] GC(1) User=0.07s Sys=0.35s Real=0.07s
[2020-10-27T23:46:57.281-0800] GC(2) Pause Young (Allocation Failure)
[2020-10-27T23:46:57.332-0800] GC(2) PSYoungGen: 611824K(611840K)->87039K(611840K) Eden: 524800K(524800K)->0K(524800K) From: 87024K(87040K)->87039K(87040K)
[2020-10-27T23:46:57.332-0800] GC(2) ParOldGen: 202493K(1398272K)->325313K(1398272K)
[2020-10-27T23:46:57.332-0800] GC(2) Metaspace: 220K(4864K)->220K(4864K) NonClass: 208K(4352K)->208K(4352K) Class: 12K(512K)->12K(512K)
[2020-10-27T23:46:57.332-0800] GC(2) Pause Young (Allocation Failure) 795M->402M(1963M) 51.416ms
[2020-10-27T23:46:57.332-0800] GC(2) User=0.15s Sys=0.21s Real=0.05s
[2020-10-27T23:46:57.401-0800] GC(3) Pause Young (Allocation Failure)
[2020-10-27T23:46:57.452-0800] GC(3) PSYoungGen: 611839K(611840K)->87033K(611840K) Eden: 524800K(524800K)->0K(524800K) From: 87039K(87040K)->87033K(87040K)
[2020-10-27T23:46:57.452-0800] GC(3) ParOldGen: 325313K(1398272K)->446657K(1398272K)
[2020-10-27T23:46:57.452-0800] GC(3) Metaspace: 220K(4864K)->220K(4864K) NonClass: 208K(4352K)->208K(4352K) Class: 12K(512K)->12K(512K)
[2020-10-27T23:46:57.452-0800] GC(3) Pause Young (Allocation Failure) 915M->521M(1963M) 50.786ms
[2020-10-27T23:46:57.452-0800] GC(3) User=0.14s Sys=0.20s Real=0.05s
[2020-10-27T23:46:57.526-0800] GC(4) Pause Young (Allocation Failure)
[2020-10-27T23:46:57.586-0800] GC(4) PSYoungGen: 611833K(611840K)->87026K(611840K) Eden: 524800K(524800K)->0K(524800K) From: 87033K(87040K)->87026K(87040K)
[2020-10-27T23:46:57.586-0800] GC(4) ParOldGen: 446657K(1398272K)->581562K(1398272K)
[2020-10-27T23:46:57.586-0800] GC(4) Metaspace: 220K(4864K)->220K(4864K) NonClass: 208K(4352K)->208K(4352K) Class: 12K(512K)->12K(512K)
[2020-10-27T23:46:57.586-0800] GC(4) Pause Young (Allocation Failure) 1033M->652M(1963M) 60.377ms
[2020-10-27T23:46:57.586-0800] GC(4) User=0.14s Sys=0.21s Real=0.06s
[2020-10-27T23:46:57.661-0800] GC(5) Pause Young (Allocation Failure)
[2020-10-27T23:46:57.720-0800] GC(5) PSYoungGen: 611826K(611840K)->87039K(320000K) Eden: 524800K(524800K)->0K(232960K) From: 87026K(87040K)->87039K(87040K)
[2020-10-27T23:46:57.720-0800] GC(5) ParOldGen: 581562K(1398272K)->701567K(1398272K)
[2020-10-27T23:46:57.720-0800] GC(5) Metaspace: 220K(4864K)->220K(4864K) NonClass: 208K(4352K)->208K(4352K) Class: 12K(512K)->12K(512K)
[2020-10-27T23:46:57.720-0800] GC(5) Pause Young (Allocation Failure) 1165M->770M(1678M) 58.739ms
[2020-10-27T23:46:57.720-0800] GC(5) User=0.14s Sys=0.18s Real=0.06s
[2020-10-27T23:46:57.753-0800] GC(6) Pause Young (Allocation Failure)
[2020-10-27T23:46:57.784-0800] GC(6) PSYoungGen: 319999K(320000K)->151578K(465920K) Eden: 232960K(232960K)->0K(232960K) From: 87039K(87040K)->151578K(232960K)
[2020-10-27T23:46:57.784-0800] GC(6) ParOldGen: 701567K(1398272K)->705117K(1398272K)
[2020-10-27T23:46:57.784-0800] GC(6) Metaspace: 220K(4864K)->220K(4864K) NonClass: 208K(4352K)->208K(4352K) Class: 12K(512K)->12K(512K)
[2020-10-27T23:46:57.784-0800] GC(6) Pause Young (Allocation Failure) 997M->836M(1820M) 30.799ms
[2020-10-27T23:46:57.784-0800] GC(6) User=0.15s Sys=0.01s Real=0.03s
[2020-10-27T23:46:57.796-0800] Heap
[2020-10-27T23:46:57.796-0800]  PSYoungGen      total 465920K, used 180630K [0x00000007d5580000, 0x0000000800000000, 0x0000000800000000)
[2020-10-27T23:46:57.796-0800]   eden space 232960K, 12% used [0x00000007d5580000,0x00000007d71dedb8,0x00000007e3900000)
[2020-10-27T23:46:57.796-0800]   from space 232960K, 65% used [0x00000007e3900000,0x00000007ecd06be0,0x00000007f1c80000)
[2020-10-27T23:46:57.796-0800]   to   space 232960K, 0% used [0x00000007f1c80000,0x00000007f1c80000,0x0000000800000000)
[2020-10-27T23:46:57.796-0800]  ParOldGen       total 1398272K, used 705117K [0x0000000780000000, 0x00000007d5580000, 0x00000007d5580000)
[2020-10-27T23:46:57.796-0800]   object space 1398272K, 50% used [0x0000000780000000,0x00000007ab097490,0x00000007d5580000)
[2020-10-27T23:46:57.796-0800]  Metaspace       used 341K, capacity 4508K, committed 4864K, reserved 1056768K
[2020-10-27T23:46:57.796-0800]   class space    used 25K, capacity 392K, committed 512K, reserved 1048576K
