[2020-10-27T23:46:49.970-0800] Using Parallel
[2020-10-27T23:46:49.971-0800] Version: 15.0.1+9-18 (release)
[2020-10-27T23:46:49.971-0800] CPUs: 8 total, 8 available
[2020-10-27T23:46:49.971-0800] Memory: 16384M
[2020-10-27T23:46:49.971-0800] Large Page Support: Disabled
[2020-10-27T23:46:49.971-0800] NUMA Support: Disabled
[2020-10-27T23:46:49.971-0800] Compressed Oops: Enabled (Zero based)
[2020-10-27T23:46:49.971-0800] Heap Min Capacity: 512M
[2020-10-27T23:46:49.971-0800] Heap Initial Capacity: 512M
[2020-10-27T23:46:49.971-0800] Heap Max Capacity: 512M
[2020-10-27T23:46:49.971-0800] Pre-touch: Disabled
[2020-10-27T23:46:49.971-0800] Parallel Workers: 8
[2020-10-27T23:46:49.971-0800] CDS archive(s) mapped at: [0x0000000800000000-0x0000000800b2b000-0x0000000800b2b000), size 11710464, SharedBaseAddress: 0x0000000800000000, ArchiveRelocationMode: 0.
[2020-10-27T23:46:49.971-0800] Compressed class space mapped at: 0x0000000800b2c000-0x0000000840b2c000, size: 1073741824
[2020-10-27T23:46:49.971-0800] Narrow klass base: 0x0000000800000000, Narrow klass shift: 3, Narrow klass range: 0x100000000
[2020-10-27T23:46:50.058-0800] GC(0) Pause Young (Allocation Failure)
[2020-10-27T23:46:50.075-0800] GC(0) PSYoungGen: 131584K(153088K)->21498K(153088K) Eden: 131584K(131584K)->0K(131584K) From: 0K(21504K)->21498K(21504K)
[2020-10-27T23:46:50.075-0800] GC(0) ParOldGen: 0K(349696K)->30932K(349696K)
[2020-10-27T23:46:50.075-0800] GC(0) Metaspace: 220K(4864K)->220K(4864K) NonClass: 207K(4352K)->207K(4352K) Class: 12K(512K)->12K(512K)
[2020-10-27T23:46:50.075-0800] GC(0) Pause Young (Allocation Failure) 128M->51M(491M) 17.246ms
[2020-10-27T23:46:50.075-0800] GC(0) User=0.04s Sys=0.06s Real=0.02s
[2020-10-27T23:46:50.097-0800] GC(1) Pause Young (Allocation Failure)
[2020-10-27T23:46:50.118-0800] GC(1) PSYoungGen: 153082K(153088K)->21496K(153088K) Eden: 131584K(131584K)->0K(131584K) From: 21498K(21504K)->21496K(21504K)
[2020-10-27T23:46:50.118-0800] GC(1) ParOldGen: 30932K(349696K)->78494K(349696K)
[2020-10-27T23:46:50.118-0800] GC(1) Metaspace: 220K(4864K)->220K(4864K) NonClass: 208K(4352K)->208K(4352K) Class: 12K(512K)->12K(512K)
[2020-10-27T23:46:50.118-0800] GC(1) Pause Young (Allocation Failure) 179M->97M(491M) 21.033ms
[2020-10-27T23:46:50.118-0800] GC(1) User=0.02s Sys=0.09s Real=0.02s
[2020-10-27T23:46:50.136-0800] GC(2) Pause Young (Allocation Failure)
[2020-10-27T23:46:50.158-0800] GC(2) PSYoungGen: 153080K(153088K)->21494K(153088K) Eden: 131584K(131584K)->0K(131584K) From: 21496K(21504K)->21494K(21504K)
[2020-10-27T23:46:50.158-0800] GC(2) ParOldGen: 78494K(349696K)->125861K(349696K)
[2020-10-27T23:46:50.158-0800] GC(2) Metaspace: 220K(4864K)->220K(4864K) NonClass: 208K(4352K)->208K(4352K) Class: 12K(512K)->12K(512K)
[2020-10-27T23:46:50.158-0800] GC(2) Pause Young (Allocation Failure) 226M->143M(491M) 21.630ms
[2020-10-27T23:46:50.158-0800] GC(2) User=0.04s Sys=0.08s Real=0.02s
[2020-10-27T23:46:50.177-0800] GC(3) Pause Young (Allocation Failure)
[2020-10-27T23:46:50.199-0800] GC(3) PSYoungGen: 152600K(153088K)->21495K(153088K) Eden: 131105K(131584K)->0K(131584K) From: 21494K(21504K)->21495K(21504K)
[2020-10-27T23:46:50.199-0800] GC(3) ParOldGen: 125861K(349696K)->175962K(349696K)
[2020-10-27T23:46:50.199-0800] GC(3) Metaspace: 220K(4864K)->220K(4864K) NonClass: 208K(4352K)->208K(4352K) Class: 12K(512K)->12K(512K)
[2020-10-27T23:46:50.199-0800] GC(3) Pause Young (Allocation Failure) 271M->192M(491M) 21.818ms
[2020-10-27T23:46:50.199-0800] GC(3) User=0.04s Sys=0.07s Real=0.02s
[2020-10-27T23:46:50.218-0800] GC(4) Pause Young (Allocation Failure)
[2020-10-27T23:46:50.238-0800] GC(4) PSYoungGen: 152921K(153088K)->21493K(153088K) Eden: 131426K(131584K)->0K(131584K) From: 21495K(21504K)->21493K(21504K)
[2020-10-27T23:46:50.238-0800] GC(4) ParOldGen: 175962K(349696K)->221993K(349696K)
[2020-10-27T23:46:50.238-0800] GC(4) Metaspace: 220K(4864K)->220K(4864K) NonClass: 208K(4352K)->208K(4352K) Class: 12K(512K)->12K(512K)
[2020-10-27T23:46:50.238-0800] GC(4) Pause Young (Allocation Failure) 321M->237M(491M) 20.702ms
[2020-10-27T23:46:50.238-0800] GC(4) User=0.04s Sys=0.07s Real=0.02s
[2020-10-27T23:46:50.258-0800] GC(5) Pause Young (Allocation Failure)
[2020-10-27T23:46:50.277-0800] GC(5) PSYoungGen: 153077K(153088K)->21495K(80384K) Eden: 131584K(131584K)->0K(58880K) From: 21493K(21504K)->21495K(21504K)
[2020-10-27T23:46:50.277-0800] GC(5) ParOldGen: 221993K(349696K)->267241K(349696K)
[2020-10-27T23:46:50.277-0800] GC(5) Metaspace: 220K(4864K)->220K(4864K) NonClass: 208K(4352K)->208K(4352K) Class: 12K(512K)->12K(512K)
[2020-10-27T23:46:50.277-0800] GC(5) Pause Young (Allocation Failure) 366M->281M(420M) 18.519ms
[2020-10-27T23:46:50.277-0800] GC(5) User=0.04s Sys=0.06s Real=0.02s
[2020-10-27T23:46:50.286-0800] GC(6) Pause Young (Allocation Failure)
[2020-10-27T23:46:50.295-0800] GC(6) PSYoungGen: 80268K(80384K)->35197K(116736K) Eden: 58773K(58880K)->0K(58880K) From: 21495K(21504K)->35197K(57856K)
[2020-10-27T23:46:50.295-0800] GC(6) ParOldGen: 267241K(349696K)->273395K(349696K)
[2020-10-27T23:46:50.295-0800] GC(6) Metaspace: 220K(4864K)->220K(4864K) NonClass: 208K(4352K)->208K(4352K) Class: 12K(512K)->12K(512K)
[2020-10-27T23:46:50.295-0800] GC(6) Pause Young (Allocation Failure) 339M->301M(455M) 9.065ms
[2020-10-27T23:46:50.295-0800] GC(6) User=0.04s Sys=0.01s Real=0.01s
[2020-10-27T23:46:50.303-0800] GC(7) Pause Young (Allocation Failure)
[2020-10-27T23:46:50.315-0800] GC(7) PSYoungGen: 94077K(116736K)->50030K(116736K) Eden: 58880K(58880K)->0K(58880K) From: 35197K(57856K)->50030K(57856K)
[2020-10-27T23:46:50.315-0800] GC(7) ParOldGen: 273395K(349696K)->278314K(349696K)
[2020-10-27T23:46:50.315-0800] GC(7) Metaspace: 220K(4864K)->220K(4864K) NonClass: 208K(4352K)->208K(4352K) Class: 12K(512K)->12K(512K)
[2020-10-27T23:46:50.315-0800] GC(7) Pause Young (Allocation Failure) 358M->320M(455M) 11.326ms
[2020-10-27T23:46:50.315-0800] GC(7) User=0.06s Sys=0.01s Real=0.01s
[2020-10-27T23:46:50.323-0800] GC(8) Pause Young (Allocation Failure)
[2020-10-27T23:46:50.338-0800] GC(8) PSYoungGen: 108771K(116736K)->57835K(116736K) Eden: 58741K(58880K)->0K(58880K) From: 50030K(57856K)->57835K(57856K)
[2020-10-27T23:46:50.338-0800] GC(8) ParOldGen: 278314K(349696K)->289031K(349696K)
[2020-10-27T23:46:50.338-0800] GC(8) Metaspace: 220K(4864K)->220K(4864K) NonClass: 208K(4352K)->208K(4352K) Class: 12K(512K)->12K(512K)
[2020-10-27T23:46:50.338-0800] GC(8) Pause Young (Allocation Failure) 378M->338M(455M) 15.203ms
[2020-10-27T23:46:50.338-0800] GC(8) User=0.06s Sys=0.02s Real=0.01s
[2020-10-27T23:46:50.338-0800] GC(9) Pause Full (Ergonomics)
[2020-10-27T23:46:50.338-0800] GC(9) Marking Phase
[2020-10-27T23:46:50.341-0800] GC(9) Marking Phase 2.889ms
[2020-10-27T23:46:50.341-0800] GC(9) Summary Phase
[2020-10-27T23:46:50.341-0800] GC(9) Summary Phase 0.013ms
[2020-10-27T23:46:50.341-0800] GC(9) Adjust Roots
[2020-10-27T23:46:50.342-0800] GC(9) Adjust Roots 0.266ms
[2020-10-27T23:46:50.342-0800] GC(9) Compaction Phase
[2020-10-27T23:46:50.386-0800] GC(9) Compaction Phase 44.433ms
[2020-10-27T23:46:50.386-0800] GC(9) Post Compact
[2020-10-27T23:46:50.388-0800] GC(9) Post Compact 1.555ms
[2020-10-27T23:46:50.388-0800] GC(9) PSYoungGen: 57835K(116736K)->0K(116736K) Eden: 0K(58880K)->0K(58880K) From: 57835K(57856K)->0K(57856K)
[2020-10-27T23:46:50.388-0800] GC(9) ParOldGen: 289031K(349696K)->232140K(349696K)
[2020-10-27T23:46:50.388-0800] GC(9) Metaspace: 220K(4864K)->220K(4864K) NonClass: 208K(4352K)->208K(4352K) Class: 12K(512K)->12K(512K)
[2020-10-27T23:46:50.388-0800] GC(9) Pause Full (Ergonomics) 338M->226M(455M) 49.341ms
[2020-10-27T23:46:50.388-0800] GC(9) User=0.23s Sys=0.01s Real=0.05s
[2020-10-27T23:46:50.397-0800] GC(10) Pause Young (Allocation Failure)
[2020-10-27T23:46:50.401-0800] GC(10) PSYoungGen: 58498K(116736K)->20590K(116736K) Eden: 58498K(58880K)->0K(58880K) From: 0K(57856K)->20590K(57856K)
[2020-10-27T23:46:50.401-0800] GC(10) ParOldGen: 232140K(349696K)->232140K(349696K)
[2020-10-27T23:46:50.401-0800] GC(10) Metaspace: 220K(4864K)->220K(4864K) NonClass: 208K(4352K)->208K(4352K) Class: 12K(512K)->12K(512K)
[2020-10-27T23:46:50.401-0800] GC(10) Pause Young (Allocation Failure) 283M->246M(455M) 4.271ms
[2020-10-27T23:46:50.401-0800] GC(10) User=0.02s Sys=0.00s Real=0.01s
[2020-10-27T23:46:50.410-0800] GC(11) Pause Young (Allocation Failure)
[2020-10-27T23:46:50.419-0800] GC(11) PSYoungGen: 79313K(116736K)->24313K(116736K) Eden: 58722K(58880K)->0K(58880K) From: 20590K(57856K)->24313K(57856K)
[2020-10-27T23:46:50.419-0800] GC(11) ParOldGen: 232140K(349696K)->251445K(349696K)
[2020-10-27T23:46:50.419-0800] GC(11) Metaspace: 220K(4864K)->220K(4864K) NonClass: 208K(4352K)->208K(4352K) Class: 12K(512K)->12K(512K)
[2020-10-27T23:46:50.419-0800] GC(11) Pause Young (Allocation Failure) 304M->269M(455M) 8.934ms
[2020-10-27T23:46:50.419-0800] GC(11) User=0.05s Sys=0.00s Real=0.00s
[2020-10-27T23:46:50.427-0800] GC(12) Pause Young (Allocation Failure)
[2020-10-27T23:46:50.436-0800] GC(12) PSYoungGen: 82773K(116736K)->19155K(116736K) Eden: 58460K(58880K)->0K(58880K) From: 24313K(57856K)->19155K(57856K)
[2020-10-27T23:46:50.436-0800] GC(12) ParOldGen: 251445K(349696K)->273935K(349696K)
[2020-10-27T23:46:50.436-0800] GC(12) Metaspace: 220K(4864K)->220K(4864K) NonClass: 208K(4352K)->208K(4352K) Class: 12K(512K)->12K(512K)
[2020-10-27T23:46:50.436-0800] GC(12) Pause Young (Allocation Failure) 326M->286M(455M) 8.678ms
[2020-10-27T23:46:50.436-0800] GC(12) User=0.04s Sys=0.01s Real=0.01s
[2020-10-27T23:46:50.445-0800] GC(13) Pause Young (Allocation Failure)
[2020-10-27T23:46:50.454-0800] GC(13) PSYoungGen: 78035K(116736K)->24028K(116736K) Eden: 58880K(58880K)->0K(58880K) From: 19155K(57856K)->24028K(57856K)
[2020-10-27T23:46:50.454-0800] GC(13) ParOldGen: 273935K(349696K)->291871K(349696K)
[2020-10-27T23:46:50.454-0800] GC(13) Metaspace: 220K(4864K)->220K(4864K) NonClass: 208K(4352K)->208K(4352K) Class: 12K(512K)->12K(512K)
[2020-10-27T23:46:50.454-0800] GC(13) Pause Young (Allocation Failure) 343M->308M(455M) 9.314ms
[2020-10-27T23:46:50.454-0800] GC(13) User=0.04s Sys=0.00s Real=0.01s
[2020-10-27T23:46:50.454-0800] GC(14) Pause Full (Ergonomics)
[2020-10-27T23:46:50.454-0800] GC(14) Marking Phase
[2020-10-27T23:46:50.455-0800] GC(14) Marking Phase 0.885ms
[2020-10-27T23:46:50.455-0800] GC(14) Summary Phase
[2020-10-27T23:46:50.455-0800] GC(14) Summary Phase 0.011ms
[2020-10-27T23:46:50.455-0800] GC(14) Adjust Roots
[2020-10-27T23:46:50.455-0800] GC(14) Adjust Roots 0.216ms
[2020-10-27T23:46:50.455-0800] GC(14) Compaction Phase
[2020-10-27T23:46:50.503-0800] GC(14) Compaction Phase 48.140ms
[2020-10-27T23:46:50.503-0800] GC(14) Post Compact
[2020-10-27T23:46:50.504-0800] GC(14) Post Compact 0.866ms
[2020-10-27T23:46:50.504-0800] GC(14) PSYoungGen: 24028K(116736K)->0K(116736K) Eden: 0K(58880K)->0K(58880K) From: 24028K(57856K)->0K(57856K)
[2020-10-27T23:46:50.504-0800] GC(14) ParOldGen: 291871K(349696K)->252856K(349696K)
[2020-10-27T23:46:50.504-0800] GC(14) Metaspace: 220K(4864K)->220K(4864K) NonClass: 208K(4352K)->208K(4352K) Class: 12K(512K)->12K(512K)
[2020-10-27T23:46:50.504-0800] GC(14) Pause Full (Ergonomics) 308M->246M(455M) 50.328ms
[2020-10-27T23:46:50.504-0800] GC(14) User=0.27s Sys=0.01s Real=0.05s
[2020-10-27T23:46:50.512-0800] GC(15) Pause Young (Allocation Failure)
[2020-10-27T23:46:50.517-0800] GC(15) PSYoungGen: 58880K(116736K)->27003K(116736K) Eden: 58880K(58880K)->0K(58880K) From: 0K(57856K)->27003K(57856K)
[2020-10-27T23:46:50.517-0800] GC(15) ParOldGen: 252856K(349696K)->252856K(349696K)
[2020-10-27T23:46:50.517-0800] GC(15) Metaspace: 220K(4864K)->220K(4864K) NonClass: 208K(4352K)->208K(4352K) Class: 12K(512K)->12K(512K)
[2020-10-27T23:46:50.518-0800] GC(15) Pause Young (Allocation Failure) 304M->273M(455M) 5.324ms
[2020-10-27T23:46:50.518-0800] GC(15) User=0.03s Sys=0.00s Real=0.00s
[2020-10-27T23:46:50.526-0800] GC(16) Pause Young (Allocation Failure)
[2020-10-27T23:46:50.535-0800] GC(16) PSYoungGen: 85883K(116736K)->23502K(116736K) Eden: 58880K(58880K)->0K(58880K) From: 27003K(57856K)->23502K(57856K)
[2020-10-27T23:46:50.535-0800] GC(16) ParOldGen: 252856K(349696K)->277332K(349696K)
[2020-10-27T23:46:50.535-0800] GC(16) Metaspace: 220K(4864K)->220K(4864K) NonClass: 208K(4352K)->208K(4352K) Class: 12K(512K)->12K(512K)
[2020-10-27T23:46:50.535-0800] GC(16) Pause Young (Allocation Failure) 330M->293M(455M) 9.036ms
[2020-10-27T23:46:50.535-0800] GC(16) User=0.05s Sys=0.00s Real=0.01s
[2020-10-27T23:46:50.542-0800] GC(17) Pause Young (Allocation Failure)
[2020-10-27T23:46:50.552-0800] GC(17) PSYoungGen: 82382K(116736K)->24564K(116736K) Eden: 58880K(58880K)->0K(58880K) From: 23502K(57856K)->24564K(57856K)
[2020-10-27T23:46:50.552-0800] GC(17) ParOldGen: 277332K(349696K)->299710K(349696K)
[2020-10-27T23:46:50.552-0800] GC(17) Metaspace: 220K(4864K)->220K(4864K) NonClass: 208K(4352K)->208K(4352K) Class: 12K(512K)->12K(512K)
[2020-10-27T23:46:50.552-0800] GC(17) Pause Young (Allocation Failure) 351M->316M(455M) 9.591ms
[2020-10-27T23:46:50.552-0800] GC(17) User=0.04s Sys=0.01s Real=0.01s
[2020-10-27T23:46:50.552-0800] GC(18) Pause Full (Ergonomics)
[2020-10-27T23:46:50.552-0800] GC(18) Marking Phase
[2020-10-27T23:46:50.552-0800] GC(18) Marking Phase 0.641ms
[2020-10-27T23:46:50.552-0800] GC(18) Summary Phase
[2020-10-27T23:46:50.552-0800] GC(18) Summary Phase 0.009ms
[2020-10-27T23:46:50.552-0800] GC(18) Adjust Roots
[2020-10-27T23:46:50.553-0800] GC(18) Adjust Roots 0.161ms
[2020-10-27T23:46:50.553-0800] GC(18) Compaction Phase
[2020-10-27T23:46:50.603-0800] GC(18) Compaction Phase 50.523ms
[2020-10-27T23:46:50.603-0800] GC(18) Post Compact
[2020-10-27T23:46:50.604-0800] GC(18) Post Compact 0.685ms
[2020-10-27T23:46:50.604-0800] GC(18) PSYoungGen: 24564K(116736K)->0K(116736K) Eden: 0K(58880K)->0K(58880K) From: 24564K(57856K)->0K(57856K)
[2020-10-27T23:46:50.604-0800] GC(18) ParOldGen: 299710K(349696K)->265394K(349696K)
[2020-10-27T23:46:50.604-0800] GC(18) Metaspace: 220K(4864K)->220K(4864K) NonClass: 208K(4352K)->208K(4352K) Class: 12K(512K)->12K(512K)
[2020-10-27T23:46:50.604-0800] GC(18) Pause Full (Ergonomics) 316M->259M(455M) 52.172ms
[2020-10-27T23:46:50.604-0800] GC(18) User=0.27s Sys=0.01s Real=0.05s
[2020-10-27T23:46:50.612-0800] GC(19) Pause Young (Allocation Failure)
[2020-10-27T23:46:50.616-0800] GC(19) PSYoungGen: 58670K(116736K)->21137K(116736K) Eden: 58670K(58880K)->0K(58880K) From: 0K(57856K)->21137K(57856K)
[2020-10-27T23:46:50.616-0800] GC(19) ParOldGen: 265394K(349696K)->265394K(349696K)
[2020-10-27T23:46:50.616-0800] GC(19) Metaspace: 220K(4864K)->220K(4864K) NonClass: 208K(4352K)->208K(4352K) Class: 12K(512K)->12K(512K)
[2020-10-27T23:46:50.616-0800] GC(19) Pause Young (Allocation Failure) 316M->279M(455M) 4.251ms
[2020-10-27T23:46:50.616-0800] GC(19) User=0.03s Sys=0.00s Real=0.00s
[2020-10-27T23:46:50.624-0800] GC(20) Pause Young (Allocation Failure)
[2020-10-27T23:46:50.632-0800] GC(20) PSYoungGen: 80011K(116736K)->20319K(116736K) Eden: 58874K(58880K)->0K(58880K) From: 21137K(57856K)->20319K(57856K)
[2020-10-27T23:46:50.632-0800] GC(20) ParOldGen: 265394K(349696K)->285504K(349696K)
[2020-10-27T23:46:50.632-0800] GC(20) Metaspace: 220K(4864K)->220K(4864K) NonClass: 208K(4352K)->208K(4352K) Class: 12K(512K)->12K(512K)
[2020-10-27T23:46:50.632-0800] GC(20) Pause Young (Allocation Failure) 337M->298M(455M) 7.701ms
[2020-10-27T23:46:50.632-0800] GC(20) User=0.05s Sys=0.00s Real=0.01s
[2020-10-27T23:46:50.639-0800] GC(21) Pause Young (Allocation Failure)
[2020-10-27T23:46:50.648-0800] GC(21) PSYoungGen: 78741K(116736K)->24842K(116736K) Eden: 58422K(58880K)->0K(58880K) From: 20319K(57856K)->24842K(57856K)
[2020-10-27T23:46:50.648-0800] GC(21) ParOldGen: 285504K(349696K)->304164K(349696K)
[2020-10-27T23:46:50.648-0800] GC(21) Metaspace: 220K(4864K)->220K(4864K) NonClass: 208K(4352K)->208K(4352K) Class: 12K(512K)->12K(512K)
[2020-10-27T23:46:50.648-0800] GC(21) Pause Young (Allocation Failure) 355M->321M(455M) 8.433ms
[2020-10-27T23:46:50.648-0800] GC(21) User=0.05s Sys=0.01s Real=0.01s
[2020-10-27T23:46:50.655-0800] GC(22) Pause Young (Allocation Failure)
[2020-10-27T23:46:50.665-0800] GC(22) PSYoungGen: 83722K(116736K)->24519K(116736K) Eden: 58880K(58880K)->0K(58880K) From: 24842K(57856K)->24519K(57856K)
[2020-10-27T23:46:50.665-0800] GC(22) ParOldGen: 304164K(349696K)->327084K(349696K)
[2020-10-27T23:46:50.665-0800] GC(22) Metaspace: 220K(4864K)->220K(4864K) NonClass: 208K(4352K)->208K(4352K) Class: 12K(512K)->12K(512K)
[2020-10-27T23:46:50.666-0800] GC(22) Pause Young (Allocation Failure) 378M->343M(455M) 10.528ms
[2020-10-27T23:46:50.666-0800] GC(22) User=0.03s Sys=0.04s Real=0.01s
[2020-10-27T23:46:50.666-0800] GC(23) Pause Full (Ergonomics)
[2020-10-27T23:46:50.666-0800] GC(23) Marking Phase
[2020-10-27T23:46:50.666-0800] GC(23) Marking Phase 0.906ms
[2020-10-27T23:46:50.666-0800] GC(23) Summary Phase
[2020-10-27T23:46:50.666-0800] GC(23) Summary Phase 0.012ms
[2020-10-27T23:46:50.666-0800] GC(23) Adjust Roots
[2020-10-27T23:46:50.667-0800] GC(23) Adjust Roots 0.232ms
[2020-10-27T23:46:50.667-0800] GC(23) Compaction Phase
[2020-10-27T23:46:50.715-0800] GC(23) Compaction Phase 47.932ms
[2020-10-27T23:46:50.715-0800] GC(23) Post Compact
[2020-10-27T23:46:50.716-0800] GC(23) Post Compact 0.842ms
[2020-10-27T23:46:50.716-0800] GC(23) PSYoungGen: 24519K(116736K)->0K(116736K) Eden: 0K(58880K)->0K(58880K) From: 24519K(57856K)->0K(57856K)
[2020-10-27T23:46:50.716-0800] GC(23) ParOldGen: 327084K(349696K)->280071K(349696K)
[2020-10-27T23:46:50.716-0800] GC(23) Metaspace: 220K(4864K)->220K(4864K) NonClass: 208K(4352K)->208K(4352K) Class: 12K(512K)->12K(512K)
[2020-10-27T23:46:50.716-0800] GC(23) Pause Full (Ergonomics) 343M->273M(455M) 50.112ms
[2020-10-27T23:46:50.716-0800] GC(23) User=0.33s Sys=0.01s Real=0.05s
[2020-10-27T23:46:50.723-0800] GC(24) Pause Young (Allocation Failure)
[2020-10-27T23:46:50.728-0800] GC(24) PSYoungGen: 58879K(116736K)->24853K(116736K) Eden: 58879K(58880K)->0K(58880K) From: 0K(57856K)->24853K(57856K)
[2020-10-27T23:46:50.728-0800] GC(24) ParOldGen: 280071K(349696K)->280071K(349696K)
[2020-10-27T23:46:50.728-0800] GC(24) Metaspace: 220K(4864K)->220K(4864K) NonClass: 208K(4352K)->208K(4352K) Class: 12K(512K)->12K(512K)
[2020-10-27T23:46:50.728-0800] GC(24) Pause Young (Allocation Failure) 331M->297M(455M) 4.931ms
[2020-10-27T23:46:50.728-0800] GC(24) User=0.03s Sys=0.00s Real=0.00s
[2020-10-27T23:46:50.736-0800] GC(25) Pause Young (Allocation Failure)
[2020-10-27T23:46:50.744-0800] GC(25) PSYoungGen: 83590K(116736K)->24629K(116736K) Eden: 58736K(58880K)->0K(58880K) From: 24853K(57856K)->24629K(57856K)
[2020-10-27T23:46:50.744-0800] GC(25) ParOldGen: 280071K(349696K)->302189K(349696K)
[2020-10-27T23:46:50.744-0800] GC(25) Metaspace: 220K(4864K)->220K(4864K) NonClass: 208K(4352K)->208K(4352K) Class: 12K(512K)->12K(512K)
[2020-10-27T23:46:50.744-0800] GC(25) Pause Young (Allocation Failure) 355M->319M(455M) 8.377ms
[2020-10-27T23:46:50.744-0800] GC(25) User=0.06s Sys=0.00s Real=0.01s
[2020-10-27T23:46:50.752-0800] GC(26) Pause Young (Allocation Failure)
[2020-10-27T23:46:50.760-0800] GC(26) PSYoungGen: 83234K(116736K)->24749K(116736K) Eden: 58605K(58880K)->0K(58880K) From: 24629K(57856K)->24749K(57856K)
[2020-10-27T23:46:50.760-0800] GC(26) ParOldGen: 302189K(349696K)->326105K(349696K)
[2020-10-27T23:46:50.760-0800] GC(26) Metaspace: 220K(4864K)->220K(4864K) NonClass: 208K(4352K)->208K(4352K) Class: 12K(512K)->12K(512K)
[2020-10-27T23:46:50.760-0800] GC(26) Pause Young (Allocation Failure) 376M->342M(455M) 8.699ms
[2020-10-27T23:46:50.760-0800] GC(26) User=0.06s Sys=0.00s Real=0.01s
[2020-10-27T23:46:50.760-0800] GC(27) Pause Full (Ergonomics)
[2020-10-27T23:46:50.760-0800] GC(27) Marking Phase
[2020-10-27T23:46:50.761-0800] GC(27) Marking Phase 0.638ms
[2020-10-27T23:46:50.761-0800] GC(27) Summary Phase
[2020-10-27T23:46:50.761-0800] GC(27) Summary Phase 0.013ms
[2020-10-27T23:46:50.761-0800] GC(27) Adjust Roots
[2020-10-27T23:46:50.761-0800] GC(27) Adjust Roots 0.093ms
[2020-10-27T23:46:50.761-0800] GC(27) Compaction Phase
[2020-10-27T23:46:50.814-0800] GC(27) Compaction Phase 53.066ms
[2020-10-27T23:46:50.814-0800] GC(27) Post Compact
[2020-10-27T23:46:50.815-0800] GC(27) Post Compact 0.738ms
[2020-10-27T23:46:50.815-0800] GC(27) PSYoungGen: 24749K(116736K)->0K(116736K) Eden: 0K(58880K)->0K(58880K) From: 24749K(57856K)->0K(57856K)
[2020-10-27T23:46:50.815-0800] GC(27) ParOldGen: 326105K(349696K)->299932K(349696K)
[2020-10-27T23:46:50.815-0800] GC(27) Metaspace: 220K(4864K)->220K(4864K) NonClass: 208K(4352K)->208K(4352K) Class: 12K(512K)->12K(512K)
[2020-10-27T23:46:50.815-0800] GC(27) Pause Full (Ergonomics) 342M->292M(455M) 54.745ms
[2020-10-27T23:46:50.815-0800] GC(27) User=0.34s Sys=0.01s Real=0.05s
[2020-10-27T23:46:50.823-0800] GC(28) Pause Young (Allocation Failure)
[2020-10-27T23:46:50.828-0800] GC(28) PSYoungGen: 58667K(116736K)->19709K(116736K) Eden: 58667K(58880K)->0K(58880K) From: 0K(57856K)->19709K(57856K)
[2020-10-27T23:46:50.828-0800] GC(28) ParOldGen: 299932K(349696K)->299932K(349696K)
[2020-10-27T23:46:50.828-0800] GC(28) Metaspace: 220K(4864K)->220K(4864K) NonClass: 208K(4352K)->208K(4352K) Class: 12K(512K)->12K(512K)
[2020-10-27T23:46:50.828-0800] GC(28) Pause Young (Allocation Failure) 350M->312M(455M) 4.157ms
[2020-10-27T23:46:50.828-0800] GC(28) User=0.02s Sys=0.00s Real=0.00s
[2020-10-27T23:46:50.835-0800] GC(29) Pause Young (Allocation Failure)
[2020-10-27T23:46:50.843-0800] GC(29) PSYoungGen: 78589K(116736K)->24585K(116736K) Eden: 58880K(58880K)->0K(58880K) From: 19709K(57856K)->24585K(57856K)
[2020-10-27T23:46:50.843-0800] GC(29) ParOldGen: 299932K(349696K)->318570K(349696K)
[2020-10-27T23:46:50.843-0800] GC(29) Metaspace: 220K(4864K)->220K(4864K) NonClass: 208K(4352K)->208K(4352K) Class: 12K(512K)->12K(512K)
[2020-10-27T23:46:50.844-0800] GC(29) Pause Young (Allocation Failure) 369M->335M(455M) 8.065ms
[2020-10-27T23:46:50.844-0800] GC(29) User=0.05s Sys=0.00s Real=0.01s
[2020-10-27T23:46:50.844-0800] GC(30) Pause Full (Ergonomics)
[2020-10-27T23:46:50.844-0800] GC(30) Marking Phase
[2020-10-27T23:46:50.845-0800] GC(30) Marking Phase 1.166ms
[2020-10-27T23:46:50.845-0800] GC(30) Summary Phase
[2020-10-27T23:46:50.845-0800] GC(30) Summary Phase 0.011ms
[2020-10-27T23:46:50.845-0800] GC(30) Adjust Roots
[2020-10-27T23:46:50.845-0800] GC(30) Adjust Roots 0.112ms
[2020-10-27T23:46:50.845-0800] GC(30) Compaction Phase
[2020-10-27T23:46:50.904-0800] GC(30) Compaction Phase 59.099ms
[2020-10-27T23:46:50.904-0800] GC(30) Post Compact
[2020-10-27T23:46:50.905-0800] GC(30) Post Compact 1.004ms
[2020-10-27T23:46:50.905-0800] GC(30) PSYoungGen: 24585K(116736K)->0K(116736K) Eden: 0K(58880K)->0K(58880K) From: 24585K(57856K)->0K(57856K)
[2020-10-27T23:46:50.905-0800] GC(30) ParOldGen: 318570K(349696K)->305173K(349696K)
[2020-10-27T23:46:50.905-0800] GC(30) Metaspace: 220K(4864K)->220K(4864K) NonClass: 208K(4352K)->208K(4352K) Class: 12K(512K)->12K(512K)
[2020-10-27T23:46:50.905-0800] GC(30) Pause Full (Ergonomics) 335M->298M(455M) 61.616ms
[2020-10-27T23:46:50.905-0800] GC(30) User=0.29s Sys=0.00s Real=0.06s
[2020-10-27T23:46:50.913-0800] GC(31) Pause Young (Allocation Failure)
[2020-10-27T23:46:50.919-0800] GC(31) PSYoungGen: 58563K(116736K)->25823K(116736K) Eden: 58563K(58880K)->0K(58880K) From: 0K(57856K)->25823K(57856K)
[2020-10-27T23:46:50.919-0800] GC(31) ParOldGen: 305173K(349696K)->305173K(349696K)
[2020-10-27T23:46:50.919-0800] GC(31) Metaspace: 220K(4864K)->220K(4864K) NonClass: 208K(4352K)->208K(4352K) Class: 12K(512K)->12K(512K)
[2020-10-27T23:46:50.919-0800] GC(31) Pause Young (Allocation Failure) 355M->323M(455M) 6.100ms
[2020-10-27T23:46:50.919-0800] GC(31) User=0.03s Sys=0.01s Real=0.00s
[2020-10-27T23:46:50.927-0800] GC(32) Pause Young (Allocation Failure)
[2020-10-27T23:46:50.937-0800] GC(32) PSYoungGen: 84662K(116736K)->27281K(116736K) Eden: 58839K(58880K)->0K(58880K) From: 25823K(57856K)->27281K(57856K)
[2020-10-27T23:46:50.937-0800] GC(32) ParOldGen: 305173K(349696K)->330249K(349696K)
[2020-10-27T23:46:50.937-0800] GC(32) Metaspace: 220K(4864K)->220K(4864K) NonClass: 208K(4352K)->208K(4352K) Class: 12K(512K)->12K(512K)
[2020-10-27T23:46:50.937-0800] GC(32) Pause Young (Allocation Failure) 380M->349M(455M) 10.573ms
[2020-10-27T23:46:50.937-0800] GC(32) User=0.05s Sys=0.00s Real=0.01s
[2020-10-27T23:46:50.937-0800] GC(33) Pause Full (Ergonomics)
[2020-10-27T23:46:50.937-0800] GC(33) Marking Phase
[2020-10-27T23:46:50.938-0800] GC(33) Marking Phase 0.903ms
[2020-10-27T23:46:50.938-0800] GC(33) Summary Phase
[2020-10-27T23:46:50.938-0800] GC(33) Summary Phase 0.024ms
[2020-10-27T23:46:50.938-0800] GC(33) Adjust Roots
[2020-10-27T23:46:50.938-0800] GC(33) Adjust Roots 0.099ms
[2020-10-27T23:46:50.938-0800] GC(33) Compaction Phase
[2020-10-27T23:46:51.000-0800] GC(33) Compaction Phase 61.256ms
[2020-10-27T23:46:51.000-0800] GC(33) Post Compact
[2020-10-27T23:46:51.001-0800] GC(33) Post Compact 1.249ms
[2020-10-27T23:46:51.001-0800] GC(33) PSYoungGen: 27281K(116736K)->0K(116736K) Eden: 0K(58880K)->0K(58880K) From: 27281K(57856K)->0K(57856K)
[2020-10-27T23:46:51.001-0800] GC(33) ParOldGen: 330249K(349696K)->318187K(349696K)
[2020-10-27T23:46:51.001-0800] GC(33) Metaspace: 220K(4864K)->220K(4864K) NonClass: 208K(4352K)->208K(4352K) Class: 12K(512K)->12K(512K)
[2020-10-27T23:46:51.001-0800] GC(33) Pause Full (Ergonomics) 349M->310M(455M) 63.706ms
[2020-10-27T23:46:51.001-0800] GC(33) User=0.34s Sys=0.01s Real=0.07s
[2020-10-27T23:46:51.010-0800] Heap
[2020-10-27T23:46:51.010-0800]  PSYoungGen      total 116736K, used 2796K [0x00000007f5580000, 0x0000000800000000, 0x0000000800000000)
[2020-10-27T23:46:51.010-0800]   eden space 58880K, 4% used [0x00000007f5580000,0x00000007f583b288,0x00000007f8f00000)
[2020-10-27T23:46:51.010-0800]   from space 57856K, 0% used [0x00000007fc780000,0x00000007fc780000,0x0000000800000000)
[2020-10-27T23:46:51.010-0800]   to   space 57856K, 0% used [0x00000007f8f00000,0x00000007f8f00000,0x00000007fc780000)
[2020-10-27T23:46:51.010-0800]  ParOldGen       total 349696K, used 318187K [0x00000007e0000000, 0x00000007f5580000, 0x00000007f5580000)
[2020-10-27T23:46:51.010-0800]   object space 349696K, 90% used [0x00000007e0000000,0x00000007f36baeb8,0x00000007f5580000)
[2020-10-27T23:46:51.010-0800]  Metaspace       used 341K, capacity 4508K, committed 4864K, reserved 1056768K
[2020-10-27T23:46:51.010-0800]   class space    used 25K, capacity 392K, committed 512K, reserved 1048576K
