[2020-10-27T23:46:48.884-0800] Using Serial
[2020-10-27T23:46:48.885-0800] Version: 15.0.1+9-18 (release)
[2020-10-27T23:46:48.885-0800] CPUs: 8 total, 8 available
[2020-10-27T23:46:48.885-0800] Memory: 16384M
[2020-10-27T23:46:48.885-0800] Large Page Support: Disabled
[2020-10-27T23:46:48.885-0800] NUMA Support: Disabled
[2020-10-27T23:46:48.885-0800] Compressed Oops: Enabled (Zero based)
[2020-10-27T23:46:48.885-0800] Heap Min Capacity: 512M
[2020-10-27T23:46:48.885-0800] Heap Initial Capacity: 512M
[2020-10-27T23:46:48.885-0800] Heap Max Capacity: 512M
[2020-10-27T23:46:48.885-0800] Pre-touch: Disabled
[2020-10-27T23:46:48.885-0800] CDS archive(s) mapped at: [0x0000000800000000-0x0000000800b2b000-0x0000000800b2b000), size 11710464, SharedBaseAddress: 0x0000000800000000, ArchiveRelocationMode: 0.
[2020-10-27T23:46:48.885-0800] Compressed class space mapped at: 0x0000000800b2c000-0x0000000840b2c000, size: 1073741824
[2020-10-27T23:46:48.885-0800] Narrow klass base: 0x0000000800000000, Narrow klass shift: 3, Narrow klass range: 0x100000000
[2020-10-27T23:46:48.974-0800] GC(0) Pause Young (Allocation Failure)
[2020-10-27T23:46:48.997-0800] GC(0) DefNew: 139776K(157248K)->17471K(157248K) Eden: 139776K(139776K)->0K(139776K) From: 0K(17472K)->17471K(17472K)
[2020-10-27T23:46:48.997-0800] GC(0) Tenured: 0K(349568K)->30419K(349568K)
[2020-10-27T23:46:48.997-0800] GC(0) Metaspace: 219K(4864K)->219K(4864K) NonClass: 207K(4352K)->207K(4352K) Class: 12K(512K)->12K(512K)
[2020-10-27T23:46:48.997-0800] GC(0) Pause Young (Allocation Failure) 136M->46M(494M) 22.545ms
[2020-10-27T23:46:48.997-0800] GC(0) User=0.02s Sys=0.01s Real=0.02s
[2020-10-27T23:46:49.023-0800] GC(1) Pause Young (Allocation Failure)
[2020-10-27T23:46:49.053-0800] GC(1) DefNew: 156888K(157248K)->17472K(157248K) Eden: 139416K(139776K)->0K(139776K) From: 17471K(17472K)->17472K(17472K)
[2020-10-27T23:46:49.053-0800] GC(1) Tenured: 30419K(349568K)->79668K(349568K)
[2020-10-27T23:46:49.053-0800] GC(1) Metaspace: 219K(4864K)->219K(4864K) NonClass: 207K(4352K)->207K(4352K) Class: 12K(512K)->12K(512K)
[2020-10-27T23:46:49.053-0800] GC(1) Pause Young (Allocation Failure) 182M->94M(494M) 30.255ms
[2020-10-27T23:46:49.053-0800] GC(1) User=0.02s Sys=0.01s Real=0.03s
[2020-10-27T23:46:49.070-0800] GC(2) Pause Young (Allocation Failure)
[2020-10-27T23:46:49.098-0800] GC(2) DefNew: 157248K(157248K)->17471K(157248K) Eden: 139776K(139776K)->0K(139776K) From: 17472K(17472K)->17471K(17472K)
[2020-10-27T23:46:49.098-0800] GC(2) Tenured: 79668K(349568K)->132154K(349568K)
[2020-10-27T23:46:49.098-0800] GC(2) Metaspace: 219K(4864K)->219K(4864K) NonClass: 207K(4352K)->207K(4352K) Class: 12K(512K)->12K(512K)
[2020-10-27T23:46:49.098-0800] GC(2) Pause Young (Allocation Failure) 231M->146M(494M) 27.598ms
[2020-10-27T23:46:49.098-0800] GC(2) User=0.02s Sys=0.01s Real=0.02s
[2020-10-27T23:46:49.114-0800] GC(3) Pause Young (Allocation Failure)
[2020-10-27T23:46:49.141-0800] GC(3) DefNew: 157247K(157248K)->17470K(157248K) Eden: 139776K(139776K)->0K(139776K) From: 17471K(17472K)->17470K(17472K)
[2020-10-27T23:46:49.141-0800] GC(3) Tenured: 132154K(349568K)->183487K(349568K)
[2020-10-27T23:46:49.141-0800] GC(3) Metaspace: 219K(4864K)->219K(4864K) NonClass: 207K(4352K)->207K(4352K) Class: 12K(512K)->12K(512K)
[2020-10-27T23:46:49.141-0800] GC(3) Pause Young (Allocation Failure) 282M->196M(494M) 27.127ms
[2020-10-27T23:46:49.141-0800] GC(3) User=0.01s Sys=0.01s Real=0.03s
[2020-10-27T23:46:49.159-0800] GC(4) Pause Young (Allocation Failure)
[2020-10-27T23:46:49.186-0800] GC(4) DefNew: 157246K(157248K)->17471K(157248K) Eden: 139776K(139776K)->0K(139776K) From: 17470K(17472K)->17471K(17472K)
[2020-10-27T23:46:49.186-0800] GC(4) Tenured: 183487K(349568K)->232968K(349568K)
[2020-10-27T23:46:49.186-0800] GC(4) Metaspace: 219K(4864K)->219K(4864K) NonClass: 207K(4352K)->207K(4352K) Class: 12K(512K)->12K(512K)
[2020-10-27T23:46:49.186-0800] GC(4) Pause Young (Allocation Failure) 332M->244M(494M) 27.350ms
[2020-10-27T23:46:49.186-0800] GC(4) User=0.02s Sys=0.01s Real=0.03s
[2020-10-27T23:46:49.205-0800] GC(5) Pause Young (Allocation Failure)
[2020-10-27T23:46:49.231-0800] GC(5) DefNew: 156580K(157248K)->17471K(157248K) Eden: 139108K(139776K)->0K(139776K) From: 17471K(17472K)->17471K(17472K)
[2020-10-27T23:46:49.231-0800] GC(5) Tenured: 232968K(349568K)->279791K(349568K)
[2020-10-27T23:46:49.231-0800] GC(5) Metaspace: 219K(4864K)->219K(4864K) NonClass: 207K(4352K)->207K(4352K) Class: 12K(512K)->12K(512K)
[2020-10-27T23:46:49.231-0800] GC(5) Pause Young (Allocation Failure) 380M->290M(494M) 25.867ms
[2020-10-27T23:46:49.231-0800] GC(5) User=0.01s Sys=0.00s Real=0.03s
[2020-10-27T23:46:49.251-0800] GC(6) Pause Young (Allocation Failure)
[2020-10-27T23:46:49.277-0800] GC(6) DefNew: 157216K(157248K)->17471K(157248K) Eden: 139744K(139776K)->0K(139776K) From: 17471K(17472K)->17471K(17472K)
[2020-10-27T23:46:49.277-0800] GC(6) Tenured: 279791K(349568K)->328552K(349568K)
[2020-10-27T23:46:49.277-0800] GC(6) Metaspace: 219K(4864K)->219K(4864K) NonClass: 207K(4352K)->207K(4352K) Class: 12K(512K)->12K(512K)
[2020-10-27T23:46:49.277-0800] GC(6) Pause Young (Allocation Failure) 426M->337M(494M) 26.968ms
[2020-10-27T23:46:49.277-0800] GC(6) User=0.01s Sys=0.01s Real=0.02s
[2020-10-27T23:46:49.295-0800] GC(7) Pause Young (Allocation Failure)
[2020-10-27T23:46:49.295-0800] GC(7) Pause Young (Allocation Failure) 474M->474M(494M) 0.092ms
[2020-10-27T23:46:49.295-0800] GC(7) User=0.00s Sys=0.00s Real=0.00s
[2020-10-27T23:46:49.295-0800] GC(8) Pause Full (Allocation Failure)
[2020-10-27T23:46:49.295-0800] GC(8) Phase 1: Mark live objects
[2020-10-27T23:46:49.296-0800] GC(8) Phase 1: Mark live objects 0.702ms
[2020-10-27T23:46:49.296-0800] GC(8) Phase 2: Compute new object addresses
[2020-10-27T23:46:49.297-0800] GC(8) Phase 2: Compute new object addresses 0.781ms
[2020-10-27T23:46:49.297-0800] GC(8) Phase 3: Adjust pointers
[2020-10-27T23:46:49.297-0800] GC(8) Phase 3: Adjust pointers 0.510ms
[2020-10-27T23:46:49.297-0800] GC(8) Phase 4: Move objects
[2020-10-27T23:46:49.352-0800] GC(8) Phase 4: Move objects 54.443ms
[2020-10-27T23:46:49.352-0800] GC(8) DefNew: 157247K(157248K)->0K(157248K) Eden: 139776K(139776K)->0K(139776K) From: 17471K(17472K)->0K(17472K)
[2020-10-27T23:46:49.352-0800] GC(8) Tenured: 328552K(349568K)->267835K(349568K)
[2020-10-27T23:46:49.352-0800] GC(8) Metaspace: 219K(4864K)->219K(4864K) NonClass: 207K(4352K)->207K(4352K) Class: 12K(512K)->12K(512K)
[2020-10-27T23:46:49.352-0800] GC(8) Pause Full (Allocation Failure) 474M->261M(494M) 56.636ms
[2020-10-27T23:46:49.352-0800] GC(8) User=0.06s Sys=0.00s Real=0.06s
[2020-10-27T23:46:49.369-0800] GC(9) Pause Young (Allocation Failure)
[2020-10-27T23:46:49.381-0800] GC(9) DefNew: 139776K(157248K)->17471K(157248K) Eden: 139776K(139776K)->0K(139776K) From: 0K(17472K)->17471K(17472K)
[2020-10-27T23:46:49.381-0800] GC(9) Tenured: 267835K(349568K)->303517K(349568K)
[2020-10-27T23:46:49.381-0800] GC(9) Metaspace: 220K(4864K)->220K(4864K) NonClass: 207K(4352K)->207K(4352K) Class: 12K(512K)->12K(512K)
[2020-10-27T23:46:49.381-0800] GC(9) Pause Young (Allocation Failure) 398M->313M(494M) 11.760ms
[2020-10-27T23:46:49.381-0800] GC(9) User=0.02s Sys=0.00s Real=0.02s
[2020-10-27T23:46:49.398-0800] GC(10) Pause Young (Allocation Failure)
[2020-10-27T23:46:49.398-0800] GC(10) Pause Young (Allocation Failure) 449M->449M(494M) 0.101ms
[2020-10-27T23:46:49.398-0800] GC(10) User=0.00s Sys=0.00s Real=0.00s
[2020-10-27T23:46:49.398-0800] GC(11) Pause Full (Allocation Failure)
[2020-10-27T23:46:49.398-0800] GC(11) Phase 1: Mark live objects
[2020-10-27T23:46:49.399-0800] GC(11) Phase 1: Mark live objects 0.740ms
[2020-10-27T23:46:49.399-0800] GC(11) Phase 2: Compute new object addresses
[2020-10-27T23:46:49.399-0800] GC(11) Phase 2: Compute new object addresses 0.585ms
[2020-10-27T23:46:49.399-0800] GC(11) Phase 3: Adjust pointers
[2020-10-27T23:46:49.400-0800] GC(11) Phase 3: Adjust pointers 0.435ms
[2020-10-27T23:46:49.400-0800] GC(11) Phase 4: Move objects
[2020-10-27T23:46:49.460-0800] GC(11) Phase 4: Move objects 60.603ms
[2020-10-27T23:46:49.460-0800] GC(11) DefNew: 157247K(157248K)->0K(157248K) Eden: 139776K(139776K)->0K(139776K) From: 17471K(17472K)->0K(17472K)
[2020-10-27T23:46:49.460-0800] GC(11) Tenured: 303517K(349568K)->293538K(349568K)
[2020-10-27T23:46:49.460-0800] GC(11) Metaspace: 220K(4864K)->220K(4864K) NonClass: 207K(4352K)->207K(4352K) Class: 12K(512K)->12K(512K)
[2020-10-27T23:46:49.461-0800] GC(11) Pause Full (Allocation Failure) 449M->286M(494M) 62.542ms
[2020-10-27T23:46:49.461-0800] GC(11) User=0.06s Sys=0.00s Real=0.07s
[2020-10-27T23:46:49.483-0800] GC(12) Pause Young (Allocation Failure)
[2020-10-27T23:46:49.497-0800] GC(12) DefNew: 139776K(157248K)->17471K(157248K) Eden: 139776K(139776K)->0K(139776K) From: 0K(17472K)->17471K(17472K)
[2020-10-27T23:46:49.497-0800] GC(12) Tenured: 293538K(349568K)->327200K(349568K)
[2020-10-27T23:46:49.497-0800] GC(12) Metaspace: 220K(4864K)->220K(4864K) NonClass: 207K(4352K)->207K(4352K) Class: 12K(512K)->12K(512K)
[2020-10-27T23:46:49.497-0800] GC(12) Pause Young (Allocation Failure) 423M->336M(494M) 14.190ms
[2020-10-27T23:46:49.497-0800] GC(12) User=0.01s Sys=0.00s Real=0.01s
[2020-10-27T23:46:49.517-0800] GC(13) Pause Young (Allocation Failure)
[2020-10-27T23:46:49.517-0800] GC(13) Pause Young (Allocation Failure) 472M->472M(494M) 0.096ms
[2020-10-27T23:46:49.517-0800] GC(13) User=0.00s Sys=0.00s Real=0.00s
[2020-10-27T23:46:49.517-0800] GC(14) Pause Full (Allocation Failure)
[2020-10-27T23:46:49.517-0800] GC(14) Phase 1: Mark live objects
[2020-10-27T23:46:49.518-0800] GC(14) Phase 1: Mark live objects 1.119ms
[2020-10-27T23:46:49.518-0800] GC(14) Phase 2: Compute new object addresses
[2020-10-27T23:46:49.519-0800] GC(14) Phase 2: Compute new object addresses 0.676ms
[2020-10-27T23:46:49.519-0800] GC(14) Phase 3: Adjust pointers
[2020-10-27T23:46:49.519-0800] GC(14) Phase 3: Adjust pointers 0.513ms
[2020-10-27T23:46:49.519-0800] GC(14) Phase 4: Move objects
[2020-10-27T23:46:49.586-0800] GC(14) Phase 4: Move objects 66.500ms
[2020-10-27T23:46:49.586-0800] GC(14) DefNew: 156792K(157248K)->0K(157248K) Eden: 139320K(139776K)->0K(139776K) From: 17471K(17472K)->0K(17472K)
[2020-10-27T23:46:49.586-0800] GC(14) Tenured: 327200K(349568K)->302783K(349568K)
[2020-10-27T23:46:49.586-0800] GC(14) Metaspace: 220K(4864K)->220K(4864K) NonClass: 207K(4352K)->207K(4352K) Class: 12K(512K)->12K(512K)
[2020-10-27T23:46:49.586-0800] GC(14) Pause Full (Allocation Failure) 472M->295M(494M) 68.994ms
[2020-10-27T23:46:49.586-0800] GC(14) User=0.07s Sys=0.00s Real=0.07s
[2020-10-27T23:46:49.606-0800] GC(15) Pause Young (Allocation Failure)
[2020-10-27T23:46:49.620-0800] GC(15) DefNew: 139776K(157248K)->17471K(157248K) Eden: 139776K(139776K)->0K(139776K) From: 0K(17472K)->17471K(17472K)
[2020-10-27T23:46:49.620-0800] GC(15) Tenured: 302783K(349568K)->337046K(349568K)
[2020-10-27T23:46:49.620-0800] GC(15) Metaspace: 220K(4864K)->220K(4864K) NonClass: 207K(4352K)->207K(4352K) Class: 12K(512K)->12K(512K)
[2020-10-27T23:46:49.620-0800] GC(15) Pause Young (Allocation Failure) 432M->346M(494M) 13.917ms
[2020-10-27T23:46:49.620-0800] GC(15) User=0.01s Sys=0.00s Real=0.02s
[2020-10-27T23:46:49.642-0800] GC(16) Pause Young (Allocation Failure)
[2020-10-27T23:46:49.642-0800] GC(16) Pause Young (Allocation Failure) 482M->482M(494M) 0.154ms
[2020-10-27T23:46:49.642-0800] GC(16) User=0.00s Sys=0.00s Real=0.00s
[2020-10-27T23:46:49.642-0800] GC(17) Pause Full (Allocation Failure)
[2020-10-27T23:46:49.642-0800] GC(17) Phase 1: Mark live objects
[2020-10-27T23:46:49.643-0800] GC(17) Phase 1: Mark live objects 0.988ms
[2020-10-27T23:46:49.643-0800] GC(17) Phase 2: Compute new object addresses
[2020-10-27T23:46:49.644-0800] GC(17) Phase 2: Compute new object addresses 0.716ms
[2020-10-27T23:46:49.644-0800] GC(17) Phase 3: Adjust pointers
[2020-10-27T23:46:49.645-0800] GC(17) Phase 3: Adjust pointers 0.844ms
[2020-10-27T23:46:49.645-0800] GC(17) Phase 4: Move objects
[2020-10-27T23:46:49.716-0800] GC(17) Phase 4: Move objects 71.102ms
[2020-10-27T23:46:49.716-0800] GC(17) DefNew: 157247K(157248K)->0K(157248K) Eden: 139776K(139776K)->0K(139776K) From: 17471K(17472K)->0K(17472K)
[2020-10-27T23:46:49.716-0800] GC(17) Tenured: 337046K(349568K)->302326K(349568K)
[2020-10-27T23:46:49.716-0800] GC(17) Metaspace: 220K(4864K)->220K(4864K) NonClass: 207K(4352K)->207K(4352K) Class: 12K(512K)->12K(512K)
[2020-10-27T23:46:49.716-0800] GC(17) Pause Full (Allocation Failure) 482M->295M(494M) 73.909ms
[2020-10-27T23:46:49.716-0800] GC(17) User=0.08s Sys=0.00s Real=0.07s
[2020-10-27T23:46:49.735-0800] GC(18) Pause Young (Allocation Failure)
[2020-10-27T23:46:49.747-0800] GC(18) DefNew: 139776K(157248K)->17471K(157248K) Eden: 139776K(139776K)->0K(139776K) From: 0K(17472K)->17471K(17472K)
[2020-10-27T23:46:49.747-0800] GC(18) Tenured: 302326K(349568K)->334554K(349568K)
[2020-10-27T23:46:49.747-0800] GC(18) Metaspace: 220K(4864K)->220K(4864K) NonClass: 207K(4352K)->207K(4352K) Class: 12K(512K)->12K(512K)
[2020-10-27T23:46:49.747-0800] GC(18) Pause Young (Allocation Failure) 431M->343M(494M) 11.659ms
[2020-10-27T23:46:49.747-0800] GC(18) User=0.02s Sys=0.00s Real=0.01s
[2020-10-27T23:46:49.765-0800] GC(19) Pause Young (Allocation Failure)
[2020-10-27T23:46:49.765-0800] GC(19) Pause Young (Allocation Failure) 480M->480M(494M) 0.065ms
[2020-10-27T23:46:49.765-0800] GC(19) User=0.00s Sys=0.00s Real=0.00s
[2020-10-27T23:46:49.765-0800] GC(20) Pause Full (Allocation Failure)
[2020-10-27T23:46:49.765-0800] GC(20) Phase 1: Mark live objects
[2020-10-27T23:46:49.766-0800] GC(20) Phase 1: Mark live objects 0.570ms
[2020-10-27T23:46:49.766-0800] GC(20) Phase 2: Compute new object addresses
[2020-10-27T23:46:49.766-0800] GC(20) Phase 2: Compute new object addresses 0.606ms
[2020-10-27T23:46:49.766-0800] GC(20) Phase 3: Adjust pointers
[2020-10-27T23:46:49.767-0800] GC(20) Phase 3: Adjust pointers 0.408ms
[2020-10-27T23:46:49.767-0800] GC(20) Phase 4: Move objects
[2020-10-27T23:46:49.825-0800] GC(20) Phase 4: Move objects 57.854ms
[2020-10-27T23:46:49.825-0800] GC(20) DefNew: 157247K(157248K)->0K(157248K) Eden: 139776K(139776K)->0K(139776K) From: 17471K(17472K)->0K(17472K)
[2020-10-27T23:46:49.825-0800] GC(20) Tenured: 334554K(349568K)->336370K(349568K)
[2020-10-27T23:46:49.825-0800] GC(20) Metaspace: 220K(4864K)->220K(4864K) NonClass: 207K(4352K)->207K(4352K) Class: 12K(512K)->12K(512K)
[2020-10-27T23:46:49.825-0800] GC(20) Pause Full (Allocation Failure) 480M->328M(494M) 59.702ms
[2020-10-27T23:46:49.825-0800] GC(20) User=0.06s Sys=0.00s Real=0.06s
[2020-10-27T23:46:49.843-0800] GC(21) Pause Young (Allocation Failure)
[2020-10-27T23:46:49.843-0800] GC(21) Pause Young (Allocation Failure) 464M->464M(494M) 0.091ms
[2020-10-27T23:46:49.843-0800] GC(21) User=0.00s Sys=0.00s Real=0.00s
[2020-10-27T23:46:49.843-0800] GC(22) Pause Full (Allocation Failure)
[2020-10-27T23:46:49.843-0800] GC(22) Phase 1: Mark live objects
[2020-10-27T23:46:49.844-0800] GC(22) Phase 1: Mark live objects 0.605ms
[2020-10-27T23:46:49.844-0800] GC(22) Phase 2: Compute new object addresses
[2020-10-27T23:46:49.845-0800] GC(22) Phase 2: Compute new object addresses 0.642ms
[2020-10-27T23:46:49.845-0800] GC(22) Phase 3: Adjust pointers
[2020-10-27T23:46:49.845-0800] GC(22) Phase 3: Adjust pointers 0.545ms
[2020-10-27T23:46:49.845-0800] GC(22) Phase 4: Move objects
[2020-10-27T23:46:49.908-0800] GC(22) Phase 4: Move objects 63.086ms
[2020-10-27T23:46:49.908-0800] GC(22) DefNew: 139776K(157248K)->0K(157248K) Eden: 139776K(139776K)->0K(139776K) From: 0K(17472K)->0K(17472K)
[2020-10-27T23:46:49.908-0800] GC(22) Tenured: 336370K(349568K)->342554K(349568K)
[2020-10-27T23:46:49.908-0800] GC(22) Metaspace: 220K(4864K)->220K(4864K) NonClass: 207K(4352K)->207K(4352K) Class: 12K(512K)->12K(512K)
[2020-10-27T23:46:49.908-0800] GC(22) Pause Full (Allocation Failure) 464M->334M(494M) 65.039ms
[2020-10-27T23:46:49.908-0800] GC(22) User=0.06s Sys=0.00s Real=0.06s
[2020-10-27T23:46:49.917-0800] Heap
[2020-10-27T23:46:49.917-0800]  def new generation   total 157248K, used 6735K [0x00000007e0000000, 0x00000007eaaa0000, 0x00000007eaaa0000)
[2020-10-27T23:46:49.917-0800]   eden space 139776K,   4% used [0x00000007e0000000, 0x00000007e0693f78, 0x00000007e8880000)
[2020-10-27T23:46:49.917-0800]   from space 17472K,   0% used [0x00000007e9990000, 0x00000007e9990000, 0x00000007eaaa0000)
[2020-10-27T23:46:49.917-0800]   to   space 17472K,   0% used [0x00000007e8880000, 0x00000007e8880000, 0x00000007e9990000)
[2020-10-27T23:46:49.917-0800]  tenured generation   total 349568K, used 342554K [0x00000007eaaa0000, 0x0000000800000000, 0x0000000800000000)
[2020-10-27T23:46:49.917-0800]    the space 349568K,  97% used [0x00000007eaaa0000, 0x00000007ff926a00, 0x00000007ff926a00, 0x0000000800000000)
[2020-10-27T23:46:49.917-0800]  Metaspace       used 341K, capacity 4508K, committed 4864K, reserved 1056768K
[2020-10-27T23:46:49.917-0800]   class space    used 25K, capacity 392K, committed 512K, reserved 1048576K
