[2020-10-27T23:46:44.976-0800] Using Serial
[2020-10-27T23:46:44.977-0800] Version: 15.0.1+9-18 (release)
[2020-10-27T23:46:44.977-0800] CPUs: 8 total, 8 available
[2020-10-27T23:46:44.977-0800] Memory: 16384M
[2020-10-27T23:46:44.977-0800] Large Page Support: Disabled
[2020-10-27T23:46:44.977-0800] NUMA Support: Disabled
[2020-10-27T23:46:44.977-0800] Compressed Oops: Enabled (Zero based)
[2020-10-27T23:46:44.977-0800] Heap Min Capacity: 128M
[2020-10-27T23:46:44.977-0800] Heap Initial Capacity: 128M
[2020-10-27T23:46:44.977-0800] Heap Max Capacity: 128M
[2020-10-27T23:46:44.977-0800] Pre-touch: Disabled
[2020-10-27T23:46:44.977-0800] CDS archive(s) mapped at: [0x0000000800000000-0x0000000800b2b000-0x0000000800b2b000), size 11710464, SharedBaseAddress: 0x0000000800000000, ArchiveRelocationMode: 0.
[2020-10-27T23:46:44.977-0800] Compressed class space mapped at: 0x0000000800b2c000-0x0000000840b2c000, size: 1073741824
[2020-10-27T23:46:44.977-0800] Narrow klass base: 0x0000000800000000, Narrow klass shift: 3, Narrow klass range: 0x100000000
[2020-10-27T23:46:45.024-0800] GC(0) Pause Young (Allocation Failure)
[2020-10-27T23:46:45.032-0800] GC(0) DefNew: 34788K(39296K)->4351K(39296K) Eden: 34788K(34944K)->0K(34944K) From: 0K(4352K)->4351K(4352K)
[2020-10-27T23:46:45.032-0800] GC(0) Tenured: 0K(87424K)->7985K(87424K)
[2020-10-27T23:46:45.032-0800] GC(0) Metaspace: 206K(4864K)->206K(4864K) NonClass: 194K(4352K)->194K(4352K) Class: 12K(512K)->12K(512K)
[2020-10-27T23:46:45.032-0800] GC(0) Pause Young (Allocation Failure) 33M->12M(123M) 7.477ms
[2020-10-27T23:46:45.032-0800] GC(0) User=0.01s Sys=0.00s Real=0.01s
[2020-10-27T23:46:45.040-0800] GC(1) Pause Young (Allocation Failure)
[2020-10-27T23:46:45.050-0800] GC(1) DefNew: 39210K(39296K)->4351K(39296K) Eden: 34858K(34944K)->0K(34944K) From: 4351K(4352K)->4351K(4352K)
[2020-10-27T23:46:45.050-0800] GC(1) Tenured: 7985K(87424K)->22570K(87424K)
[2020-10-27T23:46:45.050-0800] GC(1) Metaspace: 211K(4864K)->211K(4864K) NonClass: 199K(4352K)->199K(4352K) Class: 12K(512K)->12K(512K)
[2020-10-27T23:46:45.050-0800] GC(1) Pause Young (Allocation Failure) 46M->26M(123M) 10.061ms
[2020-10-27T23:46:45.050-0800] GC(1) User=0.01s Sys=0.00s Real=0.01s
[2020-10-27T23:46:45.058-0800] GC(2) Pause Young (Allocation Failure)
[2020-10-27T23:46:45.068-0800] GC(2) DefNew: 39067K(39296K)->4351K(39296K) Eden: 34716K(34944K)->0K(34944K) From: 4351K(4352K)->4351K(4352K)
[2020-10-27T23:46:45.068-0800] GC(2) Tenured: 22570K(87424K)->39828K(87424K)
[2020-10-27T23:46:45.068-0800] GC(2) Metaspace: 219K(4864K)->219K(4864K) NonClass: 207K(4352K)->207K(4352K) Class: 12K(512K)->12K(512K)
[2020-10-27T23:46:45.068-0800] GC(2) Pause Young (Allocation Failure) 60M->43M(123M) 10.075ms
[2020-10-27T23:46:45.068-0800] GC(2) User=0.01s Sys=0.00s Real=0.01s
[2020-10-27T23:46:45.076-0800] GC(3) Pause Young (Allocation Failure)
[2020-10-27T23:46:45.084-0800] GC(3) DefNew: 39155K(39296K)->4351K(39296K) Eden: 34803K(34944K)->0K(34944K) From: 4351K(4352K)->4351K(4352K)
[2020-10-27T23:46:45.084-0800] GC(3) Tenured: 39828K(87424K)->52986K(87424K)
[2020-10-27T23:46:45.084-0800] GC(3) Metaspace: 219K(4864K)->219K(4864K) NonClass: 207K(4352K)->207K(4352K) Class: 12K(512K)->12K(512K)
[2020-10-27T23:46:45.084-0800] GC(3) Pause Young (Allocation Failure) 77M->55M(123M) 8.269ms
[2020-10-27T23:46:45.084-0800] GC(3) User=0.01s Sys=0.00s Real=0.01s
[2020-10-27T23:46:45.093-0800] GC(4) Pause Young (Allocation Failure)
[2020-10-27T23:46:45.101-0800] GC(4) DefNew: 39295K(39296K)->4349K(39296K) Eden: 34944K(34944K)->0K(34944K) From: 4351K(4352K)->4349K(4352K)
[2020-10-27T23:46:45.101-0800] GC(4) Tenured: 52986K(87424K)->66456K(87424K)
[2020-10-27T23:46:45.101-0800] GC(4) Metaspace: 220K(4864K)->220K(4864K) NonClass: 208K(4352K)->208K(4352K) Class: 12K(512K)->12K(512K)
[2020-10-27T23:46:45.101-0800] GC(4) Pause Young (Allocation Failure) 90M->69M(123M) 7.880ms
[2020-10-27T23:46:45.101-0800] GC(4) User=0.00s Sys=0.00s Real=0.01s
[2020-10-27T23:46:45.110-0800] GC(5) Pause Young (Allocation Failure)
[2020-10-27T23:46:45.119-0800] GC(5) DefNew: 39240K(39296K)->4342K(39296K) Eden: 34891K(34944K)->0K(34944K) From: 4349K(4352K)->4342K(4352K)
[2020-10-27T23:46:45.119-0800] GC(5) Tenured: 66456K(87424K)->81222K(87424K)
[2020-10-27T23:46:45.119-0800] GC(5) Metaspace: 220K(4864K)->220K(4864K) NonClass: 208K(4352K)->208K(4352K) Class: 12K(512K)->12K(512K)
[2020-10-27T23:46:45.119-0800] GC(5) Pause Young (Allocation Failure) 103M->83M(123M) 8.584ms
[2020-10-27T23:46:45.119-0800] GC(5) User=0.01s Sys=0.01s Real=0.00s
[2020-10-27T23:46:45.127-0800] GC(6) Pause Young (Allocation Failure)
[2020-10-27T23:46:45.128-0800] GC(6) Pause Young (Allocation Failure) 117M->117M(123M) 0.173ms
[2020-10-27T23:46:45.128-0800] GC(6) User=0.00s Sys=0.00s Real=0.00s
[2020-10-27T23:46:45.128-0800] GC(7) Pause Full (Allocation Failure)
[2020-10-27T23:46:45.128-0800] GC(7) Phase 1: Mark live objects
[2020-10-27T23:46:45.128-0800] GC(7) Phase 1: Mark live objects 0.809ms
[2020-10-27T23:46:45.129-0800] GC(7) Phase 2: Compute new object addresses
[2020-10-27T23:46:45.129-0800] GC(7) Phase 2: Compute new object addresses 0.388ms
[2020-10-27T23:46:45.129-0800] GC(7) Phase 3: Adjust pointers
[2020-10-27T23:46:45.129-0800] GC(7) Phase 3: Adjust pointers 0.380ms
[2020-10-27T23:46:45.129-0800] GC(7) Phase 4: Move objects
[2020-10-27T23:46:45.144-0800] GC(7) Phase 4: Move objects 14.548ms
[2020-10-27T23:46:45.144-0800] GC(7) DefNew: 39118K(39296K)->7886K(39296K) Eden: 34776K(34944K)->7886K(34944K) From: 4342K(4352K)->0K(4352K)
[2020-10-27T23:46:45.144-0800] GC(7) Tenured: 81222K(87424K)->86760K(87424K)
[2020-10-27T23:46:45.144-0800] GC(7) Metaspace: 220K(4864K)->220K(4864K) NonClass: 208K(4352K)->208K(4352K) Class: 12K(512K)->12K(512K)
[2020-10-27T23:46:45.144-0800] GC(7) Pause Full (Allocation Failure) 117M->92M(123M) 16.366ms
[2020-10-27T23:46:45.144-0800] GC(7) User=0.02s Sys=0.00s Real=0.02s
[2020-10-27T23:46:45.151-0800] GC(8) Pause Full (Allocation Failure)
[2020-10-27T23:46:45.151-0800] GC(8) Phase 1: Mark live objects
[2020-10-27T23:46:45.151-0800] GC(8) Phase 1: Mark live objects 0.514ms
[2020-10-27T23:46:45.151-0800] GC(8) Phase 2: Compute new object addresses
[2020-10-27T23:46:45.151-0800] GC(8) Phase 2: Compute new object addresses 0.174ms
[2020-10-27T23:46:45.151-0800] GC(8) Phase 3: Adjust pointers
[2020-10-27T23:46:45.152-0800] GC(8) Phase 3: Adjust pointers 0.302ms
[2020-10-27T23:46:45.152-0800] GC(8) Phase 4: Move objects
[2020-10-27T23:46:45.173-0800] GC(8) Phase 4: Move objects 21.652ms
[2020-10-27T23:46:45.173-0800] GC(8) DefNew: 39193K(39296K)->15310K(39296K) Eden: 34944K(34944K)->15310K(34944K) From: 4249K(4352K)->0K(4352K)
[2020-10-27T23:46:45.173-0800] GC(8) Tenured: 86760K(87424K)->87139K(87424K)
[2020-10-27T23:46:45.173-0800] GC(8) Metaspace: 220K(4864K)->220K(4864K) NonClass: 208K(4352K)->208K(4352K) Class: 12K(512K)->12K(512K)
[2020-10-27T23:46:45.173-0800] GC(8) Pause Full (Allocation Failure) 123M->100M(123M) 22.902ms
[2020-10-27T23:46:45.173-0800] GC(8) User=0.04s Sys=0.00s Real=0.02s
[2020-10-27T23:46:45.177-0800] GC(9) Pause Full (Allocation Failure)
[2020-10-27T23:46:45.177-0800] GC(9) Phase 1: Mark live objects
[2020-10-27T23:46:45.178-0800] GC(9) Phase 1: Mark live objects 0.519ms
[2020-10-27T23:46:45.178-0800] GC(9) Phase 2: Compute new object addresses
[2020-10-27T23:46:45.178-0800] GC(9) Phase 2: Compute new object addresses 0.172ms
[2020-10-27T23:46:45.178-0800] GC(9) Phase 3: Adjust pointers
[2020-10-27T23:46:45.178-0800] GC(9) Phase 3: Adjust pointers 0.292ms
[2020-10-27T23:46:45.178-0800] GC(9) Phase 4: Move objects
[2020-10-27T23:46:45.193-0800] GC(9) Phase 4: Move objects 14.316ms
[2020-10-27T23:46:45.193-0800] GC(9) DefNew: 39260K(39296K)->21770K(39296K) Eden: 34944K(34944K)->21770K(34944K) From: 4316K(4352K)->0K(4352K)
[2020-10-27T23:46:45.193-0800] GC(9) Tenured: 87321K(87424K)->87374K(87424K)
[2020-10-27T23:46:45.193-0800] GC(9) Metaspace: 220K(4864K)->220K(4864K) NonClass: 208K(4352K)->208K(4352K) Class: 12K(512K)->12K(512K)
[2020-10-27T23:46:45.193-0800] GC(9) Pause Full (Allocation Failure) 123M->106M(123M) 15.534ms
[2020-10-27T23:46:45.193-0800] GC(9) User=0.01s Sys=0.00s Real=0.02s
[2020-10-27T23:46:45.195-0800] GC(10) Pause Full (Allocation Failure)
[2020-10-27T23:46:45.195-0800] GC(10) Phase 1: Mark live objects
[2020-10-27T23:46:45.196-0800] GC(10) Phase 1: Mark live objects 1.063ms
[2020-10-27T23:46:45.196-0800] GC(10) Phase 2: Compute new object addresses
[2020-10-27T23:46:45.197-0800] GC(10) Phase 2: Compute new object addresses 0.220ms
[2020-10-27T23:46:45.197-0800] GC(10) Phase 3: Adjust pointers
[2020-10-27T23:46:45.197-0800] GC(10) Phase 3: Adjust pointers 0.337ms
[2020-10-27T23:46:45.197-0800] GC(10) Phase 4: Move objects
[2020-10-27T23:46:45.222-0800] GC(10) Phase 4: Move objects 25.213ms
[2020-10-27T23:46:45.222-0800] GC(10) DefNew: 39246K(39296K)->21930K(39296K) Eden: 34944K(34944K)->21930K(34944K) From: 4302K(4352K)->0K(4352K)
[2020-10-27T23:46:45.222-0800] GC(10) Tenured: 87374K(87424K)->87410K(87424K)
[2020-10-27T23:46:45.222-0800] GC(10) Metaspace: 220K(4864K)->220K(4864K) NonClass: 208K(4352K)->208K(4352K) Class: 12K(512K)->12K(512K)
[2020-10-27T23:46:45.222-0800] GC(10) Pause Full (Allocation Failure) 123M->106M(123M) 27.097ms
[2020-10-27T23:46:45.222-0800] GC(10) User=0.03s Sys=0.00s Real=0.03s
[2020-10-27T23:46:45.224-0800] GC(11) Pause Full (Allocation Failure)
[2020-10-27T23:46:45.224-0800] GC(11) Phase 1: Mark live objects
[2020-10-27T23:46:45.224-0800] GC(11) Phase 1: Mark live objects 0.644ms
[2020-10-27T23:46:45.224-0800] GC(11) Phase 2: Compute new object addresses
[2020-10-27T23:46:45.225-0800] GC(11) Phase 2: Compute new object addresses 0.169ms
[2020-10-27T23:46:45.225-0800] GC(11) Phase 3: Adjust pointers
[2020-10-27T23:46:45.225-0800] GC(11) Phase 3: Adjust pointers 0.288ms
[2020-10-27T23:46:45.225-0800] GC(11) Phase 4: Move objects
[2020-10-27T23:46:45.229-0800] GC(11) Phase 4: Move objects 3.579ms
[2020-10-27T23:46:45.229-0800] GC(11) DefNew: 38600K(39296K)->29681K(39296K) Eden: 34906K(34944K)->29681K(34944K) From: 3693K(4352K)->0K(4352K)
[2020-10-27T23:46:45.229-0800] GC(11) Tenured: 87410K(87424K)->87410K(87424K)
[2020-10-27T23:46:45.229-0800] GC(11) Metaspace: 220K(4864K)->220K(4864K) NonClass: 208K(4352K)->208K(4352K) Class: 12K(512K)->12K(512K)
[2020-10-27T23:46:45.229-0800] GC(11) Pause Full (Allocation Failure) 123M->114M(123M) 4.889ms
[2020-10-27T23:46:45.229-0800] GC(11) User=0.00s Sys=0.00s Real=0.00s
[2020-10-27T23:46:45.230-0800] GC(12) Pause Full (Allocation Failure)
[2020-10-27T23:46:45.230-0800] GC(12) Phase 1: Mark live objects
[2020-10-27T23:46:45.231-0800] GC(12) Phase 1: Mark live objects 1.152ms
[2020-10-27T23:46:45.231-0800] GC(12) Phase 2: Compute new object addresses
[2020-10-27T23:46:45.232-0800] GC(12) Phase 2: Compute new object addresses 0.322ms
[2020-10-27T23:46:45.232-0800] GC(12) Phase 3: Adjust pointers
[2020-10-27T23:46:45.232-0800] GC(12) Phase 3: Adjust pointers 0.385ms
[2020-10-27T23:46:45.232-0800] GC(12) Phase 4: Move objects
[2020-10-27T23:46:45.237-0800] GC(12) Phase 4: Move objects 5.079ms
[2020-10-27T23:46:45.237-0800] GC(12) DefNew: 39272K(39296K)->33857K(39296K) Eden: 34944K(34944K)->33857K(34944K) From: 4328K(4352K)->0K(4352K)
[2020-10-27T23:46:45.237-0800] GC(12) Tenured: 87410K(87424K)->87410K(87424K)
[2020-10-27T23:46:45.237-0800] GC(12) Metaspace: 220K(4864K)->220K(4864K) NonClass: 208K(4352K)->208K(4352K) Class: 12K(512K)->12K(512K)
[2020-10-27T23:46:45.237-0800] GC(12) Pause Full (Allocation Failure) 123M->118M(123M) 7.358ms
[2020-10-27T23:46:45.237-0800] GC(12) User=0.00s Sys=0.00s Real=0.00s
[2020-10-27T23:46:45.238-0800] GC(13) Pause Full (Allocation Failure)
[2020-10-27T23:46:45.238-0800] GC(13) Phase 1: Mark live objects
[2020-10-27T23:46:45.239-0800] GC(13) Phase 1: Mark live objects 0.923ms
[2020-10-27T23:46:45.239-0800] GC(13) Phase 2: Compute new object addresses
[2020-10-27T23:46:45.239-0800] GC(13) Phase 2: Compute new object addresses 0.179ms
[2020-10-27T23:46:45.239-0800] GC(13) Phase 3: Adjust pointers
[2020-10-27T23:46:45.240-0800] GC(13) Phase 3: Adjust pointers 0.372ms
[2020-10-27T23:46:45.240-0800] GC(13) Phase 4: Move objects
[2020-10-27T23:46:45.243-0800] GC(13) Phase 4: Move objects 3.278ms
[2020-10-27T23:46:45.243-0800] GC(13) DefNew: 39208K(39296K)->36304K(39296K) Eden: 34944K(34944K)->34508K(34944K) From: 4264K(4352K)->1795K(4352K)
[2020-10-27T23:46:45.243-0800] GC(13) Tenured: 87410K(87424K)->87410K(87424K)
[2020-10-27T23:46:45.243-0800] GC(13) Metaspace: 220K(4864K)->220K(4864K) NonClass: 208K(4352K)->208K(4352K) Class: 12K(512K)->12K(512K)
[2020-10-27T23:46:45.243-0800] GC(13) Pause Full (Allocation Failure) 123M->120M(123M) 4.974ms
[2020-10-27T23:46:45.243-0800] GC(13) User=0.01s Sys=0.00s Real=0.01s
[2020-10-27T23:46:45.243-0800] GC(14) Pause Full (Allocation Failure)
[2020-10-27T23:46:45.243-0800] GC(14) Phase 1: Mark live objects
[2020-10-27T23:46:45.244-0800] GC(14) Phase 1: Mark live objects 0.469ms
[2020-10-27T23:46:45.244-0800] GC(14) Phase 2: Compute new object addresses
[2020-10-27T23:46:45.244-0800] GC(14) Phase 2: Compute new object addresses 0.132ms
[2020-10-27T23:46:45.244-0800] GC(14) Phase 3: Adjust pointers
[2020-10-27T23:46:45.244-0800] GC(14) Phase 3: Adjust pointers 0.272ms
[2020-10-27T23:46:45.244-0800] GC(14) Phase 4: Move objects
[2020-10-27T23:46:45.269-0800] GC(14) Phase 4: Move objects 24.573ms
[2020-10-27T23:46:45.269-0800] GC(14) DefNew: 39267K(39296K)->34250K(39296K) Eden: 34944K(34944K)->34250K(34944K) From: 4323K(4352K)->0K(4352K)
[2020-10-27T23:46:45.269-0800] GC(14) Tenured: 87410K(87424K)->87407K(87424K)
[2020-10-27T23:46:45.269-0800] GC(14) Metaspace: 220K(4864K)->220K(4864K) NonClass: 208K(4352K)->208K(4352K) Class: 12K(512K)->12K(512K)
[2020-10-27T23:46:45.269-0800] GC(14) Pause Full (Allocation Failure) 123M->118M(123M) 25.627ms
[2020-10-27T23:46:45.269-0800] GC(14) User=0.02s Sys=0.00s Real=0.02s
[2020-10-27T23:46:45.270-0800] GC(15) Pause Full (Allocation Failure)
[2020-10-27T23:46:45.270-0800] GC(15) Phase 1: Mark live objects
[2020-10-27T23:46:45.271-0800] GC(15) Phase 1: Mark live objects 0.738ms
[2020-10-27T23:46:45.271-0800] GC(15) Phase 2: Compute new object addresses
[2020-10-27T23:46:45.271-0800] GC(15) Phase 2: Compute new object addresses 0.201ms
[2020-10-27T23:46:45.271-0800] GC(15) Phase 3: Adjust pointers
[2020-10-27T23:46:45.271-0800] GC(15) Phase 3: Adjust pointers 0.317ms
[2020-10-27T23:46:45.271-0800] GC(15) Phase 4: Move objects
[2020-10-27T23:46:45.278-0800] GC(15) Phase 4: Move objects 6.444ms
[2020-10-27T23:46:45.278-0800] GC(15) DefNew: 39268K(39296K)->36904K(39296K) Eden: 34943K(34944K)->34366K(34944K) From: 4324K(4352K)->2538K(4352K)
[2020-10-27T23:46:45.278-0800] GC(15) Tenured: 87407K(87424K)->87407K(87424K)
[2020-10-27T23:46:45.278-0800] GC(15) Metaspace: 220K(4864K)->220K(4864K) NonClass: 208K(4352K)->208K(4352K) Class: 12K(512K)->12K(512K)
[2020-10-27T23:46:45.278-0800] GC(15) Pause Full (Allocation Failure) 123M->121M(123M) 7.880ms
[2020-10-27T23:46:45.278-0800] GC(15) User=0.01s Sys=0.00s Real=0.00s
[2020-10-27T23:46:45.278-0800] GC(16) Pause Full (Allocation Failure)
[2020-10-27T23:46:45.278-0800] GC(16) Phase 1: Mark live objects
[2020-10-27T23:46:45.279-0800] GC(16) Phase 1: Mark live objects 0.490ms
[2020-10-27T23:46:45.279-0800] GC(16) Phase 2: Compute new object addresses
[2020-10-27T23:46:45.279-0800] GC(16) Phase 2: Compute new object addresses 0.161ms
[2020-10-27T23:46:45.279-0800] GC(16) Phase 3: Adjust pointers
[2020-10-27T23:46:45.279-0800] GC(16) Phase 3: Adjust pointers 0.264ms
[2020-10-27T23:46:45.279-0800] GC(16) Phase 4: Move objects
[2020-10-27T23:46:45.279-0800] GC(16) Phase 4: Move objects 0.055ms
[2020-10-27T23:46:45.279-0800] GC(16) DefNew: 39063K(39296K)->37630K(39296K) Eden: 34944K(34944K)->34746K(34944K) From: 4119K(4352K)->2883K(4352K)
[2020-10-27T23:46:45.279-0800] GC(16) Tenured: 87407K(87424K)->87407K(87424K)
[2020-10-27T23:46:45.279-0800] GC(16) Metaspace: 220K(4864K)->220K(4864K) NonClass: 208K(4352K)->208K(4352K) Class: 12K(512K)->12K(512K)
[2020-10-27T23:46:45.279-0800] GC(16) Pause Full (Allocation Failure) 123M->122M(123M) 1.095ms
[2020-10-27T23:46:45.279-0800] GC(16) User=0.00s Sys=0.00s Real=0.00s
[2020-10-27T23:46:45.279-0800] GC(17) Pause Full (Allocation Failure)
[2020-10-27T23:46:45.279-0800] GC(17) Phase 1: Mark live objects
[2020-10-27T23:46:45.280-0800] GC(17) Phase 1: Mark live objects 0.416ms
[2020-10-27T23:46:45.280-0800] GC(17) Phase 2: Compute new object addresses
[2020-10-27T23:46:45.280-0800] GC(17) Phase 2: Compute new object addresses 0.124ms
[2020-10-27T23:46:45.280-0800] GC(17) Phase 3: Adjust pointers
[2020-10-27T23:46:45.280-0800] GC(17) Phase 3: Adjust pointers 0.252ms
[2020-10-27T23:46:45.280-0800] GC(17) Phase 4: Move objects
[2020-10-27T23:46:45.280-0800] GC(17) Phase 4: Move objects 0.055ms
[2020-10-27T23:46:45.280-0800] GC(17) DefNew: 39252K(39296K)->38602K(39296K) Eden: 34943K(34944K)->34822K(34944K) From: 4309K(4352K)->3780K(4352K)
[2020-10-27T23:46:45.280-0800] GC(17) Tenured: 87407K(87424K)->87407K(87424K)
[2020-10-27T23:46:45.280-0800] GC(17) Metaspace: 220K(4864K)->220K(4864K) NonClass: 208K(4352K)->208K(4352K) Class: 12K(512K)->12K(512K)
[2020-10-27T23:46:45.280-0800] GC(17) Pause Full (Allocation Failure) 123M->123M(123M) 0.935ms
[2020-10-27T23:46:45.280-0800] GC(17) User=0.00s Sys=0.00s Real=0.01s
[2020-10-27T23:46:45.280-0800] GC(18) Pause Full (Allocation Failure)
[2020-10-27T23:46:45.280-0800] GC(18) Phase 1: Mark live objects
[2020-10-27T23:46:45.281-0800] GC(18) Phase 1: Mark live objects 0.345ms
[2020-10-27T23:46:45.281-0800] GC(18) Phase 2: Compute new object addresses
[2020-10-27T23:46:45.281-0800] GC(18) Phase 2: Compute new object addresses 0.116ms
[2020-10-27T23:46:45.281-0800] GC(18) Phase 3: Adjust pointers
[2020-10-27T23:46:45.281-0800] GC(18) Phase 3: Adjust pointers 0.275ms
[2020-10-27T23:46:45.281-0800] GC(18) Phase 4: Move objects
[2020-10-27T23:46:45.306-0800] GC(18) Phase 4: Move objects 25.394ms
[2020-10-27T23:46:45.307-0800] GC(18) DefNew: 38964K(39296K)->35598K(39296K) Eden: 34944K(34944K)->34868K(34944K) From: 4020K(4352K)->729K(4352K)
[2020-10-27T23:46:45.307-0800] GC(18) Tenured: 87407K(87424K)->87096K(87424K)
[2020-10-27T23:46:45.307-0800] GC(18) Metaspace: 220K(4864K)->220K(4864K) NonClass: 208K(4352K)->208K(4352K) Class: 12K(512K)->12K(512K)
[2020-10-27T23:46:45.307-0800] GC(18) Pause Full (Allocation Failure) 123M->119M(123M) 26.345ms
[2020-10-27T23:46:45.307-0800] GC(18) User=0.03s Sys=0.00s Real=0.02s
[2020-10-27T23:46:45.307-0800] GC(19) Pause Full (Allocation Failure)
[2020-10-27T23:46:45.307-0800] GC(19) Phase 1: Mark live objects
[2020-10-27T23:46:45.308-0800] GC(19) Phase 1: Mark live objects 0.583ms
[2020-10-27T23:46:45.308-0800] GC(19) Phase 2: Compute new object addresses
[2020-10-27T23:46:45.308-0800] GC(19) Phase 2: Compute new object addresses 0.184ms
[2020-10-27T23:46:45.308-0800] GC(19) Phase 3: Adjust pointers
[2020-10-27T23:46:45.308-0800] GC(19) Phase 3: Adjust pointers 0.328ms
[2020-10-27T23:46:45.308-0800] GC(19) Phase 4: Move objects
[2020-10-27T23:46:45.309-0800] GC(19) Phase 4: Move objects 1.172ms
[2020-10-27T23:46:45.309-0800] GC(19) DefNew: 39034K(39296K)->37567K(39296K) Eden: 34944K(34944K)->34825K(34944K) From: 4090K(4352K)->2741K(4352K)
[2020-10-27T23:46:45.310-0800] GC(19) Tenured: 87096K(87424K)->87096K(87424K)
[2020-10-27T23:46:45.310-0800] GC(19) Metaspace: 220K(4864K)->220K(4864K) NonClass: 208K(4352K)->208K(4352K) Class: 12K(512K)->12K(512K)
[2020-10-27T23:46:45.310-0800] GC(19) Pause Full (Allocation Failure) 123M->121M(123M) 2.498ms
[2020-10-27T23:46:45.310-0800] GC(19) User=0.00s Sys=0.00s Real=0.01s
[2020-10-27T23:46:45.310-0800] GC(20) Pause Full (Allocation Failure)
[2020-10-27T23:46:45.310-0800] GC(20) Phase 1: Mark live objects
[2020-10-27T23:46:45.311-0800] GC(20) Phase 1: Mark live objects 0.793ms
[2020-10-27T23:46:45.311-0800] GC(20) Phase 2: Compute new object addresses
[2020-10-27T23:46:45.311-0800] GC(20) Phase 2: Compute new object addresses 0.207ms
[2020-10-27T23:46:45.311-0800] GC(20) Phase 3: Adjust pointers
[2020-10-27T23:46:45.311-0800] GC(20) Phase 3: Adjust pointers 0.324ms
[2020-10-27T23:46:45.311-0800] GC(20) Phase 4: Move objects
[2020-10-27T23:46:45.313-0800] GC(20) Phase 4: Move objects 2.269ms
[2020-10-27T23:46:45.314-0800] GC(20) DefNew: 39033K(39296K)->37641K(39296K) Eden: 34923K(34944K)->34826K(34944K) From: 4109K(4352K)->2815K(4352K)
[2020-10-27T23:46:45.314-0800] GC(20) Tenured: 87096K(87424K)->87096K(87424K)
[2020-10-27T23:46:45.314-0800] GC(20) Metaspace: 220K(4864K)->220K(4864K) NonClass: 208K(4352K)->208K(4352K) Class: 12K(512K)->12K(512K)
[2020-10-27T23:46:45.314-0800] GC(20) Pause Full (Allocation Failure) 123M->121M(123M) 3.878ms
[2020-10-27T23:46:45.314-0800] GC(20) User=0.00s Sys=0.01s Real=0.00s
[2020-10-27T23:46:45.314-0800] GC(21) Pause Full (Allocation Failure)
[2020-10-27T23:46:45.314-0800] GC(21) Phase 1: Mark live objects
[2020-10-27T23:46:45.315-0800] GC(21) Phase 1: Mark live objects 0.616ms
[2020-10-27T23:46:45.315-0800] GC(21) Phase 2: Compute new object addresses
[2020-10-27T23:46:45.315-0800] GC(21) Phase 2: Compute new object addresses 0.154ms
[2020-10-27T23:46:45.315-0800] GC(21) Phase 3: Adjust pointers
[2020-10-27T23:46:45.315-0800] GC(21) Phase 3: Adjust pointers 0.353ms
[2020-10-27T23:46:45.315-0800] GC(21) Phase 4: Move objects
[2020-10-27T23:46:45.315-0800] GC(21) Phase 4: Move objects 0.119ms
[2020-10-27T23:46:45.315-0800] GC(21) DefNew: 39287K(39296K)->38262K(39296K) Eden: 34944K(34944K)->34826K(34944K) From: 4343K(4352K)->3436K(4352K)
[2020-10-27T23:46:45.315-0800] GC(21) Tenured: 87167K(87424K)->87167K(87424K)
[2020-10-27T23:46:45.315-0800] GC(21) Metaspace: 220K(4864K)->220K(4864K) NonClass: 208K(4352K)->208K(4352K) Class: 12K(512K)->12K(512K)
[2020-10-27T23:46:45.315-0800] GC(21) Pause Full (Allocation Failure) 123M->122M(123M) 1.374ms
[2020-10-27T23:46:45.315-0800] GC(21) User=0.00s Sys=0.00s Real=0.00s
[2020-10-27T23:46:45.315-0800] GC(22) Pause Full (Allocation Failure)
[2020-10-27T23:46:45.315-0800] GC(22) Phase 1: Mark live objects
[2020-10-27T23:46:45.316-0800] GC(22) Phase 1: Mark live objects 0.487ms
[2020-10-27T23:46:45.316-0800] GC(22) Phase 2: Compute new object addresses
[2020-10-27T23:46:45.316-0800] GC(22) Phase 2: Compute new object addresses 0.173ms
[2020-10-27T23:46:45.316-0800] GC(22) Phase 3: Adjust pointers
[2020-10-27T23:46:45.317-0800] GC(22) Phase 3: Adjust pointers 0.409ms
[2020-10-27T23:46:45.317-0800] GC(22) Phase 4: Move objects
[2020-10-27T23:46:45.342-0800] GC(22) Phase 4: Move objects 24.961ms
[2020-10-27T23:46:45.342-0800] GC(22) DefNew: 38786K(39296K)->38210K(39296K) Eden: 34826K(34944K)->34858K(34944K) From: 3960K(4352K)->3351K(4352K)
[2020-10-27T23:46:45.342-0800] GC(22) Tenured: 87167K(87424K)->87403K(87424K)
[2020-10-27T23:46:45.342-0800] GC(22) Metaspace: 220K(4864K)->220K(4864K) NonClass: 208K(4352K)->208K(4352K) Class: 12K(512K)->12K(512K)
[2020-10-27T23:46:45.342-0800] GC(22) Pause Full (Allocation Failure) 123M->122M(123M) 26.269ms
[2020-10-27T23:46:45.342-0800] GC(22) User=0.02s Sys=0.00s Real=0.03s
[2020-10-27T23:46:45.342-0800] GC(23) Pause Full (Allocation Failure)
[2020-10-27T23:46:45.342-0800] GC(23) Phase 1: Mark live objects
[2020-10-27T23:46:45.343-0800] GC(23) Phase 1: Mark live objects 0.741ms
[2020-10-27T23:46:45.343-0800] GC(23) Phase 2: Compute new object addresses
[2020-10-27T23:46:45.343-0800] GC(23) Phase 2: Compute new object addresses 0.198ms
[2020-10-27T23:46:45.343-0800] GC(23) Phase 3: Adjust pointers
[2020-10-27T23:46:45.343-0800] GC(23) Phase 3: Adjust pointers 0.350ms
[2020-10-27T23:46:45.343-0800] GC(23) Phase 4: Move objects
[2020-10-27T23:46:45.344-0800] GC(23) Phase 4: Move objects 0.360ms
[2020-10-27T23:46:45.344-0800] GC(23) DefNew: 39211K(39296K)->39040K(39296K) Eden: 34943K(34944K)->34772K(34944K) From: 4268K(4352K)->4268K(4352K)
[2020-10-27T23:46:45.344-0800] GC(23) Tenured: 87403K(87424K)->87403K(87424K)
[2020-10-27T23:46:45.344-0800] GC(23) Metaspace: 220K(4864K)->220K(4864K) NonClass: 208K(4352K)->208K(4352K) Class: 12K(512K)->12K(512K)
[2020-10-27T23:46:45.344-0800] GC(23) Pause Full (Allocation Failure) 123M->123M(123M) 1.783ms
[2020-10-27T23:46:45.344-0800] GC(23) User=0.00s Sys=0.00s Real=0.00s
[2020-10-27T23:46:45.344-0800] GC(24) Pause Full (Allocation Failure)
[2020-10-27T23:46:45.344-0800] GC(24) Phase 1: Mark live objects
[2020-10-27T23:46:45.344-0800] GC(24) Phase 1: Mark live objects 0.406ms
[2020-10-27T23:46:45.344-0800] GC(24) Phase 2: Compute new object addresses
[2020-10-27T23:46:45.344-0800] GC(24) Phase 2: Compute new object addresses 0.124ms
[2020-10-27T23:46:45.344-0800] GC(24) Phase 3: Adjust pointers
[2020-10-27T23:46:45.344-0800] GC(24) Phase 3: Adjust pointers 0.284ms
[2020-10-27T23:46:45.344-0800] GC(24) Phase 4: Move objects
[2020-10-27T23:46:45.369-0800] GC(24) Phase 4: Move objects 24.161ms
[2020-10-27T23:46:45.369-0800] GC(24) DefNew: 39040K(39296K)->38896K(39296K) Eden: 34772K(34944K)->34628K(34944K) From: 4268K(4352K)->4268K(4352K)
[2020-10-27T23:46:45.369-0800] GC(24) Tenured: 87403K(87424K)->87371K(87424K)
[2020-10-27T23:46:45.369-0800] GC(24) Metaspace: 220K(4864K)->220K(4864K) NonClass: 208K(4352K)->208K(4352K) Class: 12K(512K)->12K(512K)
[2020-10-27T23:46:45.369-0800] GC(24) Pause Full (Allocation Failure) 123M->123M(123M) 25.192ms
[2020-10-27T23:46:45.369-0800] GC(24) User=0.03s Sys=0.00s Real=0.02s
[2020-10-27T23:46:45.370-0800] Heap
[2020-10-27T23:46:45.370-0800]  def new generation   total 39296K, used 39212K [0x00000007f8000000, 0x00000007faaa0000, 0x00000007faaa0000)
[2020-10-27T23:46:45.370-0800]   eden space 34944K, 100% used [0x00000007f8000000, 0x00000007fa220000, 0x00000007fa220000)
[2020-10-27T23:46:45.370-0800]   from space 4352K,  98% used [0x00000007fa220000, 0x00000007fa64b1f0, 0x00000007fa660000)
[2020-10-27T23:46:45.370-0800]   to   space 4352K,   0% used [0x00000007fa660000, 0x00000007fa660000, 0x00000007faaa0000)
[2020-10-27T23:46:45.370-0800]  tenured generation   total 87424K, used 87371K [0x00000007faaa0000, 0x0000000800000000, 0x0000000800000000)
[2020-10-27T23:46:45.370-0800]    the space 87424K,  99% used [0x00000007faaa0000, 0x00000007ffff2c20, 0x00000007ffff2e00, 0x0000000800000000)
[2020-10-27T23:46:45.370-0800]  Metaspace       used 228K, capacity 4490K, committed 4864K, reserved 1056768K
[2020-10-27T23:46:45.370-0800]   class space    used 13K, capacity 386K, committed 512K, reserved 1048576K
