[2020-10-27T23:46:46.095-0800] Using Serial
[2020-10-27T23:46:46.096-0800] Version: 15.0.1+9-18 (release)
[2020-10-27T23:46:46.096-0800] CPUs: 8 total, 8 available
[2020-10-27T23:46:46.096-0800] Memory: 16384M
[2020-10-27T23:46:46.096-0800] Large Page Support: Disabled
[2020-10-27T23:46:46.096-0800] NUMA Support: Disabled
[2020-10-27T23:46:46.096-0800] Compressed Oops: Enabled (Zero based)
[2020-10-27T23:46:46.096-0800] Heap Min Capacity: 256M
[2020-10-27T23:46:46.096-0800] Heap Initial Capacity: 256M
[2020-10-27T23:46:46.096-0800] Heap Max Capacity: 256M
[2020-10-27T23:46:46.096-0800] Pre-touch: Disabled
[2020-10-27T23:46:46.096-0800] CDS archive(s) mapped at: [0x0000000800000000-0x0000000800b2b000-0x0000000800b2b000), size 11710464, SharedBaseAddress: 0x0000000800000000, ArchiveRelocationMode: 0.
[2020-10-27T23:46:46.096-0800] Compressed class space mapped at: 0x0000000800b2c000-0x0000000840b2c000, size: 1073741824
[2020-10-27T23:46:46.096-0800] Narrow klass base: 0x0000000800000000, Narrow klass shift: 3, Narrow klass range: 0x100000000
[2020-10-27T23:46:46.157-0800] GC(0) Pause Young (Allocation Failure)
[2020-10-27T23:46:46.171-0800] GC(0) DefNew: 69770K(78656K)->8704K(78656K) Eden: 69770K(69952K)->0K(69952K) From: 0K(8704K)->8704K(8704K)
[2020-10-27T23:46:46.171-0800] GC(0) Tenured: 0K(174784K)->18394K(174784K)
[2020-10-27T23:46:46.171-0800] GC(0) Metaspace: 211K(4864K)->211K(4864K) NonClass: 199K(4352K)->199K(4352K) Class: 12K(512K)->12K(512K)
[2020-10-27T23:46:46.171-0800] GC(0) Pause Young (Allocation Failure) 68M->26M(247M) 13.806ms
[2020-10-27T23:46:46.171-0800] GC(0) User=0.02s Sys=0.00s Real=0.02s
[2020-10-27T23:46:46.185-0800] GC(1) Pause Young (Allocation Failure)
[2020-10-27T23:46:46.203-0800] GC(1) DefNew: 78591K(78656K)->8695K(78656K) Eden: 69887K(69952K)->0K(69952K) From: 8704K(8704K)->8695K(8704K)
[2020-10-27T23:46:46.203-0800] GC(1) Tenured: 18394K(174784K)->50663K(174784K)
[2020-10-27T23:46:46.203-0800] GC(1) Metaspace: 220K(4864K)->220K(4864K) NonClass: 208K(4352K)->208K(4352K) Class: 12K(512K)->12K(512K)
[2020-10-27T23:46:46.203-0800] GC(1) Pause Young (Allocation Failure) 94M->57M(247M) 18.130ms
[2020-10-27T23:46:46.203-0800] GC(1) User=0.01s Sys=0.01s Real=0.02s
[2020-10-27T23:46:46.217-0800] GC(2) Pause Young (Allocation Failure)
[2020-10-27T23:46:46.231-0800] GC(2) DefNew: 78647K(78656K)->8703K(78656K) Eden: 69952K(69952K)->0K(69952K) From: 8695K(8704K)->8703K(8704K)
[2020-10-27T23:46:46.231-0800] GC(2) Tenured: 50663K(174784K)->78172K(174784K)
[2020-10-27T23:46:46.231-0800] GC(2) Metaspace: 220K(4864K)->220K(4864K) NonClass: 208K(4352K)->208K(4352K) Class: 12K(512K)->12K(512K)
[2020-10-27T23:46:46.231-0800] GC(2) Pause Young (Allocation Failure) 126M->84M(247M) 14.163ms
[2020-10-27T23:46:46.231-0800] GC(2) User=0.02s Sys=0.01s Real=0.02s
[2020-10-27T23:46:46.241-0800] GC(3) Pause Young (Allocation Failure)
[2020-10-27T23:46:46.255-0800] GC(3) DefNew: 78655K(78656K)->8702K(78656K) Eden: 69952K(69952K)->0K(69952K) From: 8703K(8704K)->8702K(8704K)
[2020-10-27T23:46:46.255-0800] GC(3) Tenured: 78172K(174784K)->106298K(174784K)
[2020-10-27T23:46:46.255-0800] GC(3) Metaspace: 220K(4864K)->220K(4864K) NonClass: 208K(4352K)->208K(4352K) Class: 12K(512K)->12K(512K)
[2020-10-27T23:46:46.255-0800] GC(3) Pause Young (Allocation Failure) 153M->112M(247M) 14.701ms
[2020-10-27T23:46:46.255-0800] GC(3) User=0.01s Sys=0.00s Real=0.01s
[2020-10-27T23:46:46.265-0800] GC(4) Pause Young (Allocation Failure)
[2020-10-27T23:46:46.281-0800] GC(4) DefNew: 78430K(78656K)->8703K(78656K) Eden: 69727K(69952K)->0K(69952K) From: 8702K(8704K)->8703K(8704K)
[2020-10-27T23:46:46.281-0800] GC(4) Tenured: 106298K(174784K)->136618K(174784K)
[2020-10-27T23:46:46.281-0800] GC(4) Metaspace: 220K(4864K)->220K(4864K) NonClass: 208K(4352K)->208K(4352K) Class: 12K(512K)->12K(512K)
[2020-10-27T23:46:46.281-0800] GC(4) Pause Young (Allocation Failure) 180M->141M(247M) 16.722ms
[2020-10-27T23:46:46.281-0800] GC(4) User=0.01s Sys=0.01s Real=0.02s
[2020-10-27T23:46:46.292-0800] GC(5) Pause Young (Allocation Failure)
[2020-10-27T23:46:46.307-0800] GC(5) DefNew: 78655K(78656K)->8703K(78656K) Eden: 69952K(69952K)->0K(69952K) From: 8703K(8704K)->8703K(8704K)
[2020-10-27T23:46:46.307-0800] GC(5) Tenured: 136618K(174784K)->165084K(174784K)
[2020-10-27T23:46:46.307-0800] GC(5) Metaspace: 220K(4864K)->220K(4864K) NonClass: 208K(4352K)->208K(4352K) Class: 12K(512K)->12K(512K)
[2020-10-27T23:46:46.307-0800] GC(5) Pause Young (Allocation Failure) 210M->169M(247M) 15.463ms
[2020-10-27T23:46:46.307-0800] GC(5) User=0.01s Sys=0.00s Real=0.01s
[2020-10-27T23:46:46.317-0800] GC(6) Pause Young (Allocation Failure)
[2020-10-27T23:46:46.317-0800] GC(6) Pause Young (Allocation Failure) 238M->238M(247M) 0.144ms
[2020-10-27T23:46:46.317-0800] GC(6) User=0.00s Sys=0.00s Real=0.00s
[2020-10-27T23:46:46.317-0800] GC(7) Pause Full (Allocation Failure)
[2020-10-27T23:46:46.317-0800] GC(7) Phase 1: Mark live objects
[2020-10-27T23:46:46.318-0800] GC(7) Phase 1: Mark live objects 0.810ms
[2020-10-27T23:46:46.318-0800] GC(7) Phase 2: Compute new object addresses
[2020-10-27T23:46:46.318-0800] GC(7) Phase 2: Compute new object addresses 0.413ms
[2020-10-27T23:46:46.318-0800] GC(7) Phase 3: Adjust pointers
[2020-10-27T23:46:46.319-0800] GC(7) Phase 3: Adjust pointers 0.348ms
[2020-10-27T23:46:46.319-0800] GC(7) Phase 4: Move objects
[2020-10-27T23:46:46.352-0800] GC(7) Phase 4: Move objects 33.571ms
[2020-10-27T23:46:46.352-0800] GC(7) DefNew: 78655K(78656K)->0K(78656K) Eden: 69952K(69952K)->0K(69952K) From: 8703K(8704K)->0K(8704K)
[2020-10-27T23:46:46.352-0800] GC(7) Tenured: 165084K(174784K)->169513K(174784K)
[2020-10-27T23:46:46.352-0800] GC(7) Metaspace: 220K(4864K)->220K(4864K) NonClass: 208K(4352K)->208K(4352K) Class: 12K(512K)->12K(512K)
[2020-10-27T23:46:46.352-0800] GC(7) Pause Full (Allocation Failure) 238M->165M(247M) 35.355ms
[2020-10-27T23:46:46.352-0800] GC(7) User=0.03s Sys=0.01s Real=0.04s
[2020-10-27T23:46:46.361-0800] GC(8) Pause Young (Allocation Failure)
[2020-10-27T23:46:46.361-0800] GC(8) Pause Young (Allocation Failure) 233M->233M(247M) 0.070ms
[2020-10-27T23:46:46.361-0800] GC(8) User=0.00s Sys=0.00s Real=0.00s
[2020-10-27T23:46:46.361-0800] GC(9) Pause Full (Allocation Failure)
[2020-10-27T23:46:46.361-0800] GC(9) Phase 1: Mark live objects
[2020-10-27T23:46:46.362-0800] GC(9) Phase 1: Mark live objects 0.607ms
[2020-10-27T23:46:46.362-0800] GC(9) Phase 2: Compute new object addresses
[2020-10-27T23:46:46.362-0800] GC(9) Phase 2: Compute new object addresses 0.390ms
[2020-10-27T23:46:46.362-0800] GC(9) Phase 3: Adjust pointers
[2020-10-27T23:46:46.363-0800] GC(9) Phase 3: Adjust pointers 0.362ms
[2020-10-27T23:46:46.363-0800] GC(9) Phase 4: Move objects
[2020-10-27T23:46:46.397-0800] GC(9) Phase 4: Move objects 34.300ms
[2020-10-27T23:46:46.397-0800] GC(9) DefNew: 69810K(78656K)->14340K(78656K) Eden: 69810K(69952K)->14340K(69952K) From: 0K(8704K)->0K(8704K)
[2020-10-27T23:46:46.397-0800] GC(9) Tenured: 169513K(174784K)->174567K(174784K)
[2020-10-27T23:46:46.397-0800] GC(9) Metaspace: 220K(4864K)->220K(4864K) NonClass: 208K(4352K)->208K(4352K) Class: 12K(512K)->12K(512K)
[2020-10-27T23:46:46.397-0800] GC(9) Pause Full (Allocation Failure) 233M->184M(247M) 35.817ms
[2020-10-27T23:46:46.397-0800] GC(9) User=0.04s Sys=0.00s Real=0.03s
[2020-10-27T23:46:46.405-0800] GC(10) Pause Full (Allocation Failure)
[2020-10-27T23:46:46.405-0800] GC(10) Phase 1: Mark live objects
[2020-10-27T23:46:46.406-0800] GC(10) Phase 1: Mark live objects 0.512ms
[2020-10-27T23:46:46.406-0800] GC(10) Phase 2: Compute new object addresses
[2020-10-27T23:46:46.406-0800] GC(10) Phase 2: Compute new object addresses 0.259ms
[2020-10-27T23:46:46.406-0800] GC(10) Phase 3: Adjust pointers
[2020-10-27T23:46:46.406-0800] GC(10) Phase 3: Adjust pointers 0.333ms
[2020-10-27T23:46:46.406-0800] GC(10) Phase 4: Move objects
[2020-10-27T23:46:46.444-0800] GC(10) Phase 4: Move objects 37.542ms
[2020-10-27T23:46:46.444-0800] GC(10) DefNew: 78277K(78656K)->32165K(78656K) Eden: 69952K(69952K)->32165K(69952K) From: 8325K(8704K)->0K(8704K)
[2020-10-27T23:46:46.444-0800] GC(10) Tenured: 174567K(174784K)->174769K(174784K)
[2020-10-27T23:46:46.444-0800] GC(10) Metaspace: 220K(4864K)->220K(4864K) NonClass: 208K(4352K)->208K(4352K) Class: 12K(512K)->12K(512K)
[2020-10-27T23:46:46.444-0800] GC(10) Pause Full (Allocation Failure) 246M->202M(247M) 38.950ms
[2020-10-27T23:46:46.444-0800] GC(10) User=0.03s Sys=0.00s Real=0.04s
[2020-10-27T23:46:46.450-0800] GC(11) Pause Full (Allocation Failure)
[2020-10-27T23:46:46.450-0800] GC(11) Phase 1: Mark live objects
[2020-10-27T23:46:46.451-0800] GC(11) Phase 1: Mark live objects 0.942ms
[2020-10-27T23:46:46.451-0800] GC(11) Phase 2: Compute new object addresses
[2020-10-27T23:46:46.451-0800] GC(11) Phase 2: Compute new object addresses 0.290ms
[2020-10-27T23:46:46.451-0800] GC(11) Phase 3: Adjust pointers
[2020-10-27T23:46:46.452-0800] GC(11) Phase 3: Adjust pointers 0.393ms
[2020-10-27T23:46:46.452-0800] GC(11) Phase 4: Move objects
[2020-10-27T23:46:46.494-0800] GC(11) Phase 4: Move objects 42.408ms
[2020-10-27T23:46:46.494-0800] GC(11) DefNew: 78612K(78656K)->33848K(78656K) Eden: 69952K(69952K)->33848K(69952K) From: 8660K(8704K)->0K(8704K)
[2020-10-27T23:46:46.494-0800] GC(11) Tenured: 174769K(174784K)->174630K(174784K)
[2020-10-27T23:46:46.494-0800] GC(11) Metaspace: 220K(4864K)->220K(4864K) NonClass: 208K(4352K)->208K(4352K) Class: 12K(512K)->12K(512K)
[2020-10-27T23:46:46.494-0800] GC(11) Pause Full (Allocation Failure) 247M->203M(247M) 44.306ms
[2020-10-27T23:46:46.494-0800] GC(11) User=0.04s Sys=0.00s Real=0.04s
[2020-10-27T23:46:46.500-0800] GC(12) Pause Full (Allocation Failure)
[2020-10-27T23:46:46.500-0800] GC(12) Phase 1: Mark live objects
[2020-10-27T23:46:46.500-0800] GC(12) Phase 1: Mark live objects 0.513ms
[2020-10-27T23:46:46.500-0800] GC(12) Phase 2: Compute new object addresses
[2020-10-27T23:46:46.501-0800] GC(12) Phase 2: Compute new object addresses 0.273ms
[2020-10-27T23:46:46.501-0800] GC(12) Phase 3: Adjust pointers
[2020-10-27T23:46:46.501-0800] GC(12) Phase 3: Adjust pointers 0.296ms
[2020-10-27T23:46:46.501-0800] GC(12) Phase 4: Move objects
[2020-10-27T23:46:46.517-0800] GC(12) Phase 4: Move objects 15.772ms
[2020-10-27T23:46:46.517-0800] GC(12) DefNew: 78649K(78656K)->48367K(78656K) Eden: 69952K(69952K)->48367K(69952K) From: 8697K(8704K)->0K(8704K)
[2020-10-27T23:46:46.517-0800] GC(12) Tenured: 174630K(174784K)->174750K(174784K)
[2020-10-27T23:46:46.517-0800] GC(12) Metaspace: 220K(4864K)->220K(4864K) NonClass: 208K(4352K)->208K(4352K) Class: 12K(512K)->12K(512K)
[2020-10-27T23:46:46.517-0800] GC(12) Pause Full (Allocation Failure) 247M->217M(247M) 17.068ms
[2020-10-27T23:46:46.517-0800] GC(12) User=0.02s Sys=0.00s Real=0.01s
[2020-10-27T23:46:46.521-0800] GC(13) Pause Full (Allocation Failure)
[2020-10-27T23:46:46.521-0800] GC(13) Phase 1: Mark live objects
[2020-10-27T23:46:46.522-0800] GC(13) Phase 1: Mark live objects 0.563ms
[2020-10-27T23:46:46.522-0800] GC(13) Phase 2: Compute new object addresses
[2020-10-27T23:46:46.522-0800] GC(13) Phase 2: Compute new object addresses 0.229ms
[2020-10-27T23:46:46.522-0800] GC(13) Phase 3: Adjust pointers
[2020-10-27T23:46:46.523-0800] GC(13) Phase 3: Adjust pointers 0.323ms
[2020-10-27T23:46:46.523-0800] GC(13) Phase 4: Move objects
[2020-10-27T23:46:46.545-0800] GC(13) Phase 4: Move objects 22.762ms
[2020-10-27T23:46:46.545-0800] GC(13) DefNew: 78580K(78656K)->53875K(78656K) Eden: 69952K(69952K)->53875K(69952K) From: 8628K(8704K)->0K(8704K)
[2020-10-27T23:46:46.545-0800] GC(13) Tenured: 174750K(174784K)->174536K(174784K)
[2020-10-27T23:46:46.545-0800] GC(13) Metaspace: 220K(4864K)->220K(4864K) NonClass: 208K(4352K)->208K(4352K) Class: 12K(512K)->12K(512K)
[2020-10-27T23:46:46.545-0800] GC(13) Pause Full (Allocation Failure) 247M->223M(247M) 24.173ms
[2020-10-27T23:46:46.545-0800] GC(13) User=0.02s Sys=0.00s Real=0.02s
[2020-10-27T23:46:46.549-0800] GC(14) Pause Full (Allocation Failure)
[2020-10-27T23:46:46.549-0800] GC(14) Phase 1: Mark live objects
[2020-10-27T23:46:46.549-0800] GC(14) Phase 1: Mark live objects 0.563ms
[2020-10-27T23:46:46.549-0800] GC(14) Phase 2: Compute new object addresses
[2020-10-27T23:46:46.549-0800] GC(14) Phase 2: Compute new object addresses 0.231ms
[2020-10-27T23:46:46.549-0800] GC(14) Phase 3: Adjust pointers
[2020-10-27T23:46:46.550-0800] GC(14) Phase 3: Adjust pointers 0.296ms
[2020-10-27T23:46:46.550-0800] GC(14) Phase 4: Move objects
[2020-10-27T23:46:46.583-0800] GC(14) Phase 4: Move objects 33.319ms
[2020-10-27T23:46:46.583-0800] GC(14) DefNew: 78507K(78656K)->52789K(78656K) Eden: 69952K(69952K)->52789K(69952K) From: 8555K(8704K)->0K(8704K)
[2020-10-27T23:46:46.583-0800] GC(14) Tenured: 174536K(174784K)->174464K(174784K)
[2020-10-27T23:46:46.583-0800] GC(14) Metaspace: 220K(4864K)->220K(4864K) NonClass: 208K(4352K)->208K(4352K) Class: 12K(512K)->12K(512K)
[2020-10-27T23:46:46.583-0800] GC(14) Pause Full (Allocation Failure) 247M->221M(247M) 34.653ms
[2020-10-27T23:46:46.583-0800] GC(14) User=0.03s Sys=0.00s Real=0.04s
[2020-10-27T23:46:46.587-0800] GC(15) Pause Full (Allocation Failure)
[2020-10-27T23:46:46.587-0800] GC(15) Phase 1: Mark live objects
[2020-10-27T23:46:46.587-0800] GC(15) Phase 1: Mark live objects 0.673ms
[2020-10-27T23:46:46.587-0800] GC(15) Phase 2: Compute new object addresses
[2020-10-27T23:46:46.588-0800] GC(15) Phase 2: Compute new object addresses 0.266ms
[2020-10-27T23:46:46.588-0800] GC(15) Phase 3: Adjust pointers
[2020-10-27T23:46:46.588-0800] GC(15) Phase 3: Adjust pointers 0.337ms
[2020-10-27T23:46:46.588-0800] GC(15) Phase 4: Move objects
[2020-10-27T23:46:46.639-0800] GC(15) Phase 4: Move objects 50.867ms
[2020-10-27T23:46:46.639-0800] GC(15) DefNew: 78645K(78656K)->48839K(78656K) Eden: 69952K(69952K)->48839K(69952K) From: 8693K(8704K)->0K(8704K)
[2020-10-27T23:46:46.639-0800] GC(15) Tenured: 174464K(174784K)->174781K(174784K)
[2020-10-27T23:46:46.639-0800] GC(15) Metaspace: 220K(4864K)->220K(4864K) NonClass: 208K(4352K)->208K(4352K) Class: 12K(512K)->12K(512K)
[2020-10-27T23:46:46.639-0800] GC(15) Pause Full (Allocation Failure) 247M->218M(247M) 52.440ms
[2020-10-27T23:46:46.639-0800] GC(15) User=0.05s Sys=0.00s Real=0.05s
[2020-10-27T23:46:46.643-0800] GC(16) Pause Full (Allocation Failure)
[2020-10-27T23:46:46.643-0800] GC(16) Phase 1: Mark live objects
[2020-10-27T23:46:46.644-0800] GC(16) Phase 1: Mark live objects 0.624ms
[2020-10-27T23:46:46.644-0800] GC(16) Phase 2: Compute new object addresses
[2020-10-27T23:46:46.644-0800] GC(16) Phase 2: Compute new object addresses 0.288ms
[2020-10-27T23:46:46.644-0800] GC(16) Phase 3: Adjust pointers
[2020-10-27T23:46:46.645-0800] GC(16) Phase 3: Adjust pointers 0.310ms
[2020-10-27T23:46:46.645-0800] GC(16) Phase 4: Move objects
[2020-10-27T23:46:46.654-0800] GC(16) Phase 4: Move objects 9.913ms
[2020-10-27T23:46:46.655-0800] GC(16) DefNew: 78376K(78656K)->59670K(78656K) Eden: 69952K(69952K)->59670K(69952K) From: 8424K(8704K)->0K(8704K)
[2020-10-27T23:46:46.655-0800] GC(16) Tenured: 174781K(174784K)->174781K(174784K)
[2020-10-27T23:46:46.655-0800] GC(16) Metaspace: 220K(4864K)->220K(4864K) NonClass: 208K(4352K)->208K(4352K) Class: 12K(512K)->12K(512K)
[2020-10-27T23:46:46.655-0800] GC(16) Pause Full (Allocation Failure) 247M->228M(247M) 11.414ms
[2020-10-27T23:46:46.655-0800] GC(16) User=0.01s Sys=0.00s Real=0.01s
[2020-10-27T23:46:46.657-0800] GC(17) Pause Full (Allocation Failure)
[2020-10-27T23:46:46.657-0800] GC(17) Phase 1: Mark live objects
[2020-10-27T23:46:46.657-0800] GC(17) Phase 1: Mark live objects 0.643ms
[2020-10-27T23:46:46.657-0800] GC(17) Phase 2: Compute new object addresses
[2020-10-27T23:46:46.658-0800] GC(17) Phase 2: Compute new object addresses 0.237ms
[2020-10-27T23:46:46.658-0800] GC(17) Phase 3: Adjust pointers
[2020-10-27T23:46:46.658-0800] GC(17) Phase 3: Adjust pointers 0.297ms
[2020-10-27T23:46:46.658-0800] GC(17) Phase 4: Move objects
[2020-10-27T23:46:46.670-0800] GC(17) Phase 4: Move objects 12.339ms
[2020-10-27T23:46:46.670-0800] GC(17) DefNew: 78382K(78656K)->65596K(78656K) Eden: 69952K(69952K)->65596K(69952K) From: 8430K(8704K)->0K(8704K)
[2020-10-27T23:46:46.671-0800] GC(17) Tenured: 174781K(174784K)->174781K(174784K)
[2020-10-27T23:46:46.671-0800] GC(17) Metaspace: 220K(4864K)->220K(4864K) NonClass: 208K(4352K)->208K(4352K) Class: 12K(512K)->12K(512K)
[2020-10-27T23:46:46.671-0800] GC(17) Pause Full (Allocation Failure) 247M->234M(247M) 13.862ms
[2020-10-27T23:46:46.671-0800] GC(17) User=0.01s Sys=0.00s Real=0.02s
[2020-10-27T23:46:46.672-0800] GC(18) Pause Full (Allocation Failure)
[2020-10-27T23:46:46.672-0800] GC(18) Phase 1: Mark live objects
[2020-10-27T23:46:46.673-0800] GC(18) Phase 1: Mark live objects 0.706ms
[2020-10-27T23:46:46.673-0800] GC(18) Phase 2: Compute new object addresses
[2020-10-27T23:46:46.674-0800] GC(18) Phase 2: Compute new object addresses 0.301ms
[2020-10-27T23:46:46.674-0800] GC(18) Phase 3: Adjust pointers
[2020-10-27T23:46:46.674-0800] GC(18) Phase 3: Adjust pointers 0.332ms
[2020-10-27T23:46:46.674-0800] GC(18) Phase 4: Move objects
[2020-10-27T23:46:46.703-0800] GC(18) Phase 4: Move objects 28.704ms
[2020-10-27T23:46:46.703-0800] GC(18) DefNew: 78640K(78656K)->66084K(78656K) Eden: 69952K(69952K)->66084K(69952K) From: 8688K(8704K)->0K(8704K)
[2020-10-27T23:46:46.703-0800] GC(18) Tenured: 174781K(174784K)->174636K(174784K)
[2020-10-27T23:46:46.703-0800] GC(18) Metaspace: 220K(4864K)->220K(4864K) NonClass: 208K(4352K)->208K(4352K) Class: 12K(512K)->12K(512K)
[2020-10-27T23:46:46.703-0800] GC(18) Pause Full (Allocation Failure) 247M->235M(247M) 30.293ms
[2020-10-27T23:46:46.703-0800] GC(18) User=0.03s Sys=0.00s Real=0.03s
[2020-10-27T23:46:46.704-0800] GC(19) Pause Full (Allocation Failure)
[2020-10-27T23:46:46.704-0800] GC(19) Phase 1: Mark live objects
[2020-10-27T23:46:46.705-0800] GC(19) Phase 1: Mark live objects 0.625ms
[2020-10-27T23:46:46.705-0800] GC(19) Phase 2: Compute new object addresses
[2020-10-27T23:46:46.705-0800] GC(19) Phase 2: Compute new object addresses 0.279ms
[2020-10-27T23:46:46.705-0800] GC(19) Phase 3: Adjust pointers
[2020-10-27T23:46:46.706-0800] GC(19) Phase 3: Adjust pointers 0.380ms
[2020-10-27T23:46:46.706-0800] GC(19) Phase 4: Move objects
[2020-10-27T23:46:46.754-0800] GC(19) Phase 4: Move objects 48.015ms
[2020-10-27T23:46:46.754-0800] GC(19) DefNew: 78605K(78656K)->59040K(78656K) Eden: 69952K(69952K)->59040K(69952K) From: 8653K(8704K)->0K(8704K)
[2020-10-27T23:46:46.754-0800] GC(19) Tenured: 174780K(174784K)->174605K(174784K)
[2020-10-27T23:46:46.754-0800] GC(19) Metaspace: 220K(4864K)->220K(4864K) NonClass: 208K(4352K)->208K(4352K) Class: 12K(512K)->12K(512K)
[2020-10-27T23:46:46.754-0800] GC(19) Pause Full (Allocation Failure) 247M->228M(247M) 49.578ms
[2020-10-27T23:46:46.754-0800] GC(19) User=0.05s Sys=0.00s Real=0.05s
[2020-10-27T23:46:46.756-0800] GC(20) Pause Full (Allocation Failure)
[2020-10-27T23:46:46.757-0800] GC(20) Phase 1: Mark live objects
[2020-10-27T23:46:46.758-0800] GC(20) Phase 1: Mark live objects 0.906ms
[2020-10-27T23:46:46.758-0800] GC(20) Phase 2: Compute new object addresses
[2020-10-27T23:46:46.758-0800] GC(20) Phase 2: Compute new object addresses 0.312ms
[2020-10-27T23:46:46.758-0800] GC(20) Phase 3: Adjust pointers
[2020-10-27T23:46:46.758-0800] GC(20) Phase 3: Adjust pointers 0.331ms
[2020-10-27T23:46:46.758-0800] GC(20) Phase 4: Move objects
[2020-10-27T23:46:46.767-0800] GC(20) Phase 4: Move objects 8.869ms
[2020-10-27T23:46:46.767-0800] GC(20) DefNew: 78634K(78656K)->64384K(78656K) Eden: 69952K(69952K)->64384K(69952K) From: 8682K(8704K)->0K(8704K)
[2020-10-27T23:46:46.767-0800] GC(20) Tenured: 174687K(174784K)->174687K(174784K)
[2020-10-27T23:46:46.767-0800] GC(20) Metaspace: 220K(4864K)->220K(4864K) NonClass: 208K(4352K)->208K(4352K) Class: 12K(512K)->12K(512K)
[2020-10-27T23:46:46.767-0800] GC(20) Pause Full (Allocation Failure) 247M->233M(247M) 10.707ms
[2020-10-27T23:46:46.767-0800] GC(20) User=0.01s Sys=0.00s Real=0.01s
[2020-10-27T23:46:46.769-0800] GC(21) Pause Full (Allocation Failure)
[2020-10-27T23:46:46.769-0800] GC(21) Phase 1: Mark live objects
[2020-10-27T23:46:46.770-0800] GC(21) Phase 1: Mark live objects 0.738ms
[2020-10-27T23:46:46.770-0800] GC(21) Phase 2: Compute new object addresses
[2020-10-27T23:46:46.770-0800] GC(21) Phase 2: Compute new object addresses 0.307ms
[2020-10-27T23:46:46.770-0800] GC(21) Phase 3: Adjust pointers
[2020-10-27T23:46:46.771-0800] GC(21) Phase 3: Adjust pointers 0.380ms
[2020-10-27T23:46:46.771-0800] GC(21) Phase 4: Move objects
[2020-10-27T23:46:46.780-0800] GC(21) Phase 4: Move objects 9.224ms
[2020-10-27T23:46:46.780-0800] GC(21) DefNew: 78635K(78656K)->67047K(78656K) Eden: 69952K(69952K)->67047K(69952K) From: 8683K(8704K)->0K(8704K)
[2020-10-27T23:46:46.780-0800] GC(21) Tenured: 174750K(174784K)->174750K(174784K)
[2020-10-27T23:46:46.780-0800] GC(21) Metaspace: 220K(4864K)->220K(4864K) NonClass: 208K(4352K)->208K(4352K) Class: 12K(512K)->12K(512K)
[2020-10-27T23:46:46.780-0800] GC(21) Pause Full (Allocation Failure) 247M->236M(247M) 11.034ms
[2020-10-27T23:46:46.780-0800] GC(21) User=0.01s Sys=0.01s Real=0.02s
[2020-10-27T23:46:46.782-0800] GC(22) Pause Full (Allocation Failure)
[2020-10-27T23:46:46.782-0800] GC(22) Phase 1: Mark live objects
[2020-10-27T23:46:46.783-0800] GC(22) Phase 1: Mark live objects 1.038ms
[2020-10-27T23:46:46.783-0800] GC(22) Phase 2: Compute new object addresses
[2020-10-27T23:46:46.783-0800] GC(22) Phase 2: Compute new object addresses 0.274ms
[2020-10-27T23:46:46.784-0800] GC(22) Phase 3: Adjust pointers
[2020-10-27T23:46:46.784-0800] GC(22) Phase 3: Adjust pointers 0.355ms
[2020-10-27T23:46:46.784-0800] GC(22) Phase 4: Move objects
[2020-10-27T23:46:46.795-0800] GC(22) Phase 4: Move objects 11.173ms
[2020-10-27T23:46:46.795-0800] GC(22) DefNew: 78141K(78656K)->71106K(78656K) Eden: 69952K(69952K)->69423K(69952K) From: 8189K(8704K)->1682K(8704K)
[2020-10-27T23:46:46.795-0800] GC(22) Tenured: 174750K(174784K)->174750K(174784K)
[2020-10-27T23:46:46.795-0800] GC(22) Metaspace: 220K(4864K)->220K(4864K) NonClass: 208K(4352K)->208K(4352K) Class: 12K(512K)->12K(512K)
[2020-10-27T23:46:46.795-0800] GC(22) Pause Full (Allocation Failure) 246M->240M(247M) 13.171ms
[2020-10-27T23:46:46.795-0800] GC(22) User=0.02s Sys=0.00s Real=0.01s
[2020-10-27T23:46:46.796-0800] GC(23) Pause Full (Allocation Failure)
[2020-10-27T23:46:46.796-0800] GC(23) Phase 1: Mark live objects
[2020-10-27T23:46:46.797-0800] GC(23) Phase 1: Mark live objects 0.524ms
[2020-10-27T23:46:46.797-0800] GC(23) Phase 2: Compute new object addresses
[2020-10-27T23:46:46.797-0800] GC(23) Phase 2: Compute new object addresses 0.197ms
[2020-10-27T23:46:46.797-0800] GC(23) Phase 3: Adjust pointers
[2020-10-27T23:46:46.798-0800] GC(23) Phase 3: Adjust pointers 0.317ms
[2020-10-27T23:46:46.798-0800] GC(23) Phase 4: Move objects
[2020-10-27T23:46:46.847-0800] GC(23) Phase 4: Move objects 49.543ms
[2020-10-27T23:46:46.847-0800] GC(23) DefNew: 78444K(78656K)->65320K(78656K) Eden: 69952K(69952K)->65320K(69952K) From: 8492K(8704K)->0K(8704K)
[2020-10-27T23:46:46.847-0800] GC(23) Tenured: 174750K(174784K)->174754K(174784K)
[2020-10-27T23:46:46.847-0800] GC(23) Metaspace: 220K(4864K)->220K(4864K) NonClass: 208K(4352K)->208K(4352K) Class: 12K(512K)->12K(512K)
[2020-10-27T23:46:46.847-0800] GC(23) Pause Full (Allocation Failure) 247M->234M(247M) 50.777ms
[2020-10-27T23:46:46.847-0800] GC(23) User=0.05s Sys=0.00s Real=0.05s
[2020-10-27T23:46:46.849-0800] GC(24) Pause Full (Allocation Failure)
[2020-10-27T23:46:46.849-0800] GC(24) Phase 1: Mark live objects
[2020-10-27T23:46:46.850-0800] GC(24) Phase 1: Mark live objects 0.781ms
[2020-10-27T23:46:46.850-0800] GC(24) Phase 2: Compute new object addresses
[2020-10-27T23:46:46.850-0800] GC(24) Phase 2: Compute new object addresses 0.450ms
[2020-10-27T23:46:46.850-0800] GC(24) Phase 3: Adjust pointers
[2020-10-27T23:46:46.851-0800] GC(24) Phase 3: Adjust pointers 0.354ms
[2020-10-27T23:46:46.851-0800] GC(24) Phase 4: Move objects
[2020-10-27T23:46:46.857-0800] GC(24) Phase 4: Move objects 6.518ms
[2020-10-27T23:46:46.857-0800] GC(24) DefNew: 78208K(78656K)->69404K(78656K) Eden: 69951K(69952K)->69404K(69952K) From: 8256K(8704K)->0K(8704K)
[2020-10-27T23:46:46.857-0800] GC(24) Tenured: 174754K(174784K)->174754K(174784K)
[2020-10-27T23:46:46.857-0800] GC(24) Metaspace: 220K(4864K)->220K(4864K) NonClass: 208K(4352K)->208K(4352K) Class: 12K(512K)->12K(512K)
[2020-10-27T23:46:46.857-0800] GC(24) Pause Full (Allocation Failure) 247M->238M(247M) 8.321ms
[2020-10-27T23:46:46.857-0800] GC(24) User=0.01s Sys=0.00s Real=0.01s
[2020-10-27T23:46:46.858-0800] GC(25) Pause Full (Allocation Failure)
[2020-10-27T23:46:46.858-0800] GC(25) Phase 1: Mark live objects
[2020-10-27T23:46:46.859-0800] GC(25) Phase 1: Mark live objects 0.566ms
[2020-10-27T23:46:46.859-0800] GC(25) Phase 2: Compute new object addresses
[2020-10-27T23:46:46.859-0800] GC(25) Phase 2: Compute new object addresses 0.211ms
[2020-10-27T23:46:46.859-0800] GC(25) Phase 3: Adjust pointers
[2020-10-27T23:46:46.859-0800] GC(25) Phase 3: Adjust pointers 0.300ms
[2020-10-27T23:46:46.859-0800] GC(25) Phase 4: Move objects
[2020-10-27T23:46:46.871-0800] GC(25) Phase 4: Move objects 12.006ms
[2020-10-27T23:46:46.871-0800] GC(25) DefNew: 78543K(78656K)->72075K(78656K) Eden: 69952K(69952K)->69920K(69952K) From: 8591K(8704K)->2155K(8704K)
[2020-10-27T23:46:46.871-0800] GC(25) Tenured: 174754K(174784K)->174754K(174784K)
[2020-10-27T23:46:46.871-0800] GC(25) Metaspace: 220K(4864K)->220K(4864K) NonClass: 208K(4352K)->208K(4352K) Class: 12K(512K)->12K(512K)
[2020-10-27T23:46:46.871-0800] GC(25) Pause Full (Allocation Failure) 247M->241M(247M) 13.261ms
[2020-10-27T23:46:46.872-0800] GC(25) User=0.01s Sys=0.00s Real=0.02s
[2020-10-27T23:46:46.872-0800] GC(26) Pause Full (Allocation Failure)
[2020-10-27T23:46:46.872-0800] GC(26) Phase 1: Mark live objects
[2020-10-27T23:46:46.873-0800] GC(26) Phase 1: Mark live objects 0.662ms
[2020-10-27T23:46:46.873-0800] GC(26) Phase 2: Compute new object addresses
[2020-10-27T23:46:46.873-0800] GC(26) Phase 2: Compute new object addresses 0.409ms
[2020-10-27T23:46:46.873-0800] GC(26) Phase 3: Adjust pointers
[2020-10-27T23:46:46.874-0800] GC(26) Phase 3: Adjust pointers 0.359ms
[2020-10-27T23:46:46.874-0800] GC(26) Phase 4: Move objects
[2020-10-27T23:46:46.874-0800] GC(26) Phase 4: Move objects 0.595ms
[2020-10-27T23:46:46.874-0800] GC(26) DefNew: 78641K(78656K)->74486K(78656K) Eden: 69952K(69952K)->69920K(69952K) From: 8689K(8704K)->4566K(8704K)
[2020-10-27T23:46:46.874-0800] GC(26) Tenured: 174754K(174784K)->174754K(174784K)
[2020-10-27T23:46:46.874-0800] GC(26) Metaspace: 220K(4864K)->220K(4864K) NonClass: 208K(4352K)->208K(4352K) Class: 12K(512K)->12K(512K)
[2020-10-27T23:46:46.874-0800] GC(26) Pause Full (Allocation Failure) 247M->243M(247M) 2.174ms
[2020-10-27T23:46:46.874-0800] GC(26) User=0.00s Sys=0.00s Real=0.00s
[2020-10-27T23:46:46.875-0800] GC(27) Pause Full (Allocation Failure)
[2020-10-27T23:46:46.875-0800] GC(27) Phase 1: Mark live objects
[2020-10-27T23:46:46.875-0800] GC(27) Phase 1: Mark live objects 0.548ms
[2020-10-27T23:46:46.875-0800] GC(27) Phase 2: Compute new object addresses
[2020-10-27T23:46:46.876-0800] GC(27) Phase 2: Compute new object addresses 0.410ms
[2020-10-27T23:46:46.876-0800] GC(27) Phase 3: Adjust pointers
[2020-10-27T23:46:46.876-0800] GC(27) Phase 3: Adjust pointers 0.565ms
[2020-10-27T23:46:46.876-0800] GC(27) Phase 4: Move objects
[2020-10-27T23:46:46.924-0800] GC(27) Phase 4: Move objects 47.370ms
[2020-10-27T23:46:46.924-0800] GC(27) DefNew: 78599K(78656K)->68695K(78656K) Eden: 69952K(69952K)->68695K(69952K) From: 8647K(8704K)->0K(8704K)
[2020-10-27T23:46:46.924-0800] GC(27) Tenured: 174754K(174784K)->174580K(174784K)
[2020-10-27T23:46:46.924-0800] GC(27) Metaspace: 220K(4864K)->220K(4864K) NonClass: 208K(4352K)->208K(4352K) Class: 12K(512K)->12K(512K)
[2020-10-27T23:46:46.924-0800] GC(27) Pause Full (Allocation Failure) 247M->237M(247M) 49.106ms
[2020-10-27T23:46:46.924-0800] GC(27) User=0.05s Sys=0.00s Real=0.05s
[2020-10-27T23:46:46.925-0800] GC(28) Pause Full (Allocation Failure)
[2020-10-27T23:46:46.925-0800] GC(28) Phase 1: Mark live objects
[2020-10-27T23:46:46.925-0800] GC(28) Phase 1: Mark live objects 0.519ms
[2020-10-27T23:46:46.925-0800] GC(28) Phase 2: Compute new object addresses
[2020-10-27T23:46:46.925-0800] GC(28) Phase 2: Compute new object addresses 0.203ms
[2020-10-27T23:46:46.925-0800] GC(28) Phase 3: Adjust pointers
[2020-10-27T23:46:46.926-0800] GC(28) Phase 3: Adjust pointers 0.297ms
[2020-10-27T23:46:46.926-0800] GC(28) Phase 4: Move objects
[2020-10-27T23:46:46.937-0800] GC(28) Phase 4: Move objects 11.722ms
[2020-10-27T23:46:46.938-0800] GC(28) DefNew: 78149K(78656K)->71552K(78656K) Eden: 69952K(69952K)->69781K(69952K) From: 8197K(8704K)->1771K(8704K)
[2020-10-27T23:46:46.938-0800] GC(28) Tenured: 174580K(174784K)->174580K(174784K)
[2020-10-27T23:46:46.938-0800] GC(28) Metaspace: 220K(4864K)->220K(4864K) NonClass: 208K(4352K)->208K(4352K) Class: 12K(512K)->12K(512K)
[2020-10-27T23:46:46.938-0800] GC(28) Pause Full (Allocation Failure) 246M->240M(247M) 12.934ms
[2020-10-27T23:46:46.938-0800] GC(28) User=0.01s Sys=0.00s Real=0.01s
[2020-10-27T23:46:46.938-0800] GC(29) Pause Full (Allocation Failure)
[2020-10-27T23:46:46.938-0800] GC(29) Phase 1: Mark live objects
[2020-10-27T23:46:46.939-0800] GC(29) Phase 1: Mark live objects 0.566ms
[2020-10-27T23:46:46.939-0800] GC(29) Phase 2: Compute new object addresses
[2020-10-27T23:46:46.939-0800] GC(29) Phase 2: Compute new object addresses 0.219ms
[2020-10-27T23:46:46.939-0800] GC(29) Phase 3: Adjust pointers
[2020-10-27T23:46:46.939-0800] GC(29) Phase 3: Adjust pointers 0.300ms
[2020-10-27T23:46:46.939-0800] GC(29) Phase 4: Move objects
[2020-10-27T23:46:46.952-0800] GC(29) Phase 4: Move objects 12.607ms
[2020-10-27T23:46:46.952-0800] GC(29) DefNew: 78361K(78656K)->72070K(78656K) Eden: 69952K(69952K)->69656K(69952K) From: 8409K(8704K)->2413K(8704K)
[2020-10-27T23:46:46.952-0800] GC(29) Tenured: 174580K(174784K)->174580K(174784K)
[2020-10-27T23:46:46.952-0800] GC(29) Metaspace: 220K(4864K)->220K(4864K) NonClass: 208K(4352K)->208K(4352K) Class: 12K(512K)->12K(512K)
[2020-10-27T23:46:46.952-0800] GC(29) Pause Full (Allocation Failure) 247M->240M(247M) 13.959ms
[2020-10-27T23:46:46.952-0800] GC(29) User=0.01s Sys=0.00s Real=0.02s
[2020-10-27T23:46:46.953-0800] GC(30) Pause Full (Allocation Failure)
[2020-10-27T23:46:46.953-0800] GC(30) Phase 1: Mark live objects
[2020-10-27T23:46:46.954-0800] GC(30) Phase 1: Mark live objects 0.728ms
[2020-10-27T23:46:46.954-0800] GC(30) Phase 2: Compute new object addresses
[2020-10-27T23:46:46.954-0800] GC(30) Phase 2: Compute new object addresses 0.300ms
[2020-10-27T23:46:46.954-0800] GC(30) Phase 3: Adjust pointers
[2020-10-27T23:46:46.954-0800] GC(30) Phase 3: Adjust pointers 0.327ms
[2020-10-27T23:46:46.954-0800] GC(30) Phase 4: Move objects
[2020-10-27T23:46:46.968-0800] GC(30) Phase 4: Move objects 13.449ms
[2020-10-27T23:46:46.968-0800] GC(30) DefNew: 78402K(78656K)->73823K(78656K) Eden: 69952K(69952K)->69892K(69952K) From: 8450K(8704K)->3930K(8704K)
[2020-10-27T23:46:46.968-0800] GC(30) Tenured: 174580K(174784K)->174580K(174784K)
[2020-10-27T23:46:46.968-0800] GC(30) Metaspace: 220K(4864K)->220K(4864K) NonClass: 208K(4352K)->208K(4352K) Class: 12K(512K)->12K(512K)
[2020-10-27T23:46:46.968-0800] GC(30) Pause Full (Allocation Failure) 247M->242M(247M) 15.022ms
[2020-10-27T23:46:46.968-0800] GC(30) User=0.02s Sys=0.00s Real=0.01s
[2020-10-27T23:46:46.969-0800] GC(31) Pause Full (Allocation Failure)
[2020-10-27T23:46:46.969-0800] GC(31) Phase 1: Mark live objects
[2020-10-27T23:46:46.970-0800] GC(31) Phase 1: Mark live objects 1.123ms
[2020-10-27T23:46:46.970-0800] GC(31) Phase 2: Compute new object addresses
[2020-10-27T23:46:46.970-0800] GC(31) Phase 2: Compute new object addresses 0.328ms
[2020-10-27T23:46:46.970-0800] GC(31) Phase 3: Adjust pointers
[2020-10-27T23:46:46.971-0800] GC(31) Phase 3: Adjust pointers 0.453ms
[2020-10-27T23:46:46.971-0800] GC(31) Phase 4: Move objects
[2020-10-27T23:46:47.023-0800] GC(31) Phase 4: Move objects 51.979ms
[2020-10-27T23:46:47.023-0800] GC(31) DefNew: 78512K(78656K)->70990K(78656K) Eden: 69952K(69952K)->69459K(69952K) From: 8560K(8704K)->1531K(8704K)
[2020-10-27T23:46:47.023-0800] GC(31) Tenured: 174580K(174784K)->174662K(174784K)
[2020-10-27T23:46:47.023-0800] GC(31) Metaspace: 220K(4864K)->220K(4864K) NonClass: 208K(4352K)->208K(4352K) Class: 12K(512K)->12K(512K)
[2020-10-27T23:46:47.023-0800] GC(31) Pause Full (Allocation Failure) 247M->239M(247M) 54.121ms
[2020-10-27T23:46:47.023-0800] GC(31) User=0.05s Sys=0.00s Real=0.06s
[2020-10-27T23:46:47.024-0800] GC(32) Pause Full (Allocation Failure)
[2020-10-27T23:46:47.024-0800] GC(32) Phase 1: Mark live objects
[2020-10-27T23:46:47.024-0800] GC(32) Phase 1: Mark live objects 0.522ms
[2020-10-27T23:46:47.024-0800] GC(32) Phase 2: Compute new object addresses
[2020-10-27T23:46:47.024-0800] GC(32) Phase 2: Compute new object addresses 0.284ms
[2020-10-27T23:46:47.024-0800] GC(32) Phase 3: Adjust pointers
[2020-10-27T23:46:47.025-0800] GC(32) Phase 3: Adjust pointers 0.313ms
[2020-10-27T23:46:47.025-0800] GC(32) Phase 4: Move objects
[2020-10-27T23:46:47.038-0800] GC(32) Phase 4: Move objects 13.333ms
[2020-10-27T23:46:47.038-0800] GC(32) DefNew: 78597K(78656K)->74151K(78656K) Eden: 69952K(69952K)->69886K(69952K) From: 8645K(8704K)->4264K(8704K)
[2020-10-27T23:46:47.038-0800] GC(32) Tenured: 174662K(174784K)->174662K(174784K)
[2020-10-27T23:46:47.038-0800] GC(32) Metaspace: 220K(4864K)->220K(4864K) NonClass: 208K(4352K)->208K(4352K) Class: 12K(512K)->12K(512K)
[2020-10-27T23:46:47.038-0800] GC(32) Pause Full (Allocation Failure) 247M->242M(247M) 14.712ms
[2020-10-27T23:46:47.038-0800] GC(32) User=0.02s Sys=0.00s Real=0.01s
[2020-10-27T23:46:47.039-0800] GC(33) Pause Full (Allocation Failure)
[2020-10-27T23:46:47.039-0800] GC(33) Phase 1: Mark live objects
[2020-10-27T23:46:47.040-0800] GC(33) Phase 1: Mark live objects 0.677ms
[2020-10-27T23:46:47.040-0800] GC(33) Phase 2: Compute new object addresses
[2020-10-27T23:46:47.040-0800] GC(33) Phase 2: Compute new object addresses 0.236ms
[2020-10-27T23:46:47.040-0800] GC(33) Phase 3: Adjust pointers
[2020-10-27T23:46:47.041-0800] GC(33) Phase 3: Adjust pointers 0.447ms
[2020-10-27T23:46:47.041-0800] GC(33) Phase 4: Move objects
[2020-10-27T23:46:47.048-0800] GC(33) Phase 4: Move objects 7.047ms
[2020-10-27T23:46:47.048-0800] GC(33) DefNew: 78149K(78656K)->74670K(78656K) Eden: 69952K(69952K)->69931K(69952K) From: 8197K(8704K)->4739K(8704K)
[2020-10-27T23:46:47.048-0800] GC(33) Tenured: 174662K(174784K)->174662K(174784K)
[2020-10-27T23:46:47.048-0800] GC(33) Metaspace: 220K(4864K)->220K(4864K) NonClass: 208K(4352K)->208K(4352K) Class: 12K(512K)->12K(512K)
[2020-10-27T23:46:47.048-0800] GC(33) Pause Full (Allocation Failure) 246M->243M(247M) 8.623ms
[2020-10-27T23:46:47.048-0800] GC(33) User=0.00s Sys=0.00s Real=0.01s
[2020-10-27T23:46:47.048-0800] GC(34) Pause Full (Allocation Failure)
[2020-10-27T23:46:47.048-0800] GC(34) Phase 1: Mark live objects
[2020-10-27T23:46:47.049-0800] GC(34) Phase 1: Mark live objects 0.789ms
[2020-10-27T23:46:47.049-0800] GC(34) Phase 2: Compute new object addresses
[2020-10-27T23:46:47.049-0800] GC(34) Phase 2: Compute new object addresses 0.394ms
[2020-10-27T23:46:47.049-0800] GC(34) Phase 3: Adjust pointers
[2020-10-27T23:46:47.050-0800] GC(34) Phase 3: Adjust pointers 0.519ms
[2020-10-27T23:46:47.050-0800] GC(34) Phase 4: Move objects
[2020-10-27T23:46:47.053-0800] GC(34) Phase 4: Move objects 3.435ms
[2020-10-27T23:46:47.053-0800] GC(34) DefNew: 78655K(78656K)->76349K(78656K) Eden: 69952K(69952K)->69403K(69952K) From: 8703K(8704K)->6945K(8704K)
[2020-10-27T23:46:47.054-0800] GC(34) Tenured: 174662K(174784K)->174662K(174784K)
[2020-10-27T23:46:47.054-0800] GC(34) Metaspace: 220K(4864K)->220K(4864K) NonClass: 208K(4352K)->208K(4352K) Class: 12K(512K)->12K(512K)
[2020-10-27T23:46:47.054-0800] GC(34) Pause Full (Allocation Failure) 247M->245M(247M) 5.371ms
[2020-10-27T23:46:47.054-0800] GC(34) User=0.01s Sys=0.00s Real=0.01s
[2020-10-27T23:46:47.054-0800] GC(35) Pause Full (Allocation Failure)
[2020-10-27T23:46:47.054-0800] GC(35) Phase 1: Mark live objects
[2020-10-27T23:46:47.054-0800] GC(35) Phase 1: Mark live objects 0.541ms
[2020-10-27T23:46:47.054-0800] GC(35) Phase 2: Compute new object addresses
[2020-10-27T23:46:47.055-0800] GC(35) Phase 2: Compute new object addresses 0.191ms
[2020-10-27T23:46:47.055-0800] GC(35) Phase 3: Adjust pointers
[2020-10-27T23:46:47.055-0800] GC(35) Phase 3: Adjust pointers 0.291ms
[2020-10-27T23:46:47.055-0800] GC(35) Phase 4: Move objects
[2020-10-27T23:46:47.101-0800] GC(35) Phase 4: Move objects 46.309ms
[2020-10-27T23:46:47.101-0800] GC(35) DefNew: 78651K(78656K)->73383K(78656K) Eden: 69952K(69952K)->69941K(69952K) From: 8699K(8704K)->3442K(8704K)
[2020-10-27T23:46:47.101-0800] GC(35) Tenured: 174662K(174784K)->174600K(174784K)
[2020-10-27T23:46:47.101-0800] GC(35) Metaspace: 220K(4864K)->220K(4864K) NonClass: 208K(4352K)->208K(4352K) Class: 12K(512K)->12K(512K)
[2020-10-27T23:46:47.101-0800] GC(35) Pause Full (Allocation Failure) 247M->242M(247M) 47.549ms
[2020-10-27T23:46:47.101-0800] GC(35) User=0.04s Sys=0.00s Real=0.05s
[2020-10-27T23:46:47.102-0800] GC(36) Pause Full (Allocation Failure)
[2020-10-27T23:46:47.102-0800] GC(36) Phase 1: Mark live objects
[2020-10-27T23:46:47.103-0800] GC(36) Phase 1: Mark live objects 0.516ms
[2020-10-27T23:46:47.103-0800] GC(36) Phase 2: Compute new object addresses
[2020-10-27T23:46:47.103-0800] GC(36) Phase 2: Compute new object addresses 0.194ms
[2020-10-27T23:46:47.103-0800] GC(36) Phase 3: Adjust pointers
[2020-10-27T23:46:47.103-0800] GC(36) Phase 3: Adjust pointers 0.297ms
[2020-10-27T23:46:47.103-0800] GC(36) Phase 4: Move objects
[2020-10-27T23:46:47.116-0800] GC(36) Phase 4: Move objects 12.376ms
[2020-10-27T23:46:47.116-0800] GC(36) DefNew: 78647K(78656K)->75588K(78656K) Eden: 69952K(69952K)->69870K(69952K) From: 8695K(8704K)->5717K(8704K)
[2020-10-27T23:46:47.116-0800] GC(36) Tenured: 174708K(174784K)->174708K(174784K)
[2020-10-27T23:46:47.116-0800] GC(36) Metaspace: 220K(4864K)->220K(4864K) NonClass: 208K(4352K)->208K(4352K) Class: 12K(512K)->12K(512K)
[2020-10-27T23:46:47.116-0800] GC(36) Pause Full (Allocation Failure) 247M->244M(247M) 13.565ms
[2020-10-27T23:46:47.116-0800] GC(36) User=0.01s Sys=0.00s Real=0.01s
[2020-10-27T23:46:47.116-0800] GC(37) Pause Full (Allocation Failure)
[2020-10-27T23:46:47.116-0800] GC(37) Phase 1: Mark live objects
[2020-10-27T23:46:47.117-0800] GC(37) Phase 1: Mark live objects 0.516ms
[2020-10-27T23:46:47.117-0800] GC(37) Phase 2: Compute new object addresses
[2020-10-27T23:46:47.117-0800] GC(37) Phase 2: Compute new object addresses 0.190ms
[2020-10-27T23:46:47.117-0800] GC(37) Phase 3: Adjust pointers
[2020-10-27T23:46:47.117-0800] GC(37) Phase 3: Adjust pointers 0.430ms
[2020-10-27T23:46:47.117-0800] GC(37) Phase 4: Move objects
[2020-10-27T23:46:47.124-0800] GC(37) Phase 4: Move objects 6.210ms
[2020-10-27T23:46:47.124-0800] GC(37) DefNew: 78460K(78656K)->77001K(78656K) Eden: 69952K(69952K)->69904K(69952K) From: 8508K(8704K)->7096K(8704K)
[2020-10-27T23:46:47.124-0800] GC(37) Tenured: 174708K(174784K)->174708K(174784K)
[2020-10-27T23:46:47.124-0800] GC(37) Metaspace: 220K(4864K)->220K(4864K) NonClass: 208K(4352K)->208K(4352K) Class: 12K(512K)->12K(512K)
[2020-10-27T23:46:47.124-0800] GC(37) Pause Full (Allocation Failure) 247M->245M(247M) 7.634ms
[2020-10-27T23:46:47.124-0800] GC(37) User=0.01s Sys=0.01s Real=0.01s
[2020-10-27T23:46:47.133-0800] Heap
[2020-10-27T23:46:47.133-0800]  def new generation   total 78656K, used 77674K [0x00000007f0000000, 0x00000007f5550000, 0x00000007f5550000)
[2020-10-27T23:46:47.133-0800]   eden space 69952K, 100% used [0x00000007f0000000, 0x00000007f4450000, 0x00000007f4450000)
[2020-10-27T23:46:47.133-0800]   from space 8704K,  88% used [0x00000007f4450000, 0x00000007f4bda920, 0x00000007f4cd0000)
[2020-10-27T23:46:47.133-0800]   to   space 8704K,   0% used [0x00000007f4cd0000, 0x00000007f4cd0000, 0x00000007f5550000)
[2020-10-27T23:46:47.133-0800]  tenured generation   total 174784K, used 174708K [0x00000007f5550000, 0x0000000800000000, 0x0000000800000000)
[2020-10-27T23:46:47.133-0800]    the space 174784K,  99% used [0x00000007f5550000, 0x00000007fffed348, 0x00000007fffed400, 0x0000000800000000)
[2020-10-27T23:46:47.133-0800]  Metaspace       used 341K, capacity 4508K, committed 4864K, reserved 1056768K
[2020-10-27T23:46:47.133-0800]   class space    used 25K, capacity 392K, committed 512K, reserved 1048576K
