[2020-10-27T23:46:55.548-0800] Using Serial
[2020-10-27T23:46:55.549-0800] Version: 15.0.1+9-18 (release)
[2020-10-27T23:46:55.549-0800] CPUs: 8 total, 8 available
[2020-10-27T23:46:55.549-0800] Memory: 16384M
[2020-10-27T23:46:55.549-0800] Large Page Support: Disabled
[2020-10-27T23:46:55.549-0800] NUMA Support: Disabled
[2020-10-27T23:46:55.549-0800] Compressed Oops: Enabled (Zero based)
[2020-10-27T23:46:55.549-0800] Heap Min Capacity: 2G
[2020-10-27T23:46:55.549-0800] Heap Initial Capacity: 2G
[2020-10-27T23:46:55.549-0800] Heap Max Capacity: 2G
[2020-10-27T23:46:55.549-0800] Pre-touch: Disabled
[2020-10-27T23:46:55.550-0800] CDS archive(s) mapped at: [0x0000000800000000-0x0000000800b2b000-0x0000000800b2b000), size 11710464, SharedBaseAddress: 0x0000000800000000, ArchiveRelocationMode: 0.
[2020-10-27T23:46:55.550-0800] Compressed class space mapped at: 0x0000000800b2c000-0x0000000840b2c000, size: 1073741824
[2020-10-27T23:46:55.550-0800] Narrow klass base: 0x0000000800000000, Narrow klass shift: 3, Narrow klass range: 0x100000000
[2020-10-27T23:46:55.799-0800] GC(0) Pause Young (Allocation Failure)
[2020-10-27T23:46:55.871-0800] GC(0) DefNew: 559232K(629120K)->69888K(629120K) Eden: 559232K(559232K)->0K(559232K) From: 0K(69888K)->69888K(69888K)
[2020-10-27T23:46:55.871-0800] GC(0) Tenured: 0K(1398144K)->83266K(1398144K)
[2020-10-27T23:46:55.871-0800] GC(0) Metaspace: 220K(4864K)->220K(4864K) NonClass: 207K(4352K)->207K(4352K) Class: 12K(512K)->12K(512K)
[2020-10-27T23:46:55.872-0800] GC(0) Pause Young (Allocation Failure) 546M->149M(1979M) 72.746ms
[2020-10-27T23:46:55.872-0800] GC(0) User=0.05s Sys=0.03s Real=0.08s
[2020-10-27T23:46:55.947-0800] GC(1) Pause Young (Allocation Failure)
[2020-10-27T23:46:56.041-0800] GC(1) DefNew: 629120K(629120K)->69887K(629120K) Eden: 559232K(559232K)->0K(559232K) From: 69888K(69888K)->69887K(69888K)
[2020-10-27T23:46:56.041-0800] GC(1) Tenured: 83266K(1398144K)->216286K(1398144K)
[2020-10-27T23:46:56.041-0800] GC(1) Metaspace: 220K(4864K)->220K(4864K) NonClass: 207K(4352K)->207K(4352K) Class: 12K(512K)->12K(512K)
[2020-10-27T23:46:56.041-0800] GC(1) Pause Young (Allocation Failure) 695M->279M(1979M) 94.048ms
[2020-10-27T23:46:56.041-0800] GC(1) User=0.05s Sys=0.04s Real=0.10s
[2020-10-27T23:46:56.111-0800] GC(2) Pause Young (Allocation Failure)
[2020-10-27T23:46:56.188-0800] GC(2) DefNew: 629119K(629120K)->69887K(629120K) Eden: 559232K(559232K)->0K(559232K) From: 69887K(69888K)->69887K(69888K)
[2020-10-27T23:46:56.188-0800] GC(2) Tenured: 216286K(1398144K)->350145K(1398144K)
[2020-10-27T23:46:56.188-0800] GC(2) Metaspace: 220K(4864K)->220K(4864K) NonClass: 207K(4352K)->207K(4352K) Class: 12K(512K)->12K(512K)
[2020-10-27T23:46:56.188-0800] GC(2) Pause Young (Allocation Failure) 825M->410M(1979M) 77.769ms
[2020-10-27T23:46:56.188-0800] GC(2) User=0.05s Sys=0.03s Real=0.07s
[2020-10-27T23:46:56.264-0800] GC(3) Pause Young (Allocation Failure)
[2020-10-27T23:46:56.339-0800] GC(3) DefNew: 629119K(629120K)->69887K(629120K) Eden: 559232K(559232K)->0K(559232K) From: 69887K(69888K)->69887K(69888K)
[2020-10-27T23:46:56.339-0800] GC(3) Tenured: 350145K(1398144K)->479567K(1398144K)
[2020-10-27T23:46:56.339-0800] GC(3) Metaspace: 220K(4864K)->220K(4864K) NonClass: 207K(4352K)->207K(4352K) Class: 12K(512K)->12K(512K)
[2020-10-27T23:46:56.339-0800] GC(3) Pause Young (Allocation Failure) 956M->536M(1979M) 75.018ms
[2020-10-27T23:46:56.339-0800] GC(3) User=0.05s Sys=0.02s Real=0.07s
[2020-10-27T23:46:56.416-0800] GC(4) Pause Young (Allocation Failure)
[2020-10-27T23:46:56.492-0800] GC(4) DefNew: 629119K(629120K)->69887K(629120K) Eden: 559232K(559232K)->0K(559232K) From: 69887K(69888K)->69887K(69888K)
[2020-10-27T23:46:56.492-0800] GC(4) Tenured: 479567K(1398144K)->609073K(1398144K)
[2020-10-27T23:46:56.492-0800] GC(4) Metaspace: 220K(4864K)->220K(4864K) NonClass: 207K(4352K)->207K(4352K) Class: 12K(512K)->12K(512K)
[2020-10-27T23:46:56.492-0800] GC(4) Pause Young (Allocation Failure) 1082M->663M(1979M) 75.662ms
[2020-10-27T23:46:56.492-0800] GC(4) User=0.05s Sys=0.03s Real=0.08s
[2020-10-27T23:46:56.566-0800] GC(5) Pause Young (Allocation Failure)
[2020-10-27T23:46:56.649-0800] GC(5) DefNew: 629119K(629120K)->69887K(629120K) Eden: 559232K(559232K)->0K(559232K) From: 69887K(69888K)->69887K(69888K)
[2020-10-27T23:46:56.649-0800] GC(5) Tenured: 609073K(1398144K)->748622K(1398144K)
[2020-10-27T23:46:56.649-0800] GC(5) Metaspace: 220K(4864K)->220K(4864K) NonClass: 207K(4352K)->207K(4352K) Class: 12K(512K)->12K(512K)
[2020-10-27T23:46:56.649-0800] GC(5) Pause Young (Allocation Failure) 1209M->799M(1979M) 82.220ms
[2020-10-27T23:46:56.649-0800] GC(5) User=0.05s Sys=0.03s Real=0.08s
[2020-10-27T23:46:56.657-0800] Heap
[2020-10-27T23:46:56.657-0800]  def new generation   total 629120K, used 97985K [0x0000000780000000, 0x00000007aaaa0000, 0x00000007aaaa0000)
[2020-10-27T23:46:56.657-0800]   eden space 559232K,   5% used [0x0000000780000000, 0x0000000781b70738, 0x00000007a2220000)
[2020-10-27T23:46:56.657-0800]   from space 69888K,  99% used [0x00000007a2220000, 0x00000007a665fff0, 0x00000007a6660000)
[2020-10-27T23:46:56.657-0800]   to   space 69888K,   0% used [0x00000007a6660000, 0x00000007a6660000, 0x00000007aaaa0000)
[2020-10-27T23:46:56.657-0800]  tenured generation   total 1398144K, used 748622K [0x00000007aaaa0000, 0x0000000800000000, 0x0000000800000000)
[2020-10-27T23:46:56.657-0800]    the space 1398144K,  53% used [0x00000007aaaa0000, 0x00000007d85b3918, 0x00000007d85b3a00, 0x0000000800000000)
[2020-10-27T23:46:56.657-0800]  Metaspace       used 341K, capacity 4508K, committed 4864K, reserved 1056768K
[2020-10-27T23:46:56.657-0800]   class space    used 25K, capacity 392K, committed 512K, reserved 1048576K
