[2020-10-27T23:46:52.170-0800] Using Serial
[2020-10-27T23:46:52.171-0800] Version: 15.0.1+9-18 (release)
[2020-10-27T23:46:52.171-0800] CPUs: 8 total, 8 available
[2020-10-27T23:46:52.171-0800] Memory: 16384M
[2020-10-27T23:46:52.171-0800] Large Page Support: Disabled
[2020-10-27T23:46:52.171-0800] NUMA Support: Disabled
[2020-10-27T23:46:52.171-0800] Compressed Oops: Enabled (Zero based)
[2020-10-27T23:46:52.171-0800] Heap Min Capacity: 1G
[2020-10-27T23:46:52.171-0800] Heap Initial Capacity: 1G
[2020-10-27T23:46:52.171-0800] Heap Max Capacity: 1G
[2020-10-27T23:46:52.171-0800] Pre-touch: Disabled
[2020-10-27T23:46:52.171-0800] CDS archive(s) mapped at: [0x0000000800000000-0x0000000800b2b000-0x0000000800b2b000), size 11710464, SharedBaseAddress: 0x0000000800000000, ArchiveRelocationMode: 0.
[2020-10-27T23:46:52.171-0800] Compressed class space mapped at: 0x0000000800b2c000-0x0000000840b2c000, size: 1073741824
[2020-10-27T23:46:52.171-0800] Narrow klass base: 0x0000000800000000, Narrow klass shift: 3, Narrow klass range: 0x100000000
[2020-10-27T23:46:52.314-0800] GC(0) Pause Young (Allocation Failure)
[2020-10-27T23:46:52.360-0800] GC(0) DefNew: 279616K(314560K)->34944K(314560K) Eden: 279616K(279616K)->0K(279616K) From: 0K(34944K)->34944K(34944K)
[2020-10-27T23:46:52.360-0800] GC(0) Tenured: 0K(699072K)->60581K(699072K)
[2020-10-27T23:46:52.360-0800] GC(0) Metaspace: 220K(4864K)->220K(4864K) NonClass: 208K(4352K)->208K(4352K) Class: 12K(512K)->12K(512K)
[2020-10-27T23:46:52.360-0800] GC(0) Pause Young (Allocation Failure) 273M->93M(989M) 46.168ms
[2020-10-27T23:46:52.360-0800] GC(0) User=0.03s Sys=0.01s Real=0.05s
[2020-10-27T23:46:52.403-0800] GC(1) Pause Young (Allocation Failure)
[2020-10-27T23:46:52.460-0800] GC(1) DefNew: 314560K(314560K)->34943K(314560K) Eden: 279616K(279616K)->0K(279616K) From: 34944K(34944K)->34943K(34944K)
[2020-10-27T23:46:52.460-0800] GC(1) Tenured: 60581K(699072K)->144551K(699072K)
[2020-10-27T23:46:52.460-0800] GC(1) Metaspace: 220K(4864K)->220K(4864K) NonClass: 208K(4352K)->208K(4352K) Class: 12K(512K)->12K(512K)
[2020-10-27T23:46:52.460-0800] GC(1) Pause Young (Allocation Failure) 366M->175M(989M) 57.223ms
[2020-10-27T23:46:52.460-0800] GC(1) User=0.04s Sys=0.02s Real=0.06s
[2020-10-27T23:46:52.499-0800] GC(2) Pause Young (Allocation Failure)
[2020-10-27T23:46:52.550-0800] GC(2) DefNew: 314559K(314560K)->34944K(314560K) Eden: 279616K(279616K)->0K(279616K) From: 34943K(34944K)->34944K(34944K)
[2020-10-27T23:46:52.550-0800] GC(2) Tenured: 144551K(699072K)->235520K(699072K)
[2020-10-27T23:46:52.550-0800] GC(2) Metaspace: 220K(4864K)->220K(4864K) NonClass: 208K(4352K)->208K(4352K) Class: 12K(512K)->12K(512K)
[2020-10-27T23:46:52.550-0800] GC(2) Pause Young (Allocation Failure) 448M->264M(989M) 50.213ms
[2020-10-27T23:46:52.550-0800] GC(2) User=0.04s Sys=0.02s Real=0.06s
[2020-10-27T23:46:52.588-0800] GC(3) Pause Young (Allocation Failure)
[2020-10-27T23:46:52.636-0800] GC(3) DefNew: 314560K(314560K)->34943K(314560K) Eden: 279616K(279616K)->0K(279616K) From: 34944K(34944K)->34943K(34944K)
[2020-10-27T23:46:52.636-0800] GC(3) Tenured: 235520K(699072K)->317753K(699072K)
[2020-10-27T23:46:52.636-0800] GC(3) Metaspace: 220K(4864K)->220K(4864K) NonClass: 208K(4352K)->208K(4352K) Class: 12K(512K)->12K(512K)
[2020-10-27T23:46:52.636-0800] GC(3) Pause Young (Allocation Failure) 537M->344M(989M) 48.380ms
[2020-10-27T23:46:52.636-0800] GC(3) User=0.03s Sys=0.02s Real=0.05s
[2020-10-27T23:46:52.676-0800] GC(4) Pause Young (Allocation Failure)
[2020-10-27T23:46:52.720-0800] GC(4) DefNew: 314559K(314560K)->34944K(314560K) Eden: 279616K(279616K)->0K(279616K) From: 34943K(34944K)->34944K(34944K)
[2020-10-27T23:46:52.720-0800] GC(4) Tenured: 317753K(699072K)->394441K(699072K)
[2020-10-27T23:46:52.720-0800] GC(4) Metaspace: 220K(4864K)->220K(4864K) NonClass: 208K(4352K)->208K(4352K) Class: 12K(512K)->12K(512K)
[2020-10-27T23:46:52.720-0800] GC(4) Pause Young (Allocation Failure) 617M->419M(989M) 43.677ms
[2020-10-27T23:46:52.720-0800] GC(4) User=0.03s Sys=0.01s Real=0.05s
[2020-10-27T23:46:52.757-0800] GC(5) Pause Young (Allocation Failure)
[2020-10-27T23:46:52.804-0800] GC(5) DefNew: 314560K(314560K)->34943K(314560K) Eden: 279616K(279616K)->0K(279616K) From: 34944K(34944K)->34943K(34944K)
[2020-10-27T23:46:52.804-0800] GC(5) Tenured: 394441K(699072K)->477851K(699072K)
[2020-10-27T23:46:52.804-0800] GC(5) Metaspace: 220K(4864K)->220K(4864K) NonClass: 208K(4352K)->208K(4352K) Class: 12K(512K)->12K(512K)
[2020-10-27T23:46:52.804-0800] GC(5) Pause Young (Allocation Failure) 692M->500M(989M) 46.874ms
[2020-10-27T23:46:52.804-0800] GC(5) User=0.03s Sys=0.01s Real=0.05s
[2020-10-27T23:46:52.842-0800] GC(6) Pause Young (Allocation Failure)
[2020-10-27T23:46:52.895-0800] GC(6) DefNew: 314559K(314560K)->34943K(314560K) Eden: 279616K(279616K)->0K(279616K) From: 34943K(34944K)->34943K(34944K)
[2020-10-27T23:46:52.895-0800] GC(6) Tenured: 477851K(699072K)->573675K(699072K)
[2020-10-27T23:46:52.895-0800] GC(6) Metaspace: 220K(4864K)->220K(4864K) NonClass: 208K(4352K)->208K(4352K) Class: 12K(512K)->12K(512K)
[2020-10-27T23:46:52.895-0800] GC(6) Pause Young (Allocation Failure) 773M->594M(989M) 53.049ms
[2020-10-27T23:46:52.895-0800] GC(6) User=0.03s Sys=0.02s Real=0.05s
[2020-10-27T23:46:52.930-0800] GC(7) Pause Young (Allocation Failure)
[2020-10-27T23:46:52.982-0800] GC(7) DefNew: 314559K(314560K)->34943K(314560K) Eden: 279616K(279616K)->0K(279616K) From: 34943K(34944K)->34943K(34944K)
[2020-10-27T23:46:52.982-0800] GC(7) Tenured: 573675K(699072K)->667329K(699072K)
[2020-10-27T23:46:52.982-0800] GC(7) Metaspace: 220K(4864K)->220K(4864K) NonClass: 208K(4352K)->208K(4352K) Class: 12K(512K)->12K(512K)
[2020-10-27T23:46:52.982-0800] GC(7) Pause Young (Allocation Failure) 867M->685M(989M) 51.323ms
[2020-10-27T23:46:52.982-0800] GC(7) User=0.03s Sys=0.02s Real=0.05s
[2020-10-27T23:46:53.019-0800] GC(8) Pause Young (Allocation Failure)
[2020-10-27T23:46:53.019-0800] GC(8) Pause Young (Allocation Failure) 958M->958M(989M) 0.088ms
[2020-10-27T23:46:53.019-0800] GC(8) User=0.00s Sys=0.00s Real=0.00s
[2020-10-27T23:46:53.019-0800] GC(9) Pause Full (Allocation Failure)
[2020-10-27T23:46:53.019-0800] GC(9) Phase 1: Mark live objects
[2020-10-27T23:46:53.019-0800] GC(9) Phase 1: Mark live objects 0.791ms
[2020-10-27T23:46:53.019-0800] GC(9) Phase 2: Compute new object addresses
[2020-10-27T23:46:53.020-0800] GC(9) Phase 2: Compute new object addresses 1.044ms
[2020-10-27T23:46:53.020-0800] GC(9) Phase 3: Adjust pointers
[2020-10-27T23:46:53.021-0800] GC(9) Phase 3: Adjust pointers 0.575ms
[2020-10-27T23:46:53.021-0800] GC(9) Phase 4: Move objects
[2020-10-27T23:46:53.090-0800] GC(9) Phase 4: Move objects 68.821ms
[2020-10-27T23:46:53.090-0800] GC(9) DefNew: 314559K(314560K)->0K(314560K) Eden: 279616K(279616K)->0K(279616K) From: 34943K(34944K)->0K(34944K)
[2020-10-27T23:46:53.090-0800] GC(9) Tenured: 667329K(699072K)->360890K(699072K)
[2020-10-27T23:46:53.090-0800] GC(9) Metaspace: 220K(4864K)->220K(4864K) NonClass: 208K(4352K)->208K(4352K) Class: 12K(512K)->12K(512K)
[2020-10-27T23:46:53.090-0800] GC(9) Pause Full (Allocation Failure) 958M->352M(989M) 71.531ms
[2020-10-27T23:46:53.090-0800] GC(9) User=0.07s Sys=0.00s Real=0.08s
[2020-10-27T23:46:53.125-0800] GC(10) Pause Young (Allocation Failure)
[2020-10-27T23:46:53.146-0800] GC(10) DefNew: 279616K(314560K)->34943K(314560K) Eden: 279616K(279616K)->0K(279616K) From: 0K(34944K)->34943K(34944K)
[2020-10-27T23:46:53.146-0800] GC(10) Tenured: 360890K(699072K)->427346K(699072K)
[2020-10-27T23:46:53.146-0800] GC(10) Metaspace: 220K(4864K)->220K(4864K) NonClass: 208K(4352K)->208K(4352K) Class: 12K(512K)->12K(512K)
[2020-10-27T23:46:53.146-0800] GC(10) Pause Young (Allocation Failure) 625M->451M(989M) 21.612ms
[2020-10-27T23:46:53.146-0800] GC(10) User=0.02s Sys=0.00s Real=0.02s
[2020-10-27T23:46:53.184-0800] GC(11) Pause Young (Allocation Failure)
[2020-10-27T23:46:53.212-0800] GC(11) DefNew: 314559K(314560K)->34943K(314560K) Eden: 279616K(279616K)->0K(279616K) From: 34943K(34944K)->34943K(34944K)
[2020-10-27T23:46:53.212-0800] GC(11) Tenured: 427346K(699072K)->520029K(699072K)
[2020-10-27T23:46:53.212-0800] GC(11) Metaspace: 220K(4864K)->220K(4864K) NonClass: 208K(4352K)->208K(4352K) Class: 12K(512K)->12K(512K)
[2020-10-27T23:46:53.212-0800] GC(11) Pause Young (Allocation Failure) 724M->541M(989M) 27.989ms
[2020-10-27T23:46:53.212-0800] GC(11) User=0.02s Sys=0.00s Real=0.03s
[2020-10-27T23:46:53.222-0800] Heap
[2020-10-27T23:46:53.222-0800]  def new generation   total 314560K, used 49533K [0x00000007c0000000, 0x00000007d5550000, 0x00000007d5550000)
[2020-10-27T23:46:53.222-0800]   eden space 279616K,   5% used [0x00000007c0000000, 0x00000007c0e3f4d8, 0x00000007d1110000)
[2020-10-27T23:46:53.222-0800]   from space 34944K,  99% used [0x00000007d1110000, 0x00000007d332ffb0, 0x00000007d3330000)
[2020-10-27T23:46:53.222-0800]   to   space 34944K,   0% used [0x00000007d3330000, 0x00000007d3330000, 0x00000007d5550000)
[2020-10-27T23:46:53.222-0800]  tenured generation   total 699072K, used 520029K [0x00000007d5550000, 0x0000000800000000, 0x0000000800000000)
[2020-10-27T23:46:53.222-0800]    the space 699072K,  74% used [0x00000007d5550000, 0x00000007f5127788, 0x00000007f5127800, 0x0000000800000000)
[2020-10-27T23:46:53.222-0800]  Metaspace       used 341K, capacity 4508K, committed 4864K, reserved 1056768K
[2020-10-27T23:46:53.222-0800]   class space    used 25K, capacity 392K, committed 512K, reserved 1048576K
