[0.004s][info][gc] Using G1
[0.042s][info][gc] GC(0) Pause Young (Normal) (G1 Evacuation Pause) 23M->11M(260M) 2.603ms
[0.048s][info][gc] GC(1) Pause Young (Normal) (G1 Evacuation Pause) 29M->19M(260M) 3.219ms
[0.059s][info][gc] GC(2) Pause Young (Normal) (G1 Evacuation Pause) 47M->34M(260M) 4.474ms
[0.073s][info][gc] GC(3) Pause Young (Normal) (G1 Evacuation Pause) 73M->55M(260M) 5.665ms
[0.090s][info][gc] GC(4) Pause Young (Normal) (G1 Evacuation Pause) 107M->80M(762M) 7.529ms
[0.162s][info][gc] GC(5) Pause Young (Normal) (G1 Evacuation Pause) 218M->146M(762M) 19.225ms
[0.189s][info][gc] GC(6) Pause Young (Normal) (G1 Evacuation Pause) 244M->191M(762M) 14.542ms
[0.216s][info][gc] GC(7) Pause Young (Normal) (G1 Evacuation Pause) 316M->244M(762M) 11.788ms
[0.270s][info][gc] GC(8) Pause Young (Normal) (G1 Evacuation Pause) 424M->316M(2096M) 22.603ms
[0.416s][info][gc] GC(9) Pause Young (Normal) (G1 Evacuation Pause) 614M->419M(2096M) 30.274ms
[0.481s][info][gc] GC(10) Pause Young (Normal) (G1 Evacuation Pause) 703M->515M(2096M) 31.215ms
[0.574s][info][gc] GC(11) Pause Young (Normal) (G1 Evacuation Pause) 895M->638M(2096M) 33.167ms
[0.678s][info][gc] GC(12) Pause Young (Normal) (G1 Evacuation Pause) 1104M->776M(2896M) 36.469ms
[0.925s][info][gc] GC(13) Pause Young (Normal) (G1 Evacuation Pause) 1294M->922M(2896M) 52.508ms
